Component: ARM Compiler 5.06 update 6 (build 750) Tool: armlink [4d35ed]

==============================================================================

Section Cross References

    main.o(i.VectorTabs_setup) refers to gd32f30x_misc.o(i.nvic_vector_table_set) for nvic_vector_table_set
    main.o(i.main) refers to sysinitialize.o(i.SystemInitialize) for SystemInitialize
    main.o(i.main) refers to main.o(i.VectorTabs_setup) for VectorTabs_setup
    main.o(i.main) refers to movement.o(i.Disable_PPower) for Disable_PPower
    main.o(i.main) refers to movement.o(i.Set_5v) for Set_5v
    main.o(i.main) refers to sysinitialize.o(i.delay) for delay
    main.o(i.main) refers to charge.o(i.GetBaseLineADCV) for GetBaseLineADCV
    main.o(i.main) refers to movement.o(i.Enable_PPower) for Enable_PPower
    main.o(i.main) refers to sysinitialize.o(i.Wifi_All_Data_Init) for Wifi_All_Data_Init
    main.o(i.main) refers to mcu_api.o(i.wifi_protocol_init) for wifi_protocol_init
    main.o(i.main) refers to wifiota.o(i.Set_Wifi_Enable) for Set_Wifi_Enable
    main.o(i.main) refers to touchpad.o(i.Key_GetStatus) for Key_GetStatus
    main.o(i.main) refers to movement.o(i.Mode_SetMode) for Mode_SetMode
    main.o(i.main) refers to sysinitialize.o(i.System_StoreMotorBaseline) for System_StoreMotorBaseline
    main.o(i.main) refers to movement.o(i.Mode_GetMode) for Mode_GetMode
    main.o(i.main) refers to testmode.o(i.Test_Mode) for Test_Mode
    main.o(i.main) refers to wifiota.o(i.Check_for_IAP) for Check_for_IAP
    main.o(i.main) refers to sysinitialize.o(.data) for g_baselineadc
    charge.o(i.Charge_Process) refers to sysinitialize.o(i.Charge_Configuration) for Charge_Configuration
    charge.o(i.Charge_Process) refers to charge.o(i.GetBaseLineADCV) for GetBaseLineADCV
    charge.o(i.Charge_Process) refers to speaker.o(i.Speaker) for Speaker
    charge.o(i.Charge_Process) refers to display.o(i.Display_SetBattery) for Display_SetBattery
    charge.o(i.Charge_Process) refers to movement.o(i.GetBatteryVoltage) for GetBatteryVoltage
    charge.o(i.Charge_Process) refers to charge.o(i.Get_Charge_Current) for Get_Charge_Current
    charge.o(i.Charge_Process) refers to printf-stdarg.o(i.usprintf) for usprintf
    charge.o(i.Charge_Process) refers to usart.o(i.ups3) for ups3
    charge.o(i.Charge_Process) refers to charge.o(.data) for g_charge
    charge.o(i.Charge_Process) refers to sysinitialize.o(.data) for g_minute_counter
    charge.o(i.Charge_Process) refers to sysinitialize.o(.bss) for g_adc_value
    charge.o(i.Charge_Process) refers to debug.o(.bss) for outString
    charge.o(i.Charge_SetSwitch) refers to charge.o(.data) for g_charge
    charge.o(i.GetBaseLineADCV) refers to sysinitialize.o(i.delay) for delay
    charge.o(i.GetBaseLineADCV) refers to sysinitialize.o(.bss) for g_adc_value
    charge.o(i.Get_Charge_Current) refers to sysinitialize.o(i.delay) for delay
    charge.o(i.Get_Charge_Current) refers to sysinitialize.o(.bss) for g_adc_value
    charge.o(i.Get_Sys_Current) refers to sysinitialize.o(i.delay) for delay
    charge.o(i.Get_Sys_Current) refers to sysinitialize.o(.bss) for g_adc_value
    testmode.o(i.Get_Current_Adc) refers to sysinitialize.o(i.delay) for delay
    testmode.o(i.Get_Current_Adc) refers to sysinitialize.o(.bss) for g_adc_value
    testmode.o(i.Get_Current_Voltage) refers to sysinitialize.o(i.delay) for delay
    testmode.o(i.Get_Current_Voltage) refers to sysinitialize.o(.bss) for g_adc_value
    testmode.o(i.Motor_Test_Set) refers to wheel.o(i.LW_DIR_BACKWARD) for LW_DIR_BACKWARD
    testmode.o(i.Motor_Test_Set) refers to wheel.o(i.RW_DIR_BACKWARD) for RW_DIR_BACKWARD
    testmode.o(i.Motor_Test_Set) refers to wheel.o(i.Set_Wheel_Speed) for Set_Wheel_Speed
    testmode.o(i.Motor_Test_Set) refers to movement.o(i.Set_SideBrush_PWM) for Set_SideBrush_PWM
    testmode.o(i.Motor_Test_Set) refers to movement.o(i.Set_MainBrush_PWM) for Set_MainBrush_PWM
    testmode.o(i.Motor_Test_Set) refers to sysinitialize.o(i.delay) for delay
    testmode.o(i.Switch_Step) refers to speaker.o(i.Speaker) for Speaker
    testmode.o(i.Switch_Step) refers to display.o(i.Display_Clean_Status) for Display_Clean_Status
    testmode.o(i.Switch_Step) refers to usart.o(i.Debug_Print) for Debug_Print
    testmode.o(i.Switch_Step) refers to printf-stdarg.o(i.usprintf) for usprintf
    testmode.o(i.Switch_Step) refers to usart.o(i.ups3) for ups3
    testmode.o(i.Switch_Step) refers to movement.o(i.Disable_Motors) for Disable_Motors
    testmode.o(i.Switch_Step) refers to sysinitialize.o(i.delay) for delay
    testmode.o(i.Switch_Step) refers to debug.o(.bss) for outString
    testmode.o(i.Test_Mode) refers to display.o(i.Display_Clean_Status) for Display_Clean_Status
    testmode.o(i.Test_Mode) refers to speaker.o(i.Speaker) for Speaker
    testmode.o(i.Test_Mode) refers to sysinitialize.o(i.delay) for delay
    testmode.o(i.Test_Mode) refers to usart.o(i.Debug_Print) for Debug_Print
[...]
    i.mcu_get_dp_download_value              0x08007138   Section        0  mcu_api.o(i.mcu_get_dp_download_value)
    i.mcu_set_wifi_mode                      0x08007148   Section        0  mcu_api.o(i.mcu_set_wifi_mode)
    i.my_memcpy                              0x0800716c   Section        0  mcu_api.o(i.my_memcpy)
    i.my_strlen                              0x080071b0   Section        0  mcu_api.o(i.my_strlen)
    i.nvic_irq_enable                        0x080071cc   Section        0  gd32f30x_misc.o(i.nvic_irq_enable)
    i.nvic_priority_group_set                0x08007270   Section        0  gd32f30x_misc.o(i.nvic_priority_group_set)
    i.nvic_vector_table_set                  0x08007284   Section        0  gd32f30x_misc.o(i.nvic_vector_table_set)
    i.print                                  0x08007298   Section        0  printf-stdarg.o(i.print)
    print                                    0x08007299   Thumb Code   368  printf-stdarg.o(i.print)
    i.printchar                              0x08007410   Section        0  printf-stdarg.o(i.printchar)
    printchar                                0x08007411   Thumb Code    28  printf-stdarg.o(i.printchar)
    i.printi                                 0x0800742c   Section        0  printf-stdarg.o(i.printi)
    printi                                   0x0800742d   Thumb Code   186  printf-stdarg.o(i.printi)
    i.prints                                 0x080074e6   Section        0  printf-stdarg.o(i.prints)
    prints                                   0x080074e7   Thumb Code   128  printf-stdarg.o(i.prints)
    i.product_info_update                    0x08007568   Section        0  system.o(i.product_info_update)
    product_info_update                      0x08007569   Thumb Code   154  system.o(i.product_info_update)
    i.putchar                                0x0800763c   Section        0  putchar.o(i.putchar)
    i.rcu_adc_clock_config                   0x08007648   Section        0  gd32f30x_rcu.o(i.rcu_adc_clock_config)
    i.rcu_periph_reset_disable               0x080076b4   Section        0  gd32f30x_rcu.o(i.rcu_periph_reset_disable)
    i.rcu_periph_reset_enable                0x080076d4   Section        0  gd32f30x_rcu.o(i.rcu_periph_reset_enable)
    i.set_wifi_uart_buffer                   0x080076f4   Section        0  system.o(i.set_wifi_uart_buffer)
    i.set_wifi_uart_byte                     0x0800771c   Section        0  system.o(i.set_wifi_uart_byte)
    i.system_clock_120m_hxtal                0x0800772c   Section        0  system_gd32f30x.o(i.system_clock_120m_hxtal)
    system_clock_120m_hxtal                  0x0800772d   Thumb Code   266  system_gd32f30x.o(i.system_clock_120m_hxtal)
    i.system_clock_config                    0x08007848   Section        0  system_gd32f30x.o(i.system_clock_config)
    system_clock_config                      0x08007849   Thumb Code     8  system_gd32f30x.o(i.system_clock_config)
    i.timer_interrupt_flag_clear             0x08007850   Section        0  gd32f30x_timer.o(i.timer_interrupt_flag_clear)
    i.timer_interrupt_flag_get               0x08007858   Section        0  gd32f30x_timer.o(i.timer_interrupt_flag_get)
    i.uart_receive_input                     0x08007870   Section        0  mcu_api.o(i.uart_receive_input)
    i.uart_transmit_output                   0x080078cc   Section        0  protocol.o(i.uart_transmit_output)
    i.ups3                                   0x080078d8   Section        0  usart.o(i.ups3)
    i.usart_flag_clear                       0x080078f0   Section        0  gd32f30x_usart.o(i.usart_flag_clear)
    i.usart_flag_get                         0x0800790a   Section        0  gd32f30x_usart.o(i.usart_flag_get)
    i.usart_interrupt_flag_get               0x08007928   Section        0  gd32f30x_usart.o(i.usart_interrupt_flag_get)
    i.usprintf                               0x08007946   Section        0  printf-stdarg.o(i.usprintf)
    i.wifi_protocol_init                     0x08007960   Section        0  mcu_api.o(i.wifi_protocol_init)
    i.wifi_test_result                       0x08007984   Section        0  protocol.o(i.wifi_test_result)
    i.wifi_uart_service                      0x0800798c   Section        0  mcu_api.o(i.wifi_uart_service)
    i.wifi_uart_write_data                   0x08007a88   Section        0  system.o(i.wifi_uart_write_data)
    wifi_uart_write_data                     0x08007a89   Thumb Code    36  system.o(i.wifi_uart_write_data)
    i.wifi_uart_write_frame                  0x08007aac   Section        0  system.o(i.wifi_uart_write_frame)
    .constdata                               0x08007af0   Section       36  protocol.o(.constdata)
    .constdata                               0x08007b14   Section      100  display.o(.constdata)
    .data                                    0x20000000   Section       16  charge.o(.data)
    bat_error_cnt                            0x20000008   Data           1  charge.o(.data)
    tick                                     0x20000009   Data           1  charge.o(.data)
    set_current                              0x2000000a   Data           2  charge.o(.data)
    temp_pwm                                 0x2000000c   Data           2  charge.o(.data)
    stable_cnt                               0x2000000e   Data           1  charge.o(.data)
    num                                      0x2000000f   Data           1  charge.o(.data)
    .data                                    0x20000010   Section        2  mcu_api.o(.data)
    rx_in                                    0x20000010   Data           2  mcu_api.o(.data)
    .data                                    0x20000014   Section       25  system.o(.data)
    mcu_reset_state                          0x20000024   Data           1  system.o(.data)
    firm_length                              0x20000028   Data           4  system.o(.data)
    firm_update_flag                         0x2000002c   Data           1  system.o(.data)
    .data                                    0x20000030   Section       38  sysinitialize.o(.data)
    .data                                    0x20000056   Section       15  gd32f30x_it.o(.data)
    Half_Second                              0x2000005b   Data           1  gd32f30x_it.o(.data)
    ms_10                                    0x2000005c   Data           1  gd32f30x_it.o(.data)
    HZ_50                                    0x2000005d   Data           1  gd32f30x_it.o(.data)
    minute                                   0x2000005e   Data           2  gd32f30x_it.o(.data)
    num                                      0x20000060   Data           2  gd32f30x_it.o(.data)
    OBS_Counter                              0x20000062   Data           1  gd32f30x_it.o(.data)
    OBS_Run_Flag                             0x20000063   Data           1  gd32f30x_it.o(.data)
    OBS_CHX                                  0x20000064   Data           1  gd32f30x_it.o(.data)
    .data                                    0x20000068   Section       45  movement.o(.data)
    Static_LeftWheel_OC                      0x2000008c   Data           1  movement.o(.data)
    Static_RightWheel_OC                     0x2000008e   Data           2  movement.o(.data)
    Static_RightBrush_Stall                  0x20000090   Data           1  movement.o(.data)
    Static_MainBrush_Stall                   0x20000091   Data           1  movement.o(.data)
    BLDC_Broken                              0x20000092   Data           1  movement.o(.data)
    Low_Acc                                  0x20000093   Data           1  movement.o(.data)
    RightBrush_Stall_Conter                  0x20000094   Data           1  movement.o(.data)
    .data                                    0x20000096   Section       30  display.o(.data)
    LED_Cycle_Counter                        0x200000a8   Data           1  display.o(.data)
    Home_Flag                                0x200000a9   Data           1  display.o(.data)
    cop_cnt                                  0x200000aa   Data           1  display.o(.data)
    blink_cnt                                0x200000ac   Data           2  display.o(.data)
    blink_total                              0x200000ae   Data           2  display.o(.data)
    wifi_blink_cnt                           0x200000b0   Data           2  display.o(.data)
    wifi_blink_total                         0x200000b2   Data           2  display.o(.data)
    .data                                    0x200000b4   Section       16  speaker.o(.data)
    num                                      0x200000c0   Data           4  speaker.o(.data)
    .data                                    0x200000c4   Section       24  rcon.o(.data)
    Station_Counter                          0x200000d0   Data           4  rcon.o(.data)
    No_SH_Signal                             0x200000d4   Data           4  rcon.o(.data)
    Code                                     0x200000d8   Data           4  rcon.o(.data)
    .data                                    0x200000e0   Section       17  rtc.o(.data)
    .data                                    0x200000f4   Section       61  gyro.o(.data)
    .data                                    0x20000134   Section       48  wheel.o(.data)
    Right_Proportion                         0x2000015c   Data           4  wheel.o(.data)
    Left_Proportion                          0x20000160   Data           4  wheel.o(.data)
    .data                                    0x20000164   Section       12  obscliff.o(.data)
    .data                                    0x20000170   Section       20  bldc.o(.data)
    BLDC_FAIL_Counter                        0x20000180   Data           4  bldc.o(.data)
    .data                                    0x20000184   Section        9  wifiota.o(.data)
    .data                                    0x20000190   Section        4  stdout.o(.data)
    .bss                                     0x20000194   Section      921  system.o(.bss)
    .bss                                     0x20000530   Section      112  sysinitialize.o(.bss)
    .bss                                     0x200005a0   Section       60  rcon.o(.bss)
    .bss                                     0x200005dc   Section       13  gyro.o(.bss)
    .bss                                     0x200005e9   Section     4096  w25q16.o(.bss)
    .bss                                     0x200015e9   Section      256  debug.o(.bss)
    STACK                                    0x200016f0   Section     4096  startup_gd32f30x_hd.o(STACK)

    Global Symbols

    Symbol Name                              Value     Ov Type        Size  Object(Section)

    BuildAttributes$$THM_ISAv4$E$P$D$K$B$S$7EM$VFPi3$EXTD16$VFPS$VFMA$PE$A:L22UL41UL21$X:L11$S22US41US21$IEEE1$IW$USESV6$~STKCKD$USESV7$~SHL$OSPACE$EBA8$MICROLIB$REQ8$PRES8$EABIv2 0x00000000   Number         0  anon$$obj.o ABSOLUTE
    __ARM_use_no_argv                        0x00000000   Number         0  main.o ABSOLUTE
    __cpp_initialize__aeabi_                  - Undefined Weak Reference
    __cxa_finalize                            - Undefined Weak Reference
    _clock_init                               - Undefined Weak Reference
    _microlib_exit                            - Undefined Weak Reference
    __Vectors_Size                           0x00000130   Number         0  startup_gd32f30x_hd.o ABSOLUTE
    __Vectors                                0x08000000   Data           4  startup_gd32f30x_hd.o(RESET)
    __Vectors_End                            0x08000130   Data           0  startup_gd32f30x_hd.o(RESET)
    __main                                   0x08000131   Thumb Code     0  entry.o(.ARM.Collect$$$$00000000)
    _main_stk                                0x08000131   Thumb Code     0  entry2.o(.ARM.Collect$$$$00000001)
    _main_scatterload                        0x08000135   Thumb Code     0  entry5.o(.ARM.Collect$$$$00000004)
    __main_after_scatterload                 0x08000139   Thumb Code     0  entry5.o(.ARM.Collect$$$$00000004)
    _main_clock                              0x08000139   Thumb Code     0  entry7b.o(.ARM.Collect$$$$00000008)
    _main_cpp_init                           0x08000139   Thumb Code     0  entry8b.o(.ARM.Collect$$$$0000000A)
    _main_init                               0x08000139   Thumb Code     0  entry9a.o(.ARM.Collect$$$$0000000B)
    __rt_final_cpp                           0x08000141   Thumb Code     0  entry10a.o(.ARM.Collect$$$$0000000D)
    __rt_final_exit                          0x08000141   Thumb Code     0  entry11a.o(.ARM.Collect$$$$0000000F)
    Reset_Handler                            0x08000145   Thumb Code     8  startup_gd32f30x_hd.o(.text)
    ADC0_1_IRQHandler                        0x0800015f   Thumb Code     0  startup_gd32f30x_hd.o(.text)
    ADC2_IRQHandler                          0x0800015f   Thumb Code     0  startup_gd32f30x_hd.o(.text)
    CAN0_EWMC_IRQHandler                     0x0800015f   Thumb Code     0  startup_gd32f30x_hd.o(.text)
    CAN0_RX1_IRQHandler                      0x0800015f   Thumb Code     0  startup_gd32f30x_hd.o(.text)
    DMA0_Channel0_IRQHandler                 0x0800015f   Thumb Code     0  startup_gd32f30x_hd.o(.text)
    DMA0_Channel1_IRQHandler                 0x0800015f   Thumb Code     0  startup_gd32f30x_hd.o(.text)
    DMA0_Channel2_IRQHandler                 0x0800015f   Thumb Code     0  startup_gd32f30x_hd.o(.text)
    DMA0_Channel4_IRQHandler                 0x0800015f   Thumb Code     0  startup_gd32f30x_hd.o(.text)
    DMA0_Channel5_IRQHandler                 0x0800015f   Thumb Code     0  startup_gd32f30x_hd.o(.text)
    DMA1_Channel0_IRQHandler                 0x0800015f   Thumb Code     0  startup_gd32f30x_hd.o(.text)
    DMA1_Channel1_IRQHandler                 0x0800015f   Thumb Code     0  startup_gd32f30x_hd.o(.text)
    DMA1_Channel2_IRQHandler                 0x0800015f   Thumb Code     0  startup_gd32f30x_hd.o(.text)
    DMA1_Channel3_4_IRQHandler               0x0800015f   Thumb Code     0  startup_gd32f30x_hd.o(.text)
    EXMC_IRQHandler                          0x0800015f   Thumb Code     0  startup_gd32f30x_hd.o(.text)
    FMC_IRQHandler                           0x0800015f   Thumb Code     0  startup_gd32f30x_hd.o(.text)
    I2C0_ER_IRQHandler                       0x0800015f   Thumb Code     0  startup_gd32f30x_hd.o(.text)
    I2C0_EV_IRQHandler                       0x0800015f   Thumb Code     0  startup_gd32f30x_hd.o(.text)
    I2C1_ER_IRQHandler                       0x0800015f   Thumb Code     0  startup_gd32f30x_hd.o(.text)
    I2C1_EV_IRQHandler                       0x0800015f   Thumb Code     0  startup_gd32f30x_hd.o(.text)
    LVD_IRQHandler                           0x0800015f   Thumb Code     0  startup_gd32f30x_hd.o(.text)
    RCU_CTC_IRQHandler                       0x0800015f   Thumb Code     0  startup_gd32f30x_hd.o(.text)
    RTC_Alarm_IRQHandler                     0x0800015f   Thumb Code     0  startup_gd32f30x_hd.o(.text)
    SDIO_IRQHandler                          0x0800015f   Thumb Code     0  startup_gd32f30x_hd.o(.text)
    SPI0_IRQHandler                          0x0800015f   Thumb Code     0  startup_gd32f30x_hd.o(.text)
    SPI1_IRQHandler                          0x0800015f   Thumb Code     0  startup_gd32f30x_hd.o(.text)
    SPI2_IRQHandler                          0x0800015f   Thumb Code     0  startup_gd32f30x_hd.o(.text)
    TAMPER_IRQHandler                        0x0800015f   Thumb Code     0  startup_gd32f30x_hd.o(.text)
    TIMER0_BRK_IRQHandler                    0x0800015f   Thumb Code     0  startup_gd32f30x_hd.o(.text)
    TIMER0_Channel_IRQHandler                0x0800015f   Thumb Code     0  startup_gd32f30x_hd.o(.text)
    TIMER0_TRG_CMT_IRQHandler                0x0800015f   Thumb Code     0  startup_gd32f30x_hd.o(.text)
    TIMER0_UP_IRQHandler                     0x0800015f   Thumb Code     0  startup_gd32f30x_hd.o(.text)
    TIMER2_IRQHandler                        0x0800015f   Thumb Code     0  startup_gd32f30x_hd.o(.text)
    TIMER3_IRQHandler                        0x0800015f   Thumb Code     0  startup_gd32f30x_hd.o(.text)
    TIMER4_IRQHandler                        0x0800015f   Thumb Code     0  startup_gd32f30x_hd.o(.text)
    TIMER7_BRK_IRQHandler                    0x0800015f   Thumb Code     0  startup_gd32f30x_hd.o(.text)
    TIMER7_Channel_IRQHandler                0x0800015f   Thumb Code     0  startup_gd32f30x_hd.o(.text)
    TIMER7_TRG_CMT_IRQHandler                0x0800015f   Thumb Code     0  startup_gd32f30x_hd.o(.text)
    TIMER7_UP_IRQHandler                     0x0800015f   Thumb Code     0  startup_gd32f30x_hd.o(.text)
    UART3_IRQHandler                         0x0800015f   Thumb Code     0  startup_gd32f30x_hd.o(.text)
    UART4_IRQHandler                         0x0800015f   Thumb Code     0  startup_gd32f30x_hd.o(.text)
    USBD_HP_CAN0_TX_IRQHandler               0x0800015f   Thumb Code     0  startup_gd32f30x_hd.o(.text)
    USBD_LP_CAN0_RX0_IRQHandler              0x0800015f   Thumb Code     0  startup_gd32f30x_hd.o(.text)
    USBD_WKUP_IRQHandler                     0x0800015f   Thumb Code     0  startup_gd32f30x_hd.o(.text)
    WWDGT_IRQHandler                         0x0800015f   Thumb Code     0  startup_gd32f30x_hd.o(.text)
    __scatterload                            0x08000169   Thumb Code    28  init.o(.text)
    __scatterload_rt2                        0x08000169   Thumb Code     0  init.o(.text)
    __I$use$semihosting$fputc                0x0800018d   Thumb Code     0  iusesemip.o(.text)
    __decompress                             0x0800018d   Thumb Code     0  __dczerorl2.o(.text)
    __decompress1                            0x0800018d   Thumb Code    86  __dczerorl2.o(.text)
    __semihosting_library_function           0x0800018d   Thumb Code     0  semi.o(.text)
    ADC_Configuration                        0x080001e5   Thumb Code   272  sysinitialize.o(i.ADC_Configuration)
    Audio                                    0x08000315   Thumb Code   176  speaker.o(i.Audio)
    Beep                                     0x080003e1   Thumb Code     2  speaker.o(i.Beep)
    Bldc_Loop                                0x080003e5   Thumb Code   198  bldc.o(i.Bldc_Loop)
    BootLoader_Jump                          0x080004c5   Thumb Code    74  wifiota.o(i.BootLoader_Jump)
    BusFault_Handler                         0x0800051d   Thumb Code     4  gd32f30x_it.o(i.BusFault_Handler)
    Charge_Configuration                     0x08000521   Thumb Code    94  sysinitialize.o(i.Charge_Configuration)
    Charge_Process                           0x08000589   Thumb Code   856  charge.o(i.Charge_Process)
    Charge_SetSwitch                         0x08000965   Thumb Code     6  charge.o(i.Charge_SetSwitch)
    Check_for_IAP                            0x08000971   Thumb Code   590  wifiota.o(i.Check_for_IAP)
    DAC_Configuration                        0x08000c59   Thumb Code    34  sysinitialize.o(i.DAC_Configuration)
    DMA0_Channel3_IRQHandler                 0x08000c7d   Thumb Code    28  gd32f30x_it.o(i.DMA0_Channel3_IRQHandler)
    DMA0_Channel6_IRQHandler                 0x08000c9d   Thumb Code    28  gd32f30x_it.o(i.DMA0_Channel6_IRQHandler)
    DebugMon_Handler                         0x08000cbd   Thumb Code     2  gd32f30x_it.o(i.DebugMon_Handler)
    Debug_DMA_Write_String                   0x08000cbf   Thumb Code    16  usart.o(i.Debug_DMA_Write_String)
    Debug_Print                              0x08000ccf   Thumb Code    72  usart.o(i.Debug_Print)
    Debug_Write_Byte                         0x08000d17   Thumb Code    12  usart.o(i.Debug_Write_Byte)
    Disable_Motors                           0x08000d23   Thumb Code    38  movement.o(i.Disable_Motors)
    Disable_PPower                           0x08000d49   Thumb Code    28  movement.o(i.Disable_PPower)
    Display_Clean_Status                     0x08000d69   Thumb Code   370  display.o(i.Display_Clean_Status)
    Display_SetBattery                       0x08000edb   Thumb Code    64  display.o(i.Display_SetBattery)
    EXTI0_IRQHandler                         0x08000f1b   Thumb Code    18  gd32f30x_it.o(i.EXTI0_IRQHandler)
    EXTI10_15_IRQHandler                     0x08000f2d   Thumb Code   122  gd32f30x_it.o(i.EXTI10_15_IRQHandler)
    EXTI1_IRQHandler                         0x08000fad   Thumb Code    18  gd32f30x_it.o(i.EXTI1_IRQHandler)
    EXTI2_IRQHandler                         0x08000fc1   Thumb Code   114  gd32f30x_it.o(i.EXTI2_IRQHandler)
    EXTI3_IRQHandler                         0x0800104d   Thumb Code    22  gd32f30x_it.o(i.EXTI3_IRQHandler)
    EXTI4_IRQHandler                         0x08001063   Thumb Code    22  gd32f30x_it.o(i.EXTI4_IRQHandler)
    EXTI5_9_IRQHandler                       0x08001079   Thumb Code   190  gd32f30x_it.o(i.EXTI5_9_IRQHandler)
    EXTI_Configuration                       0x08001151   Thumb Code    44  sysinitialize.o(i.EXTI_Configuration)
    Enable_PPower                            0x08001189   Thumb Code    44  movement.o(i.Enable_PPower)
    Flash_WriteU32                           0x080011b9   Thumb Code    24  wifiota.o(i.Flash_WriteU32)
    GPIO_Configuration                       0x080011d1   Thumb Code   142  sysinitialize.o(i.GPIO_Configuration)
    GetBaseLineADCV                          0x08001299   Thumb Code    74  charge.o(i.GetBaseLineADCV)
    GetBatteryVoltage                        0x080012ed   Thumb Code    62  movement.o(i.GetBatteryVoltage)
    Get_Bumper_Status                        0x08001331   Thumb Code    52  movement.o(i.Get_Bumper_Status)
    Get_Charge_Current                       0x0800136d   Thumb Code    66  charge.o(i.Get_Charge_Current)
    Get_Key_Time                             0x080013b5   Thumb Code    42  touchpad.o(i.Get_Key_Time)
    Get_Sys_Current                          0x080013e1   Thumb Code    68  charge.o(i.Get_Sys_Current)
    Get_Upgrade_Flag                         0x08001429   Thumb Code    10  wifiota.o(i.Get_Upgrade_Flag)
    Get_VacMode                              0x08001439   Thumb Code     6  bldc.o(i.Get_VacMode)
    Get_Wifi_Enable                          0x08001445   Thumb Code     6  wifiota.o(i.Get_Wifi_Enable)
    Gryo_GetUpdateFlag                       0x08001451   Thumb Code     6  gyro.o(i.Gryo_GetUpdateFlag)
    Gyro_Calibration_EnableCmd               0x0800145d   Thumb Code    24  gyro.o(i.Gyro_Calibration_EnableCmd)
    Gyro_Cmd                                 0x08001479   Thumb Code    98  gyro.o(i.Gyro_Cmd)
    Gyro_DMA_Write_String                    0x080014ed   Thumb Code    16  usart.o(i.Gyro_DMA_Write_String)
    Gyro_On_Cmd                              0x080014fd   Thumb Code    24  gyro.o(i.Gyro_On_Cmd)
    Gyro_ParseMsg                            0x08001519   Thumb Code   266  gyro.o(i.Gyro_ParseMsg)
    Gyro_ReceiveCharacter                    0x0800164d   Thumb Code   112  gyro.o(i.Gyro_ReceiveCharacter)
    Gyro_Reset                               0x080016cd   Thumb Code    56  gyro.o(i.Gyro_Reset)
    Gyro_ResetUpdateFlag                     0x08001731   Thumb Code     6  gyro.o(i.Gyro_ResetUpdateFlag)
    Gyro_Reset_Cmd                           0x0800173d   Thumb Code    34  gyro.o(i.Gyro_Reset_Cmd)
    HardFault_Handler                        0x08001765   Thumb Code     4  gd32f30x_it.o(i.HardFault_Handler)
    Is_Key_Press                             0x08001769   Thumb Code    26  touchpad.o(i.Is_Key_Press)
    Key_GetStatus                            0x08001785   Thumb Code    76  touchpad.o(i.Key_GetStatus)
    LED_Display                              0x080017d5   Thumb Code  1508  display.o(i.LED_Display)
    LW_DIR_BACKWARD                          0x08001e05   Thumb Code    20  wheel.o(i.LW_DIR_BACKWARD)
    LW_DIR_FORWARD                           0x08001e21   Thumb Code    20  wheel.o(i.LW_DIR_FORWARD)
    MemManage_Handler                        0x08001e3d   Thumb Code     4  gd32f30x_it.o(i.MemManage_Handler)
    Mode_GetLog                              0x08001e41   Thumb Code     8  movement.o(i.Mode_GetLog)
    Mode_GetMode                             0x08001e4d   Thumb Code    10  movement.o(i.Mode_GetMode)
    Mode_SetMode                             0x08001e57   Thumb Code    12  movement.o(i.Mode_SetMode)
    Mode_UpdateLog                           0x08001e65   Thumb Code    20  movement.o(i.Mode_UpdateLog)
    Motor_Test_Set                           0x08001e7d   Thumb Code    54  testmode.o(i.Motor_Test_Set)
    Move_Forward                             0x08001eb9   Thumb Code    20  wheel.o(i.Move_Forward)
    NMI_Handler                              0x08001ecd   Thumb Code     2  gd32f30x_it.o(i.NMI_Handler)
    NVIC_Configuration                       0x08001ecf   Thumb Code   172  sysinitialize.o(i.NVIC_Configuration)
    PendSV_Handler                           0x08001f7b   Thumb Code     2  gd32f30x_it.o(i.PendSV_Handler)
    Queue_Read_Byte                          0x08001f7d   Thumb Code    48  system.o(i.Queue_Read_Byte)
    RCC_Configuration                        0x08001fb9   Thumb Code   256  sysinitialize.o(i.RCC_Configuration)
    RTC_IRQHandler                           0x080020d1   Thumb Code    44  gd32f30x_it.o(i.RTC_IRQHandler)
    RW_DIR_BACKWARD                          0x08002101   Thumb Code    20  wheel.o(i.RW_DIR_BACKWARD)
    RW_DIR_FORWARD                           0x0800211d   Thumb Code    20  wheel.o(i.RW_DIR_FORWARD)
    Rcon_BR                                  0x08002139   Thumb Code   744  rcon.o(i.Rcon_BR)
    Rcon_FL                                  0x0800242d   Thumb Code   744  rcon.o(i.Rcon_FL)
    Rcon_FR                                  0x08002721   Thumb Code   744  rcon.o(i.Rcon_FR)
    Rcon_GetRemoteCode                       0x08002a15   Thumb Code     6  rcon.o(i.Rcon_GetRemoteCode)
    Rcon_GetStatus                           0x08002a21   Thumb Code     6  rcon.o(i.Rcon_GetStatus)
    Rcon_L                                   0x08002a2d   Thumb Code   744  rcon.o(i.Rcon_L)
    Rcon_R                                   0x08002d21   Thumb Code   744  rcon.o(i.Rcon_R)
    Rcon_ResetRemoteCode                     0x08003015   Thumb Code    10  rcon.o(i.Rcon_ResetRemoteCode)
    Rcon_ResetStatus                         0x08003021   Thumb Code     8  rcon.o(i.Rcon_ResetStatus)
    Rcon_SetRemoteCode                       0x0800302d   Thumb Code     6  rcon.o(i.Rcon_SetRemoteCode)
    Rcon_Timer                               0x08003039   Thumb Code   142  rcon.o(i.Rcon_Timer)
    Remote_Key                               0x080030dd   Thumb Code    30  touchpad.o(i.Remote_Key)
    SPI2_Configuration                       0x080030fd   Thumb Code   108  sysinitialize.o(i.SPI2_Configuration)
    SPI2_ReadWriteByte                       0x0800316d   Thumb Code    74  spi.o(i.SPI2_ReadWriteByte)
    SVC_Handler                              0x080031bd   Thumb Code     2  gd32f30x_it.o(i.SVC_Handler)
    Set_3v3                                  0x080031c1   Thumb Code    36  movement.o(i.Set_3v3)
    Set_5v                                   0x080031e9   Thumb Code    36  movement.o(i.Set_5v)
    Set_BLDC_Fail                            0x08003211   Thumb Code     8  bldc.o(i.Set_BLDC_Fail)
    Set_BLDC_Speed                           0x0800321d   Thumb Code     6  bldc.o(i.Set_BLDC_Speed)
    Set_BLDC_TPWM                            0x08003229   Thumb Code     6  bldc.o(i.Set_BLDC_TPWM)
    Set_Dir_Backward                         0x08003235   Thumb Code    12  wheel.o(i.Set_Dir_Backward)
    Set_Dir_Forward                          0x08003241   Thumb Code    12  wheel.o(i.Set_Dir_Forward)
    Set_LED                                  0x0800324d   Thumb Code    32  display.o(i.Set_LED)
    Set_LED1_On_Blink                        0x08003285   Thumb Code     6  display.o(i.Set_LED1_On_Blink)
    Set_LED1_On_Switch                       0x08003291   Thumb Code     6  display.o(i.Set_LED1_On_Switch)
    Set_LED2_On_Blink                        0x0800329d   Thumb Code     6  display.o(i.Set_LED2_On_Blink)
    Set_LED2_On_Switch                       0x080032a9   Thumb Code     6  display.o(i.Set_LED2_On_Switch)
    Set_LED3_On_Blink                        0x080032b5   Thumb Code     6  display.o(i.Set_LED3_On_Blink)
    Set_LED3_On_Switch                       0x080032c1   Thumb Code     6  display.o(i.Set_LED3_On_Switch)
    Set_LED4_On_Blink                        0x080032cd   Thumb Code     6  display.o(i.Set_LED4_On_Blink)
    Set_LED4_On_Switch                       0x080032d9   Thumb Code     6  display.o(i.Set_LED4_On_Switch)
    Set_LED5_On_Blink                        0x080032e5   Thumb Code     6  display.o(i.Set_LED5_On_Blink)
    Set_LED5_On_Switch                       0x080032f1   Thumb Code     6  display.o(i.Set_LED5_On_Switch)
    Set_LED6_On_Blink                        0x080032fd   Thumb Code     6  display.o(i.Set_LED6_On_Blink)
    Set_LED6_On_Switch                       0x08003309   Thumb Code     6  display.o(i.Set_LED6_On_Switch)
    Set_LED_On_Blink                         0x08003315   Thumb Code    48  display.o(i.Set_LED_On_Blink)
    Set_LED_On_Switch                        0x08003345   Thumb Code    48  display.o(i.Set_LED_On_Switch)
    Set_LED_Table                            0x08003375   Thumb Code    56  display.o(i.Set_LED_Table)
    Set_LeftWheel_Speed                      0x080033c9   Thumb Code    12  wheel.o(i.Set_LeftWheel_Speed)
    Set_MainBrush_PWM                        0x080033d9   Thumb Code     6  movement.o(i.Set_MainBrush_PWM)
    Set_Main_Brush                           0x080033e5   Thumb Code    32  movement.o(i.Set_Main_Brush)
    Set_RightWheel_Speed                     0x08003409   Thumb Code    12  wheel.o(i.Set_RightWheel_Speed)
    Set_SideBrush_PWM                        0x08003419   Thumb Code     8  movement.o(i.Set_SideBrush_PWM)
    Set_Upgrade_Flag                         0x08003425   Thumb Code    18  wifiota.o(i.Set_Upgrade_Flag)
    Set_VacMode                              0x0800343d   Thumb Code     6  bldc.o(i.Set_VacMode)
    Set_Wheel_Speed                          0x08003449   Thumb Code    20  wheel.o(i.Set_Wheel_Speed)
    Set_Wifi_Enable                          0x0800345d   Thumb Code     6  wifiota.o(i.Set_Wifi_Enable)
    Speaker                                  0x08003469   Thumb Code   556  speaker.o(i.Speaker)
    Speed_Loop                               0x08003721   Thumb Code   560  wheel.o(i.Speed_Loop)
    Switch_Step                              0x08003985   Thumb Code    90  testmode.o(i.Switch_Step)
    SysTick_Handler                          0x080039fd   Thumb Code    34  gd32f30x_it.o(i.SysTick_Handler)
    SystemInit                               0x08003a25   Thumb Code    66  system_gd32f30x.o(i.SystemInit)
    SystemInitialize                         0x08003a75   Thumb Code    72  sysinitialize.o(i.SystemInitialize)
    System_StoreMotorBaseline                0x08003abd   Thumb Code   142  sysinitialize.o(i.System_StoreMotorBaseline)
    Systick_Configuration                    0x08003b69   Thumb Code    18  sysinitialize.o(i.Systick_Configuration)
    TIMER1_IRQHandler                        0x08003b81   Thumb Code   694  gd32f30x_it.o(i.TIMER1_IRQHandler)
    TIMER5_IRQHandler                        0x08003e7d   Thumb Code   180  gd32f30x_it.o(i.TIMER5_IRQHandler)
    TIMER6_IRQHandler                        0x08003f55   Thumb Code    48  gd32f30x_it.o(i.TIMER6_IRQHandler)
    Test_Mode                                0x08003f8d   Thumb Code  6412  testmode.o(i.Test_Mode)
    Timer0_Configuration                     0x080058c9   Thumb Code    82  sysinitialize.o(i.Timer0_Configuration)
    Timer1_Configuration                     0x08005921   Thumb Code    74  sysinitialize.o(i.Timer1_Configuration)
    Timer3_Configuration                     0x0800596d   Thumb Code    92  sysinitialize.o(i.Timer3_Configuration)
    Timer5_Configuration                     0x080059d1   Thumb Code    22  sysinitialize.o(i.Timer5_Configuration)
    Timer6_Configuration                     0x080059ed   Thumb Code    36  sysinitialize.o(i.Timer6_Configuration)
    Timer7_Configuration                     0x08005a15   Thumb Code    84  sysinitialize.o(i.Timer7_Configuration)
    Turn_BLDC_Off                            0x08005a6d   Thumb Code    28  bldc.o(i.Turn_BLDC_Off)
    USART0_Configuration                     0x08005a8d   Thumb Code    44  usart.o(i.USART0_Configuration)
    USART0_DMA_String                        0x08005abd   Thumb Code    52  usart.o(i.USART0_DMA_String)
    USART0_IRQHandler                        0x08005af9   Thumb Code    60  gd32f30x_it.o(i.USART0_IRQHandler)
    USART0_Transmit_Byte                     0x08005b3d   Thumb Code    22  usart.o(i.USART0_Transmit_Byte)
    USART1_Configuration                     0x08005b59   Thumb Code    44  usart.o(i.USART1_Configuration)
    USART1_IRQHandler                        0x08005b89   Thumb Code    80  gd32f30x_it.o(i.USART1_IRQHandler)
    USART1_Transmit_Byte                     0x08005be1   Thumb Code    22  usart.o(i.USART1_Transmit_Byte)
    USART2_Configuration                     0x08005bfd   Thumb Code    44  usart.o(i.USART2_Configuration)
    USART2_DMA_String                        0x08005c2d   Thumb Code    52  usart.o(i.USART2_DMA_String)
    USART2_IRQHandler                        0x08005c69   Thumb Code    62  gd32f30x_it.o(i.USART2_IRQHandler)
    UsageFault_Handler                       0x08005cb1   Thumb Code     4  gd32f30x_it.o(i.UsageFault_Handler)
    VectorTabs_setup                         0x08005cb5   Thumb Code    22  main.o(i.VectorTabs_setup)
    W25QXX_Erase_Sector                      0x08005ccd   Thumb Code    98  w25q16.o(i.W25QXX_Erase_Sector)
    W25QXX_Read                              0x08005d45   Thumb Code    90  w25q16.o(i.W25QXX_Read)
    W25QXX_ReadID                            0x08005da5   Thumb Code    76  w25q16.o(i.W25QXX_ReadID)
    W25QXX_ReadSR                            0x08005df5   Thumb Code    50  w25q16.o(i.W25QXX_ReadSR)
    W25QXX_Read_One                          0x08005e2d   Thumb Code    74  w25q16.o(i.W25QXX_Read_One)
    W25QXX_Wait_Busy                         0x08005e7d   Thumb Code    18  w25q16.o(i.W25QXX_Wait_Busy)
    W25QXX_Write                             0x08005e91   Thumb Code   180  w25q16.o(i.W25QXX_Write)
    W25QXX_Write_Enable                      0x08005f49   Thumb Code    38  w25q16.o(i.W25QXX_Write_Enable)
    W25QXX_Write_NoCheck                     0x08005f75   Thumb Code    68  w25q16.o(i.W25QXX_Write_NoCheck)
    W25QXX_Write_Page                        0x08005fb9   Thumb Code    96  w25q16.o(i.W25QXX_Write_Page)
    WHEEL_DISABLE                            0x0800601d   Thumb Code    46  wheel.o(i.WHEEL_DISABLE)
    Wifi_All_Data_Init                       0x08006059   Thumb Code    70  sysinitialize.o(i.Wifi_All_Data_Init)
    Wifi_Package_Choose                      0x080060a5   Thumb Code    22  protocol.o(i.Wifi_Package_Choose)
    Wifi_Rece_Package_Report                 0x080060bb   Thumb Code    12  protocol.o(i.Wifi_Rece_Package_Report)
    Wifi_SetRemoteCode                       0x080060c9   Thumb Code    10  rcon.o(i.Wifi_SetRemoteCode)
    __scatterload_copy                       0x080060dd   Thumb Code    14  handlers.o(i.__scatterload_copy)
    __scatterload_null                       0x080060eb   Thumb Code     2  handlers.o(i.__scatterload_null)
    __scatterload_zeroinit                   0x080060ed   Thumb Code    14  handlers.o(i.__scatterload_zeroinit)
    all_data_update                          0x080060fd   Thumb Code   186  protocol.o(i.all_data_update)
    byte_to_int                              0x080061bd   Thumb Code    26  mcu_api.o(i.byte_to_int)
    dac_data_set                             0x080061d9   Thumb Code    82  gd32f30x_dac.o(i.dac_data_set)
    dac_deinit                               0x08006231   Thumb Code    20  gd32f30x_dac.o(i.dac_deinit)
    dac_enable                               0x08006245   Thumb Code    30  gd32f30x_dac.o(i.dac_enable)
    dac_output_buffer_enable                 0x08006269   Thumb Code    30  gd32f30x_dac.o(i.dac_output_buffer_enable)
    dac_trigger_disable                      0x0800628d   Thumb Code    30  gd32f30x_dac.o(i.dac_trigger_disable)
    dac_wave_mode_config                     0x080062b1   Thumb Code    48  gd32f30x_dac.o(i.dac_wave_mode_config)
    data_handle                              0x080062e5   Thumb Code   590  system.o(i.data_handle)
    delay                                    0x080065a5   Thumb Code    18  sysinitialize.o(i.delay)
    dp_download_handle                       0x080066ad   Thumb Code   202  protocol.o(i.dp_download_handle)
    exti_flag_clear                          0x0800696d   Thumb Code     6  gd32f30x_exti.o(i.exti_flag_clear)
    exti_flag_get                            0x08006979   Thumb Code    18  gd32f30x_exti.o(i.exti_flag_get)
    fmc_bank0_ready_wait                     0x08006991   Thumb Code    34  gd32f30x_fmc.o(i.fmc_bank0_ready_wait)
    fmc_bank0_state_get                      0x080069b5   Thumb Code    48  gd32f30x_fmc.o(i.fmc_bank0_state_get)
    fmc_bank1_ready_wait                     0x080069e9   Thumb Code    32  gd32f30x_fmc.o(i.fmc_bank1_ready_wait)
    fmc_bank1_state_get                      0x08006a09   Thumb Code    48  gd32f30x_fmc.o(i.fmc_bank1_state_get)
    fmc_lock                                 0x08006a3d   Thumb Code    34  gd32f30x_fmc.o(i.fmc_lock)
    fmc_page_erase                           0x08006a69   Thumb Code   214  gd32f30x_fmc.o(i.fmc_page_erase)
    fmc_ready_wait                           0x08006b4d   Thumb Code    34  gd32f30x_fmc.o(i.fmc_ready_wait)
    fmc_state_get                            0x08006b71   Thumb Code    48  gd32f30x_fmc.o(i.fmc_state_get)
    fmc_unlock                               0x08006ba5   Thumb Code    52  gd32f30x_fmc.o(i.fmc_unlock)
    fmc_word_program                         0x08006be9   Thumb Code   180  gd32f30x_fmc.o(i.fmc_word_program)
    fputc                                    0x08006ca9   Thumb Code    18  fputc.o(i.fputc)
    get_check_sum                            0x08006cbb   Thumb Code    28  system.o(i.get_check_sum)
    get_download_cmd_total                   0x08006d05   Thumb Code     4  protocol.o(i.get_download_cmd_total)
    get_queue_total_data                     0x08006d19   Thumb Code    20  system.o(i.get_queue_total_data)
    get_wifi_status                          0x08006d35   Thumb Code    78  protocol.o(i.get_wifi_status)
    main                                     0x08006dbd   Thumb Code   152  main.o(i.main)
    mcu_dp_bool_update                       0x08006e61   Thumb Code    94  mcu_api.o(i.mcu_dp_bool_update)
    mcu_dp_enum_update                       0x08006ec5   Thumb Code    80  mcu_api.o(i.mcu_dp_enum_update)
    mcu_dp_fault_update                      0x08006f19   Thumb Code   192  mcu_api.o(i.mcu_dp_fault_update)
    mcu_dp_string_update                     0x08006fdd   Thumb Code   110  mcu_api.o(i.mcu_dp_string_update)
    mcu_dp_value_update                      0x08007051   Thumb Code   114  mcu_api.o(i.mcu_dp_value_update)
    mcu_firm_update_handle                   0x080070c9   Thumb Code    86  protocol.o(i.mcu_firm_update_handle)
    mcu_get_dp_download_bool                 0x0800712d   Thumb Code     6  mcu_api.o(i.mcu_get_dp_download_bool)
    mcu_get_dp_download_enum                 0x08007133   Thumb Code     6  mcu_api.o(i.mcu_get_dp_download_enum)
    mcu_get_dp_download_value                0x08007139   Thumb Code    14  mcu_api.o(i.mcu_get_dp_download_value)
    mcu_set_wifi_mode                        0x08007149   Thumb Code    32  mcu_api.o(i.mcu_set_wifi_mode)
    my_memcpy                                0x0800716d   Thumb Code    68  mcu_api.o(i.my_memcpy)
    my_strlen                                0x080071b1   Thumb Code    28  mcu_api.o(i.my_strlen)
    nvic_irq_enable                          0x080071cd   Thumb Code   156  gd32f30x_misc.o(i.nvic_irq_enable)
    nvic_priority_group_set                  0x08007271   Thumb Code    10  gd32f30x_misc.o(i.nvic_priority_group_set)
    nvic_vector_table_set                    0x08007285   Thumb Code    12  gd32f30x_misc.o(i.nvic_vector_table_set)
    putchar                                  0x0800763d   Thumb Code     6  putchar.o(i.putchar)
    rcu_adc_clock_config                     0x08007649   Thumb Code    98  gd32f30x_rcu.o(i.rcu_adc_clock_config)
    rcu_periph_reset_disable                 0x080076b5   Thumb Code    28  gd32f30x_rcu.o(i.rcu_periph_reset_disable)
    rcu_periph_reset_enable                  0x080076d5   Thumb Code    28  gd32f30x_rcu.o(i.rcu_periph_reset_enable)
    set_wifi_uart_buffer                     0x080076f5   Thumb Code    34  system.o(i.set_wifi_uart_buffer)
    set_wifi_uart_byte                       0x0800771d   Thumb Code    12  system.o(i.set_wifi_uart_byte)
    timer_interrupt_flag_clear               0x08007851   Thumb Code     8  gd32f30x_timer.o(i.timer_interrupt_flag_clear)
    timer_interrupt_flag_get                 0x08007859   Thumb Code    24  gd32f30x_timer.o(i.timer_interrupt_flag_get)
    uart_receive_input                       0x08007871   Thumb Code    78  mcu_api.o(i.uart_receive_input)
    uart_transmit_output                     0x080078cd   Thumb Code    12  protocol.o(i.uart_transmit_output)
    ups3                                     0x080078d9   Thumb Code    24  usart.o(i.ups3)
    usart_flag_clear                         0x080078f1   Thumb Code    26  gd32f30x_usart.o(i.usart_flag_clear)
    usart_flag_get                           0x0800790b   Thumb Code    30  gd32f30x_usart.o(i.usart_flag_get)
    usart_interrupt_flag_get                 0x08007929   Thumb Code    30  gd32f30x_usart.o(i.usart_interrupt_flag_get)
    usprintf                                 0x08007947   Thumb Code    24  printf-stdarg.o(i.usprintf)
    wifi_protocol_init                       0x08007961   Thumb Code    18  mcu_api.o(i.wifi_protocol_init)
    wifi_test_result                         0x08007985   Thumb Code     8  protocol.o(i.wifi_test_result)
    wifi_uart_service                        0x0800798d   Thumb Code   242  mcu_api.o(i.wifi_uart_service)
    wifi_uart_write_frame                    0x08007aad   Thumb Code    64  system.o(i.wifi_uart_write_frame)
    download_cmd                             0x08007af0   Data          36  protocol.o(.constdata)
    One_Display_Light                        0x08007b14   Data         100  display.o(.constdata)
    Region$$Table$$Base                      0x08007b78   Number         0  anon$$obj.o(Region$$Table)
    Region$$Table$$Limit                     0x08007b98   Number         0  anon$$obj.o(Region$$Table)
    g_charge                                 0x20000000   Data           8  charge.o(.data)
    queue_in                                 0x20000014   Data           4  system.o(.data)
    queue_out                                0x20000018   Data           4  system.o(.data)
    stop_update_flag                         0x2000001c   Data           1  system.o(.data)
    reset_wifi_flag                          0x2000001d   Data           1  system.o(.data)
    set_wifimode_flag                        0x2000001e   Data           1  system.o(.data)
    wifi_work_state                          0x2000001f   Data           1  system.o(.data)
    stream_status                            0x20000020   Data           1  system.o(.data)
    firm_size                                0x20000022   Data           2  system.o(.data)
    g_leftwheel_baseline                     0x20000030   Data           2  sysinitialize.o(.data)
    g_rightwheel_baseline                    0x20000032   Data           2  sysinitialize.o(.data)
    g_leftbrush_baseline                     0x20000034   Data           2  sysinitialize.o(.data)
    g_rightbrush_baseline                    0x20000036   Data           2  sysinitialize.o(.data)
    g_mainbrush_baseline                     0x20000038   Data           2  sysinitialize.o(.data)
    g_vac_baseline                           0x2000003a   Data           2  sysinitialize.o(.data)
    g_delay_counter                          0x2000003c   Data           4  sysinitialize.o(.data)
    g_minute_counter                         0x20000040   Data           2  sysinitialize.o(.data)
    g_copy_led                               0x20000042   Data           2  sysinitialize.o(.data)
    g_baselineadc                            0x20000044   Data           2  sysinitialize.o(.data)
    g_cliff_adc                              0x20000046   Data           8  sysinitialize.o(.data)
    g_cliff_sunlight                         0x2000004e   Data           8  sysinitialize.o(.data)
    l_wheel_speed_counter                    0x20000056   Data           2  gd32f30x_it.o(.data)
    r_wheel_speed_counter                    0x20000058   Data           2  gd32f30x_it.o(.data)
    rece_usart                               0x2000005a   Data           1  gd32f30x_it.o(.data)
    g_ad_finish_flag                         0x20000068   Data           1  movement.o(.data)
    Main_BrushStall_Flag                     0x20000069   Data           1  movement.o(.data)
    Left_BrushStall_Flag                     0x2000006a   Data           1  movement.o(.data)
    Right_BrushStall_Flag                    0x2000006b   Data           1  movement.o(.data)
    MainBrush_Short_Base                     0x2000006c   Data           2  movement.o(.data)
    RightBrush_Short_Base                    0x2000006e   Data           2  movement.o(.data)
    Vacuum_Short_Base                        0x20000070   Data           2  movement.o(.data)
    MainBrush_Short_Circuit_Counter          0x20000072   Data           2  movement.o(.data)
    RightSideBrush_Short_Circuit_Counter     0x20000074   Data           2  movement.o(.data)
    Vacuum_Short_Circuit_Counter             0x20000076   Data           2  movement.o(.data)
    MainBrush_Stall_Base                     0x20000078   Data           4  movement.o(.data)
    RightBrush_Stall_Base                    0x2000007c   Data           4  movement.o(.data)
    g_battery_voltage                        0x20000080   Data           4  movement.o(.data)
    g_mode_log                               0x20000084   Data           3  movement.o(.data)
    g_mode_selection                         0x20000087   Data           1  movement.o(.data)
    g_bumper_error                           0x20000088   Data           1  movement.o(.data)
    g_error_code                             0x20000089   Data           1  movement.o(.data)
    g_turn_check_cliff                       0x2000008a   Data           1  movement.o(.data)
    g_random_counter                         0x2000008b   Data           1  movement.o(.data)
    LED1_On_Counter                          0x20000096   Data           1  display.o(.data)
    LED2_On_Counter                          0x20000097   Data           1  display.o(.data)
    LED3_On_Counter                          0x20000098   Data           1  display.o(.data)
    LED4_On_Counter                          0x20000099   Data           1  display.o(.data)
    LED5_On_Counter                          0x2000009a   Data           1  display.o(.data)
    LED6_On_Counter                          0x2000009b   Data           1  display.o(.data)
    LED1_On_Switch                           0x2000009c   Data           1  display.o(.data)
    LED2_On_Switch                           0x2000009d   Data           1  display.o(.data)
    LED3_On_Switch                           0x2000009e   Data           1  display.o(.data)
    LED4_On_Switch                           0x2000009f   Data           1  display.o(.data)
    LED5_On_Switch                           0x200000a0   Data           1  display.o(.data)
    LED6_On_Switch                           0x200000a1   Data           1  display.o(.data)
    LED1_On_Blink                            0x200000a2   Data           1  display.o(.data)
    LED2_On_Blink                            0x200000a3   Data           1  display.o(.data)
    LED3_On_Blink                            0x200000a4   Data           1  display.o(.data)
    LED4_On_Blink                            0x200000a5   Data           1  display.o(.data)
    LED5_On_Blink                            0x200000a6   Data           1  display.o(.data)
    LED6_On_Blink                            0x200000a7   Data           1  display.o(.data)
    gmusic_value                             0x200000b4   Data           1  speaker.o(.data)
    g_step                                   0x200000b5   Data           1  speaker.o(.data)
    gsound_code_start                        0x200000b8   Data           4  speaker.o(.data)
    gsound_code_end                          0x200000bc   Data           4  speaker.o(.data)
    g_rcon_remote_code                       0x200000c4   Data           4  rcon.o(.data)
    g_wifi_remote_code                       0x200000c8   Data           4  rcon.o(.data)
    g_rcon_status                            0x200000cc   Data           4  rcon.o(.data)
    g_alarm_flag                             0x200000e0   Data           1  rtc.o(.data)
    Clock_Value                              0x200000e8   Data           8  rtc.o(.data)
    Clock_Receive_Flag                       0x200000f0   Data           1  rtc.o(.data)
    g_gyro_update_flag                       0x200000f4   Data           1  gyro.o(.data)
    Gyro_RxIndex                             0x200000f5   Data           1  gyro.o(.data)
    Gyro_MsgStart                            0x200000f6   Data           1  gyro.o(.data)
    gyro_idx                                 0x200000f7   Data           1  gyro.o(.data)
    gyro_angle                               0x200000f8   Data           4  gyro.o(.data)
    gyroAngle                                0x200000fc   Data           2  gyro.o(.data)
    gyro_rate                                0x200000fe   Data           4  gyro.o(.data)
    gyro_xacc                                0x20000102   Data           2  gyro.o(.data)
    xaccbuf                                  0x20000104   Data           2  gyro.o(.data)
    gyro_yacc                                0x20000106   Data           2  gyro.o(.data)
    yaccbuf                                  0x20000108   Data           2  gyro.o(.data)
    gyro_zacc                                0x2000010a   Data           2  gyro.o(.data)
    zaccbuf                                  0x2000010c   Data           2  gyro.o(.data)
    gyro_xacc_offset                         0x2000010e   Data           2  gyro.o(.data)
    gyro_yacc_offset                         0x20000110   Data           2  gyro.o(.data)
    gyro_zacc_offset                         0x20000112   Data           2  gyro.o(.data)
    gyro_offset                              0x20000114   Data           2  gyro.o(.data)
    gyro_odometer                            0x20000118   Data           4  gyro.o(.data)
    gyro_time                                0x2000011c   Data           2  gyro.o(.data)
    gyro_raw                                 0x2000011e   Data           2  gyro.o(.data)
    gyro_calibration                         0x20000120   Data           1  gyro.o(.data)
    Gyro_Calibration_Flag                    0x20000121   Data           1  gyro.o(.data)
    Send_Data_Buf                            0x20000122   Data          15  gyro.o(.data)
    R_F                                      0x20000134   Data           1  wheel.o(.data)
    L_F                                      0x20000135   Data           1  wheel.o(.data)
    Signal_Counter_Flag                      0x20000136   Data           1  wheel.o(.data)
    Left_Wheel_Speed                         0x20000138   Data           2  wheel.o(.data)
    Right_Wheel_Speed                        0x2000013a   Data           2  wheel.o(.data)
    Left_Wheel_Counter                       0x2000013c   Data           2  wheel.o(.data)
    Right_Wheel_Counter                      0x2000013e   Data           2  wheel.o(.data)
    Right_Wheel_Slow                         0x20000140   Data           2  wheel.o(.data)
    Left_Wheel_Slow                          0x20000142   Data           2  wheel.o(.data)
    Temp_Right_Wheel_PWM                     0x20000144   Data           2  wheel.o(.data)
    Temp_Left_Wheel_PWM                      0x20000146   Data           2  wheel.o(.data)
    Left_Wheel_Step                          0x20000148   Data           4  wheel.o(.data)
    Right_Wheel_Step                         0x2000014c   Data           4  wheel.o(.data)
    WallFollowRightWheelStep                 0x20000150   Data           4  wheel.o(.data)
    WallFollowLeftWheelStep                  0x20000154   Data           4  wheel.o(.data)
    WheelCount_Left                          0x20000158   Data           2  wheel.o(.data)
    WheelCount_Right                         0x2000015a   Data           2  wheel.o(.data)
    g_xpwall_baseline                        0x20000164   Data           2  obscliff.o(.data)
    g_leftwall_baseline                      0x20000166   Data           2  obscliff.o(.data)
    g_rightwall_baseline                     0x20000168   Data           2  obscliff.o(.data)
    g_left_obs_trig_val                      0x2000016a   Data           2  obscliff.o(.data)
    g_front_obs_trig_val                     0x2000016c   Data           2  obscliff.o(.data)
    g_right_obs_trig_val                     0x2000016e   Data           2  obscliff.o(.data)
    BLDC_Pulse_Counter                       0x20000170   Data           4  bldc.o(.data)
    BLDC_Temp_PWM                            0x20000174   Data           4  bldc.o(.data)
    BLDC_Speed                               0x20000178   Data           4  bldc.o(.data)
    Vac_Mode                                 0x2000017c   Data           1  bldc.o(.data)
    BLDC_Fail_Flag                           0x2000017d   Data           1  bldc.o(.data)
    JumpAddress                              0x20000184   Data           4  wifiota.o(.data)
    Jump_To_Application                      0x20000188   Data           4  wifiota.o(.data)
    g_wifi_enable                            0x2000018c   Data           1  wifiota.o(.data)
    __stdout                                 0x20000190   Data           4  stdout.o(.data)
    wifi_data_process_buf                    0x20000194   Data         307  system.o(.bss)
    wifi_uart_rx_buf                         0x200002c7   Data         307  system.o(.bss)
    wifi_uart_tx_buf                         0x200003fa   Data         307  system.o(.bss)
    g_adc_value                              0x20000530   Data          30  sysinitialize.o(.bss)
    g_obs_adc                                0x2000054e   Data          12  sysinitialize.o(.bss)
    g_obs_sunlight                           0x2000055a   Data          12  sysinitialize.o(.bss)
    SysConfig                                0x20000568   Data          28  sysinitialize.o(.bss)
    SysConfigLog                             0x20000584   Data          28  sysinitialize.o(.bss)
    BRrcon                                   0x200005a0   Data          12  rcon.o(.bss)
    FLrcon                                   0x200005ac   Data          12  rcon.o(.bss)
    FRrcon                                   0x200005b8   Data          12  rcon.o(.bss)
    Rrcon                                    0x200005c4   Data          12  rcon.o(.bss)
    Lrcon                                    0x200005d0   Data          12  rcon.o(.bss)
    Gyro_RxBuffer                            0x200005dc   Data          13  gyro.o(.bss)
    W25QXX_BUFFER                            0x200005e9   Data        4096  w25q16.o(.bss)
    outString                                0x200015e9   Data         256  debug.o(.bss)
    __initial_sp                             0x200026f0   Data           0  startup_gd32f30x_hd.o(STACK)



==============================================================================

Memory Map of the image

  Image Entry point : 0x08000131

  Load Region LR_IROM1 (Base: 0x08000000, Size: 0x00007d2c, Max: 0x00080000, ABSOLUTE, COMPRESSED[0x00007bbc])

    Execution Region ER_IROM1 (Exec base: 0x08000000, Load base: 0x08000000, Size: 0x00007b98, Max: 0x00080000, ABSOLUTE)

    Exec Addr    Load Addr    Size         Type   Attr      Idx    E Section Name        Object

    0x08000000   0x08000000   0x00000130   Data   RO         7016    RESET               startup_gd32f30x_hd.o
    0x08000130   0x08000130   0x00000000   Code   RO         7021  * .ARM.Collect$$$$00000000  mc_w.l(entry.o)
    0x08000130   0x08000130   0x00000004   Code   RO         7028    .ARM.Collect$$$$00000001  mc_w.l(entry2.o)
    0x08000134   0x08000134   0x00000004   Code   RO         7031    .ARM.Collect$$$$00000004  mc_w.l(entry5.o)
    0x08000138   0x08000138   0x00000000   Code   RO         7033    .ARM.Collect$$$$00000008  mc_w.l(entry7b.o)
    0x08000138   0x08000138   0x00000000   Code   RO         7035    .ARM.Collect$$$$0000000A  mc_w.l(entry8b.o)
    0x08000138   0x08000138   0x00000008   Code   RO         7036    .ARM.Collect$$$$0000000B  mc_w.l(entry9a.o)
    0x08000140   0x08000140   0x00000000   Code   RO         7038    .ARM.Collect$$$$0000000D  mc_w.l(entry10a.o)
    0x08000140   0x08000140   0x00000000   Code   RO         7040    .ARM.Collect$$$$0000000F  mc_w.l(entry11a.o)
    0x08000140   0x08000140   0x00000004   Code   RO         7029    .ARM.Collect$$$$00002712  mc_w.l(entry2.o)
    0x08000144   0x08000144   0x00000024   Code   RO         7017    .text               startup_gd32f30x_hd.o
    0x08000168   0x08000168   0x00000024   Code   RO         7045    .text               mc_w.l(init.o)
    0x0800018c   0x0800018c   0x00000000   Code   RO         7047    .text               mc_w.l(semi.o)
    0x0800018c   0x0800018c   0x00000000   Code   RO         7048    .text               mc_w.l(iusesemip.o)
    0x0800018c   0x0800018c   0x00000056   Code   RO         7057    .text               mc_w.l(__dczerorl2.o)
    0x080001e2   0x080001e2   0x00000002   PAD
    0x080001e4   0x080001e4   0x00000130   Code   RO          769    i.ADC_Configuration  sysinitialize.o
    0x08000314   0x08000314   0x000000cc   Code   RO         1809    i.Audio             speaker.o
    0x080003e0   0x080003e0   0x00000002   Code   RO         1810    i.Beep              speaker.o
    0x080003e2   0x080003e2   0x00000002   PAD
    0x080003e4   0x080003e4   0x000000e0   Code   RO         2676    i.Bldc_Loop         bldc.o
    0x080004c4   0x080004c4   0x00000058   Code   RO         2762    i.BootLoader_Jump   wifiota.o
    0x0800051c   0x0800051c   0x00000004   Code   RO          914    i.BusFault_Handler  gd32f30x_it.o
    0x08000520   0x08000520   0x00000068   Code   RO          770    i.Charge_Configuration  sysinitialize.o
    0x08000588   0x08000588   0x000003dc   Code   RO          196    i.Charge_Process    charge.o
    0x08000964   0x08000964   0x0000000c   Code   RO          197    i.Charge_SetSwitch  charge.o
    0x08000970   0x08000970   0x000002e8   Code   RO         2763    i.Check_for_IAP     wifiota.o
    0x08000c58   0x08000c58   0x00000022   Code   RO          771    i.DAC_Configuration  sysinitialize.o
    0x08000c7a   0x08000c7a   0x00000002   PAD
    0x08000c7c   0x08000c7c   0x00000020   Code   RO          915    i.DMA0_Channel3_IRQHandler  gd32f30x_it.o
    0x08000c9c   0x08000c9c   0x00000020   Code   RO          916    i.DMA0_Channel6_IRQHandler  gd32f30x_it.o
    0x08000cbc   0x08000cbc   0x00000002   Code   RO          917    i.DebugMon_Handler  gd32f30x_it.o
    0x08000cbe   0x08000cbe   0x00000010   Code   RO         1620    i.Debug_DMA_Write_String  usart.o
    0x08000cce   0x08000cce   0x00000048   Code   RO         1621    i.Debug_Print       usart.o
    0x08000d16   0x08000d16   0x0000000c   Code   RO         1622    i.Debug_Write_Byte  usart.o
    0x08000d22   0x08000d22   0x00000026   Code   RO         1096    i.Disable_Motors    movement.o
    0x08000d48   0x08000d48   0x00000020   Code   RO         1097    i.Disable_PPower    movement.o
    0x08000d68   0x08000d68   0x00000172   Code   RO         1475    i.Display_Clean_Status  display.o
    0x08000eda   0x08000eda   0x00000040   Code   RO         1476    i.Display_SetBattery  display.o
    0x08000f1a   0x08000f1a   0x00000012   Code   RO          918    i.EXTI0_IRQHandler  gd32f30x_it.o
    0x08000f2c   0x08000f2c   0x00000080   Code   RO          919    i.EXTI10_15_IRQHandler  gd32f30x_it.o
    0x08000fac   0x08000fac   0x00000012   Code   RO          920    i.EXTI1_IRQHandler  gd32f30x_it.o
    0x08000fbe   0x08000fbe   0x00000002   PAD
    0x08000fc0   0x08000fc0   0x0000008c   Code   RO          921    i.EXTI2_IRQHandler  gd32f30x_it.o
    0x0800104c   0x0800104c   0x00000016   Code   RO          922    i.EXTI3_IRQHandler  gd32f30x_it.o
    0x08001062   0x08001062   0x00000016   Code   RO          923    i.EXTI4_IRQHandler  gd32f30x_it.o
    0x08001078   0x08001078   0x000000d8   Code   RO          924    i.EXTI5_9_IRQHandler  gd32f30x_it.o
    0x08001150   0x08001150   0x00000038   Code   RO          772    i.EXTI_Configuration  sysinitialize.o
    0x08001188   0x08001188   0x00000030   Code   RO         1098    i.Enable_PPower     movement.o
    0x080011b8   0x080011b8   0x00000018   Code   RO         2770    i.Flash_WriteU32    wifiota.o
    0x080011d0   0x080011d0   0x000000c8   Code   RO          773    i.GPIO_Configuration  sysinitialize.o
    0x08001298   0x08001298   0x00000054   Code   RO          198    i.GetBaseLineADCV   charge.o
    0x080012ec   0x080012ec   0x00000044   Code   RO         1099    i.GetBatteryVoltage  movement.o
    0x08001330   0x08001330   0x0000003c   Code   RO         1100    i.Get_Bumper_Status  movement.o
    0x0800136c   0x0800136c   0x00000048   Code   RO          199    i.Get_Charge_Current  charge.o
    0x080013b4   0x080013b4   0x0000002a   Code   RO         2044    i.Get_Key_Time      touchpad.o
    0x080013de   0x080013de   0x00000002   PAD
    0x080013e0   0x080013e0   0x00000048   Code   RO          200    i.Get_Sys_Current   charge.o
    0x08001428   0x08001428   0x00000010   Code   RO         2771    i.Get_Upgrade_Flag  wifiota.o
    0x08001438   0x08001438   0x0000000c   Code   RO         2678    i.Get_VacMode       bldc.o
    0x08001444   0x08001444   0x0000000c   Code   RO         2772    i.Get_Wifi_Enable   wifiota.o
    0x08001450   0x08001450   0x0000000c   Code   RO         2103    i.Gryo_GetUpdateFlag  gyro.o
    0x0800145c   0x0800145c   0x0000001c   Code   RO         2105    i.Gyro_Calibration_EnableCmd  gyro.o
    0x08001478   0x08001478   0x00000074   Code   RO         2106    i.Gyro_Cmd          gyro.o
    0x080014ec   0x080014ec   0x00000010   Code   RO         1624    i.Gyro_DMA_Write_String  usart.o
    0x080014fc   0x080014fc   0x0000001c   Code   RO         2120    i.Gyro_On_Cmd       gyro.o
    0x08001518   0x08001518   0x00000134   Code   RO         2121    i.Gyro_ParseMsg     gyro.o
    0x0800164c   0x0800164c   0x00000080   Code   RO         2122    i.Gyro_ReceiveCharacter  gyro.o
    0x080016cc   0x080016cc   0x00000064   Code   RO         2123    i.Gyro_Reset        gyro.o
    0x08001730   0x08001730   0x0000000c   Code   RO         2124    i.Gyro_ResetUpdateFlag  gyro.o
    0x0800173c   0x0800173c   0x00000028   Code   RO         2125    i.Gyro_Reset_Cmd    gyro.o
    0x08001764   0x08001764   0x00000004   Code   RO          925    i.HardFault_Handler  gd32f30x_it.o
    0x08001768   0x08001768   0x0000001a   Code   RO         2046    i.Is_Key_Press      touchpad.o
    0x08001782   0x08001782   0x00000002   PAD
    0x08001784   0x08001784   0x00000050   Code   RO         2047    i.Key_GetStatus     touchpad.o
    0x080017d4   0x080017d4   0x00000630   Code   RO         1477    i.LED_Display       display.o
    0x08001e04   0x08001e04   0x0000001c   Code   RO         2317    i.LW_DIR_BACKWARD   wheel.o
    0x08001e20   0x08001e20   0x0000001c   Code   RO         2318    i.LW_DIR_FORWARD    wheel.o
    0x08001e3c   0x08001e3c   0x00000004   Code   RO          926    i.MemManage_Handler  gd32f30x_it.o
    0x08001e40   0x08001e40   0x0000000c   Code   RO         1116    i.Mode_GetLog       movement.o
    0x08001e4c   0x08001e4c   0x0000000a   Code   RO         1117    i.Mode_GetMode      movement.o
    0x08001e56   0x08001e56   0x0000000c   Code   RO         1119    i.Mode_SetMode      movement.o
    0x08001e62   0x08001e62   0x00000002   PAD
    0x08001e64   0x08001e64   0x00000018   Code   RO         1122    i.Mode_UpdateLog    movement.o
    0x08001e7c   0x08001e7c   0x0000003c   Code   RO          261    i.Motor_Test_Set    testmode.o
    0x08001eb8   0x08001eb8   0x00000014   Code   RO         2319    i.Move_Forward      wheel.o
    0x08001ecc   0x08001ecc   0x00000002   Code   RO          927    i.NMI_Handler       gd32f30x_it.o
    0x08001ece   0x08001ece   0x000000ac   Code   RO          775    i.NVIC_Configuration  sysinitialize.o
    0x08001f7a   0x08001f7a   0x00000002   Code   RO          928    i.PendSV_Handler    gd32f30x_it.o
    0x08001f7c   0x08001f7c   0x0000003c   Code   RO          671    i.Queue_Read_Byte   system.o
    0x08001fb8   0x08001fb8   0x00000118   Code   RO          776    i.RCC_Configuration  sysinitialize.o
    0x080020d0   0x080020d0   0x00000030   Code   RO          929    i.RTC_IRQHandler    gd32f30x_it.o
    0x08002100   0x08002100   0x0000001c   Code   RO         2320    i.RW_DIR_BACKWARD   wheel.o
    0x0800211c   0x0800211c   0x0000001c   Code   RO         2321    i.RW_DIR_FORWARD    wheel.o
    0x08002138   0x08002138   0x000002f4   Code   RO         1845    i.Rcon_BR           rcon.o
    0x0800242c   0x0800242c   0x000002f4   Code   RO         1846    i.Rcon_FL           rcon.o
    0x08002720   0x08002720   0x000002f4   Code   RO         1847    i.Rcon_FR           rcon.o
    0x08002a14   0x08002a14   0x0000000c   Code   RO         1848    i.Rcon_GetRemoteCode  rcon.o
    0x08002a20   0x08002a20   0x0000000c   Code   RO         1849    i.Rcon_GetStatus    rcon.o
    0x08002a2c   0x08002a2c   0x000002f4   Code   RO         1851    i.Rcon_L            rcon.o
    0x08002d20   0x08002d20   0x000002f4   Code   RO         1852    i.Rcon_R            rcon.o
    0x08003014   0x08003014   0x0000000a   Code   RO         1853    i.Rcon_ResetRemoteCode  rcon.o
    0x0800301e   0x0800301e   0x00000002   PAD
    0x08003020   0x08003020   0x0000000c   Code   RO         1854    i.Rcon_ResetStatus  rcon.o
    0x0800302c   0x0800302c   0x0000000c   Code   RO         1855    i.Rcon_SetRemoteCode  rcon.o
    0x08003038   0x08003038   0x000000a4   Code   RO         1856    i.Rcon_Timer        rcon.o
    0x080030dc   0x080030dc   0x0000001e   Code   RO         2048    i.Remote_Key        touchpad.o
    0x080030fa   0x080030fa   0x00000002   PAD
    0x080030fc   0x080030fc   0x00000070   Code   RO          777    i.SPI2_Configuration  sysinitialize.o
    0x0800316c   0x0800316c   0x00000050   Code   RO         1781    i.SPI2_ReadWriteByte  spi.o
    0x080031bc   0x080031bc   0x00000002   Code   RO          930    i.SVC_Handler       gd32f30x_it.o
    0x080031be   0x080031be   0x00000002   PAD
    0x080031c0   0x080031c0   0x00000028   Code   RO         1133    i.Set_3v3           movement.o
    0x080031e8   0x080031e8   0x00000028   Code   RO         1134    i.Set_5v            movement.o
    0x08003210   0x08003210   0x0000000c   Code   RO         2680    i.Set_BLDC_Fail     bldc.o
    0x0800321c   0x0800321c   0x0000000c   Code   RO         2681    i.Set_BLDC_Speed    bldc.o
    0x08003228   0x08003228   0x0000000c   Code   RO         2682    i.Set_BLDC_TPWM     bldc.o
    0x08003234   0x08003234   0x0000000c   Code   RO         2328    i.Set_Dir_Backward  wheel.o
    0x08003240   0x08003240   0x0000000c   Code   RO         2329    i.Set_Dir_Forward   wheel.o
    0x0800324c   0x0800324c   0x00000038   Code   RO         1478    i.Set_LED           display.o
    0x08003284   0x08003284   0x0000000c   Code   RO         1479    i.Set_LED1_On_Blink  display.o
    0x08003290   0x08003290   0x0000000c   Code   RO         1480    i.Set_LED1_On_Switch  display.o
    0x0800329c   0x0800329c   0x0000000c   Code   RO         1481    i.Set_LED2_On_Blink  display.o
    0x080032a8   0x080032a8   0x0000000c   Code   RO         1482    i.Set_LED2_On_Switch  display.o
    0x080032b4   0x080032b4   0x0000000c   Code   RO         1483    i.Set_LED3_On_Blink  display.o
    0x080032c0   0x080032c0   0x0000000c   Code   RO         1484    i.Set_LED3_On_Switch  display.o
    0x080032cc   0x080032cc   0x0000000c   Code   RO         1485    i.Set_LED4_On_Blink  display.o
    0x080032d8   0x080032d8   0x0000000c   Code   RO         1486    i.Set_LED4_On_Switch  display.o
    0x080032e4   0x080032e4   0x0000000c   Code   RO         1487    i.Set_LED5_On_Blink  display.o
    0x080032f0   0x080032f0   0x0000000c   Code   RO         1488    i.Set_LED5_On_Switch  display.o
    0x080032fc   0x080032fc   0x0000000c   Code   RO         1489    i.Set_LED6_On_Blink  display.o
    0x08003308   0x08003308   0x0000000c   Code   RO         1490    i.Set_LED6_On_Switch  display.o
    0x08003314   0x08003314   0x00000030   Code   RO         1491    i.Set_LED_On_Blink  display.o
    0x08003344   0x08003344   0x00000030   Code   RO         1492    i.Set_LED_On_Switch  display.o
    0x08003374   0x08003374   0x00000054   Code   RO         1493    i.Set_LED_Table     display.o
    0x080033c8   0x080033c8   0x00000010   Code   RO         2333    i.Set_LeftWheel_Speed  wheel.o
    0x080033d8   0x080033d8   0x0000000c   Code   RO         1137    i.Set_MainBrush_PWM  movement.o
    0x080033e4   0x080033e4   0x00000024   Code   RO         1139    i.Set_Main_Brush    movement.o
    0x08003408   0x08003408   0x00000010   Code   RO         2336    i.Set_RightWheel_Speed  wheel.o
    0x08003418   0x08003418   0x0000000c   Code   RO         1142    i.Set_SideBrush_PWM  movement.o
    0x08003424   0x08003424   0x00000018   Code   RO         2773    i.Set_Upgrade_Flag  wifiota.o
    0x0800343c   0x0800343c   0x0000000c   Code   RO         2683    i.Set_VacMode       bldc.o
    0x08003448   0x08003448   0x00000014   Code   RO         2339    i.Set_Wheel_Speed   wheel.o
    0x0800345c   0x0800345c   0x0000000c   Code   RO         2774    i.Set_Wifi_Enable   wifiota.o
    0x08003468   0x08003468   0x000002b8   Code   RO         1811    i.Speaker           speaker.o
    0x08003720   0x08003720   0x00000264   Code   RO         2341    i.Speed_Loop        wheel.o
    0x08003984   0x08003984   0x00000078   Code   RO          262    i.Switch_Step       testmode.o
    0x080039fc   0x080039fc   0x00000028   Code   RO          931    i.SysTick_Handler   gd32f30x_it.o
    0x08003a24   0x08003a24   0x00000050   Code   RO         6975    i.SystemInit        system_gd32f30x.o
    0x08003a74   0x08003a74   0x00000048   Code   RO          778    i.SystemInitialize  sysinitialize.o
    0x08003abc   0x08003abc   0x000000ac   Code   RO          779    i.System_StoreMotorBaseline  sysinitialize.o
    0x08003b68   0x08003b68   0x00000018   Code   RO          780    i.Systick_Configuration  sysinitialize.o
    0x08003b80   0x08003b80   0x000002fc   Code   RO          932    i.TIMER1_IRQHandler  gd32f30x_it.o
    0x08003e7c   0x08003e7c   0x000000d8   Code   RO          933    i.TIMER5_IRQHandler  gd32f30x_it.o
    0x08003f54   0x08003f54   0x00000038   Code   RO          934    i.TIMER6_IRQHandler  gd32f30x_it.o
    0x08003f8c   0x08003f8c   0x0000193c   Code   RO          263    i.Test_Mode         testmode.o
    0x080058c8   0x080058c8   0x00000058   Code   RO          781    i.Timer0_Configuration  sysinitialize.o
    0x08005920   0x08005920   0x0000004a   Code   RO          782    i.Timer1_Configuration  sysinitialize.o
    0x0800596a   0x0800596a   0x00000002   PAD
    0x0800596c   0x0800596c   0x00000064   Code   RO          783    i.Timer3_Configuration  sysinitialize.o
    0x080059d0   0x080059d0   0x0000001c   Code   RO          784    i.Timer5_Configuration  sysinitialize.o
    0x080059ec   0x080059ec   0x00000028   Code   RO          785    i.Timer6_Configuration  sysinitialize.o
    0x08005a14   0x08005a14   0x00000058   Code   RO          786    i.Timer7_Configuration  sysinitialize.o
    0x08005a6c   0x08005a6c   0x00000020   Code   RO         2686    i.Turn_BLDC_Off     bldc.o
    0x08005a8c   0x08005a8c   0x00000030   Code   RO         1625    i.USART0_Configuration  usart.o
    0x08005abc   0x08005abc   0x0000003c   Code   RO         1626    i.USART0_DMA_String  usart.o
    0x08005af8   0x08005af8   0x00000044   Code   RO          935    i.USART0_IRQHandler  gd32f30x_it.o
    0x08005b3c   0x08005b3c   0x0000001c   Code   RO         1627    i.USART0_Transmit_Byte  usart.o
    0x08005b58   0x08005b58   0x00000030   Code   RO         1629    i.USART1_Configuration  usart.o
    0x08005b88   0x08005b88   0x00000058   Code   RO          936    i.USART1_IRQHandler  gd32f30x_it.o
    0x08005be0   0x08005be0   0x0000001c   Code   RO         1631    i.USART1_Transmit_Byte  usart.o
    0x08005bfc   0x08005bfc   0x00000030   Code   RO         1633    i.USART2_Configuration  usart.o
    0x08005c2c   0x08005c2c   0x0000003c   Code   RO         1634    i.USART2_DMA_String  usart.o
    0x08005c68   0x08005c68   0x00000048   Code   RO          937    i.USART2_IRQHandler  gd32f30x_it.o
    0x08005cb0   0x08005cb0   0x00000004   Code   RO          938    i.UsageFault_Handler  gd32f30x_it.o
    0x08005cb4   0x08005cb4   0x00000016   Code   RO            3    i.VectorTabs_setup  main.o
    0x08005cca   0x08005cca   0x00000002   PAD
    0x08005ccc   0x08005ccc   0x00000078   Code   RO         2861    i.W25QXX_Erase_Sector  w25q16.o
    0x08005d44   0x08005d44   0x00000060   Code   RO         2863    i.W25QXX_Read       w25q16.o
    0x08005da4   0x08005da4   0x00000050   Code   RO         2864    i.W25QXX_ReadID     w25q16.o
    0x08005df4   0x08005df4   0x00000038   Code   RO         2865    i.W25QXX_ReadSR     w25q16.o
    0x08005e2c   0x08005e2c   0x00000050   Code   RO         2866    i.W25QXX_Read_One   w25q16.o
    0x08005e7c   0x08005e7c   0x00000012   Code   RO         2868    i.W25QXX_Wait_Busy  w25q16.o
    0x08005e8e   0x08005e8e   0x00000002   PAD
    0x08005e90   0x08005e90   0x000000b8   Code   RO         2869    i.W25QXX_Write      w25q16.o
    0x08005f48   0x08005f48   0x0000002c   Code   RO         2871    i.W25QXX_Write_Enable  w25q16.o
    0x08005f74   0x08005f74   0x00000044   Code   RO         2872    i.W25QXX_Write_NoCheck  w25q16.o
    0x08005fb8   0x08005fb8   0x00000064   Code   RO         2873    i.W25QXX_Write_Page  w25q16.o
    0x0800601c   0x0800601c   0x0000003c   Code   RO         2343    i.WHEEL_DISABLE     wheel.o
    0x08006058   0x08006058   0x0000004c   Code   RO          787    i.Wifi_All_Data_Init  sysinitialize.o
    0x080060a4   0x080060a4   0x00000016   Code   RO          504    i.Wifi_Package_Choose  protocol.o
    0x080060ba   0x080060ba   0x0000000c   Code   RO          505    i.Wifi_Rece_Package_Report  protocol.o
    0x080060c6   0x080060c6   0x00000002   PAD
    0x080060c8   0x080060c8   0x00000014   Code   RO         1858    i.Wifi_SetRemoteCode  rcon.o
    0x080060dc   0x080060dc   0x0000000e   Code   RO         7051    i.__scatterload_copy  mc_w.l(handlers.o)
    0x080060ea   0x080060ea   0x00000002   Code   RO         7052    i.__scatterload_null  mc_w.l(handlers.o)
    0x080060ec   0x080060ec   0x0000000e   Code   RO         7053    i.__scatterload_zeroinit  mc_w.l(handlers.o)
    0x080060fa   0x080060fa   0x00000002   PAD
    0x080060fc   0x080060fc   0x000000c0   Code   RO          506    i.all_data_update   protocol.o
    0x080061bc   0x080061bc   0x0000001a   Code   RO          310    i.byte_to_int       mcu_api.o
    0x080061d6   0x080061d6   0x00000002   PAD
    0x080061d8   0x080061d8   0x00000058   Code   RO         3899    i.dac_data_set      gd32f30x_dac.o
    0x08006230   0x08006230   0x00000014   Code   RO         3900    i.dac_deinit        gd32f30x_dac.o
    0x08006244   0x08006244   0x00000024   Code   RO         3904    i.dac_enable        gd32f30x_dac.o
    0x08006268   0x08006268   0x00000024   Code   RO         3907    i.dac_output_buffer_enable  gd32f30x_dac.o
    0x0800628c   0x0800628c   0x00000024   Code   RO         3912    i.dac_trigger_disable  gd32f30x_dac.o
    0x080062b0   0x080062b0   0x00000034   Code   RO         3916    i.dac_wave_mode_config  gd32f30x_dac.o
    0x080062e4   0x080062e4   0x00000274   Code   RO          672    i.data_handle       system.o
    0x08006558   0x08006558   0x0000004c   Code   RO          673    i.data_point_handle  system.o
    0x080065a4   0x080065a4   0x00000018   Code   RO          788    i.delay             sysinitialize.o
    0x080065bc   0x080065bc   0x00000074   Code   RO          507    i.dp_download_directioncontrol_handle  protocol.o
    0x08006630   0x08006630   0x0000003e   Code   RO          508    i.dp_download_edge_brush_handle  protocol.o
    0x0800666e   0x0800666e   0x0000003e   Code   RO          509    i.dp_download_filter_handle  protocol.o
    0x080066ac   0x080066ac   0x000000ca   Code   RO          510    i.dp_download_handle  protocol.o
    0x08006776   0x08006776   0x0000003e   Code   RO          511    i.dp_download_hypa_handle  protocol.o
    0x080067b4   0x080067b4   0x0000006e   Code   RO          512    i.dp_download_mode_handle  protocol.o
    0x08006822   0x08006822   0x0000003e   Code   RO          513    i.dp_download_mop_handle  protocol.o
    0x08006860   0x08006860   0x00000028   Code   RO          514    i.dp_download_power_go_handle  protocol.o
    0x08006888   0x08006888   0x00000028   Code   RO          515    i.dp_download_power_handle  protocol.o
    0x080068b0   0x080068b0   0x0000003e   Code   RO          516    i.dp_download_roll_brush_handle  protocol.o
    0x080068ee   0x080068ee   0x00000056   Code   RO          517    i.dp_download_suck_handle  protocol.o
    0x08006944   0x08006944   0x00000028   Code   RO          518    i.dp_download_volume_handle  protocol.o
    0x0800696c   0x0800696c   0x0000000c   Code   RO         4471    i.exti_flag_clear   gd32f30x_exti.o
    0x08006978   0x08006978   0x00000018   Code   RO         4472    i.exti_flag_get     gd32f30x_exti.o
    0x08006990   0x08006990   0x00000022   Code   RO         4556    i.fmc_bank0_ready_wait  gd32f30x_fmc.o
    0x080069b2   0x080069b2   0x00000002   PAD
    0x080069b4   0x080069b4   0x00000034   Code   RO         4557    i.fmc_bank0_state_get  gd32f30x_fmc.o
    0x080069e8   0x080069e8   0x00000020   Code   RO         4560    i.fmc_bank1_ready_wait  gd32f30x_fmc.o
    0x08006a08   0x08006a08   0x00000034   Code   RO         4561    i.fmc_bank1_state_get  gd32f30x_fmc.o
    0x08006a3c   0x08006a3c   0x0000002c   Code   RO         4567    i.fmc_lock          gd32f30x_fmc.o
    0x08006a68   0x08006a68   0x000000e4   Code   RO         4569    i.fmc_page_erase    gd32f30x_fmc.o
    0x08006b4c   0x08006b4c   0x00000022   Code   RO         4570    i.fmc_ready_wait    gd32f30x_fmc.o
    0x08006b6e   0x08006b6e   0x00000002   PAD
    0x08006b70   0x08006b70   0x00000034   Code   RO         4571    i.fmc_state_get     gd32f30x_fmc.o
    0x08006ba4   0x08006ba4   0x00000044   Code   RO         4572    i.fmc_unlock        gd32f30x_fmc.o
    0x08006be8   0x08006be8   0x000000c0   Code   RO         4573    i.fmc_word_program  gd32f30x_fmc.o
    0x08006ca8   0x08006ca8   0x00000012   Code   RO         7042    i.fputc             mc_w.l(fputc.o)
    0x08006cba   0x08006cba   0x0000001c   Code   RO          674    i.get_check_sum     system.o
    0x08006cd6   0x08006cd6   0x00000002   PAD
    0x08006cd8   0x08006cd8   0x0000002c   Code   RO          675    i.get_dowmload_dpid_index  system.o
    0x08006d04   0x08006d04   0x00000004   Code   RO          519    i.get_download_cmd_total  protocol.o
    0x08006d08   0x08006d08   0x0000000e   Code   RO          676    i.get_mcu_wifi_mode  system.o
    0x08006d16   0x08006d16   0x00000002   PAD
    0x08006d18   0x08006d18   0x0000001c   Code   RO          677    i.get_queue_total_data  system.o
    0x08006d34   0x08006d34   0x00000054   Code   RO          520    i.get_wifi_status   protocol.o
    0x08006d88   0x08006d88   0x00000034   Code   RO          678    i.heat_beat_check   system.o
    0x08006dbc   0x08006dbc   0x000000a4   Code   RO            4    i.main              main.o
    0x08006e60   0x08006e60   0x00000064   Code   RO          313    i.mcu_dp_bool_update  mcu_api.o
    0x08006ec4   0x08006ec4   0x00000054   Code   RO          314    i.mcu_dp_enum_update  mcu_api.o
    0x08006f18   0x08006f18   0x000000c4   Code   RO          315    i.mcu_dp_fault_update  mcu_api.o
    0x08006fdc   0x08006fdc   0x00000074   Code   RO          317    i.mcu_dp_string_update  mcu_api.o
    0x08007050   0x08007050   0x00000078   Code   RO          318    i.mcu_dp_value_update  mcu_api.o
    0x080070c8   0x080070c8   0x00000064   Code   RO          521    i.mcu_firm_update_handle  protocol.o
    0x0800712c   0x0800712c   0x00000006   Code   RO          319    i.mcu_get_dp_download_bool  mcu_api.o
    0x08007132   0x08007132   0x00000006   Code   RO          320    i.mcu_get_dp_download_enum  mcu_api.o
    0x08007138   0x08007138   0x0000000e   Code   RO          321    i.mcu_get_dp_download_value  mcu_api.o
    0x08007146   0x08007146   0x00000002   PAD
    0x08007148   0x08007148   0x00000024   Code   RO          327    i.mcu_set_wifi_mode  mcu_api.o
    0x0800716c   0x0800716c   0x00000044   Code   RO          329    i.my_memcpy         mcu_api.o
    0x080071b0   0x080071b0   0x0000001c   Code   RO          333    i.my_strlen         mcu_api.o
    0x080071cc   0x080071cc   0x000000a4   Code   RO         5127    i.nvic_irq_enable   gd32f30x_misc.o
    0x08007270   0x08007270   0x00000014   Code   RO         5128    i.nvic_priority_group_set  gd32f30x_misc.o
    0x08007284   0x08007284   0x00000014   Code   RO         5129    i.nvic_vector_table_set  gd32f30x_misc.o
    0x08007298   0x08007298   0x00000178   Code   RO         3027    i.print             printf-stdarg.o
    0x08007410   0x08007410   0x0000001c   Code   RO         3028    i.printchar         printf-stdarg.o
    0x0800742c   0x0800742c   0x000000ba   Code   RO         3029    i.printi            printf-stdarg.o
    0x080074e6   0x080074e6   0x00000080   Code   RO         3030    i.prints            printf-stdarg.o
    0x08007566   0x08007566   0x00000002   PAD
    0x08007568   0x08007568   0x000000d4   Code   RO          679    i.product_info_update  system.o
    0x0800763c   0x0800763c   0x0000000c   Code   RO         7024    i.putchar           mc_w.l(putchar.o)
    0x08007648   0x08007648   0x0000006c   Code   RO         5316    i.rcu_adc_clock_config  gd32f30x_rcu.o
    0x080076b4   0x080076b4   0x00000020   Code   RO         5346    i.rcu_periph_reset_disable  gd32f30x_rcu.o
    0x080076d4   0x080076d4   0x00000020   Code   RO         5347    i.rcu_periph_reset_enable  gd32f30x_rcu.o
    0x080076f4   0x080076f4   0x00000028   Code   RO          680    i.set_wifi_uart_buffer  system.o
    0x0800771c   0x0800771c   0x00000010   Code   RO          681    i.set_wifi_uart_byte  system.o
    0x0800772c   0x0800772c   0x0000011c   Code   RO         6976    i.system_clock_120m_hxtal  system_gd32f30x.o
    0x08007848   0x08007848   0x00000008   Code   RO         6977    i.system_clock_config  system_gd32f30x.o
    0x08007850   0x08007850   0x00000008   Code   RO         6245    i.timer_interrupt_flag_clear  gd32f30x_timer.o
    0x08007858   0x08007858   0x00000018   Code   RO         6246    i.timer_interrupt_flag_get  gd32f30x_timer.o
    0x08007870   0x08007870   0x0000005c   Code   RO          335    i.uart_receive_input  mcu_api.o
    0x080078cc   0x080078cc   0x0000000c   Code   RO          523    i.uart_transmit_output  protocol.o
    0x080078d8   0x080078d8   0x00000018   Code   RO         1641    i.ups3              usart.o
    0x080078f0   0x080078f0   0x0000001a   Code   RO         6621    i.usart_flag_clear  gd32f30x_usart.o
    0x0800790a   0x0800790a   0x0000001e   Code   RO         6622    i.usart_flag_get    gd32f30x_usart.o
    0x08007928   0x08007928   0x0000001e   Code   RO         6630    i.usart_interrupt_flag_get  gd32f30x_usart.o
    0x08007946   0x08007946   0x00000018   Code   RO         3033    i.usprintf          printf-stdarg.o
    0x0800795e   0x0800795e   0x00000002   PAD
    0x08007960   0x08007960   0x00000024   Code   RO          336    i.wifi_protocol_init  mcu_api.o
    0x08007984   0x08007984   0x00000008   Code   RO          525    i.wifi_test_result  protocol.o
    0x0800798c   0x0800798c   0x000000fc   Code   RO          337    i.wifi_uart_service  mcu_api.o
    0x08007a88   0x08007a88   0x00000024   Code   RO          682    i.wifi_uart_write_data  system.o
    0x08007aac   0x08007aac   0x00000044   Code   RO          683    i.wifi_uart_write_frame  system.o
    0x08007af0   0x08007af0   0x00000024   Data   RO          526    .constdata          protocol.o
    0x08007b14   0x08007b14   0x00000064   Data   RO         1494    .constdata          display.o
    0x08007b78   0x08007b78   0x00000020   Data   RO         7049    Region$$Table       anon$$obj.o


    Execution Region RW_IRAM1 (Exec base: 0x20000000, Load base: 0x08007b98, Size: 0x000026f0, Max: 0x00010000, ABSOLUTE, COMPRESSED[0x00000024])

    Exec Addr    Load Addr    Size         Type   Attr      Idx    E Section Name        Object

    0x20000000   COMPRESSED   0x00000010   Data   RW          201    .data               charge.o
    0x20000010   COMPRESSED   0x00000002   Data   RW          338    .data               mcu_api.o
    0x20000012   COMPRESSED   0x00000002   PAD
    0x20000014   COMPRESSED   0x00000019   Data   RW          685    .data               system.o
    0x2000002d   COMPRESSED   0x00000003   PAD
    0x20000030   COMPRESSED   0x00000026   Data   RW          790    .data               sysinitialize.o
    0x20000056   COMPRESSED   0x0000000f   Data   RW          939    .data               gd32f30x_it.o
    0x20000065   COMPRESSED   0x00000003   PAD
    0x20000068   COMPRESSED   0x0000002d   Data   RW         1149    .data               movement.o
    0x20000095   COMPRESSED   0x00000001   PAD
    0x20000096   COMPRESSED   0x0000001e   Data   RW         1495    .data               display.o
    0x200000b4   COMPRESSED   0x00000010   Data   RW         1812    .data               speaker.o
    0x200000c4   COMPRESSED   0x00000018   Data   RW         1860    .data               rcon.o
    0x200000dc   COMPRESSED   0x00000004   PAD
    0x200000e0   COMPRESSED   0x00000011   Data   RW         1964    .data               rtc.o
    0x200000f1   COMPRESSED   0x00000003   PAD
    0x200000f4   COMPRESSED   0x0000003d   Data   RW         2133    .data               gyro.o
    0x20000131   COMPRESSED   0x00000003   PAD
    0x20000134   COMPRESSED   0x00000030   Data   RW         2345    .data               wheel.o
    0x20000164   COMPRESSED   0x0000000c   Data   RW         2571    .data               obscliff.o
    0x20000170   COMPRESSED   0x00000014   Data   RW         2687    .data               bldc.o
    0x20000184   COMPRESSED   0x00000009   Data   RW         2775    .data               wifiota.o
    0x2000018d   COMPRESSED   0x00000003   PAD
    0x20000190   COMPRESSED   0x00000004   Data   RW         7044    .data               mc_w.l(stdout.o)
    0x20000194        -       0x00000399   Zero   RW          684    .bss                system.o
    0x2000052d   COMPRESSED   0x00000003   PAD
    0x20000530        -       0x00000070   Zero   RW          789    .bss                sysinitialize.o
    0x200005a0        -       0x0000003c   Zero   RW         1859    .bss                rcon.o
    0x200005dc        -       0x0000000d   Zero   RW         2132    .bss                gyro.o
    0x200005e9        -       0x00001000   Zero   RW         2875    .bss                w25q16.o
    0x200015e9        -       0x00000100   Zero   RW         2983    .bss                debug.o
    0x200016e9   COMPRESSED   0x00000007   PAD
    0x200016f0        -       0x00001000   Zero   RW         7014    STACK               startup_gd32f30x_hd.o


==============================================================================

Image component sizes


      Code (inc. data)   RO Data    RW Data    ZI Data      Debug   Object Name

       316         58          0         20          0       4007   bldc.o
      1228        164          0         16          0       8160   charge.o
         0          0          0          0        256        512   debug.o
      2398        324        100         30          0      12695   display.o
         0          0          0          0          0     221284   gd32f30x_adc.o
       268         28          0          0          0       3657   gd32f30x_dac.o
        36         12          0          0          0       1214   gd32f30x_exti.o
       788         64          0          0          0       6671   gd32f30x_fmc.o
      2004        216          0         15          0      13425   gd32f30x_it.o
       204         26          0          0          0       2092   gd32f30x_misc.o
       172         30          0          0          0       1876   gd32f30x_rcu.o
        32          0          0          0          0       1408   gd32f30x_timer.o
        86          0          0          0          0       2079   gd32f30x_usart.o
       772        146          0         61         13       6617   gyro.o
       186         12          0          0          0     194990   main.o
      1180         72          0          2          0      10059   mcu_api.o
       444         52          0         45          0      13746   movement.o
         0          0          0         12          0        759   obscliff.o
       742          8          0          0          0       4743   printf-stdarg.o
      1378         70         36          0          0      42096   protocol.o
      4022        114          0         24         60       9215   rcon.o
         0          0          0         17          0        542   rtc.o
       902        198          0         16          0       2277   speaker.o
        80          6          0          0          0        629   spi.o
        36          8        304          0       4096        820   startup_gd32f30x_hd.o
      2048        216          0         38        112      21652   sysinitialize.o
      1302        150          0         25        921      10227   system.o
       372         32          0          0          0       1577   system_gd32f30x.o
      6640        952          0          0          0       7007   testmode.o
       178          4          0          0          0       2271   touchpad.o
       460         40          0          0          0       6388   usart.o
       846         58          0          0       4096       6629   w25q16.o
       880        106          0         48          0       7427   wheel.o
       920        192          0          9          0       5929   wifiota.o

    ----------------------------------------------------------------------
     30962       3358        472        400       9564     634680   Object Totals
         0          0         32          0          0          0   (incl. Generated)
        42          0          0         22         10          0   (incl. Padding)

    ----------------------------------------------------------------------

      Code (inc. data)   RO Data    RW Data    ZI Data      Debug   Library Member Name

        86          0          0          0          0          0   __dczerorl2.o
         0          0          0          0          0          0   entry.o
         0          0          0          0          0          0   entry10a.o
         0          0          0          0          0          0   entry11a.o
         8          4          0          0          0          0   entry2.o
         4          0          0          0          0          0   entry5.o
         0          0          0          0          0          0   entry7b.o
         0          0          0          0          0          0   entry8b.o
         8          4          0          0          0          0   entry9a.o
        18          0          0          0          0         80   fputc.o
        30          0          0          0          0          0   handlers.o
        36          8          0          0          0         68   init.o
         0          0          0          0          0          0   iusesemip.o
        12          6          0          0          0         68   putchar.o
         0          0          0          0          0          0   semi.o
         0          0          0          4          0          0   stdout.o

    ----------------------------------------------------------------------
       206         22          0          4          0        216   Library Totals
         4          0          0          0          0          0   (incl. Padding)

    ----------------------------------------------------------------------

      Code (inc. data)   RO Data    RW Data    ZI Data      Debug   Library Name

       202         22          0          4          0        216   mc_w.l

    ----------------------------------------------------------------------
       206         22          0          4          0        216   Library Totals

    ----------------------------------------------------------------------

==============================================================================


      Code (inc. data)   RO Data    RW Data    ZI Data      Debug   

     31168       3380        472        404       9564     610828   Grand Totals
     31168       3380        472         36       9564     610828   ELF Image Totals (compressed)
     31168       3380        472         36          0          0   ROM Totals

==============================================================================

    Total RO  Size (Code + RO Data)                31640 (  30.90kB)
    Total RW  Size (RW Data + ZI Data)              9968 (   9.73kB)
    Total ROM Size (Code + RO Data + RW Data)      31676 (  30.93kB)

==============================================================================

