<!doctype html public "-//w3c//dtd html 4.0 transitional//en">
<html><head>
<title>Static Call Graph - [.\Objects\880P.axf]</title></head>
<body><HR>
<H1>Static Call Graph for image .\Objects\880P.axf</H1><HR>
<BR><P>#&#060CALLGRAPH&#062# ARM Linker, 5060750: Last Updated: Thu Jan 09 17:30:04 2020
<BR><P>
<H3>Maximum Stack Usage =        376 bytes + Unknown(Cycles, Untraceable Function Pointers)</H3><H3>
Call chain for Maximum Stack Depth:</H3>
main &rArr; Check_for_IAP &rArr; wifi_uart_service &rArr; data_handle &rArr; mcu_firm_update_handle &rArr; Set_Upgrade_Flag &rArr; W25QXX_Write &rArr; W25QXX_Erase_Sector &rArr; usprintf &rArr; print &rArr; printi &rArr; prints &rArr; printchar &rArr; putchar &rArr; fputc
<P>
<H3>
Mutually Recursive functions
</H3> <LI><a href="#[1c]">ADC0_1_IRQHandler</a>&nbsp;&nbsp;&nbsp;&rArr;&nbsp;&nbsp;&nbsp;<a href="#[1c]">ADC0_1_IRQHandler</a><BR>
</UL>
<P>
<H3>
Function Pointers
</H3><UL>
 <LI><a href="#[1c]">ADC0_1_IRQHandler</a> from startup_gd32f30x_hd.o(.text) referenced from startup_gd32f30x_hd.o(RESET)
 <LI><a href="#[39]">ADC2_IRQHandler</a> from startup_gd32f30x_hd.o(.text) referenced from startup_gd32f30x_hd.o(RESET)
 <LI><a href="#[4]">BusFault_Handler</a> from gd32f30x_it.o(i.BusFault_Handler) referenced from startup_gd32f30x_hd.o(RESET)
 <LI><a href="#[20]">CAN0_EWMC_IRQHandler</a> from startup_gd32f30x_hd.o(.text) referenced from startup_gd32f30x_hd.o(RESET)
 <LI><a href="#[1f]">CAN0_RX1_IRQHandler</a> from startup_gd32f30x_hd.o(.text) referenced from startup_gd32f30x_hd.o(RESET)
 <LI><a href="#[15]">DMA0_Channel0_IRQHandler</a> from startup_gd32f30x_hd.o(.text) referenced from startup_gd32f30x_hd.o(RESET)
 <LI><a href="#[16]">DMA0_Channel1_IRQHandler</a> from startup_gd32f30x_hd.o(.text) referenced from startup_gd32f30x_hd.o(RESET)
 <LI><a href="#[17]">DMA0_Channel2_IRQHandler</a> from startup_gd32f30x_hd.o(.text) referenced from startup_gd32f30x_hd.o(RESET)
 <LI><a href="#[18]">DMA0_Channel3_IRQHandler</a> from gd32f30x_it.o(i.DMA0_Channel3_IRQHandler) referenced from startup_gd32f30x_hd.o(RESET)
 <LI><a href="#[19]">DMA0_Channel4_IRQHandler</a> from startup_gd32f30x_hd.o(.text) referenced from startup_gd32f30x_hd.o(RESET)
 <LI><a href="#[1a]">DMA0_Channel5_IRQHandler</a> from startup_gd32f30x_hd.o(.text) referenced from startup_gd32f30x_hd.o(RESET)
 <LI><a href="#[1b]">DMA0_Channel6_IRQHandler</a> from gd32f30x_it.o(i.DMA0_Channel6_IRQHandler) referenced from startup_gd32f30x_hd.o(RESET)
 <LI><a href="#[42]">DMA1_Channel0_IRQHandler</a> from startup_gd32f30x_hd.o(.text) referenced from startup_gd32f30x_hd.o(RESET)
 <LI><a href="#[43]">DMA1_Channel1_IRQHandler</a> from startup_gd32f30x_hd.o(.text) referenced from startup_gd32f30x_hd.o(RESET)
 <LI><a href="#[44]">DMA1_Channel2_IRQHandler</a> from startup_gd32f30x_hd.o(.text) referenced from startup_gd32f30x_hd.o(RESET)
 <LI><a href="#[45]">DMA1_Channel3_4_IRQHandler</a> from startup_gd32f30x_hd.o(.text) referenced from startup_gd32f30x_hd.o(RESET)
 <LI><a href="#[7]">DebugMon_Handler</a> from gd32f30x_it.o(i.DebugMon_Handler) referenced from startup_gd32f30x_hd.o(RESET)
 <LI><a href="#[3a]">EXMC_IRQHandler</a> from startup_gd32f30x_hd.o(.text) referenced from startup_gd32f30x_hd.o(RESET)
 <LI><a href="#[10]">EXTI0_IRQHandler</a> from gd32f30x_it.o(i.EXTI0_IRQHandler) referenced from startup_gd32f30x_hd.o(RESET)
 <LI><a href="#[32]">EXTI10_15_IRQHandler</a> from gd32f30x_it.o(i.EXTI10_15_IRQHandler) referenced from startup_gd32f30x_hd.o(RESET)
 <LI><a href="#[11]">EXTI1_IRQHandler</a> from gd32f30x_it.o(i.EXTI1_IRQHandler) referenced from startup_gd32f30x_hd.o(RESET)
 <LI><a href="#[12]">EXTI2_IRQHandler</a> from gd32f30x_it.o(i.EXTI2_IRQHandler) referenced from startup_gd32f30x_hd.o(RESET)
 <LI><a href="#[13]">EXTI3_IRQHandler</a> from gd32f30x_it.o(i.EXTI3_IRQHandler) referenced from startup_gd32f30x_hd.o(RESET)
 <LI><a href="#[14]">EXTI4_IRQHandler</a> from gd32f30x_it.o(i.EXTI4_IRQHandler) referenced from startup_gd32f30x_hd.o(RESET)
 <LI><a href="#[21]">EXTI5_9_IRQHandler</a> from gd32f30x_it.o(i.EXTI5_9_IRQHandler) referenced from startup_gd32f30x_hd.o(RESET)
 <LI><a href="#[e]">FMC_IRQHandler</a> from startup_gd32f30x_hd.o(.text) referenced from startup_gd32f30x_hd.o(RESET)
 <LI><a href="#[2]">HardFault_Handler</a> from gd32f30x_it.o(i.HardFault_Handler) referenced from startup_gd32f30x_hd.o(RESET)
 <LI><a href="#[2a]">I2C0_ER_IRQHandler</a> from startup_gd32f30x_hd.o(.text) referenced from startup_gd32f30x_hd.o(RESET)
 <LI><a href="#[29]">I2C0_EV_IRQHandler</a> from startup_gd32f30x_hd.o(.text) referenced from startup_gd32f30x_hd.o(RESET)
 <LI><a href="#[2c]">I2C1_ER_IRQHandler</a> from startup_gd32f30x_hd.o(.text) referenced from startup_gd32f30x_hd.o(RESET)
 <LI><a href="#[2b]">I2C1_EV_IRQHandler</a> from startup_gd32f30x_hd.o(.text) referenced from startup_gd32f30x_hd.o(RESET)
 <LI><a href="#[b]">LVD_IRQHandler</a> from startup_gd32f30x_hd.o(.text) referenced from startup_gd32f30x_hd.o(RESET)
 <LI><a href="#[3]">MemManage_Handler</a> from gd32f30x_it.o(i.MemManage_Handler) referenced from startup_gd32f30x_hd.o(RESET)
 <LI><a href="#[1]">NMI_Handler</a> from gd32f30x_it.o(i.NMI_Handler) referenced from startup_gd32f30x_hd.o(RESET)
 <LI><a href="#[8]">PendSV_Handler</a> from gd32f30x_it.o(i.PendSV_Handler) referenced from startup_gd32f30x_hd.o(RESET)
 <LI><a href="#[f]">RCU_CTC_IRQHandler</a> from startup_gd32f30x_hd.o(.text) referenced from startup_gd32f30x_hd.o(RESET)
 <LI><a href="#[33]">RTC_Alarm_IRQHandler</a> from startup_gd32f30x_hd.o(.text) referenced from startup_gd32f30x_hd.o(RESET)
 <LI><a href="#[d]">RTC_IRQHandler</a> from gd32f30x_it.o(i.RTC_IRQHandler) referenced from startup_gd32f30x_hd.o(RESET)
 <LI><a href="#[0]">Reset_Handler</a> from startup_gd32f30x_hd.o(.text) referenced from startup_gd32f30x_hd.o(RESET)
 <LI><a href="#[3b]">SDIO_IRQHandler</a> from startup_gd32f30x_hd.o(.text) referenced from startup_gd32f30x_hd.o(RESET)
 <LI><a href="#[2d]">SPI0_IRQHandler</a> from startup_gd32f30x_hd.o(.text) referenced from startup_gd32f30x_hd.o(RESET)
 <LI><a href="#[2e]">SPI1_IRQHandler</a> from startup_gd32f30x_hd.o(.text) referenced from startup_gd32f30x_hd.o(RESET)
 <LI><a href="#[3d]">SPI2_IRQHandler</a> from startup_gd32f30x_hd.o(.text) referenced from startup_gd32f30x_hd.o(RESET)
 <LI><a href="#[6]">SVC_Handler</a> from gd32f30x_it.o(i.SVC_Handler) referenced from startup_gd32f30x_hd.o(RESET)
 <LI><a href="#[9]">SysTick_Handler</a> from gd32f30x_it.o(i.SysTick_Handler) referenced from startup_gd32f30x_hd.o(RESET)
 <LI><a href="#[47]">SystemInit</a> from system_gd32f30x.o(i.SystemInit) referenced from startup_gd32f30x_hd.o(.text)
 <LI><a href="#[c]">TAMPER_IRQHandler</a> from startup_gd32f30x_hd.o(.text) referenced from startup_gd32f30x_hd.o(RESET)
 <LI><a href="#[22]">TIMER0_BRK_IRQHandler</a> from startup_gd32f30x_hd.o(.text) referenced from startup_gd32f30x_hd.o(RESET)
 <LI><a href="#[25]">TIMER0_Channel_IRQHandler</a> from startup_gd32f30x_hd.o(.text) referenced from startup_gd32f30x_hd.o(RESET)
 <LI><a href="#[24]">TIMER0_TRG_CMT_IRQHandler</a> from startup_gd32f30x_hd.o(.text) referenced from startup_gd32f30x_hd.o(RESET)
 <LI><a href="#[23]">TIMER0_UP_IRQHandler</a> from startup_gd32f30x_hd.o(.text) referenced from startup_gd32f30x_hd.o(RESET)
 <LI><a href="#[26]">TIMER1_IRQHandler</a> from gd32f30x_it.o(i.TIMER1_IRQHandler) referenced from startup_gd32f30x_hd.o(RESET)
 <LI><a href="#[27]">TIMER2_IRQHandler</a> from startup_gd32f30x_hd.o(.text) referenced from startup_gd32f30x_hd.o(RESET)
 <LI><a href="#[28]">TIMER3_IRQHandler</a> from startup_gd32f30x_hd.o(.text) referenced from startup_gd32f30x_hd.o(RESET)
 <LI><a href="#[3c]">TIMER4_IRQHandler</a> from startup_gd32f30x_hd.o(.text) referenced from startup_gd32f30x_hd.o(RESET)
 <LI><a href="#[40]">TIMER5_IRQHandler</a> from gd32f30x_it.o(i.TIMER5_IRQHandler) referenced from startup_gd32f30x_hd.o(RESET)
 <LI><a href="#[41]">TIMER6_IRQHandler</a> from gd32f30x_it.o(i.TIMER6_IRQHandler) referenced from startup_gd32f30x_hd.o(RESET)
 <LI><a href="#[35]">TIMER7_BRK_IRQHandler</a> from startup_gd32f30x_hd.o(.text) referenced from startup_gd32f30x_hd.o(RESET)
 <LI><a href="#[38]">TIMER7_Channel_IRQHandler</a> from startup_gd32f30x_hd.o(.text) referenced from startup_gd32f30x_hd.o(RESET)
 <LI><a href="#[37]">TIMER7_TRG_CMT_IRQHandler</a> from startup_gd32f30x_hd.o(.text) referenced from startup_gd32f30x_hd.o(RESET)
 <LI><a href="#[36]">TIMER7_UP_IRQHandler</a> from startup_gd32f30x_hd.o(.text) referenced from startup_gd32f30x_hd.o(RESET)
 <LI><a href="#[3e]">UART3_IRQHandler</a> from startup_gd32f30x_hd.o(.text) referenced from startup_gd32f30x_hd.o(RESET)
 <LI><a href="#[3f]">UART4_IRQHandler</a> from startup_gd32f30x_hd.o(.text) referenced from startup_gd32f30x_hd.o(RESET)
 <LI><a href="#[2f]">USART0_IRQHandler</a> from gd32f30x_it.o(i.USART0_IRQHandler) referenced from startup_gd32f30x_hd.o(RESET)
 <LI><a href="#[30]">USART1_IRQHandler</a> from gd32f30x_it.o(i.USART1_IRQHandler) referenced from startup_gd32f30x_hd.o(RESET)
 <LI><a href="#[31]">USART2_IRQHandler</a> from gd32f30x_it.o(i.USART2_IRQHandler) referenced from startup_gd32f30x_hd.o(RESET)
 <LI><a href="#[1d]">USBD_HP_CAN0_TX_IRQHandler</a> from startup_gd32f30x_hd.o(.text) referenced from startup_gd32f30x_hd.o(RESET)
 <LI><a href="#[1e]">USBD_LP_CAN0_RX0_IRQHandler</a> from startup_gd32f30x_hd.o(.text) referenced from startup_gd32f30x_hd.o(RESET)
 <LI><a href="#[34]">USBD_WKUP_IRQHandler</a> from startup_gd32f30x_hd.o(.text) referenced from startup_gd32f30x_hd.o(RESET)
 <LI><a href="#[5]">UsageFault_Handler</a> from gd32f30x_it.o(i.UsageFault_Handler) referenced from startup_gd32f30x_hd.o(RESET)
 <LI><a href="#[a]">WWDGT_IRQHandler</a> from startup_gd32f30x_hd.o(.text) referenced from startup_gd32f30x_hd.o(RESET)
 <LI><a href="#[48]">__main</a> from entry.o(.ARM.Collect$$$$00000000) referenced from startup_gd32f30x_hd.o(.text)
 <LI><a href="#[46]">main</a> from main.o(i.main) referenced from entry9a.o(.ARM.Collect$$$$0000000B)
</UL>
<P>
<H3>
Global Symbols
</H3>
<P><STRONG><a name="[48]"></a>__main</STRONG> (Thumb, 0 bytes, Stack size unknown bytes, entry.o(.ARM.Collect$$$$00000000))
<BR>[Address Reference Count : 1]<UL><LI> startup_gd32f30x_hd.o(.text)
</UL>
<P><STRONG><a name="[12c]"></a>_main_stk</STRONG> (Thumb, 0 bytes, Stack size unknown bytes, entry2.o(.ARM.Collect$$$$00000001))

<P><STRONG><a name="[49]"></a>_main_scatterload</STRONG> (Thumb, 0 bytes, Stack size unknown bytes, entry5.o(.ARM.Collect$$$$00000004))
<BR><BR>[Calls]<UL><LI><a href="#[4a]">&gt;&gt;</a>&nbsp;&nbsp;&nbsp;__scatterload
</UL>

<P><STRONG><a name="[4b]"></a>__main_after_scatterload</STRONG> (Thumb, 0 bytes, Stack size unknown bytes, entry5.o(.ARM.Collect$$$$00000004))
<BR><BR>[Called By]<UL><LI><a href="#[4a]">&gt;&gt;</a>&nbsp;&nbsp;&nbsp;__scatterload
</UL>

<P><STRONG><a name="[12d]"></a>_main_clock</STRONG> (Thumb, 0 bytes, Stack size unknown bytes, entry7b.o(.ARM.Collect$$$$00000008))

<P><STRONG><a name="[12e]"></a>_main_cpp_init</STRONG> (Thumb, 0 bytes, Stack size unknown bytes, entry8b.o(.ARM.Collect$$$$0000000A))

<P><STRONG><a name="[12f]"></a>_main_init</STRONG> (Thumb, 0 bytes, Stack size unknown bytes, entry9a.o(.ARM.Collect$$$$0000000B))

<P><STRONG><a name="[130]"></a>__rt_final_cpp</STRONG> (Thumb, 0 bytes, Stack size unknown bytes, entry10a.o(.ARM.Collect$$$$0000000D))

<P><STRONG><a name="[131]"></a>__rt_final_exit</STRONG> (Thumb, 0 bytes, Stack size unknown bytes, entry11a.o(.ARM.Collect$$$$0000000F))

<P><STRONG><a name="[0]"></a>Reset_Handler</STRONG> (Thumb, 8 bytes, Stack size 0 bytes, startup_gd32f30x_hd.o(.text))
<BR>[Address Reference Count : 1]<UL><LI> startup_gd32f30x_hd.o(RESET)
</UL>
<P><STRONG><a name="[1c]"></a>ADC0_1_IRQHandler</STRONG> (Thumb, 0 bytes, Stack size 0 bytes, startup_gd32f30x_hd.o(.text))
<BR><BR>[Calls]<UL><LI><a href="#[1c]">&gt;&gt;</a>&nbsp;&nbsp;&nbsp;ADC0_1_IRQHandler
</UL>
<BR>[Called By]<UL><LI><a href="#[1c]">&gt;&gt;</a>&nbsp;&nbsp;&nbsp;ADC0_1_IRQHandler
</UL>
<BR>[Address Reference Count : 1]<UL><LI> startup_gd32f30x_hd.o(RESET)
</UL>
<P><STRONG><a name="[39]"></a>ADC2_IRQHandler</STRONG> (Thumb, 0 bytes, Stack size 0 bytes, startup_gd32f30x_hd.o(.text))
<BR>[Address Reference Count : 1]<UL><LI> startup_gd32f30x_hd.o(RESET)
</UL>
<P><STRONG><a name="[20]"></a>CAN0_EWMC_IRQHandler</STRONG> (Thumb, 0 bytes, Stack size 0 bytes, startup_gd32f30x_hd.o(.text))
<BR>[Address Reference Count : 1]<UL><LI> startup_gd32f30x_hd.o(RESET)
</UL>
<P><STRONG><a name="[1f]"></a>CAN0_RX1_IRQHandler</STRONG> (Thumb, 0 bytes, Stack size 0 bytes, startup_gd32f30x_hd.o(.text))
<BR>[Address Reference Count : 1]<UL><LI> startup_gd32f30x_hd.o(RESET)
</UL>
<P><STRONG><a name="[15]"></a>DMA0_Channel0_IRQHandler</STRONG> (Thumb, 0 bytes, Stack size 0 bytes, startup_gd32f30x_hd.o(.text))
<BR>[Address Reference Count : 1]<UL><LI> startup_gd32f30x_hd.o(RESET)
</UL>
<P><STRONG><a name="[16]"></a>DMA0_Channel1_IRQHandler</STRONG> (Thumb, 0 bytes, Stack size 0 bytes, startup_gd32f30x_hd.o(.text))
<BR>[Address Reference Count : 1]<UL><LI> startup_gd32f30x_hd.o(RESET)
</UL>
<P><STRONG><a name="[17]"></a>DMA0_Channel2_IRQHandler</STRONG> (Thumb, 0 bytes, Stack size 0 bytes, startup_gd32f30x_hd.o(.text))
<BR>[Address Reference Count : 1]<UL><LI> startup_gd32f30x_hd.o(RESET)
</UL>
<P><STRONG><a name="[19]"></a>DMA0_Channel4_IRQHandler</STRONG> (Thumb, 0 bytes, Stack size 0 bytes, startup_gd32f30x_hd.o(.text))
<BR>[Address Reference Count : 1]<UL><LI> startup_gd32f30x_hd.o(RESET)
</UL>
<P><STRONG><a name="[1a]"></a>DMA0_Channel5_IRQHandler</STRONG> (Thumb, 0 bytes, Stack size 0 bytes, startup_gd32f30x_hd.o(.text))
<BR>[Address Reference Count : 1]<UL><LI> startup_gd32f30x_hd.o(RESET)
</UL>
<P><STRONG><a name="[42]"></a>DMA1_Channel0_IRQHandler</STRONG> (Thumb, 0 bytes, Stack size 0 bytes, startup_gd32f30x_hd.o(.text))
<BR>[Address Reference Count : 1]<UL><LI> startup_gd32f30x_hd.o(RESET)
</UL>
<P><STRONG><a name="[43]"></a>DMA1_Channel1_IRQHandler</STRONG> (Thumb, 0 bytes, Stack size 0 bytes, startup_gd32f30x_hd.o(.text))
<BR>[Address Reference Count : 1]<UL><LI> startup_gd32f30x_hd.o(RESET)
</UL>
<P><STRONG><a name="[44]"></a>DMA1_Channel2_IRQHandler</STRONG> (Thumb, 0 bytes, Stack size 0 bytes, startup_gd32f30x_hd.o(.text))
<BR>[Address Reference Count : 1]<UL><LI> startup_gd32f30x_hd.o(RESET)
</UL>
<P><STRONG><a name="[45]"></a>DMA1_Channel3_4_IRQHandler</STRONG> (Thumb, 0 bytes, Stack size 0 bytes, startup_gd32f30x_hd.o(.text))
<BR>[Address Reference Count : 1]<UL><LI> startup_gd32f30x_hd.o(RESET)
</UL>
<P><STRONG><a name="[3a]"></a>EXMC_IRQHandler</STRONG> (Thumb, 0 bytes, Stack size 0 bytes, startup_gd32f30x_hd.o(.text))
<BR>[Address Reference Count : 1]<UL><LI> startup_gd32f30x_hd.o(RESET)
</UL>
<P><STRONG><a name="[e]"></a>FMC_IRQHandler</STRONG> (Thumb, 0 bytes, Stack size 0 bytes, startup_gd32f30x_hd.o(.text))
<BR>[Address Reference Count : 1]<UL><LI> startup_gd32f30x_hd.o(RESET)
</UL>
<P><STRONG><a name="[2a]"></a>I2C0_ER_IRQHandler</STRONG> (Thumb, 0 bytes, Stack size 0 bytes, startup_gd32f30x_hd.o(.text))
<BR>[Address Reference Count : 1]<UL><LI> startup_gd32f30x_hd.o(RESET)
</UL>
<P><STRONG><a name="[29]"></a>I2C0_EV_IRQHandler</STRONG> (Thumb, 0 bytes, Stack size 0 bytes, startup_gd32f30x_hd.o(.text))
<BR>[Address Reference Count : 1]<UL><LI> startup_gd32f30x_hd.o(RESET)
</UL>
<P><STRONG><a name="[2c]"></a>I2C1_ER_IRQHandler</STRONG> (Thumb, 0 bytes, Stack size 0 bytes, startup_gd32f30x_hd.o(.text))
<BR>[Address Reference Count : 1]<UL><LI> startup_gd32f30x_hd.o(RESET)
</UL>
<P><STRONG><a name="[2b]"></a>I2C1_EV_IRQHandler</STRONG> (Thumb, 0 bytes, Stack size 0 bytes, startup_gd32f30x_hd.o(.text))
<BR>[Address Reference Count : 1]<UL><LI> startup_gd32f30x_hd.o(RESET)
</UL>
<P><STRONG><a name="[b]"></a>LVD_IRQHandler</STRONG> (Thumb, 0 bytes, Stack size 0 bytes, startup_gd32f30x_hd.o(.text))
<BR>[Address Reference Count : 1]<UL><LI> startup_gd32f30x_hd.o(RESET)
</UL>
<P><STRONG><a name="[f]"></a>RCU_CTC_IRQHandler</STRONG> (Thumb, 0 bytes, Stack size 0 bytes, startup_gd32f30x_hd.o(.text))
<BR>[Address Reference Count : 1]<UL><LI> startup_gd32f30x_hd.o(RESET)
</UL>
<P><STRONG><a name="[33]"></a>RTC_Alarm_IRQHandler</STRONG> (Thumb, 0 bytes, Stack size 0 bytes, startup_gd32f30x_hd.o(.text))
<BR>[Address Reference Count : 1]<UL><LI> startup_gd32f30x_hd.o(RESET)
</UL>
<P><STRONG><a name="[3b]"></a>SDIO_IRQHandler</STRONG> (Thumb, 0 bytes, Stack size 0 bytes, startup_gd32f30x_hd.o(.text))
<BR>[Address Reference Count : 1]<UL><LI> startup_gd32f30x_hd.o(RESET)
</UL>
<P><STRONG><a name="[2d]"></a>SPI0_IRQHandler</STRONG> (Thumb, 0 bytes, Stack size 0 bytes, startup_gd32f30x_hd.o(.text))
<BR>[Address Reference Count : 1]<UL><LI> startup_gd32f30x_hd.o(RESET)
</UL>
<P><STRONG><a name="[2e]"></a>SPI1_IRQHandler</STRONG> (Thumb, 0 bytes, Stack size 0 bytes, startup_gd32f30x_hd.o(.text))
<BR>[Address Reference Count : 1]<UL><LI> startup_gd32f30x_hd.o(RESET)
</UL>
<P><STRONG><a name="[3d]"></a>SPI2_IRQHandler</STRONG> (Thumb, 0 bytes, Stack size 0 bytes, startup_gd32f30x_hd.o(.text))
<BR>[Address Reference Count : 1]<UL><LI> startup_gd32f30x_hd.o(RESET)
</UL>
<P><STRONG><a name="[c]"></a>TAMPER_IRQHandler</STRONG> (Thumb, 0 bytes, Stack size 0 bytes, startup_gd32f30x_hd.o(.text))
<BR>[Address Reference Count : 1]<UL><LI> startup_gd32f30x_hd.o(RESET)
</UL>
<P><STRONG><a name="[22]"></a>TIMER0_BRK_IRQHandler</STRONG> (Thumb, 0 bytes, Stack size 0 bytes, startup_gd32f30x_hd.o(.text))
<BR>[Address Reference Count : 1]<UL><LI> startup_gd32f30x_hd.o(RESET)
</UL>
<P><STRONG><a name="[25]"></a>TIMER0_Channel_IRQHandler</STRONG> (Thumb, 0 bytes, Stack size 0 bytes, startup_gd32f30x_hd.o(.text))
<BR>[Address Reference Count : 1]<UL><LI> startup_gd32f30x_hd.o(RESET)
</UL>
<P><STRONG><a name="[24]"></a>TIMER0_TRG_CMT_IRQHandler</STRONG> (Thumb, 0 bytes, Stack size 0 bytes, startup_gd32f30x_hd.o(.text))
<BR>[Address Reference Count : 1]<UL><LI> startup_gd32f30x_hd.o(RESET)
</UL>
<P><STRONG><a name="[23]"></a>TIMER0_UP_IRQHandler</STRONG> (Thumb, 0 bytes, Stack size 0 bytes, startup_gd32f30x_hd.o(.text))
<BR>[Address Reference Count : 1]<UL><LI> startup_gd32f30x_hd.o(RESET)
</UL>
<P><STRONG><a name="[27]"></a>TIMER2_IRQHandler</STRONG> (Thumb, 0 bytes, Stack size 0 bytes, startup_gd32f30x_hd.o(.text))
<BR>[Address Reference Count : 1]<UL><LI> startup_gd32f30x_hd.o(RESET)
</UL>
<P><STRONG><a name="[28]"></a>TIMER3_IRQHandler</STRONG> (Thumb, 0 bytes, Stack size 0 bytes, startup_gd32f30x_hd.o(.text))
<BR>[Address Reference Count : 1]<UL><LI> startup_gd32f30x_hd.o(RESET)
</UL>
<P><STRONG><a name="[3c]"></a>TIMER4_IRQHandler</STRONG> (Thumb, 0 bytes, Stack size 0 bytes, startup_gd32f30x_hd.o(.text))
<BR>[Address Reference Count : 1]<UL><LI> startup_gd32f30x_hd.o(RESET)
</UL>
<P><STRONG><a name="[35]"></a>TIMER7_BRK_IRQHandler</STRONG> (Thumb, 0 bytes, Stack size 0 bytes, startup_gd32f30x_hd.o(.text))
<BR>[Address Reference Count : 1]<UL><LI> startup_gd32f30x_hd.o(RESET)
</UL>
<P><STRONG><a name="[38]"></a>TIMER7_Channel_IRQHandler</STRONG> (Thumb, 0 bytes, Stack size 0 bytes, startup_gd32f30x_hd.o(.text))
<BR>[Address Reference Count : 1]<UL><LI> startup_gd32f30x_hd.o(RESET)
</UL>
<P><STRONG><a name="[37]"></a>TIMER7_TRG_CMT_IRQHandler</STRONG> (Thumb, 0 bytes, Stack size 0 bytes, startup_gd32f30x_hd.o(.text))
<BR>[Address Reference Count : 1]<UL><LI> startup_gd32f30x_hd.o(RESET)
</UL>
<P><STRONG><a name="[36]"></a>TIMER7_UP_IRQHandler</STRONG> (Thumb, 0 bytes, Stack size 0 bytes, startup_gd32f30x_hd.o(.text))
<BR>[Address Reference Count : 1]<UL><LI> startup_gd32f30x_hd.o(RESET)
</UL>
<P><STRONG><a name="[3e]"></a>UART3_IRQHandler</STRONG> (Thumb, 0 bytes, Stack size 0 bytes, startup_gd32f30x_hd.o(.text))
<BR>[Address Reference Count : 1]<UL><LI> startup_gd32f30x_hd.o(RESET)
</UL>
<P><STRONG><a name="[3f]"></a>UART4_IRQHandler</STRONG> (Thumb, 0 bytes, Stack size 0 bytes, startup_gd32f30x_hd.o(.text))
<BR>[Address Reference Count : 1]<UL><LI> startup_gd32f30x_hd.o(RESET)
</UL>
<P><STRONG><a name="[1d]"></a>USBD_HP_CAN0_TX_IRQHandler</STRONG> (Thumb, 0 bytes, Stack size 0 bytes, startup_gd32f30x_hd.o(.text))
<BR>[Address Reference Count : 1]<UL><LI> startup_gd32f30x_hd.o(RESET)
</UL>
<P><STRONG><a name="[1e]"></a>USBD_LP_CAN0_RX0_IRQHandler</STRONG> (Thumb, 0 bytes, Stack size 0 bytes, startup_gd32f30x_hd.o(.text))
<BR>[Address Reference Count : 1]<UL><LI> startup_gd32f30x_hd.o(RESET)
</UL>
<P><STRONG><a name="[34]"></a>USBD_WKUP_IRQHandler</STRONG> (Thumb, 0 bytes, Stack size 0 bytes, startup_gd32f30x_hd.o(.text))
<BR>[Address Reference Count : 1]<UL><LI> startup_gd32f30x_hd.o(RESET)
</UL>
<P><STRONG><a name="[a]"></a>WWDGT_IRQHandler</STRONG> (Thumb, 0 bytes, Stack size 0 bytes, startup_gd32f30x_hd.o(.text))
<BR>[Address Reference Count : 1]<UL><LI> startup_gd32f30x_hd.o(RESET)
</UL>
<P><STRONG><a name="[4a]"></a>__scatterload</STRONG> (Thumb, 28 bytes, Stack size 0 bytes, init.o(.text))
<BR><BR>[Calls]<UL><LI><a href="#[4b]">&gt;&gt;</a>&nbsp;&nbsp;&nbsp;__main_after_scatterload
</UL>
<BR>[Called By]<UL><LI><a href="#[49]">&gt;&gt;</a>&nbsp;&nbsp;&nbsp;_main_scatterload
</UL>

<P><STRONG><a name="[132]"></a>__scatterload_rt2</STRONG> (Thumb, 0 bytes, Stack size 0 bytes, init.o(.text), UNUSED)

<P><STRONG><a name="[133]"></a>__I$use$semihosting$fputc</STRONG> (Thumb, 0 bytes, Stack size unknown bytes, iusesemip.o(.text), UNUSED)

<P><STRONG><a name="[134]"></a>__decompress</STRONG> (Thumb, 0 bytes, Stack size unknown bytes, __dczerorl2.o(.text), UNUSED)

<P><STRONG><a name="[135]"></a>__decompress1</STRONG> (Thumb, 86 bytes, Stack size unknown bytes, __dczerorl2.o(.text), UNUSED)

<P><STRONG><a name="[136]"></a>__semihosting_library_function</STRONG> (Thumb, 0 bytes, Stack size unknown bytes, semi.o(.text), UNUSED)

<P><STRONG><a name="[cf]"></a>ADC_Configuration</STRONG> (Thumb, 272 bytes, Stack size 0 bytes, sysinitialize.o(i.ADC_Configuration))
<BR><BR>[Called By]<UL><LI><a href="#[c2]">&gt;&gt;</a>&nbsp;&nbsp;&nbsp;SystemInitialize
</UL>

<P><STRONG><a name="[4c]"></a>Audio</STRONG> (Thumb, 176 bytes, Stack size 8 bytes, speaker.o(i.Audio))
<BR><BR>[Stack]<UL><LI>Max Depth = 8<LI>Call Chain = Audio
</UL>
<BR>[Calls]<UL><LI><a href="#[4e]">&gt;&gt;</a>&nbsp;&nbsp;&nbsp;dac_data_set
<LI><a href="#[4d]">&gt;&gt;</a>&nbsp;&nbsp;&nbsp;SPI2_ReadWriteByte
</UL>
<BR>[Called By]<UL><LI><a href="#[41]">&gt;&gt;</a>&nbsp;&nbsp;&nbsp;TIMER6_IRQHandler
</UL>

<P><STRONG><a name="[9c]"></a>Beep</STRONG> (Thumb, 2 bytes, Stack size 0 bytes, speaker.o(i.Beep))
<BR><BR>[Called By]<UL><LI><a href="#[ad]">&gt;&gt;</a>&nbsp;&nbsp;&nbsp;Remote_Key
<LI><a href="#[9b]">&gt;&gt;</a>&nbsp;&nbsp;&nbsp;Is_Key_Press
</UL>

<P><STRONG><a name="[4f]"></a>Bldc_Loop</STRONG> (Thumb, 198 bytes, Stack size 4 bytes, bldc.o(i.Bldc_Loop))
<BR><BR>[Stack]<UL><LI>Max Depth = 4<LI>Call Chain = Bldc_Loop
</UL>
<BR>[Calls]<UL><LI><a href="#[50]">&gt;&gt;</a>&nbsp;&nbsp;&nbsp;Set_BLDC_Fail
</UL>
<BR>[Called By]<UL><LI><a href="#[9]">&gt;&gt;</a>&nbsp;&nbsp;&nbsp;SysTick_Handler
</UL>

<P><STRONG><a name="[51]"></a>BootLoader_Jump</STRONG> (Thumb, 74 bytes, Stack size 8 bytes, wifiota.o(i.BootLoader_Jump))
<BR><BR>[Stack]<UL><LI>Max Depth = 8<LI>Call Chain = BootLoader_Jump
</UL>
<BR>[Calls]<UL><LI><a href="#[52]">&gt;&gt;</a>&nbsp;&nbsp;&nbsp;nvic_vector_table_set
</UL>
<BR>[Called By]<UL><LI><a href="#[5c]">&gt;&gt;</a>&nbsp;&nbsp;&nbsp;Check_for_IAP
</UL>

<P><STRONG><a name="[4]"></a>BusFault_Handler</STRONG> (Thumb, 4 bytes, Stack size 0 bytes, gd32f30x_it.o(i.BusFault_Handler))
<BR>[Address Reference Count : 1]<UL><LI> startup_gd32f30x_hd.o(RESET)
</UL>
<P><STRONG><a name="[54]"></a>Charge_Configuration</STRONG> (Thumb, 94 bytes, Stack size 0 bytes, sysinitialize.o(i.Charge_Configuration))
<BR><BR>[Called By]<UL><LI><a href="#[53]">&gt;&gt;</a>&nbsp;&nbsp;&nbsp;Charge_Process
<LI><a href="#[d5]">&gt;&gt;</a>&nbsp;&nbsp;&nbsp;Test_Mode
</UL>

<P><STRONG><a name="[53]"></a>Charge_Process</STRONG> (Thumb, 856 bytes, Stack size 16 bytes, charge.o(i.Charge_Process))
<BR><BR>[Stack]<UL><LI>Max Depth = 232<LI>Call Chain = Charge_Process &rArr; usprintf &rArr; print &rArr; printi &rArr; prints &rArr; printchar &rArr; putchar &rArr; fputc
</UL>
<BR>[Calls]<UL><LI><a href="#[5a]">&gt;&gt;</a>&nbsp;&nbsp;&nbsp;usprintf
<LI><a href="#[5b]">&gt;&gt;</a>&nbsp;&nbsp;&nbsp;ups3
<LI><a href="#[56]">&gt;&gt;</a>&nbsp;&nbsp;&nbsp;Speaker
<LI><a href="#[58]">&gt;&gt;</a>&nbsp;&nbsp;&nbsp;GetBatteryVoltage
<LI><a href="#[57]">&gt;&gt;</a>&nbsp;&nbsp;&nbsp;Display_SetBattery
<LI><a href="#[54]">&gt;&gt;</a>&nbsp;&nbsp;&nbsp;Charge_Configuration
<LI><a href="#[59]">&gt;&gt;</a>&nbsp;&nbsp;&nbsp;Get_Charge_Current
<LI><a href="#[55]">&gt;&gt;</a>&nbsp;&nbsp;&nbsp;GetBaseLineADCV
</UL>
<BR>[Called By]<UL><LI><a href="#[5c]">&gt;&gt;</a>&nbsp;&nbsp;&nbsp;Check_for_IAP
</UL>

<P><STRONG><a name="[67]"></a>Charge_SetSwitch</STRONG> (Thumb, 6 bytes, Stack size 0 bytes, charge.o(i.Charge_SetSwitch))
<BR><BR>[Called By]<UL><LI><a href="#[5c]">&gt;&gt;</a>&nbsp;&nbsp;&nbsp;Check_for_IAP
</UL>

<P><STRONG><a name="[5c]"></a>Check_for_IAP</STRONG> (Thumb, 590 bytes, Stack size 16 bytes, wifiota.o(i.Check_for_IAP))
<BR><BR>[Stack]<UL><LI>Max Depth = 376<LI>Call Chain = Check_for_IAP &rArr; wifi_uart_service &rArr; data_handle &rArr; mcu_firm_update_handle &rArr; Set_Upgrade_Flag &rArr; W25QXX_Write &rArr; W25QXX_Erase_Sector &rArr; usprintf &rArr; print &rArr; printi &rArr; prints &rArr; printchar &rArr; putchar &rArr; fputc
</UL>
<BR>[Calls]<UL><LI><a href="#[66]">&gt;&gt;</a>&nbsp;&nbsp;&nbsp;Set_Upgrade_Flag
<LI><a href="#[6a]">&gt;&gt;</a>&nbsp;&nbsp;&nbsp;wifi_uart_service
<LI><a href="#[6c]">&gt;&gt;</a>&nbsp;&nbsp;&nbsp;mcu_set_wifi_mode
<LI><a href="#[68]">&gt;&gt;</a>&nbsp;&nbsp;&nbsp;Set_LED_Table
<LI><a href="#[5f]">&gt;&gt;</a>&nbsp;&nbsp;&nbsp;Set_LED_On_Switch
<LI><a href="#[5e]">&gt;&gt;</a>&nbsp;&nbsp;&nbsp;Set_LED_On_Blink
<LI><a href="#[6b]">&gt;&gt;</a>&nbsp;&nbsp;&nbsp;Get_Key_Time
<LI><a href="#[5a]">&gt;&gt;</a>&nbsp;&nbsp;&nbsp;usprintf
<LI><a href="#[5b]">&gt;&gt;</a>&nbsp;&nbsp;&nbsp;ups3
<LI><a href="#[56]">&gt;&gt;</a>&nbsp;&nbsp;&nbsp;Speaker
<LI><a href="#[67]">&gt;&gt;</a>&nbsp;&nbsp;&nbsp;Charge_SetSwitch
<LI><a href="#[53]">&gt;&gt;</a>&nbsp;&nbsp;&nbsp;Charge_Process
<LI><a href="#[65]">&gt;&gt;</a>&nbsp;&nbsp;&nbsp;delay
<LI><a href="#[69]">&gt;&gt;</a>&nbsp;&nbsp;&nbsp;Get_Wifi_Enable
<LI><a href="#[60]">&gt;&gt;</a>&nbsp;&nbsp;&nbsp;fmc_unlock
<LI><a href="#[61]">&gt;&gt;</a>&nbsp;&nbsp;&nbsp;fmc_page_erase
<LI><a href="#[62]">&gt;&gt;</a>&nbsp;&nbsp;&nbsp;fmc_lock
<LI><a href="#[63]">&gt;&gt;</a>&nbsp;&nbsp;&nbsp;W25QXX_Read
<LI><a href="#[5d]">&gt;&gt;</a>&nbsp;&nbsp;&nbsp;Get_Upgrade_Flag
<LI><a href="#[64]">&gt;&gt;</a>&nbsp;&nbsp;&nbsp;Flash_WriteU32
<LI><a href="#[51]">&gt;&gt;</a>&nbsp;&nbsp;&nbsp;BootLoader_Jump
</UL>
<BR>[Called By]<UL><LI><a href="#[46]">&gt;&gt;</a>&nbsp;&nbsp;&nbsp;main
</UL>

<P><STRONG><a name="[6d]"></a>DAC_Configuration</STRONG> (Thumb, 34 bytes, Stack size 8 bytes, sysinitialize.o(i.DAC_Configuration))
<BR><BR>[Stack]<UL><LI>Max Depth = 16<LI>Call Chain = DAC_Configuration &rArr; dac_deinit
</UL>
<BR>[Calls]<UL><LI><a href="#[70]">&gt;&gt;</a>&nbsp;&nbsp;&nbsp;dac_wave_mode_config
<LI><a href="#[6f]">&gt;&gt;</a>&nbsp;&nbsp;&nbsp;dac_trigger_disable
<LI><a href="#[71]">&gt;&gt;</a>&nbsp;&nbsp;&nbsp;dac_output_buffer_enable
<LI><a href="#[72]">&gt;&gt;</a>&nbsp;&nbsp;&nbsp;dac_enable
<LI><a href="#[6e]">&gt;&gt;</a>&nbsp;&nbsp;&nbsp;dac_deinit
</UL>
<BR>[Called By]<UL><LI><a href="#[c2]">&gt;&gt;</a>&nbsp;&nbsp;&nbsp;SystemInitialize
</UL>

<P><STRONG><a name="[18]"></a>DMA0_Channel3_IRQHandler</STRONG> (Thumb, 28 bytes, Stack size 0 bytes, gd32f30x_it.o(i.DMA0_Channel3_IRQHandler))
<BR>[Address Reference Count : 1]<UL><LI> startup_gd32f30x_hd.o(RESET)
</UL>
<P><STRONG><a name="[1b]"></a>DMA0_Channel6_IRQHandler</STRONG> (Thumb, 28 bytes, Stack size 0 bytes, gd32f30x_it.o(i.DMA0_Channel6_IRQHandler))
<BR>[Address Reference Count : 1]<UL><LI> startup_gd32f30x_hd.o(RESET)
</UL>
<P><STRONG><a name="[7]"></a>DebugMon_Handler</STRONG> (Thumb, 2 bytes, Stack size 0 bytes, gd32f30x_it.o(i.DebugMon_Handler))
<BR>[Address Reference Count : 1]<UL><LI> startup_gd32f30x_hd.o(RESET)
</UL>
<P><STRONG><a name="[73]"></a>Debug_DMA_Write_String</STRONG> (Thumb, 16 bytes, Stack size 12 bytes, usart.o(i.Debug_DMA_Write_String))
<BR><BR>[Stack]<UL><LI>Max Depth = 12<LI>Call Chain = Debug_DMA_Write_String
</UL>
<BR>[Calls]<UL><LI><a href="#[74]">&gt;&gt;</a>&nbsp;&nbsp;&nbsp;USART0_DMA_String
</UL>
<BR>[Called By]<UL><LI><a href="#[75]">&gt;&gt;</a>&nbsp;&nbsp;&nbsp;Debug_Print
</UL>

<P><STRONG><a name="[75]"></a>Debug_Print</STRONG> (Thumb, 72 bytes, Stack size 20 bytes, usart.o(i.Debug_Print))
<BR><BR>[Stack]<UL><LI>Max Depth = 32<LI>Call Chain = Debug_Print &rArr; Debug_DMA_Write_String
</UL>
<BR>[Calls]<UL><LI><a href="#[73]">&gt;&gt;</a>&nbsp;&nbsp;&nbsp;Debug_DMA_Write_String
</UL>
<BR>[Called By]<UL><LI><a href="#[bf]">&gt;&gt;</a>&nbsp;&nbsp;&nbsp;Switch_Step
<LI><a href="#[d5]">&gt;&gt;</a>&nbsp;&nbsp;&nbsp;Test_Mode
</UL>

<P><STRONG><a name="[76]"></a>Debug_Write_Byte</STRONG> (Thumb, 12 bytes, Stack size 4 bytes, usart.o(i.Debug_Write_Byte))
<BR><BR>[Stack]<UL><LI>Max Depth = 4<LI>Call Chain = Debug_Write_Byte
</UL>
<BR>[Calls]<UL><LI><a href="#[77]">&gt;&gt;</a>&nbsp;&nbsp;&nbsp;USART0_Transmit_Byte
</UL>
<BR>[Called By]<UL><LI><a href="#[5b]">&gt;&gt;</a>&nbsp;&nbsp;&nbsp;ups3
</UL>

<P><STRONG><a name="[78]"></a>Disable_Motors</STRONG> (Thumb, 38 bytes, Stack size 8 bytes, movement.o(i.Disable_Motors))
<BR><BR>[Stack]<UL><LI>Max Depth = 12<LI>Call Chain = Disable_Motors &rArr; Set_Wheel_Speed
</UL>
<BR>[Calls]<UL><LI><a href="#[7b]">&gt;&gt;</a>&nbsp;&nbsp;&nbsp;Set_Wheel_Speed
<LI><a href="#[7d]">&gt;&gt;</a>&nbsp;&nbsp;&nbsp;Set_SideBrush_PWM
<LI><a href="#[79]">&gt;&gt;</a>&nbsp;&nbsp;&nbsp;Set_MainBrush_PWM
<LI><a href="#[7a]">&gt;&gt;</a>&nbsp;&nbsp;&nbsp;Set_Dir_Forward
<LI><a href="#[7c]">&gt;&gt;</a>&nbsp;&nbsp;&nbsp;WHEEL_DISABLE
<LI><a href="#[7e]">&gt;&gt;</a>&nbsp;&nbsp;&nbsp;Turn_BLDC_Off
</UL>
<BR>[Called By]<UL><LI><a href="#[bf]">&gt;&gt;</a>&nbsp;&nbsp;&nbsp;Switch_Step
</UL>

<P><STRONG><a name="[7f]"></a>Disable_PPower</STRONG> (Thumb, 28 bytes, Stack size 4 bytes, movement.o(i.Disable_PPower))
<BR><BR>[Stack]<UL><LI>Max Depth = 4<LI>Call Chain = Disable_PPower
</UL>
<BR>[Calls]<UL><LI><a href="#[81]">&gt;&gt;</a>&nbsp;&nbsp;&nbsp;Set_5v
<LI><a href="#[80]">&gt;&gt;</a>&nbsp;&nbsp;&nbsp;Set_3v3
</UL>
<BR>[Called By]<UL><LI><a href="#[46]">&gt;&gt;</a>&nbsp;&nbsp;&nbsp;main
</UL>

<P><STRONG><a name="[82]"></a>Display_Clean_Status</STRONG> (Thumb, 370 bytes, Stack size 16 bytes, display.o(i.Display_Clean_Status))
<BR><BR>[Stack]<UL><LI>Max Depth = 36<LI>Call Chain = Display_Clean_Status &rArr; Set_LED_On_Switch
</UL>
<BR>[Calls]<UL><LI><a href="#[5f]">&gt;&gt;</a>&nbsp;&nbsp;&nbsp;Set_LED_On_Switch
<LI><a href="#[5e]">&gt;&gt;</a>&nbsp;&nbsp;&nbsp;Set_LED_On_Blink
<LI><a href="#[83]">&gt;&gt;</a>&nbsp;&nbsp;&nbsp;Set_LED
</UL>
<BR>[Called By]<UL><LI><a href="#[bf]">&gt;&gt;</a>&nbsp;&nbsp;&nbsp;Switch_Step
<LI><a href="#[d5]">&gt;&gt;</a>&nbsp;&nbsp;&nbsp;Test_Mode
</UL>

<P><STRONG><a name="[57]"></a>Display_SetBattery</STRONG> (Thumb, 64 bytes, Stack size 4 bytes, display.o(i.Display_SetBattery))
<BR><BR>[Stack]<UL><LI>Max Depth = 4<LI>Call Chain = Display_SetBattery
</UL>
<BR>[Calls]<UL><LI><a href="#[85]">&gt;&gt;</a>&nbsp;&nbsp;&nbsp;Set_LED5_On_Switch
<LI><a href="#[84]">&gt;&gt;</a>&nbsp;&nbsp;&nbsp;Set_LED4_On_Switch
</UL>
<BR>[Called By]<UL><LI><a href="#[53]">&gt;&gt;</a>&nbsp;&nbsp;&nbsp;Charge_Process
</UL>

<P><STRONG><a name="[10]"></a>EXTI0_IRQHandler</STRONG> (Thumb, 18 bytes, Stack size 8 bytes, gd32f30x_it.o(i.EXTI0_IRQHandler))
<BR><BR>[Stack]<UL><LI>Max Depth = 8<LI>Call Chain = EXTI0_IRQHandler
</UL>
<BR>[Calls]<UL><LI><a href="#[86]">&gt;&gt;</a>&nbsp;&nbsp;&nbsp;exti_flag_get
<LI><a href="#[87]">&gt;&gt;</a>&nbsp;&nbsp;&nbsp;exti_flag_clear
</UL>
<BR>[Address Reference Count : 1]<UL><LI> startup_gd32f30x_hd.o(RESET)
</UL>
<P><STRONG><a name="[32]"></a>EXTI10_15_IRQHandler</STRONG> (Thumb, 122 bytes, Stack size 8 bytes, gd32f30x_it.o(i.EXTI10_15_IRQHandler))
<BR><BR>[Stack]<UL><LI>Max Depth = 8<LI>Call Chain = EXTI10_15_IRQHandler
</UL>
<BR>[Calls]<UL><LI><a href="#[86]">&gt;&gt;</a>&nbsp;&nbsp;&nbsp;exti_flag_get
<LI><a href="#[87]">&gt;&gt;</a>&nbsp;&nbsp;&nbsp;exti_flag_clear
</UL>
<BR>[Address Reference Count : 1]<UL><LI> startup_gd32f30x_hd.o(RESET)
</UL>
<P><STRONG><a name="[11]"></a>EXTI1_IRQHandler</STRONG> (Thumb, 18 bytes, Stack size 8 bytes, gd32f30x_it.o(i.EXTI1_IRQHandler))
<BR><BR>[Stack]<UL><LI>Max Depth = 8<LI>Call Chain = EXTI1_IRQHandler
</UL>
<BR>[Calls]<UL><LI><a href="#[86]">&gt;&gt;</a>&nbsp;&nbsp;&nbsp;exti_flag_get
<LI><a href="#[87]">&gt;&gt;</a>&nbsp;&nbsp;&nbsp;exti_flag_clear
</UL>
<BR>[Address Reference Count : 1]<UL><LI> startup_gd32f30x_hd.o(RESET)
</UL>
<P><STRONG><a name="[12]"></a>EXTI2_IRQHandler</STRONG> (Thumb, 114 bytes, Stack size 8 bytes, gd32f30x_it.o(i.EXTI2_IRQHandler))
<BR><BR>[Stack]<UL><LI>Max Depth = 8<LI>Call Chain = EXTI2_IRQHandler
</UL>
<BR>[Calls]<UL><LI><a href="#[86]">&gt;&gt;</a>&nbsp;&nbsp;&nbsp;exti_flag_get
<LI><a href="#[87]">&gt;&gt;</a>&nbsp;&nbsp;&nbsp;exti_flag_clear
</UL>
<BR>[Address Reference Count : 1]<UL><LI> startup_gd32f30x_hd.o(RESET)
</UL>
<P><STRONG><a name="[13]"></a>EXTI3_IRQHandler</STRONG> (Thumb, 22 bytes, Stack size 8 bytes, gd32f30x_it.o(i.EXTI3_IRQHandler))
<BR><BR>[Stack]<UL><LI>Max Depth = 12<LI>Call Chain = EXTI3_IRQHandler &rArr; Rcon_FL
</UL>
<BR>[Calls]<UL><LI><a href="#[86]">&gt;&gt;</a>&nbsp;&nbsp;&nbsp;exti_flag_get
<LI><a href="#[87]">&gt;&gt;</a>&nbsp;&nbsp;&nbsp;exti_flag_clear
<LI><a href="#[88]">&gt;&gt;</a>&nbsp;&nbsp;&nbsp;Rcon_FL
</UL>
<BR>[Address Reference Count : 1]<UL><LI> startup_gd32f30x_hd.o(RESET)
</UL>
<P><STRONG><a name="[14]"></a>EXTI4_IRQHandler</STRONG> (Thumb, 22 bytes, Stack size 8 bytes, gd32f30x_it.o(i.EXTI4_IRQHandler))
<BR><BR>[Stack]<UL><LI>Max Depth = 12<LI>Call Chain = EXTI4_IRQHandler &rArr; Rcon_L
</UL>
<BR>[Calls]<UL><LI><a href="#[86]">&gt;&gt;</a>&nbsp;&nbsp;&nbsp;exti_flag_get
<LI><a href="#[87]">&gt;&gt;</a>&nbsp;&nbsp;&nbsp;exti_flag_clear
<LI><a href="#[89]">&gt;&gt;</a>&nbsp;&nbsp;&nbsp;Rcon_L
</UL>
<BR>[Address Reference Count : 1]<UL><LI> startup_gd32f30x_hd.o(RESET)
</UL>
<P><STRONG><a name="[21]"></a>EXTI5_9_IRQHandler</STRONG> (Thumb, 190 bytes, Stack size 8 bytes, gd32f30x_it.o(i.EXTI5_9_IRQHandler))
<BR><BR>[Stack]<UL><LI>Max Depth = 12<LI>Call Chain = EXTI5_9_IRQHandler &rArr; Rcon_R
</UL>
<BR>[Calls]<UL><LI><a href="#[86]">&gt;&gt;</a>&nbsp;&nbsp;&nbsp;exti_flag_get
<LI><a href="#[87]">&gt;&gt;</a>&nbsp;&nbsp;&nbsp;exti_flag_clear
<LI><a href="#[8a]">&gt;&gt;</a>&nbsp;&nbsp;&nbsp;Rcon_R
<LI><a href="#[8b]">&gt;&gt;</a>&nbsp;&nbsp;&nbsp;Rcon_FR
<LI><a href="#[8c]">&gt;&gt;</a>&nbsp;&nbsp;&nbsp;Rcon_BR
</UL>
<BR>[Address Reference Count : 1]<UL><LI> startup_gd32f30x_hd.o(RESET)
</UL>
<P><STRONG><a name="[ce]"></a>EXTI_Configuration</STRONG> (Thumb, 44 bytes, Stack size 0 bytes, sysinitialize.o(i.EXTI_Configuration))
<BR><BR>[Called By]<UL><LI><a href="#[c2]">&gt;&gt;</a>&nbsp;&nbsp;&nbsp;SystemInitialize
</UL>

<P><STRONG><a name="[8d]"></a>Enable_PPower</STRONG> (Thumb, 44 bytes, Stack size 4 bytes, movement.o(i.Enable_PPower))
<BR><BR>[Stack]<UL><LI>Max Depth = 4<LI>Call Chain = Enable_PPower
</UL>
<BR>[Calls]<UL><LI><a href="#[81]">&gt;&gt;</a>&nbsp;&nbsp;&nbsp;Set_5v
<LI><a href="#[80]">&gt;&gt;</a>&nbsp;&nbsp;&nbsp;Set_3v3
</UL>
<BR>[Called By]<UL><LI><a href="#[46]">&gt;&gt;</a>&nbsp;&nbsp;&nbsp;main
</UL>

<P><STRONG><a name="[64]"></a>Flash_WriteU32</STRONG> (Thumb, 24 bytes, Stack size 16 bytes, wifiota.o(i.Flash_WriteU32))
<BR><BR>[Stack]<UL><LI>Max Depth = 36<LI>Call Chain = Flash_WriteU32 &rArr; fmc_word_program &rArr; fmc_ready_wait
</UL>
<BR>[Calls]<UL><LI><a href="#[8e]">&gt;&gt;</a>&nbsp;&nbsp;&nbsp;fmc_word_program
<LI><a href="#[60]">&gt;&gt;</a>&nbsp;&nbsp;&nbsp;fmc_unlock
<LI><a href="#[62]">&gt;&gt;</a>&nbsp;&nbsp;&nbsp;fmc_lock
</UL>
<BR>[Called By]<UL><LI><a href="#[5c]">&gt;&gt;</a>&nbsp;&nbsp;&nbsp;Check_for_IAP
</UL>

<P><STRONG><a name="[c3]"></a>GPIO_Configuration</STRONG> (Thumb, 142 bytes, Stack size 0 bytes, sysinitialize.o(i.GPIO_Configuration))
<BR><BR>[Called By]<UL><LI><a href="#[c2]">&gt;&gt;</a>&nbsp;&nbsp;&nbsp;SystemInitialize
</UL>

<P><STRONG><a name="[55]"></a>GetBaseLineADCV</STRONG> (Thumb, 74 bytes, Stack size 16 bytes, charge.o(i.GetBaseLineADCV))
<BR><BR>[Stack]<UL><LI>Max Depth = 16<LI>Call Chain = GetBaseLineADCV
</UL>
<BR>[Calls]<UL><LI><a href="#[65]">&gt;&gt;</a>&nbsp;&nbsp;&nbsp;delay
</UL>
<BR>[Called By]<UL><LI><a href="#[53]">&gt;&gt;</a>&nbsp;&nbsp;&nbsp;Charge_Process
<LI><a href="#[46]">&gt;&gt;</a>&nbsp;&nbsp;&nbsp;main
</UL>

<P><STRONG><a name="[58]"></a>GetBatteryVoltage</STRONG> (Thumb, 62 bytes, Stack size 16 bytes, movement.o(i.GetBatteryVoltage))
<BR><BR>[Stack]<UL><LI>Max Depth = 16<LI>Call Chain = GetBatteryVoltage
</UL>
<BR>[Calls]<UL><LI><a href="#[65]">&gt;&gt;</a>&nbsp;&nbsp;&nbsp;delay
</UL>
<BR>[Called By]<UL><LI><a href="#[53]">&gt;&gt;</a>&nbsp;&nbsp;&nbsp;Charge_Process
<LI><a href="#[d5]">&gt;&gt;</a>&nbsp;&nbsp;&nbsp;Test_Mode
</UL>

<P><STRONG><a name="[d9]"></a>Get_Bumper_Status</STRONG> (Thumb, 52 bytes, Stack size 0 bytes, movement.o(i.Get_Bumper_Status))
<BR><BR>[Called By]<UL><LI><a href="#[d5]">&gt;&gt;</a>&nbsp;&nbsp;&nbsp;Test_Mode
</UL>

<P><STRONG><a name="[59]"></a>Get_Charge_Current</STRONG> (Thumb, 66 bytes, Stack size 16 bytes, charge.o(i.Get_Charge_Current))
<BR><BR>[Stack]<UL><LI>Max Depth = 16<LI>Call Chain = Get_Charge_Current
</UL>
<BR>[Calls]<UL><LI><a href="#[65]">&gt;&gt;</a>&nbsp;&nbsp;&nbsp;delay
</UL>
<BR>[Called By]<UL><LI><a href="#[53]">&gt;&gt;</a>&nbsp;&nbsp;&nbsp;Charge_Process
<LI><a href="#[d5]">&gt;&gt;</a>&nbsp;&nbsp;&nbsp;Test_Mode
</UL>

<P><STRONG><a name="[6b]"></a>Get_Key_Time</STRONG> (Thumb, 42 bytes, Stack size 16 bytes, touchpad.o(i.Get_Key_Time))
<BR><BR>[Stack]<UL><LI>Max Depth = 16<LI>Call Chain = Get_Key_Time
</UL>
<BR>[Calls]<UL><LI><a href="#[65]">&gt;&gt;</a>&nbsp;&nbsp;&nbsp;delay
<LI><a href="#[8f]">&gt;&gt;</a>&nbsp;&nbsp;&nbsp;Key_GetStatus
</UL>
<BR>[Called By]<UL><LI><a href="#[d5]">&gt;&gt;</a>&nbsp;&nbsp;&nbsp;Test_Mode
<LI><a href="#[5c]">&gt;&gt;</a>&nbsp;&nbsp;&nbsp;Check_for_IAP
</UL>

<P><STRONG><a name="[90]"></a>Get_Sys_Current</STRONG> (Thumb, 68 bytes, Stack size 16 bytes, charge.o(i.Get_Sys_Current))
<BR><BR>[Stack]<UL><LI>Max Depth = 16<LI>Call Chain = Get_Sys_Current
</UL>
<BR>[Calls]<UL><LI><a href="#[65]">&gt;&gt;</a>&nbsp;&nbsp;&nbsp;delay
</UL>
<BR>[Called By]<UL><LI><a href="#[d5]">&gt;&gt;</a>&nbsp;&nbsp;&nbsp;Test_Mode
</UL>

<P><STRONG><a name="[5d]"></a>Get_Upgrade_Flag</STRONG> (Thumb, 10 bytes, Stack size 8 bytes, wifiota.o(i.Get_Upgrade_Flag))
<BR><BR>[Stack]<UL><LI>Max Depth = 24<LI>Call Chain = Get_Upgrade_Flag &rArr; W25QXX_Read_One
</UL>
<BR>[Calls]<UL><LI><a href="#[91]">&gt;&gt;</a>&nbsp;&nbsp;&nbsp;W25QXX_Read_One
</UL>
<BR>[Called By]<UL><LI><a href="#[5c]">&gt;&gt;</a>&nbsp;&nbsp;&nbsp;Check_for_IAP
</UL>

<P><STRONG><a name="[eb]"></a>Get_VacMode</STRONG> (Thumb, 6 bytes, Stack size 0 bytes, bldc.o(i.Get_VacMode))
<BR><BR>[Called By]<UL><LI><a href="#[ea]">&gt;&gt;</a>&nbsp;&nbsp;&nbsp;Wifi_All_Data_Init
</UL>

<P><STRONG><a name="[69]"></a>Get_Wifi_Enable</STRONG> (Thumb, 6 bytes, Stack size 0 bytes, wifiota.o(i.Get_Wifi_Enable))
<BR><BR>[Called By]<UL><LI><a href="#[5c]">&gt;&gt;</a>&nbsp;&nbsp;&nbsp;Check_for_IAP
<LI><a href="#[30]">&gt;&gt;</a>&nbsp;&nbsp;&nbsp;USART1_IRQHandler
</UL>

<P><STRONG><a name="[d7]"></a>Gryo_GetUpdateFlag</STRONG> (Thumb, 6 bytes, Stack size 0 bytes, gyro.o(i.Gryo_GetUpdateFlag))
<BR><BR>[Called By]<UL><LI><a href="#[d5]">&gt;&gt;</a>&nbsp;&nbsp;&nbsp;Test_Mode
</UL>

<P><STRONG><a name="[92]"></a>Gyro_Calibration_EnableCmd</STRONG> (Thumb, 24 bytes, Stack size 8 bytes, gyro.o(i.Gyro_Calibration_EnableCmd))
<BR><BR>[Stack]<UL><LI>Max Depth = 20<LI>Call Chain = Gyro_Calibration_EnableCmd &rArr; Gyro_DMA_Write_String
</UL>
<BR>[Calls]<UL><LI><a href="#[93]">&gt;&gt;</a>&nbsp;&nbsp;&nbsp;Gyro_DMA_Write_String
</UL>
<BR>[Called By]<UL><LI><a href="#[97]">&gt;&gt;</a>&nbsp;&nbsp;&nbsp;Gyro_Reset_Cmd
</UL>

<P><STRONG><a name="[94]"></a>Gyro_Cmd</STRONG> (Thumb, 98 bytes, Stack size 8 bytes, gyro.o(i.Gyro_Cmd))
<BR><BR>[Stack]<UL><LI>Max Depth = 36<LI>Call Chain = Gyro_Cmd &rArr; Gyro_Reset_Cmd &rArr; Gyro_Calibration_EnableCmd &rArr; Gyro_DMA_Write_String
</UL>
<BR>[Calls]<UL><LI><a href="#[65]">&gt;&gt;</a>&nbsp;&nbsp;&nbsp;delay
<LI><a href="#[97]">&gt;&gt;</a>&nbsp;&nbsp;&nbsp;Gyro_Reset_Cmd
<LI><a href="#[96]">&gt;&gt;</a>&nbsp;&nbsp;&nbsp;Gyro_Reset
<LI><a href="#[95]">&gt;&gt;</a>&nbsp;&nbsp;&nbsp;Gyro_On_Cmd
</UL>
<BR>[Called By]<UL><LI><a href="#[d5]">&gt;&gt;</a>&nbsp;&nbsp;&nbsp;Test_Mode
</UL>

<P><STRONG><a name="[93]"></a>Gyro_DMA_Write_String</STRONG> (Thumb, 16 bytes, Stack size 12 bytes, usart.o(i.Gyro_DMA_Write_String))
<BR><BR>[Stack]<UL><LI>Max Depth = 12<LI>Call Chain = Gyro_DMA_Write_String
</UL>
<BR>[Calls]<UL><LI><a href="#[98]">&gt;&gt;</a>&nbsp;&nbsp;&nbsp;USART2_DMA_String
</UL>
<BR>[Called By]<UL><LI><a href="#[92]">&gt;&gt;</a>&nbsp;&nbsp;&nbsp;Gyro_Calibration_EnableCmd
<LI><a href="#[97]">&gt;&gt;</a>&nbsp;&nbsp;&nbsp;Gyro_Reset_Cmd
<LI><a href="#[95]">&gt;&gt;</a>&nbsp;&nbsp;&nbsp;Gyro_On_Cmd
</UL>

<P><STRONG><a name="[95]"></a>Gyro_On_Cmd</STRONG> (Thumb, 24 bytes, Stack size 8 bytes, gyro.o(i.Gyro_On_Cmd))
<BR><BR>[Stack]<UL><LI>Max Depth = 20<LI>Call Chain = Gyro_On_Cmd &rArr; Gyro_DMA_Write_String
</UL>
<BR>[Calls]<UL><LI><a href="#[93]">&gt;&gt;</a>&nbsp;&nbsp;&nbsp;Gyro_DMA_Write_String
</UL>
<BR>[Called By]<UL><LI><a href="#[94]">&gt;&gt;</a>&nbsp;&nbsp;&nbsp;Gyro_Cmd
</UL>

<P><STRONG><a name="[9a]"></a>Gyro_ParseMsg</STRONG> (Thumb, 266 bytes, Stack size 24 bytes, gyro.o(i.Gyro_ParseMsg))
<BR><BR>[Stack]<UL><LI>Max Depth = 24<LI>Call Chain = Gyro_ParseMsg
</UL>
<BR>[Called By]<UL><LI><a href="#[99]">&gt;&gt;</a>&nbsp;&nbsp;&nbsp;Gyro_ReceiveCharacter
</UL>

<P><STRONG><a name="[99]"></a>Gyro_ReceiveCharacter</STRONG> (Thumb, 112 bytes, Stack size 8 bytes, gyro.o(i.Gyro_ReceiveCharacter))
<BR><BR>[Stack]<UL><LI>Max Depth = 32<LI>Call Chain = Gyro_ReceiveCharacter &rArr; Gyro_ParseMsg
</UL>
<BR>[Calls]<UL><LI><a href="#[9a]">&gt;&gt;</a>&nbsp;&nbsp;&nbsp;Gyro_ParseMsg
</UL>
<BR>[Called By]<UL><LI><a href="#[31]">&gt;&gt;</a>&nbsp;&nbsp;&nbsp;USART2_IRQHandler
</UL>

<P><STRONG><a name="[96]"></a>Gyro_Reset</STRONG> (Thumb, 56 bytes, Stack size 0 bytes, gyro.o(i.Gyro_Reset))
<BR><BR>[Called By]<UL><LI><a href="#[94]">&gt;&gt;</a>&nbsp;&nbsp;&nbsp;Gyro_Cmd
</UL>

<P><STRONG><a name="[d6]"></a>Gyro_ResetUpdateFlag</STRONG> (Thumb, 6 bytes, Stack size 0 bytes, gyro.o(i.Gyro_ResetUpdateFlag))
<BR><BR>[Called By]<UL><LI><a href="#[d5]">&gt;&gt;</a>&nbsp;&nbsp;&nbsp;Test_Mode
</UL>

<P><STRONG><a name="[97]"></a>Gyro_Reset_Cmd</STRONG> (Thumb, 34 bytes, Stack size 8 bytes, gyro.o(i.Gyro_Reset_Cmd))
<BR><BR>[Stack]<UL><LI>Max Depth = 28<LI>Call Chain = Gyro_Reset_Cmd &rArr; Gyro_Calibration_EnableCmd &rArr; Gyro_DMA_Write_String
</UL>
<BR>[Calls]<UL><LI><a href="#[65]">&gt;&gt;</a>&nbsp;&nbsp;&nbsp;delay
<LI><a href="#[92]">&gt;&gt;</a>&nbsp;&nbsp;&nbsp;Gyro_Calibration_EnableCmd
<LI><a href="#[93]">&gt;&gt;</a>&nbsp;&nbsp;&nbsp;Gyro_DMA_Write_String
</UL>
<BR>[Called By]<UL><LI><a href="#[94]">&gt;&gt;</a>&nbsp;&nbsp;&nbsp;Gyro_Cmd
</UL>

<P><STRONG><a name="[2]"></a>HardFault_Handler</STRONG> (Thumb, 4 bytes, Stack size 0 bytes, gd32f30x_it.o(i.HardFault_Handler))
<BR>[Address Reference Count : 1]<UL><LI> startup_gd32f30x_hd.o(RESET)
</UL>
<P><STRONG><a name="[9b]"></a>Is_Key_Press</STRONG> (Thumb, 26 bytes, Stack size 8 bytes, touchpad.o(i.Is_Key_Press))
<BR><BR>[Stack]<UL><LI>Max Depth = 8<LI>Call Chain = Is_Key_Press
</UL>
<BR>[Calls]<UL><LI><a href="#[8f]">&gt;&gt;</a>&nbsp;&nbsp;&nbsp;Key_GetStatus
<LI><a href="#[9c]">&gt;&gt;</a>&nbsp;&nbsp;&nbsp;Beep
</UL>
<BR>[Called By]<UL><LI><a href="#[d5]">&gt;&gt;</a>&nbsp;&nbsp;&nbsp;Test_Mode
</UL>

<P><STRONG><a name="[8f]"></a>Key_GetStatus</STRONG> (Thumb, 76 bytes, Stack size 0 bytes, touchpad.o(i.Key_GetStatus))
<BR><BR>[Called By]<UL><LI><a href="#[9b]">&gt;&gt;</a>&nbsp;&nbsp;&nbsp;Is_Key_Press
<LI><a href="#[6b]">&gt;&gt;</a>&nbsp;&nbsp;&nbsp;Get_Key_Time
<LI><a href="#[d5]">&gt;&gt;</a>&nbsp;&nbsp;&nbsp;Test_Mode
<LI><a href="#[46]">&gt;&gt;</a>&nbsp;&nbsp;&nbsp;main
</UL>

<P><STRONG><a name="[9d]"></a>LED_Display</STRONG> (Thumb, 1508 bytes, Stack size 8 bytes, display.o(i.LED_Display))
<BR><BR>[Stack]<UL><LI>Max Depth = 12<LI>Call Chain = LED_Display &rArr; Mode_GetMode
</UL>
<BR>[Calls]<UL><LI><a href="#[9e]">&gt;&gt;</a>&nbsp;&nbsp;&nbsp;Mode_GetMode
</UL>
<BR>[Called By]<UL><LI><a href="#[40]">&gt;&gt;</a>&nbsp;&nbsp;&nbsp;TIMER5_IRQHandler
</UL>

<P><STRONG><a name="[a3]"></a>LW_DIR_BACKWARD</STRONG> (Thumb, 20 bytes, Stack size 0 bytes, wheel.o(i.LW_DIR_BACKWARD))
<BR><BR>[Called By]<UL><LI><a href="#[af]">&gt;&gt;</a>&nbsp;&nbsp;&nbsp;Set_Dir_Backward
<LI><a href="#[a2]">&gt;&gt;</a>&nbsp;&nbsp;&nbsp;Motor_Test_Set
</UL>

<P><STRONG><a name="[b1]"></a>LW_DIR_FORWARD</STRONG> (Thumb, 20 bytes, Stack size 0 bytes, wheel.o(i.LW_DIR_FORWARD))
<BR><BR>[Called By]<UL><LI><a href="#[7a]">&gt;&gt;</a>&nbsp;&nbsp;&nbsp;Set_Dir_Forward
</UL>

<P><STRONG><a name="[3]"></a>MemManage_Handler</STRONG> (Thumb, 4 bytes, Stack size 0 bytes, gd32f30x_it.o(i.MemManage_Handler))
<BR>[Address Reference Count : 1]<UL><LI> startup_gd32f30x_hd.o(RESET)
</UL>
<P><STRONG><a name="[9f]"></a>Mode_GetLog</STRONG> (Thumb, 8 bytes, Stack size 0 bytes, movement.o(i.Mode_GetLog))
<BR><BR>[Called By]<UL><LI><a href="#[9e]">&gt;&gt;</a>&nbsp;&nbsp;&nbsp;Mode_GetMode
</UL>

<P><STRONG><a name="[9e]"></a>Mode_GetMode</STRONG> (Thumb, 10 bytes, Stack size 4 bytes, movement.o(i.Mode_GetMode))
<BR><BR>[Stack]<UL><LI>Max Depth = 4<LI>Call Chain = Mode_GetMode
</UL>
<BR>[Calls]<UL><LI><a href="#[9f]">&gt;&gt;</a>&nbsp;&nbsp;&nbsp;Mode_GetLog
</UL>
<BR>[Called By]<UL><LI><a href="#[46]">&gt;&gt;</a>&nbsp;&nbsp;&nbsp;main
<LI><a href="#[9d]">&gt;&gt;</a>&nbsp;&nbsp;&nbsp;LED_Display
<LI><a href="#[d]">&gt;&gt;</a>&nbsp;&nbsp;&nbsp;RTC_IRQHandler
</UL>

<P><STRONG><a name="[a0]"></a>Mode_SetMode</STRONG> (Thumb, 12 bytes, Stack size 4 bytes, movement.o(i.Mode_SetMode))
<BR><BR>[Stack]<UL><LI>Max Depth = 4<LI>Call Chain = Mode_SetMode
</UL>
<BR>[Calls]<UL><LI><a href="#[a1]">&gt;&gt;</a>&nbsp;&nbsp;&nbsp;Mode_UpdateLog
</UL>
<BR>[Called By]<UL><LI><a href="#[108]">&gt;&gt;</a>&nbsp;&nbsp;&nbsp;dp_download_mode_handle
<LI><a href="#[46]">&gt;&gt;</a>&nbsp;&nbsp;&nbsp;main
</UL>

<P><STRONG><a name="[a1]"></a>Mode_UpdateLog</STRONG> (Thumb, 20 bytes, Stack size 0 bytes, movement.o(i.Mode_UpdateLog))
<BR><BR>[Called By]<UL><LI><a href="#[a0]">&gt;&gt;</a>&nbsp;&nbsp;&nbsp;Mode_SetMode
</UL>

<P><STRONG><a name="[a2]"></a>Motor_Test_Set</STRONG> (Thumb, 54 bytes, Stack size 8 bytes, testmode.o(i.Motor_Test_Set))
<BR><BR>[Stack]<UL><LI>Max Depth = 12<LI>Call Chain = Motor_Test_Set &rArr; Set_Wheel_Speed
</UL>
<BR>[Calls]<UL><LI><a href="#[7b]">&gt;&gt;</a>&nbsp;&nbsp;&nbsp;Set_Wheel_Speed
<LI><a href="#[7d]">&gt;&gt;</a>&nbsp;&nbsp;&nbsp;Set_SideBrush_PWM
<LI><a href="#[79]">&gt;&gt;</a>&nbsp;&nbsp;&nbsp;Set_MainBrush_PWM
<LI><a href="#[a4]">&gt;&gt;</a>&nbsp;&nbsp;&nbsp;RW_DIR_BACKWARD
<LI><a href="#[a3]">&gt;&gt;</a>&nbsp;&nbsp;&nbsp;LW_DIR_BACKWARD
<LI><a href="#[65]">&gt;&gt;</a>&nbsp;&nbsp;&nbsp;delay
</UL>
<BR>[Called By]<UL><LI><a href="#[d5]">&gt;&gt;</a>&nbsp;&nbsp;&nbsp;Test_Mode
</UL>

<P><STRONG><a name="[a5]"></a>Move_Forward</STRONG> (Thumb, 20 bytes, Stack size 12 bytes, wheel.o(i.Move_Forward))
<BR><BR>[Stack]<UL><LI>Max Depth = 16<LI>Call Chain = Move_Forward &rArr; Set_Wheel_Speed
</UL>
<BR>[Calls]<UL><LI><a href="#[7b]">&gt;&gt;</a>&nbsp;&nbsp;&nbsp;Set_Wheel_Speed
<LI><a href="#[7a]">&gt;&gt;</a>&nbsp;&nbsp;&nbsp;Set_Dir_Forward
</UL>
<BR>[Called By]<UL><LI><a href="#[d5]">&gt;&gt;</a>&nbsp;&nbsp;&nbsp;Test_Mode
</UL>

<P><STRONG><a name="[1]"></a>NMI_Handler</STRONG> (Thumb, 2 bytes, Stack size 0 bytes, gd32f30x_it.o(i.NMI_Handler))
<BR>[Address Reference Count : 1]<UL><LI> startup_gd32f30x_hd.o(RESET)
</UL>
<P><STRONG><a name="[a6]"></a>NVIC_Configuration</STRONG> (Thumb, 172 bytes, Stack size 8 bytes, sysinitialize.o(i.NVIC_Configuration))
<BR><BR>[Stack]<UL><LI>Max Depth = 28<LI>Call Chain = NVIC_Configuration &rArr; nvic_irq_enable
</UL>
<BR>[Calls]<UL><LI><a href="#[a7]">&gt;&gt;</a>&nbsp;&nbsp;&nbsp;nvic_priority_group_set
<LI><a href="#[a8]">&gt;&gt;</a>&nbsp;&nbsp;&nbsp;nvic_irq_enable
</UL>
<BR>[Called By]<UL><LI><a href="#[c2]">&gt;&gt;</a>&nbsp;&nbsp;&nbsp;SystemInitialize
</UL>

<P><STRONG><a name="[8]"></a>PendSV_Handler</STRONG> (Thumb, 2 bytes, Stack size 0 bytes, gd32f30x_it.o(i.PendSV_Handler))
<BR>[Address Reference Count : 1]<UL><LI> startup_gd32f30x_hd.o(RESET)
</UL>
<P><STRONG><a name="[128]"></a>Queue_Read_Byte</STRONG> (Thumb, 48 bytes, Stack size 0 bytes, system.o(i.Queue_Read_Byte))
<BR><BR>[Called By]<UL><LI><a href="#[6a]">&gt;&gt;</a>&nbsp;&nbsp;&nbsp;wifi_uart_service
</UL>

<P><STRONG><a name="[a9]"></a>RCC_Configuration</STRONG> (Thumb, 256 bytes, Stack size 8 bytes, sysinitialize.o(i.RCC_Configuration))
<BR><BR>[Stack]<UL><LI>Max Depth = 8<LI>Call Chain = RCC_Configuration
</UL>
<BR>[Calls]<UL><LI><a href="#[aa]">&gt;&gt;</a>&nbsp;&nbsp;&nbsp;rcu_adc_clock_config
</UL>
<BR>[Called By]<UL><LI><a href="#[c2]">&gt;&gt;</a>&nbsp;&nbsp;&nbsp;SystemInitialize
</UL>

<P><STRONG><a name="[d]"></a>RTC_IRQHandler</STRONG> (Thumb, 44 bytes, Stack size 8 bytes, gd32f30x_it.o(i.RTC_IRQHandler))
<BR><BR>[Stack]<UL><LI>Max Depth = 12<LI>Call Chain = RTC_IRQHandler &rArr; Mode_GetMode
</UL>
<BR>[Calls]<UL><LI><a href="#[9e]">&gt;&gt;</a>&nbsp;&nbsp;&nbsp;Mode_GetMode
<LI><a href="#[86]">&gt;&gt;</a>&nbsp;&nbsp;&nbsp;exti_flag_get
<LI><a href="#[87]">&gt;&gt;</a>&nbsp;&nbsp;&nbsp;exti_flag_clear
</UL>
<BR>[Address Reference Count : 1]<UL><LI> startup_gd32f30x_hd.o(RESET)
</UL>
<P><STRONG><a name="[a4]"></a>RW_DIR_BACKWARD</STRONG> (Thumb, 20 bytes, Stack size 0 bytes, wheel.o(i.RW_DIR_BACKWARD))
<BR><BR>[Called By]<UL><LI><a href="#[af]">&gt;&gt;</a>&nbsp;&nbsp;&nbsp;Set_Dir_Backward
<LI><a href="#[a2]">&gt;&gt;</a>&nbsp;&nbsp;&nbsp;Motor_Test_Set
</UL>

<P><STRONG><a name="[b0]"></a>RW_DIR_FORWARD</STRONG> (Thumb, 20 bytes, Stack size 0 bytes, wheel.o(i.RW_DIR_FORWARD))
<BR><BR>[Called By]<UL><LI><a href="#[7a]">&gt;&gt;</a>&nbsp;&nbsp;&nbsp;Set_Dir_Forward
</UL>

<P><STRONG><a name="[8c]"></a>Rcon_BR</STRONG> (Thumb, 744 bytes, Stack size 4 bytes, rcon.o(i.Rcon_BR))
<BR><BR>[Stack]<UL><LI>Max Depth = 4<LI>Call Chain = Rcon_BR
</UL>
<BR>[Calls]<UL><LI><a href="#[ab]">&gt;&gt;</a>&nbsp;&nbsp;&nbsp;Rcon_SetRemoteCode
</UL>
<BR>[Called By]<UL><LI><a href="#[21]">&gt;&gt;</a>&nbsp;&nbsp;&nbsp;EXTI5_9_IRQHandler
</UL>

<P><STRONG><a name="[88]"></a>Rcon_FL</STRONG> (Thumb, 744 bytes, Stack size 4 bytes, rcon.o(i.Rcon_FL))
<BR><BR>[Stack]<UL><LI>Max Depth = 4<LI>Call Chain = Rcon_FL
</UL>
<BR>[Calls]<UL><LI><a href="#[ab]">&gt;&gt;</a>&nbsp;&nbsp;&nbsp;Rcon_SetRemoteCode
</UL>
<BR>[Called By]<UL><LI><a href="#[13]">&gt;&gt;</a>&nbsp;&nbsp;&nbsp;EXTI3_IRQHandler
</UL>

<P><STRONG><a name="[8b]"></a>Rcon_FR</STRONG> (Thumb, 744 bytes, Stack size 4 bytes, rcon.o(i.Rcon_FR))
<BR><BR>[Stack]<UL><LI>Max Depth = 4<LI>Call Chain = Rcon_FR
</UL>
<BR>[Calls]<UL><LI><a href="#[ab]">&gt;&gt;</a>&nbsp;&nbsp;&nbsp;Rcon_SetRemoteCode
</UL>
<BR>[Called By]<UL><LI><a href="#[21]">&gt;&gt;</a>&nbsp;&nbsp;&nbsp;EXTI5_9_IRQHandler
</UL>

<P><STRONG><a name="[ae]"></a>Rcon_GetRemoteCode</STRONG> (Thumb, 6 bytes, Stack size 0 bytes, rcon.o(i.Rcon_GetRemoteCode))
<BR><BR>[Called By]<UL><LI><a href="#[ad]">&gt;&gt;</a>&nbsp;&nbsp;&nbsp;Remote_Key
</UL>

<P><STRONG><a name="[da]"></a>Rcon_GetStatus</STRONG> (Thumb, 6 bytes, Stack size 0 bytes, rcon.o(i.Rcon_GetStatus))
<BR><BR>[Called By]<UL><LI><a href="#[d5]">&gt;&gt;</a>&nbsp;&nbsp;&nbsp;Test_Mode
</UL>

<P><STRONG><a name="[89]"></a>Rcon_L</STRONG> (Thumb, 744 bytes, Stack size 4 bytes, rcon.o(i.Rcon_L))
<BR><BR>[Stack]<UL><LI>Max Depth = 4<LI>Call Chain = Rcon_L
</UL>
<BR>[Calls]<UL><LI><a href="#[ab]">&gt;&gt;</a>&nbsp;&nbsp;&nbsp;Rcon_SetRemoteCode
</UL>
<BR>[Called By]<UL><LI><a href="#[14]">&gt;&gt;</a>&nbsp;&nbsp;&nbsp;EXTI4_IRQHandler
</UL>

<P><STRONG><a name="[8a]"></a>Rcon_R</STRONG> (Thumb, 744 bytes, Stack size 4 bytes, rcon.o(i.Rcon_R))
<BR><BR>[Stack]<UL><LI>Max Depth = 4<LI>Call Chain = Rcon_R
</UL>
<BR>[Calls]<UL><LI><a href="#[ab]">&gt;&gt;</a>&nbsp;&nbsp;&nbsp;Rcon_SetRemoteCode
</UL>
<BR>[Called By]<UL><LI><a href="#[21]">&gt;&gt;</a>&nbsp;&nbsp;&nbsp;EXTI5_9_IRQHandler
</UL>

<P><STRONG><a name="[ac]"></a>Rcon_ResetRemoteCode</STRONG> (Thumb, 10 bytes, Stack size 4 bytes, rcon.o(i.Rcon_ResetRemoteCode))
<BR><BR>[Stack]<UL><LI>Max Depth = 4<LI>Call Chain = Rcon_ResetRemoteCode
</UL>
<BR>[Calls]<UL><LI><a href="#[ab]">&gt;&gt;</a>&nbsp;&nbsp;&nbsp;Rcon_SetRemoteCode
</UL>
<BR>[Called By]<UL><LI><a href="#[ad]">&gt;&gt;</a>&nbsp;&nbsp;&nbsp;Remote_Key
</UL>

<P><STRONG><a name="[db]"></a>Rcon_ResetStatus</STRONG> (Thumb, 8 bytes, Stack size 0 bytes, rcon.o(i.Rcon_ResetStatus))
<BR><BR>[Called By]<UL><LI><a href="#[d5]">&gt;&gt;</a>&nbsp;&nbsp;&nbsp;Test_Mode
</UL>

<P><STRONG><a name="[ab]"></a>Rcon_SetRemoteCode</STRONG> (Thumb, 6 bytes, Stack size 0 bytes, rcon.o(i.Rcon_SetRemoteCode))
<BR><BR>[Called By]<UL><LI><a href="#[ac]">&gt;&gt;</a>&nbsp;&nbsp;&nbsp;Rcon_ResetRemoteCode
<LI><a href="#[8a]">&gt;&gt;</a>&nbsp;&nbsp;&nbsp;Rcon_R
<LI><a href="#[89]">&gt;&gt;</a>&nbsp;&nbsp;&nbsp;Rcon_L
<LI><a href="#[8b]">&gt;&gt;</a>&nbsp;&nbsp;&nbsp;Rcon_FR
<LI><a href="#[88]">&gt;&gt;</a>&nbsp;&nbsp;&nbsp;Rcon_FL
<LI><a href="#[8c]">&gt;&gt;</a>&nbsp;&nbsp;&nbsp;Rcon_BR
</UL>

<P><STRONG><a name="[d4]"></a>Rcon_Timer</STRONG> (Thumb, 142 bytes, Stack size 0 bytes, rcon.o(i.Rcon_Timer))
<BR><BR>[Called By]<UL><LI><a href="#[40]">&gt;&gt;</a>&nbsp;&nbsp;&nbsp;TIMER5_IRQHandler
</UL>

<P><STRONG><a name="[ad]"></a>Remote_Key</STRONG> (Thumb, 30 bytes, Stack size 8 bytes, touchpad.o(i.Remote_Key))
<BR><BR>[Stack]<UL><LI>Max Depth = 12<LI>Call Chain = Remote_Key &rArr; Rcon_ResetRemoteCode
</UL>
<BR>[Calls]<UL><LI><a href="#[ac]">&gt;&gt;</a>&nbsp;&nbsp;&nbsp;Rcon_ResetRemoteCode
<LI><a href="#[ae]">&gt;&gt;</a>&nbsp;&nbsp;&nbsp;Rcon_GetRemoteCode
<LI><a href="#[9c]">&gt;&gt;</a>&nbsp;&nbsp;&nbsp;Beep
</UL>
<BR>[Called By]<UL><LI><a href="#[d5]">&gt;&gt;</a>&nbsp;&nbsp;&nbsp;Test_Mode
</UL>

<P><STRONG><a name="[d0]"></a>SPI2_Configuration</STRONG> (Thumb, 108 bytes, Stack size 0 bytes, sysinitialize.o(i.SPI2_Configuration))
<BR><BR>[Called By]<UL><LI><a href="#[c2]">&gt;&gt;</a>&nbsp;&nbsp;&nbsp;SystemInitialize
</UL>

<P><STRONG><a name="[4d]"></a>SPI2_ReadWriteByte</STRONG> (Thumb, 74 bytes, Stack size 0 bytes, spi.o(i.SPI2_ReadWriteByte))
<BR><BR>[Called By]<UL><LI><a href="#[d8]">&gt;&gt;</a>&nbsp;&nbsp;&nbsp;W25QXX_ReadID
<LI><a href="#[4c]">&gt;&gt;</a>&nbsp;&nbsp;&nbsp;Audio
<LI><a href="#[e9]">&gt;&gt;</a>&nbsp;&nbsp;&nbsp;W25QXX_Write_Page
<LI><a href="#[e5]">&gt;&gt;</a>&nbsp;&nbsp;&nbsp;W25QXX_Write_Enable
<LI><a href="#[e7]">&gt;&gt;</a>&nbsp;&nbsp;&nbsp;W25QXX_ReadSR
<LI><a href="#[e4]">&gt;&gt;</a>&nbsp;&nbsp;&nbsp;W25QXX_Erase_Sector
<LI><a href="#[91]">&gt;&gt;</a>&nbsp;&nbsp;&nbsp;W25QXX_Read_One
<LI><a href="#[63]">&gt;&gt;</a>&nbsp;&nbsp;&nbsp;W25QXX_Read
</UL>

<P><STRONG><a name="[6]"></a>SVC_Handler</STRONG> (Thumb, 2 bytes, Stack size 0 bytes, gd32f30x_it.o(i.SVC_Handler))
<BR>[Address Reference Count : 1]<UL><LI> startup_gd32f30x_hd.o(RESET)
</UL>
<P><STRONG><a name="[80]"></a>Set_3v3</STRONG> (Thumb, 36 bytes, Stack size 0 bytes, movement.o(i.Set_3v3))
<BR><BR>[Called By]<UL><LI><a href="#[8d]">&gt;&gt;</a>&nbsp;&nbsp;&nbsp;Enable_PPower
<LI><a href="#[7f]">&gt;&gt;</a>&nbsp;&nbsp;&nbsp;Disable_PPower
</UL>

<P><STRONG><a name="[81]"></a>Set_5v</STRONG> (Thumb, 36 bytes, Stack size 0 bytes, movement.o(i.Set_5v))
<BR><BR>[Called By]<UL><LI><a href="#[8d]">&gt;&gt;</a>&nbsp;&nbsp;&nbsp;Enable_PPower
<LI><a href="#[7f]">&gt;&gt;</a>&nbsp;&nbsp;&nbsp;Disable_PPower
<LI><a href="#[46]">&gt;&gt;</a>&nbsp;&nbsp;&nbsp;main
</UL>

<P><STRONG><a name="[50]"></a>Set_BLDC_Fail</STRONG> (Thumb, 8 bytes, Stack size 0 bytes, bldc.o(i.Set_BLDC_Fail))
<BR><BR>[Called By]<UL><LI><a href="#[4f]">&gt;&gt;</a>&nbsp;&nbsp;&nbsp;Bldc_Loop
</UL>

<P><STRONG><a name="[dc]"></a>Set_BLDC_Speed</STRONG> (Thumb, 6 bytes, Stack size 0 bytes, bldc.o(i.Set_BLDC_Speed))
<BR><BR>[Called By]<UL><LI><a href="#[d5]">&gt;&gt;</a>&nbsp;&nbsp;&nbsp;Test_Mode
<LI><a href="#[7e]">&gt;&gt;</a>&nbsp;&nbsp;&nbsp;Turn_BLDC_Off
</UL>

<P><STRONG><a name="[dd]"></a>Set_BLDC_TPWM</STRONG> (Thumb, 6 bytes, Stack size 0 bytes, bldc.o(i.Set_BLDC_TPWM))
<BR><BR>[Called By]<UL><LI><a href="#[d5]">&gt;&gt;</a>&nbsp;&nbsp;&nbsp;Test_Mode
<LI><a href="#[7e]">&gt;&gt;</a>&nbsp;&nbsp;&nbsp;Turn_BLDC_Off
</UL>

<P><STRONG><a name="[af]"></a>Set_Dir_Backward</STRONG> (Thumb, 12 bytes, Stack size 4 bytes, wheel.o(i.Set_Dir_Backward))
<BR><BR>[Stack]<UL><LI>Max Depth = 4<LI>Call Chain = Set_Dir_Backward
</UL>
<BR>[Calls]<UL><LI><a href="#[a4]">&gt;&gt;</a>&nbsp;&nbsp;&nbsp;RW_DIR_BACKWARD
<LI><a href="#[a3]">&gt;&gt;</a>&nbsp;&nbsp;&nbsp;LW_DIR_BACKWARD
</UL>
<BR>[Called By]<UL><LI><a href="#[d5]">&gt;&gt;</a>&nbsp;&nbsp;&nbsp;Test_Mode
</UL>

<P><STRONG><a name="[7a]"></a>Set_Dir_Forward</STRONG> (Thumb, 12 bytes, Stack size 4 bytes, wheel.o(i.Set_Dir_Forward))
<BR><BR>[Stack]<UL><LI>Max Depth = 4<LI>Call Chain = Set_Dir_Forward
</UL>
<BR>[Calls]<UL><LI><a href="#[b0]">&gt;&gt;</a>&nbsp;&nbsp;&nbsp;RW_DIR_FORWARD
<LI><a href="#[b1]">&gt;&gt;</a>&nbsp;&nbsp;&nbsp;LW_DIR_FORWARD
</UL>
<BR>[Called By]<UL><LI><a href="#[a5]">&gt;&gt;</a>&nbsp;&nbsp;&nbsp;Move_Forward
<LI><a href="#[78]">&gt;&gt;</a>&nbsp;&nbsp;&nbsp;Disable_Motors
<LI><a href="#[d5]">&gt;&gt;</a>&nbsp;&nbsp;&nbsp;Test_Mode
</UL>

<P><STRONG><a name="[83]"></a>Set_LED</STRONG> (Thumb, 32 bytes, Stack size 16 bytes, display.o(i.Set_LED))
<BR><BR>[Stack]<UL><LI>Max Depth = 16<LI>Call Chain = Set_LED
</UL>
<BR>[Called By]<UL><LI><a href="#[82]">&gt;&gt;</a>&nbsp;&nbsp;&nbsp;Display_Clean_Status
<LI><a href="#[d5]">&gt;&gt;</a>&nbsp;&nbsp;&nbsp;Test_Mode
</UL>

<P><STRONG><a name="[b2]"></a>Set_LED1_On_Blink</STRONG> (Thumb, 6 bytes, Stack size 0 bytes, display.o(i.Set_LED1_On_Blink))
<BR><BR>[Called By]<UL><LI><a href="#[5e]">&gt;&gt;</a>&nbsp;&nbsp;&nbsp;Set_LED_On_Blink
</UL>

<P><STRONG><a name="[b8]"></a>Set_LED1_On_Switch</STRONG> (Thumb, 6 bytes, Stack size 0 bytes, display.o(i.Set_LED1_On_Switch))
<BR><BR>[Called By]<UL><LI><a href="#[5f]">&gt;&gt;</a>&nbsp;&nbsp;&nbsp;Set_LED_On_Switch
</UL>

<P><STRONG><a name="[b3]"></a>Set_LED2_On_Blink</STRONG> (Thumb, 6 bytes, Stack size 0 bytes, display.o(i.Set_LED2_On_Blink))
<BR><BR>[Called By]<UL><LI><a href="#[5e]">&gt;&gt;</a>&nbsp;&nbsp;&nbsp;Set_LED_On_Blink
</UL>

<P><STRONG><a name="[b9]"></a>Set_LED2_On_Switch</STRONG> (Thumb, 6 bytes, Stack size 0 bytes, display.o(i.Set_LED2_On_Switch))
<BR><BR>[Called By]<UL><LI><a href="#[5f]">&gt;&gt;</a>&nbsp;&nbsp;&nbsp;Set_LED_On_Switch
</UL>

<P><STRONG><a name="[b4]"></a>Set_LED3_On_Blink</STRONG> (Thumb, 6 bytes, Stack size 0 bytes, display.o(i.Set_LED3_On_Blink))
<BR><BR>[Called By]<UL><LI><a href="#[5e]">&gt;&gt;</a>&nbsp;&nbsp;&nbsp;Set_LED_On_Blink
</UL>

<P><STRONG><a name="[ba]"></a>Set_LED3_On_Switch</STRONG> (Thumb, 6 bytes, Stack size 0 bytes, display.o(i.Set_LED3_On_Switch))
<BR><BR>[Called By]<UL><LI><a href="#[5f]">&gt;&gt;</a>&nbsp;&nbsp;&nbsp;Set_LED_On_Switch
</UL>

<P><STRONG><a name="[b5]"></a>Set_LED4_On_Blink</STRONG> (Thumb, 6 bytes, Stack size 0 bytes, display.o(i.Set_LED4_On_Blink))
<BR><BR>[Called By]<UL><LI><a href="#[5e]">&gt;&gt;</a>&nbsp;&nbsp;&nbsp;Set_LED_On_Blink
</UL>

<P><STRONG><a name="[84]"></a>Set_LED4_On_Switch</STRONG> (Thumb, 6 bytes, Stack size 0 bytes, display.o(i.Set_LED4_On_Switch))
<BR><BR>[Called By]<UL><LI><a href="#[5f]">&gt;&gt;</a>&nbsp;&nbsp;&nbsp;Set_LED_On_Switch
<LI><a href="#[57]">&gt;&gt;</a>&nbsp;&nbsp;&nbsp;Display_SetBattery
</UL>

<P><STRONG><a name="[b6]"></a>Set_LED5_On_Blink</STRONG> (Thumb, 6 bytes, Stack size 0 bytes, display.o(i.Set_LED5_On_Blink))
<BR><BR>[Called By]<UL><LI><a href="#[5e]">&gt;&gt;</a>&nbsp;&nbsp;&nbsp;Set_LED_On_Blink
</UL>

<P><STRONG><a name="[85]"></a>Set_LED5_On_Switch</STRONG> (Thumb, 6 bytes, Stack size 0 bytes, display.o(i.Set_LED5_On_Switch))
<BR><BR>[Called By]<UL><LI><a href="#[5f]">&gt;&gt;</a>&nbsp;&nbsp;&nbsp;Set_LED_On_Switch
<LI><a href="#[57]">&gt;&gt;</a>&nbsp;&nbsp;&nbsp;Display_SetBattery
</UL>

<P><STRONG><a name="[b7]"></a>Set_LED6_On_Blink</STRONG> (Thumb, 6 bytes, Stack size 0 bytes, display.o(i.Set_LED6_On_Blink))
<BR><BR>[Called By]<UL><LI><a href="#[5e]">&gt;&gt;</a>&nbsp;&nbsp;&nbsp;Set_LED_On_Blink
</UL>

<P><STRONG><a name="[bb]"></a>Set_LED6_On_Switch</STRONG> (Thumb, 6 bytes, Stack size 0 bytes, display.o(i.Set_LED6_On_Switch))
<BR><BR>[Called By]<UL><LI><a href="#[5f]">&gt;&gt;</a>&nbsp;&nbsp;&nbsp;Set_LED_On_Switch
</UL>

<P><STRONG><a name="[5e]"></a>Set_LED_On_Blink</STRONG> (Thumb, 48 bytes, Stack size 20 bytes, display.o(i.Set_LED_On_Blink))
<BR><BR>[Stack]<UL><LI>Max Depth = 20<LI>Call Chain = Set_LED_On_Blink
</UL>
<BR>[Calls]<UL><LI><a href="#[b7]">&gt;&gt;</a>&nbsp;&nbsp;&nbsp;Set_LED6_On_Blink
<LI><a href="#[b6]">&gt;&gt;</a>&nbsp;&nbsp;&nbsp;Set_LED5_On_Blink
<LI><a href="#[b5]">&gt;&gt;</a>&nbsp;&nbsp;&nbsp;Set_LED4_On_Blink
<LI><a href="#[b4]">&gt;&gt;</a>&nbsp;&nbsp;&nbsp;Set_LED3_On_Blink
<LI><a href="#[b3]">&gt;&gt;</a>&nbsp;&nbsp;&nbsp;Set_LED2_On_Blink
<LI><a href="#[b2]">&gt;&gt;</a>&nbsp;&nbsp;&nbsp;Set_LED1_On_Blink
</UL>
<BR>[Called By]<UL><LI><a href="#[82]">&gt;&gt;</a>&nbsp;&nbsp;&nbsp;Display_Clean_Status
<LI><a href="#[d5]">&gt;&gt;</a>&nbsp;&nbsp;&nbsp;Test_Mode
<LI><a href="#[5c]">&gt;&gt;</a>&nbsp;&nbsp;&nbsp;Check_for_IAP
</UL>

<P><STRONG><a name="[5f]"></a>Set_LED_On_Switch</STRONG> (Thumb, 48 bytes, Stack size 20 bytes, display.o(i.Set_LED_On_Switch))
<BR><BR>[Stack]<UL><LI>Max Depth = 20<LI>Call Chain = Set_LED_On_Switch
</UL>
<BR>[Calls]<UL><LI><a href="#[bb]">&gt;&gt;</a>&nbsp;&nbsp;&nbsp;Set_LED6_On_Switch
<LI><a href="#[85]">&gt;&gt;</a>&nbsp;&nbsp;&nbsp;Set_LED5_On_Switch
<LI><a href="#[84]">&gt;&gt;</a>&nbsp;&nbsp;&nbsp;Set_LED4_On_Switch
<LI><a href="#[ba]">&gt;&gt;</a>&nbsp;&nbsp;&nbsp;Set_LED3_On_Switch
<LI><a href="#[b9]">&gt;&gt;</a>&nbsp;&nbsp;&nbsp;Set_LED2_On_Switch
<LI><a href="#[b8]">&gt;&gt;</a>&nbsp;&nbsp;&nbsp;Set_LED1_On_Switch
</UL>
<BR>[Called By]<UL><LI><a href="#[82]">&gt;&gt;</a>&nbsp;&nbsp;&nbsp;Display_Clean_Status
<LI><a href="#[d5]">&gt;&gt;</a>&nbsp;&nbsp;&nbsp;Test_Mode
<LI><a href="#[5c]">&gt;&gt;</a>&nbsp;&nbsp;&nbsp;Check_for_IAP
</UL>

<P><STRONG><a name="[68]"></a>Set_LED_Table</STRONG> (Thumb, 56 bytes, Stack size 20 bytes, display.o(i.Set_LED_Table))
<BR><BR>[Stack]<UL><LI>Max Depth = 20<LI>Call Chain = Set_LED_Table
</UL>
<BR>[Called By]<UL><LI><a href="#[d5]">&gt;&gt;</a>&nbsp;&nbsp;&nbsp;Test_Mode
<LI><a href="#[5c]">&gt;&gt;</a>&nbsp;&nbsp;&nbsp;Check_for_IAP
</UL>

<P><STRONG><a name="[bd]"></a>Set_LeftWheel_Speed</STRONG> (Thumb, 12 bytes, Stack size 0 bytes, wheel.o(i.Set_LeftWheel_Speed))
<BR><BR>[Called By]<UL><LI><a href="#[7b]">&gt;&gt;</a>&nbsp;&nbsp;&nbsp;Set_Wheel_Speed
</UL>

<P><STRONG><a name="[79]"></a>Set_MainBrush_PWM</STRONG> (Thumb, 6 bytes, Stack size 0 bytes, movement.o(i.Set_MainBrush_PWM))
<BR><BR>[Called By]<UL><LI><a href="#[78]">&gt;&gt;</a>&nbsp;&nbsp;&nbsp;Disable_Motors
<LI><a href="#[a2]">&gt;&gt;</a>&nbsp;&nbsp;&nbsp;Motor_Test_Set
<LI><a href="#[d5]">&gt;&gt;</a>&nbsp;&nbsp;&nbsp;Test_Mode
</UL>

<P><STRONG><a name="[de]"></a>Set_Main_Brush</STRONG> (Thumb, 32 bytes, Stack size 0 bytes, movement.o(i.Set_Main_Brush))
<BR><BR>[Called By]<UL><LI><a href="#[d5]">&gt;&gt;</a>&nbsp;&nbsp;&nbsp;Test_Mode
</UL>

<P><STRONG><a name="[be]"></a>Set_RightWheel_Speed</STRONG> (Thumb, 12 bytes, Stack size 0 bytes, wheel.o(i.Set_RightWheel_Speed))
<BR><BR>[Called By]<UL><LI><a href="#[7b]">&gt;&gt;</a>&nbsp;&nbsp;&nbsp;Set_Wheel_Speed
</UL>

<P><STRONG><a name="[7d]"></a>Set_SideBrush_PWM</STRONG> (Thumb, 8 bytes, Stack size 0 bytes, movement.o(i.Set_SideBrush_PWM))
<BR><BR>[Called By]<UL><LI><a href="#[78]">&gt;&gt;</a>&nbsp;&nbsp;&nbsp;Disable_Motors
<LI><a href="#[a2]">&gt;&gt;</a>&nbsp;&nbsp;&nbsp;Motor_Test_Set
<LI><a href="#[d5]">&gt;&gt;</a>&nbsp;&nbsp;&nbsp;Test_Mode
</UL>

<P><STRONG><a name="[66]"></a>Set_Upgrade_Flag</STRONG> (Thumb, 18 bytes, Stack size 16 bytes, wifiota.o(i.Set_Upgrade_Flag))
<BR><BR>[Stack]<UL><LI>Max Depth = 280<LI>Call Chain = Set_Upgrade_Flag &rArr; W25QXX_Write &rArr; W25QXX_Erase_Sector &rArr; usprintf &rArr; print &rArr; printi &rArr; prints &rArr; printchar &rArr; putchar &rArr; fputc
</UL>
<BR>[Calls]<UL><LI><a href="#[bc]">&gt;&gt;</a>&nbsp;&nbsp;&nbsp;W25QXX_Write
</UL>
<BR>[Called By]<UL><LI><a href="#[fe]">&gt;&gt;</a>&nbsp;&nbsp;&nbsp;mcu_firm_update_handle
<LI><a href="#[5c]">&gt;&gt;</a>&nbsp;&nbsp;&nbsp;Check_for_IAP
</UL>

<P><STRONG><a name="[110]"></a>Set_VacMode</STRONG> (Thumb, 6 bytes, Stack size 0 bytes, bldc.o(i.Set_VacMode))
<BR><BR>[Called By]<UL><LI><a href="#[109]">&gt;&gt;</a>&nbsp;&nbsp;&nbsp;dp_download_suck_handle
</UL>

<P><STRONG><a name="[7b]"></a>Set_Wheel_Speed</STRONG> (Thumb, 20 bytes, Stack size 4 bytes, wheel.o(i.Set_Wheel_Speed))
<BR><BR>[Stack]<UL><LI>Max Depth = 4<LI>Call Chain = Set_Wheel_Speed
</UL>
<BR>[Calls]<UL><LI><a href="#[be]">&gt;&gt;</a>&nbsp;&nbsp;&nbsp;Set_RightWheel_Speed
<LI><a href="#[bd]">&gt;&gt;</a>&nbsp;&nbsp;&nbsp;Set_LeftWheel_Speed
</UL>
<BR>[Called By]<UL><LI><a href="#[a5]">&gt;&gt;</a>&nbsp;&nbsp;&nbsp;Move_Forward
<LI><a href="#[78]">&gt;&gt;</a>&nbsp;&nbsp;&nbsp;Disable_Motors
<LI><a href="#[a2]">&gt;&gt;</a>&nbsp;&nbsp;&nbsp;Motor_Test_Set
<LI><a href="#[d5]">&gt;&gt;</a>&nbsp;&nbsp;&nbsp;Test_Mode
</UL>

<P><STRONG><a name="[11a]"></a>Set_Wifi_Enable</STRONG> (Thumb, 6 bytes, Stack size 0 bytes, wifiota.o(i.Set_Wifi_Enable))
<BR><BR>[Called By]<UL><LI><a href="#[46]">&gt;&gt;</a>&nbsp;&nbsp;&nbsp;main
</UL>

<P><STRONG><a name="[56]"></a>Speaker</STRONG> (Thumb, 556 bytes, Stack size 0 bytes, speaker.o(i.Speaker))
<BR><BR>[Called By]<UL><LI><a href="#[fc]">&gt;&gt;</a>&nbsp;&nbsp;&nbsp;get_wifi_status
<LI><a href="#[bf]">&gt;&gt;</a>&nbsp;&nbsp;&nbsp;Switch_Step
<LI><a href="#[53]">&gt;&gt;</a>&nbsp;&nbsp;&nbsp;Charge_Process
<LI><a href="#[d5]">&gt;&gt;</a>&nbsp;&nbsp;&nbsp;Test_Mode
<LI><a href="#[5c]">&gt;&gt;</a>&nbsp;&nbsp;&nbsp;Check_for_IAP
</UL>

<P><STRONG><a name="[c0]"></a>Speed_Loop</STRONG> (Thumb, 560 bytes, Stack size 0 bytes, wheel.o(i.Speed_Loop))
<BR><BR>[Called By]<UL><LI><a href="#[9]">&gt;&gt;</a>&nbsp;&nbsp;&nbsp;SysTick_Handler
</UL>

<P><STRONG><a name="[bf]"></a>Switch_Step</STRONG> (Thumb, 90 bytes, Stack size 16 bytes, testmode.o(i.Switch_Step))
<BR><BR>[Stack]<UL><LI>Max Depth = 232<LI>Call Chain = Switch_Step &rArr; usprintf &rArr; print &rArr; printi &rArr; prints &rArr; printchar &rArr; putchar &rArr; fputc
</UL>
<BR>[Calls]<UL><LI><a href="#[82]">&gt;&gt;</a>&nbsp;&nbsp;&nbsp;Display_Clean_Status
<LI><a href="#[78]">&gt;&gt;</a>&nbsp;&nbsp;&nbsp;Disable_Motors
<LI><a href="#[75]">&gt;&gt;</a>&nbsp;&nbsp;&nbsp;Debug_Print
<LI><a href="#[5a]">&gt;&gt;</a>&nbsp;&nbsp;&nbsp;usprintf
<LI><a href="#[5b]">&gt;&gt;</a>&nbsp;&nbsp;&nbsp;ups3
<LI><a href="#[56]">&gt;&gt;</a>&nbsp;&nbsp;&nbsp;Speaker
<LI><a href="#[65]">&gt;&gt;</a>&nbsp;&nbsp;&nbsp;delay
</UL>
<BR>[Called By]<UL><LI><a href="#[d5]">&gt;&gt;</a>&nbsp;&nbsp;&nbsp;Test_Mode
</UL>

<P><STRONG><a name="[9]"></a>SysTick_Handler</STRONG> (Thumb, 34 bytes, Stack size 8 bytes, gd32f30x_it.o(i.SysTick_Handler))
<BR><BR>[Stack]<UL><LI>Max Depth = 12<LI>Call Chain = SysTick_Handler &rArr; Bldc_Loop
</UL>
<BR>[Calls]<UL><LI><a href="#[c0]">&gt;&gt;</a>&nbsp;&nbsp;&nbsp;Speed_Loop
<LI><a href="#[4f]">&gt;&gt;</a>&nbsp;&nbsp;&nbsp;Bldc_Loop
</UL>
<BR>[Address Reference Count : 1]<UL><LI> startup_gd32f30x_hd.o(RESET)
</UL>
<P><STRONG><a name="[47]"></a>SystemInit</STRONG> (Thumb, 66 bytes, Stack size 8 bytes, system_gd32f30x.o(i.SystemInit))
<BR><BR>[Stack]<UL><LI>Max Depth = 16<LI>Call Chain = SystemInit &rArr; system_clock_config
</UL>
<BR>[Calls]<UL><LI><a href="#[c1]">&gt;&gt;</a>&nbsp;&nbsp;&nbsp;system_clock_config
</UL>
<BR>[Address Reference Count : 1]<UL><LI> startup_gd32f30x_hd.o(.text)
</UL>
<P><STRONG><a name="[c2]"></a>SystemInitialize</STRONG> (Thumb, 72 bytes, Stack size 8 bytes, sysinitialize.o(i.SystemInitialize))
<BR><BR>[Stack]<UL><LI>Max Depth = 36<LI>Call Chain = SystemInitialize &rArr; NVIC_Configuration &rArr; nvic_irq_enable
</UL>
<BR>[Calls]<UL><LI><a href="#[cd]">&gt;&gt;</a>&nbsp;&nbsp;&nbsp;USART2_Configuration
<LI><a href="#[cc]">&gt;&gt;</a>&nbsp;&nbsp;&nbsp;USART1_Configuration
<LI><a href="#[cb]">&gt;&gt;</a>&nbsp;&nbsp;&nbsp;USART0_Configuration
<LI><a href="#[ca]">&gt;&gt;</a>&nbsp;&nbsp;&nbsp;Timer7_Configuration
<LI><a href="#[c9]">&gt;&gt;</a>&nbsp;&nbsp;&nbsp;Timer6_Configuration
<LI><a href="#[c8]">&gt;&gt;</a>&nbsp;&nbsp;&nbsp;Timer5_Configuration
<LI><a href="#[c7]">&gt;&gt;</a>&nbsp;&nbsp;&nbsp;Timer3_Configuration
<LI><a href="#[c6]">&gt;&gt;</a>&nbsp;&nbsp;&nbsp;Timer1_Configuration
<LI><a href="#[c5]">&gt;&gt;</a>&nbsp;&nbsp;&nbsp;Timer0_Configuration
<LI><a href="#[c4]">&gt;&gt;</a>&nbsp;&nbsp;&nbsp;Systick_Configuration
<LI><a href="#[d0]">&gt;&gt;</a>&nbsp;&nbsp;&nbsp;SPI2_Configuration
<LI><a href="#[a9]">&gt;&gt;</a>&nbsp;&nbsp;&nbsp;RCC_Configuration
<LI><a href="#[a6]">&gt;&gt;</a>&nbsp;&nbsp;&nbsp;NVIC_Configuration
<LI><a href="#[c3]">&gt;&gt;</a>&nbsp;&nbsp;&nbsp;GPIO_Configuration
<LI><a href="#[ce]">&gt;&gt;</a>&nbsp;&nbsp;&nbsp;EXTI_Configuration
<LI><a href="#[6d]">&gt;&gt;</a>&nbsp;&nbsp;&nbsp;DAC_Configuration
<LI><a href="#[cf]">&gt;&gt;</a>&nbsp;&nbsp;&nbsp;ADC_Configuration
</UL>
<BR>[Called By]<UL><LI><a href="#[46]">&gt;&gt;</a>&nbsp;&nbsp;&nbsp;main
</UL>

<P><STRONG><a name="[d1]"></a>System_StoreMotorBaseline</STRONG> (Thumb, 142 bytes, Stack size 28 bytes, sysinitialize.o(i.System_StoreMotorBaseline))
<BR><BR>[Stack]<UL><LI>Max Depth = 28<LI>Call Chain = System_StoreMotorBaseline
</UL>
<BR>[Calls]<UL><LI><a href="#[65]">&gt;&gt;</a>&nbsp;&nbsp;&nbsp;delay
</UL>
<BR>[Called By]<UL><LI><a href="#[46]">&gt;&gt;</a>&nbsp;&nbsp;&nbsp;main
</UL>

<P><STRONG><a name="[c4]"></a>Systick_Configuration</STRONG> (Thumb, 18 bytes, Stack size 0 bytes, sysinitialize.o(i.Systick_Configuration))
<BR><BR>[Called By]<UL><LI><a href="#[c2]">&gt;&gt;</a>&nbsp;&nbsp;&nbsp;SystemInitialize
</UL>

<P><STRONG><a name="[26]"></a>TIMER1_IRQHandler</STRONG> (Thumb, 694 bytes, Stack size 8 bytes, gd32f30x_it.o(i.TIMER1_IRQHandler))
<BR><BR>[Stack]<UL><LI>Max Depth = 8<LI>Call Chain = TIMER1_IRQHandler
</UL>
<BR>[Calls]<UL><LI><a href="#[d2]">&gt;&gt;</a>&nbsp;&nbsp;&nbsp;timer_interrupt_flag_get
<LI><a href="#[d3]">&gt;&gt;</a>&nbsp;&nbsp;&nbsp;timer_interrupt_flag_clear
</UL>
<BR>[Address Reference Count : 1]<UL><LI> startup_gd32f30x_hd.o(RESET)
</UL>
<P><STRONG><a name="[40]"></a>TIMER5_IRQHandler</STRONG> (Thumb, 180 bytes, Stack size 8 bytes, gd32f30x_it.o(i.TIMER5_IRQHandler))
<BR><BR>[Stack]<UL><LI>Max Depth = 20<LI>Call Chain = TIMER5_IRQHandler &rArr; LED_Display &rArr; Mode_GetMode
</UL>
<BR>[Calls]<UL><LI><a href="#[d2]">&gt;&gt;</a>&nbsp;&nbsp;&nbsp;timer_interrupt_flag_get
<LI><a href="#[d3]">&gt;&gt;</a>&nbsp;&nbsp;&nbsp;timer_interrupt_flag_clear
<LI><a href="#[d4]">&gt;&gt;</a>&nbsp;&nbsp;&nbsp;Rcon_Timer
<LI><a href="#[9d]">&gt;&gt;</a>&nbsp;&nbsp;&nbsp;LED_Display
</UL>
<BR>[Address Reference Count : 1]<UL><LI> startup_gd32f30x_hd.o(RESET)
</UL>
<P><STRONG><a name="[41]"></a>TIMER6_IRQHandler</STRONG> (Thumb, 48 bytes, Stack size 8 bytes, gd32f30x_it.o(i.TIMER6_IRQHandler))
<BR><BR>[Stack]<UL><LI>Max Depth = 16<LI>Call Chain = TIMER6_IRQHandler &rArr; Audio
</UL>
<BR>[Calls]<UL><LI><a href="#[d2]">&gt;&gt;</a>&nbsp;&nbsp;&nbsp;timer_interrupt_flag_get
<LI><a href="#[d3]">&gt;&gt;</a>&nbsp;&nbsp;&nbsp;timer_interrupt_flag_clear
<LI><a href="#[4c]">&gt;&gt;</a>&nbsp;&nbsp;&nbsp;Audio
</UL>
<BR>[Address Reference Count : 1]<UL><LI> startup_gd32f30x_hd.o(RESET)
</UL>
<P><STRONG><a name="[d5]"></a>Test_Mode</STRONG> (Thumb, 6412 bytes, Stack size 40 bytes, testmode.o(i.Test_Mode))
<BR><BR>[Stack]<UL><LI>Max Depth = 272<LI>Call Chain = Test_Mode &rArr; Switch_Step &rArr; usprintf &rArr; print &rArr; printi &rArr; prints &rArr; printchar &rArr; putchar &rArr; fputc
</UL>
<BR>[Calls]<UL><LI><a href="#[d8]">&gt;&gt;</a>&nbsp;&nbsp;&nbsp;W25QXX_ReadID
<LI><a href="#[7b]">&gt;&gt;</a>&nbsp;&nbsp;&nbsp;Set_Wheel_Speed
<LI><a href="#[7d]">&gt;&gt;</a>&nbsp;&nbsp;&nbsp;Set_SideBrush_PWM
<LI><a href="#[de]">&gt;&gt;</a>&nbsp;&nbsp;&nbsp;Set_Main_Brush
<LI><a href="#[79]">&gt;&gt;</a>&nbsp;&nbsp;&nbsp;Set_MainBrush_PWM
<LI><a href="#[68]">&gt;&gt;</a>&nbsp;&nbsp;&nbsp;Set_LED_Table
<LI><a href="#[5f]">&gt;&gt;</a>&nbsp;&nbsp;&nbsp;Set_LED_On_Switch
<LI><a href="#[5e]">&gt;&gt;</a>&nbsp;&nbsp;&nbsp;Set_LED_On_Blink
<LI><a href="#[83]">&gt;&gt;</a>&nbsp;&nbsp;&nbsp;Set_LED
<LI><a href="#[7a]">&gt;&gt;</a>&nbsp;&nbsp;&nbsp;Set_Dir_Forward
<LI><a href="#[af]">&gt;&gt;</a>&nbsp;&nbsp;&nbsp;Set_Dir_Backward
<LI><a href="#[dd]">&gt;&gt;</a>&nbsp;&nbsp;&nbsp;Set_BLDC_TPWM
<LI><a href="#[dc]">&gt;&gt;</a>&nbsp;&nbsp;&nbsp;Set_BLDC_Speed
<LI><a href="#[ad]">&gt;&gt;</a>&nbsp;&nbsp;&nbsp;Remote_Key
<LI><a href="#[db]">&gt;&gt;</a>&nbsp;&nbsp;&nbsp;Rcon_ResetStatus
<LI><a href="#[da]">&gt;&gt;</a>&nbsp;&nbsp;&nbsp;Rcon_GetStatus
<LI><a href="#[a5]">&gt;&gt;</a>&nbsp;&nbsp;&nbsp;Move_Forward
<LI><a href="#[9b]">&gt;&gt;</a>&nbsp;&nbsp;&nbsp;Is_Key_Press
<LI><a href="#[d6]">&gt;&gt;</a>&nbsp;&nbsp;&nbsp;Gyro_ResetUpdateFlag
<LI><a href="#[94]">&gt;&gt;</a>&nbsp;&nbsp;&nbsp;Gyro_Cmd
<LI><a href="#[d7]">&gt;&gt;</a>&nbsp;&nbsp;&nbsp;Gryo_GetUpdateFlag
<LI><a href="#[6b]">&gt;&gt;</a>&nbsp;&nbsp;&nbsp;Get_Key_Time
<LI><a href="#[d9]">&gt;&gt;</a>&nbsp;&nbsp;&nbsp;Get_Bumper_Status
<LI><a href="#[82]">&gt;&gt;</a>&nbsp;&nbsp;&nbsp;Display_Clean_Status
<LI><a href="#[75]">&gt;&gt;</a>&nbsp;&nbsp;&nbsp;Debug_Print
<LI><a href="#[bf]">&gt;&gt;</a>&nbsp;&nbsp;&nbsp;Switch_Step
<LI><a href="#[a2]">&gt;&gt;</a>&nbsp;&nbsp;&nbsp;Motor_Test_Set
<LI><a href="#[5a]">&gt;&gt;</a>&nbsp;&nbsp;&nbsp;usprintf
<LI><a href="#[5b]">&gt;&gt;</a>&nbsp;&nbsp;&nbsp;ups3
<LI><a href="#[56]">&gt;&gt;</a>&nbsp;&nbsp;&nbsp;Speaker
<LI><a href="#[58]">&gt;&gt;</a>&nbsp;&nbsp;&nbsp;GetBatteryVoltage
<LI><a href="#[54]">&gt;&gt;</a>&nbsp;&nbsp;&nbsp;Charge_Configuration
<LI><a href="#[90]">&gt;&gt;</a>&nbsp;&nbsp;&nbsp;Get_Sys_Current
<LI><a href="#[59]">&gt;&gt;</a>&nbsp;&nbsp;&nbsp;Get_Charge_Current
<LI><a href="#[65]">&gt;&gt;</a>&nbsp;&nbsp;&nbsp;delay
<LI><a href="#[8f]">&gt;&gt;</a>&nbsp;&nbsp;&nbsp;Key_GetStatus
</UL>
<BR>[Called By]<UL><LI><a href="#[46]">&gt;&gt;</a>&nbsp;&nbsp;&nbsp;main
</UL>

<P><STRONG><a name="[c5]"></a>Timer0_Configuration</STRONG> (Thumb, 82 bytes, Stack size 0 bytes, sysinitialize.o(i.Timer0_Configuration))
<BR><BR>[Called By]<UL><LI><a href="#[c2]">&gt;&gt;</a>&nbsp;&nbsp;&nbsp;SystemInitialize
</UL>

<P><STRONG><a name="[c6]"></a>Timer1_Configuration</STRONG> (Thumb, 74 bytes, Stack size 0 bytes, sysinitialize.o(i.Timer1_Configuration))
<BR><BR>[Called By]<UL><LI><a href="#[c2]">&gt;&gt;</a>&nbsp;&nbsp;&nbsp;SystemInitialize
</UL>

<P><STRONG><a name="[c7]"></a>Timer3_Configuration</STRONG> (Thumb, 92 bytes, Stack size 0 bytes, sysinitialize.o(i.Timer3_Configuration))
<BR><BR>[Called By]<UL><LI><a href="#[c2]">&gt;&gt;</a>&nbsp;&nbsp;&nbsp;SystemInitialize
</UL>

<P><STRONG><a name="[c8]"></a>Timer5_Configuration</STRONG> (Thumb, 22 bytes, Stack size 0 bytes, sysinitialize.o(i.Timer5_Configuration))
<BR><BR>[Called By]<UL><LI><a href="#[c2]">&gt;&gt;</a>&nbsp;&nbsp;&nbsp;SystemInitialize
</UL>

<P><STRONG><a name="[c9]"></a>Timer6_Configuration</STRONG> (Thumb, 36 bytes, Stack size 0 bytes, sysinitialize.o(i.Timer6_Configuration))
<BR><BR>[Called By]<UL><LI><a href="#[c2]">&gt;&gt;</a>&nbsp;&nbsp;&nbsp;SystemInitialize
</UL>

<P><STRONG><a name="[ca]"></a>Timer7_Configuration</STRONG> (Thumb, 84 bytes, Stack size 0 bytes, sysinitialize.o(i.Timer7_Configuration))
<BR><BR>[Called By]<UL><LI><a href="#[c2]">&gt;&gt;</a>&nbsp;&nbsp;&nbsp;SystemInitialize
</UL>

<P><STRONG><a name="[7e]"></a>Turn_BLDC_Off</STRONG> (Thumb, 28 bytes, Stack size 4 bytes, bldc.o(i.Turn_BLDC_Off))
<BR><BR>[Stack]<UL><LI>Max Depth = 4<LI>Call Chain = Turn_BLDC_Off
</UL>
<BR>[Calls]<UL><LI><a href="#[dd]">&gt;&gt;</a>&nbsp;&nbsp;&nbsp;Set_BLDC_TPWM
<LI><a href="#[dc]">&gt;&gt;</a>&nbsp;&nbsp;&nbsp;Set_BLDC_Speed
</UL>
<BR>[Called By]<UL><LI><a href="#[78]">&gt;&gt;</a>&nbsp;&nbsp;&nbsp;Disable_Motors
</UL>

<P><STRONG><a name="[cb]"></a>USART0_Configuration</STRONG> (Thumb, 44 bytes, Stack size 0 bytes, usart.o(i.USART0_Configuration))
<BR><BR>[Called By]<UL><LI><a href="#[c2]">&gt;&gt;</a>&nbsp;&nbsp;&nbsp;SystemInitialize
</UL>

<P><STRONG><a name="[74]"></a>USART0_DMA_String</STRONG> (Thumb, 52 bytes, Stack size 0 bytes, usart.o(i.USART0_DMA_String))
<BR><BR>[Called By]<UL><LI><a href="#[73]">&gt;&gt;</a>&nbsp;&nbsp;&nbsp;Debug_DMA_Write_String
</UL>

<P><STRONG><a name="[2f]"></a>USART0_IRQHandler</STRONG> (Thumb, 60 bytes, Stack size 8 bytes, gd32f30x_it.o(i.USART0_IRQHandler))
<BR><BR>[Stack]<UL><LI>Max Depth = 16<LI>Call Chain = USART0_IRQHandler &rArr; usart_interrupt_flag_get
</UL>
<BR>[Calls]<UL><LI><a href="#[e0]">&gt;&gt;</a>&nbsp;&nbsp;&nbsp;usart_interrupt_flag_get
<LI><a href="#[df]">&gt;&gt;</a>&nbsp;&nbsp;&nbsp;usart_flag_get
<LI><a href="#[e1]">&gt;&gt;</a>&nbsp;&nbsp;&nbsp;usart_flag_clear
</UL>
<BR>[Address Reference Count : 1]<UL><LI> startup_gd32f30x_hd.o(RESET)
</UL>
<P><STRONG><a name="[77]"></a>USART0_Transmit_Byte</STRONG> (Thumb, 22 bytes, Stack size 0 bytes, usart.o(i.USART0_Transmit_Byte))
<BR><BR>[Called By]<UL><LI><a href="#[76]">&gt;&gt;</a>&nbsp;&nbsp;&nbsp;Debug_Write_Byte
</UL>

<P><STRONG><a name="[cc]"></a>USART1_Configuration</STRONG> (Thumb, 44 bytes, Stack size 0 bytes, usart.o(i.USART1_Configuration))
<BR><BR>[Called By]<UL><LI><a href="#[c2]">&gt;&gt;</a>&nbsp;&nbsp;&nbsp;SystemInitialize
</UL>

<P><STRONG><a name="[30]"></a>USART1_IRQHandler</STRONG> (Thumb, 80 bytes, Stack size 8 bytes, gd32f30x_it.o(i.USART1_IRQHandler))
<BR><BR>[Stack]<UL><LI>Max Depth = 16<LI>Call Chain = USART1_IRQHandler &rArr; usart_interrupt_flag_get
</UL>
<BR>[Calls]<UL><LI><a href="#[e2]">&gt;&gt;</a>&nbsp;&nbsp;&nbsp;uart_receive_input
<LI><a href="#[e0]">&gt;&gt;</a>&nbsp;&nbsp;&nbsp;usart_interrupt_flag_get
<LI><a href="#[df]">&gt;&gt;</a>&nbsp;&nbsp;&nbsp;usart_flag_get
<LI><a href="#[e1]">&gt;&gt;</a>&nbsp;&nbsp;&nbsp;usart_flag_clear
<LI><a href="#[69]">&gt;&gt;</a>&nbsp;&nbsp;&nbsp;Get_Wifi_Enable
</UL>
<BR>[Address Reference Count : 1]<UL><LI> startup_gd32f30x_hd.o(RESET)
</UL>
<P><STRONG><a name="[127]"></a>USART1_Transmit_Byte</STRONG> (Thumb, 22 bytes, Stack size 0 bytes, usart.o(i.USART1_Transmit_Byte))
<BR><BR>[Called By]<UL><LI><a href="#[126]">&gt;&gt;</a>&nbsp;&nbsp;&nbsp;uart_transmit_output
</UL>

<P><STRONG><a name="[cd]"></a>USART2_Configuration</STRONG> (Thumb, 44 bytes, Stack size 0 bytes, usart.o(i.USART2_Configuration))
<BR><BR>[Called By]<UL><LI><a href="#[c2]">&gt;&gt;</a>&nbsp;&nbsp;&nbsp;SystemInitialize
</UL>

<P><STRONG><a name="[98]"></a>USART2_DMA_String</STRONG> (Thumb, 52 bytes, Stack size 0 bytes, usart.o(i.USART2_DMA_String))
[...]
</UL>

<P><STRONG><a name="[ed]"></a>set_wifi_uart_byte</STRONG> (Thumb, 12 bytes, Stack size 0 bytes, system.o(i.set_wifi_uart_byte))
<BR><BR>[Called By]<UL><LI><a href="#[ec]">&gt;&gt;</a>&nbsp;&nbsp;&nbsp;Wifi_Package_Choose
<LI><a href="#[6c]">&gt;&gt;</a>&nbsp;&nbsp;&nbsp;mcu_set_wifi_mode
<LI><a href="#[f4]">&gt;&gt;</a>&nbsp;&nbsp;&nbsp;mcu_dp_value_update
<LI><a href="#[f5]">&gt;&gt;</a>&nbsp;&nbsp;&nbsp;mcu_dp_string_update
<LI><a href="#[f2]">&gt;&gt;</a>&nbsp;&nbsp;&nbsp;mcu_dp_fault_update
<LI><a href="#[f3]">&gt;&gt;</a>&nbsp;&nbsp;&nbsp;mcu_dp_enum_update
<LI><a href="#[f1]">&gt;&gt;</a>&nbsp;&nbsp;&nbsp;mcu_dp_bool_update
<LI><a href="#[f9]">&gt;&gt;</a>&nbsp;&nbsp;&nbsp;heat_beat_check
</UL>

<P><STRONG><a name="[d3]"></a>timer_interrupt_flag_clear</STRONG> (Thumb, 8 bytes, Stack size 0 bytes, gd32f30x_timer.o(i.timer_interrupt_flag_clear))
<BR><BR>[Called By]<UL><LI><a href="#[41]">&gt;&gt;</a>&nbsp;&nbsp;&nbsp;TIMER6_IRQHandler
<LI><a href="#[40]">&gt;&gt;</a>&nbsp;&nbsp;&nbsp;TIMER5_IRQHandler
<LI><a href="#[26]">&gt;&gt;</a>&nbsp;&nbsp;&nbsp;TIMER1_IRQHandler
</UL>

<P><STRONG><a name="[d2]"></a>timer_interrupt_flag_get</STRONG> (Thumb, 24 bytes, Stack size 0 bytes, gd32f30x_timer.o(i.timer_interrupt_flag_get))
<BR><BR>[Called By]<UL><LI><a href="#[41]">&gt;&gt;</a>&nbsp;&nbsp;&nbsp;TIMER6_IRQHandler
<LI><a href="#[40]">&gt;&gt;</a>&nbsp;&nbsp;&nbsp;TIMER5_IRQHandler
<LI><a href="#[26]">&gt;&gt;</a>&nbsp;&nbsp;&nbsp;TIMER1_IRQHandler
</UL>

<P><STRONG><a name="[e2]"></a>uart_receive_input</STRONG> (Thumb, 78 bytes, Stack size 0 bytes, mcu_api.o(i.uart_receive_input))
<BR><BR>[Called By]<UL><LI><a href="#[30]">&gt;&gt;</a>&nbsp;&nbsp;&nbsp;USART1_IRQHandler
</UL>

<P><STRONG><a name="[126]"></a>uart_transmit_output</STRONG> (Thumb, 12 bytes, Stack size 8 bytes, protocol.o(i.uart_transmit_output))
<BR><BR>[Stack]<UL><LI>Max Depth = 8<LI>Call Chain = uart_transmit_output
</UL>
<BR>[Calls]<UL><LI><a href="#[127]">&gt;&gt;</a>&nbsp;&nbsp;&nbsp;USART1_Transmit_Byte
</UL>
<BR>[Called By]<UL><LI><a href="#[12b]">&gt;&gt;</a>&nbsp;&nbsp;&nbsp;wifi_uart_write_data
</UL>

<P><STRONG><a name="[5b]"></a>ups3</STRONG> (Thumb, 24 bytes, Stack size 8 bytes, usart.o(i.ups3))
<BR><BR>[Stack]<UL><LI>Max Depth = 12<LI>Call Chain = ups3 &rArr; Debug_Write_Byte
</UL>
<BR>[Calls]<UL><LI><a href="#[76]">&gt;&gt;</a>&nbsp;&nbsp;&nbsp;Debug_Write_Byte
</UL>
<BR>[Called By]<UL><LI><a href="#[bf]">&gt;&gt;</a>&nbsp;&nbsp;&nbsp;Switch_Step
<LI><a href="#[53]">&gt;&gt;</a>&nbsp;&nbsp;&nbsp;Charge_Process
<LI><a href="#[d5]">&gt;&gt;</a>&nbsp;&nbsp;&nbsp;Test_Mode
<LI><a href="#[5c]">&gt;&gt;</a>&nbsp;&nbsp;&nbsp;Check_for_IAP
<LI><a href="#[e4]">&gt;&gt;</a>&nbsp;&nbsp;&nbsp;W25QXX_Erase_Sector
</UL>

<P><STRONG><a name="[e1]"></a>usart_flag_clear</STRONG> (Thumb, 26 bytes, Stack size 8 bytes, gd32f30x_usart.o(i.usart_flag_clear))
<BR><BR>[Stack]<UL><LI>Max Depth = 8<LI>Call Chain = usart_flag_clear
</UL>
<BR>[Called By]<UL><LI><a href="#[31]">&gt;&gt;</a>&nbsp;&nbsp;&nbsp;USART2_IRQHandler
<LI><a href="#[30]">&gt;&gt;</a>&nbsp;&nbsp;&nbsp;USART1_IRQHandler
<LI><a href="#[2f]">&gt;&gt;</a>&nbsp;&nbsp;&nbsp;USART0_IRQHandler
</UL>

<P><STRONG><a name="[df]"></a>usart_flag_get</STRONG> (Thumb, 30 bytes, Stack size 8 bytes, gd32f30x_usart.o(i.usart_flag_get))
<BR><BR>[Stack]<UL><LI>Max Depth = 8<LI>Call Chain = usart_flag_get
</UL>
<BR>[Called By]<UL><LI><a href="#[31]">&gt;&gt;</a>&nbsp;&nbsp;&nbsp;USART2_IRQHandler
<LI><a href="#[30]">&gt;&gt;</a>&nbsp;&nbsp;&nbsp;USART1_IRQHandler
<LI><a href="#[2f]">&gt;&gt;</a>&nbsp;&nbsp;&nbsp;USART0_IRQHandler
</UL>

<P><STRONG><a name="[e0]"></a>usart_interrupt_flag_get</STRONG> (Thumb, 30 bytes, Stack size 8 bytes, gd32f30x_usart.o(i.usart_interrupt_flag_get))
<BR><BR>[Stack]<UL><LI>Max Depth = 8<LI>Call Chain = usart_interrupt_flag_get
</UL>
<BR>[Called By]<UL><LI><a href="#[31]">&gt;&gt;</a>&nbsp;&nbsp;&nbsp;USART2_IRQHandler
<LI><a href="#[30]">&gt;&gt;</a>&nbsp;&nbsp;&nbsp;USART1_IRQHandler
<LI><a href="#[2f]">&gt;&gt;</a>&nbsp;&nbsp;&nbsp;USART0_IRQHandler
</UL>

<P><STRONG><a name="[5a]"></a>usprintf</STRONG> (Thumb, 24 bytes, Stack size 24 bytes, printf-stdarg.o(i.usprintf))
<BR><BR>[Stack]<UL><LI>Max Depth = 216<LI>Call Chain = usprintf &rArr; print &rArr; printi &rArr; prints &rArr; printchar &rArr; putchar &rArr; fputc
</UL>
<BR>[Calls]<UL><LI><a href="#[11d]">&gt;&gt;</a>&nbsp;&nbsp;&nbsp;print
</UL>
<BR>[Called By]<UL><LI><a href="#[bf]">&gt;&gt;</a>&nbsp;&nbsp;&nbsp;Switch_Step
<LI><a href="#[53]">&gt;&gt;</a>&nbsp;&nbsp;&nbsp;Charge_Process
<LI><a href="#[d5]">&gt;&gt;</a>&nbsp;&nbsp;&nbsp;Test_Mode
<LI><a href="#[5c]">&gt;&gt;</a>&nbsp;&nbsp;&nbsp;Check_for_IAP
<LI><a href="#[e4]">&gt;&gt;</a>&nbsp;&nbsp;&nbsp;W25QXX_Erase_Sector
</UL>

<P><STRONG><a name="[119]"></a>wifi_protocol_init</STRONG> (Thumb, 18 bytes, Stack size 0 bytes, mcu_api.o(i.wifi_protocol_init))
<BR><BR>[Called By]<UL><LI><a href="#[46]">&gt;&gt;</a>&nbsp;&nbsp;&nbsp;main
</UL>

<P><STRONG><a name="[ff]"></a>wifi_test_result</STRONG> (Thumb, 8 bytes, Stack size 0 bytes, protocol.o(i.wifi_test_result))
<BR><BR>[Called By]<UL><LI><a href="#[f8]">&gt;&gt;</a>&nbsp;&nbsp;&nbsp;data_handle
</UL>

<P><STRONG><a name="[6a]"></a>wifi_uart_service</STRONG> (Thumb, 242 bytes, Stack size 16 bytes, mcu_api.o(i.wifi_uart_service))
<BR><BR>[Stack]<UL><LI>Max Depth = 360<LI>Call Chain = wifi_uart_service &rArr; data_handle &rArr; mcu_firm_update_handle &rArr; Set_Upgrade_Flag &rArr; W25QXX_Write &rArr; W25QXX_Erase_Sector &rArr; usprintf &rArr; print &rArr; printi &rArr; prints &rArr; printchar &rArr; putchar &rArr; fputc
</UL>
<BR>[Calls]<UL><LI><a href="#[129]">&gt;&gt;</a>&nbsp;&nbsp;&nbsp;get_queue_total_data
<LI><a href="#[12a]">&gt;&gt;</a>&nbsp;&nbsp;&nbsp;get_check_sum
<LI><a href="#[f8]">&gt;&gt;</a>&nbsp;&nbsp;&nbsp;data_handle
<LI><a href="#[128]">&gt;&gt;</a>&nbsp;&nbsp;&nbsp;Queue_Read_Byte
<LI><a href="#[124]">&gt;&gt;</a>&nbsp;&nbsp;&nbsp;my_memcpy
</UL>
<BR>[Called By]<UL><LI><a href="#[5c]">&gt;&gt;</a>&nbsp;&nbsp;&nbsp;Check_for_IAP
</UL>

<P><STRONG><a name="[ee]"></a>wifi_uart_write_frame</STRONG> (Thumb, 64 bytes, Stack size 16 bytes, system.o(i.wifi_uart_write_frame))
<BR><BR>[Stack]<UL><LI>Max Depth = 40<LI>Call Chain = wifi_uart_write_frame &rArr; wifi_uart_write_data &rArr; uart_transmit_output
</UL>
<BR>[Calls]<UL><LI><a href="#[12a]">&gt;&gt;</a>&nbsp;&nbsp;&nbsp;get_check_sum
<LI><a href="#[12b]">&gt;&gt;</a>&nbsp;&nbsp;&nbsp;wifi_uart_write_data
</UL>
<BR>[Called By]<UL><LI><a href="#[ef]">&gt;&gt;</a>&nbsp;&nbsp;&nbsp;Wifi_Rece_Package_Report
<LI><a href="#[ec]">&gt;&gt;</a>&nbsp;&nbsp;&nbsp;Wifi_Package_Choose
<LI><a href="#[f8]">&gt;&gt;</a>&nbsp;&nbsp;&nbsp;data_handle
<LI><a href="#[6c]">&gt;&gt;</a>&nbsp;&nbsp;&nbsp;mcu_set_wifi_mode
<LI><a href="#[f4]">&gt;&gt;</a>&nbsp;&nbsp;&nbsp;mcu_dp_value_update
<LI><a href="#[f5]">&gt;&gt;</a>&nbsp;&nbsp;&nbsp;mcu_dp_string_update
<LI><a href="#[f2]">&gt;&gt;</a>&nbsp;&nbsp;&nbsp;mcu_dp_fault_update
<LI><a href="#[f3]">&gt;&gt;</a>&nbsp;&nbsp;&nbsp;mcu_dp_enum_update
<LI><a href="#[f1]">&gt;&gt;</a>&nbsp;&nbsp;&nbsp;mcu_dp_bool_update
<LI><a href="#[fa]">&gt;&gt;</a>&nbsp;&nbsp;&nbsp;product_info_update
<LI><a href="#[f9]">&gt;&gt;</a>&nbsp;&nbsp;&nbsp;heat_beat_check
<LI><a href="#[fb]">&gt;&gt;</a>&nbsp;&nbsp;&nbsp;get_mcu_wifi_mode
</UL>
<P>
<H3>
Local Symbols
</H3>
<P><STRONG><a name="[102]"></a>dp_download_directioncontrol_handle</STRONG> (Thumb, 98 bytes, Stack size 24 bytes, protocol.o(i.dp_download_directioncontrol_handle))
<BR><BR>[Stack]<UL><LI>Max Depth = 80<LI>Call Chain = dp_download_directioncontrol_handle &rArr; mcu_dp_enum_update &rArr; wifi_uart_write_frame &rArr; wifi_uart_write_data &rArr; uart_transmit_output
</UL>
<BR>[Calls]<UL><LI><a href="#[104]">&gt;&gt;</a>&nbsp;&nbsp;&nbsp;Wifi_SetRemoteCode
<LI><a href="#[103]">&gt;&gt;</a>&nbsp;&nbsp;&nbsp;mcu_get_dp_download_enum
<LI><a href="#[f3]">&gt;&gt;</a>&nbsp;&nbsp;&nbsp;mcu_dp_enum_update
</UL>
<BR>[Called By]<UL><LI><a href="#[101]">&gt;&gt;</a>&nbsp;&nbsp;&nbsp;dp_download_handle
</UL>

<P><STRONG><a name="[105]"></a>dp_download_edge_brush_handle</STRONG> (Thumb, 62 bytes, Stack size 24 bytes, protocol.o(i.dp_download_edge_brush_handle))
<BR><BR>[Stack]<UL><LI>Max Depth = 80<LI>Call Chain = dp_download_edge_brush_handle &rArr; mcu_dp_enum_update &rArr; wifi_uart_write_frame &rArr; wifi_uart_write_data &rArr; uart_transmit_output
</UL>
<BR>[Calls]<UL><LI><a href="#[103]">&gt;&gt;</a>&nbsp;&nbsp;&nbsp;mcu_get_dp_download_enum
<LI><a href="#[f3]">&gt;&gt;</a>&nbsp;&nbsp;&nbsp;mcu_dp_enum_update
</UL>
<BR>[Called By]<UL><LI><a href="#[101]">&gt;&gt;</a>&nbsp;&nbsp;&nbsp;dp_download_handle
</UL>

<P><STRONG><a name="[106]"></a>dp_download_filter_handle</STRONG> (Thumb, 62 bytes, Stack size 24 bytes, protocol.o(i.dp_download_filter_handle))
<BR><BR>[Stack]<UL><LI>Max Depth = 80<LI>Call Chain = dp_download_filter_handle &rArr; mcu_dp_enum_update &rArr; wifi_uart_write_frame &rArr; wifi_uart_write_data &rArr; uart_transmit_output
</UL>
<BR>[Calls]<UL><LI><a href="#[103]">&gt;&gt;</a>&nbsp;&nbsp;&nbsp;mcu_get_dp_download_enum
<LI><a href="#[f3]">&gt;&gt;</a>&nbsp;&nbsp;&nbsp;mcu_dp_enum_update
</UL>
<BR>[Called By]<UL><LI><a href="#[101]">&gt;&gt;</a>&nbsp;&nbsp;&nbsp;dp_download_handle
</UL>

<P><STRONG><a name="[10c]"></a>dp_download_hypa_handle</STRONG> (Thumb, 62 bytes, Stack size 24 bytes, protocol.o(i.dp_download_hypa_handle))
<BR><BR>[Stack]<UL><LI>Max Depth = 80<LI>Call Chain = dp_download_hypa_handle &rArr; mcu_dp_enum_update &rArr; wifi_uart_write_frame &rArr; wifi_uart_write_data &rArr; uart_transmit_output
</UL>
<BR>[Calls]<UL><LI><a href="#[103]">&gt;&gt;</a>&nbsp;&nbsp;&nbsp;mcu_get_dp_download_enum
<LI><a href="#[f3]">&gt;&gt;</a>&nbsp;&nbsp;&nbsp;mcu_dp_enum_update
</UL>
<BR>[Called By]<UL><LI><a href="#[101]">&gt;&gt;</a>&nbsp;&nbsp;&nbsp;dp_download_handle
</UL>

<P><STRONG><a name="[108]"></a>dp_download_mode_handle</STRONG> (Thumb, 110 bytes, Stack size 24 bytes, protocol.o(i.dp_download_mode_handle))
<BR><BR>[Stack]<UL><LI>Max Depth = 80<LI>Call Chain = dp_download_mode_handle &rArr; mcu_dp_enum_update &rArr; wifi_uart_write_frame &rArr; wifi_uart_write_data &rArr; uart_transmit_output
</UL>
<BR>[Calls]<UL><LI><a href="#[103]">&gt;&gt;</a>&nbsp;&nbsp;&nbsp;mcu_get_dp_download_enum
<LI><a href="#[f3]">&gt;&gt;</a>&nbsp;&nbsp;&nbsp;mcu_dp_enum_update
<LI><a href="#[a0]">&gt;&gt;</a>&nbsp;&nbsp;&nbsp;Mode_SetMode
</UL>
<BR>[Called By]<UL><LI><a href="#[101]">&gt;&gt;</a>&nbsp;&nbsp;&nbsp;dp_download_handle
</UL>

<P><STRONG><a name="[10d]"></a>dp_download_mop_handle</STRONG> (Thumb, 62 bytes, Stack size 24 bytes, protocol.o(i.dp_download_mop_handle))
<BR><BR>[Stack]<UL><LI>Max Depth = 80<LI>Call Chain = dp_download_mop_handle &rArr; mcu_dp_enum_update &rArr; wifi_uart_write_frame &rArr; wifi_uart_write_data &rArr; uart_transmit_output
</UL>
<BR>[Calls]<UL><LI><a href="#[103]">&gt;&gt;</a>&nbsp;&nbsp;&nbsp;mcu_get_dp_download_enum
<LI><a href="#[f3]">&gt;&gt;</a>&nbsp;&nbsp;&nbsp;mcu_dp_enum_update
</UL>
<BR>[Called By]<UL><LI><a href="#[101]">&gt;&gt;</a>&nbsp;&nbsp;&nbsp;dp_download_handle
</UL>

<P><STRONG><a name="[10a]"></a>dp_download_power_go_handle</STRONG> (Thumb, 40 bytes, Stack size 24 bytes, protocol.o(i.dp_download_power_go_handle))
<BR><BR>[Stack]<UL><LI>Max Depth = 80<LI>Call Chain = dp_download_power_go_handle &rArr; mcu_dp_bool_update &rArr; wifi_uart_write_frame &rArr; wifi_uart_write_data &rArr; uart_transmit_output
</UL>
<BR>[Calls]<UL><LI><a href="#[10f]">&gt;&gt;</a>&nbsp;&nbsp;&nbsp;mcu_get_dp_download_bool
<LI><a href="#[f1]">&gt;&gt;</a>&nbsp;&nbsp;&nbsp;mcu_dp_bool_update
</UL>
<BR>[Called By]<UL><LI><a href="#[101]">&gt;&gt;</a>&nbsp;&nbsp;&nbsp;dp_download_handle
</UL>

<P><STRONG><a name="[107]"></a>dp_download_power_handle</STRONG> (Thumb, 40 bytes, Stack size 24 bytes, protocol.o(i.dp_download_power_handle))
<BR><BR>[Stack]<UL><LI>Max Depth = 80<LI>Call Chain = dp_download_power_handle &rArr; mcu_dp_bool_update &rArr; wifi_uart_write_frame &rArr; wifi_uart_write_data &rArr; uart_transmit_output
</UL>
<BR>[Calls]<UL><LI><a href="#[10f]">&gt;&gt;</a>&nbsp;&nbsp;&nbsp;mcu_get_dp_download_bool
<LI><a href="#[f1]">&gt;&gt;</a>&nbsp;&nbsp;&nbsp;mcu_dp_bool_update
</UL>
<BR>[Called By]<UL><LI><a href="#[101]">&gt;&gt;</a>&nbsp;&nbsp;&nbsp;dp_download_handle
</UL>

<P><STRONG><a name="[10e]"></a>dp_download_roll_brush_handle</STRONG> (Thumb, 62 bytes, Stack size 24 bytes, protocol.o(i.dp_download_roll_brush_handle))
<BR><BR>[Stack]<UL><LI>Max Depth = 80<LI>Call Chain = dp_download_roll_brush_handle &rArr; mcu_dp_enum_update &rArr; wifi_uart_write_frame &rArr; wifi_uart_write_data &rArr; uart_transmit_output
</UL>
<BR>[Calls]<UL><LI><a href="#[103]">&gt;&gt;</a>&nbsp;&nbsp;&nbsp;mcu_get_dp_download_enum
<LI><a href="#[f3]">&gt;&gt;</a>&nbsp;&nbsp;&nbsp;mcu_dp_enum_update
</UL>
<BR>[Called By]<UL><LI><a href="#[101]">&gt;&gt;</a>&nbsp;&nbsp;&nbsp;dp_download_handle
</UL>

<P><STRONG><a name="[109]"></a>dp_download_suck_handle</STRONG> (Thumb, 86 bytes, Stack size 24 bytes, protocol.o(i.dp_download_suck_handle))
<BR><BR>[Stack]<UL><LI>Max Depth = 80<LI>Call Chain = dp_download_suck_handle &rArr; mcu_dp_enum_update &rArr; wifi_uart_write_frame &rArr; wifi_uart_write_data &rArr; uart_transmit_output
</UL>
<BR>[Calls]<UL><LI><a href="#[110]">&gt;&gt;</a>&nbsp;&nbsp;&nbsp;Set_VacMode
<LI><a href="#[103]">&gt;&gt;</a>&nbsp;&nbsp;&nbsp;mcu_get_dp_download_enum
<LI><a href="#[f3]">&gt;&gt;</a>&nbsp;&nbsp;&nbsp;mcu_dp_enum_update
</UL>
<BR>[Called By]<UL><LI><a href="#[101]">&gt;&gt;</a>&nbsp;&nbsp;&nbsp;dp_download_handle
</UL>

<P><STRONG><a name="[10b]"></a>dp_download_volume_handle</STRONG> (Thumb, 40 bytes, Stack size 24 bytes, protocol.o(i.dp_download_volume_handle))
<BR><BR>[Stack]<UL><LI>Max Depth = 80<LI>Call Chain = dp_download_volume_handle &rArr; mcu_dp_value_update &rArr; wifi_uart_write_frame &rArr; wifi_uart_write_data &rArr; uart_transmit_output
</UL>
<BR>[Calls]<UL><LI><a href="#[111]">&gt;&gt;</a>&nbsp;&nbsp;&nbsp;mcu_get_dp_download_value
<LI><a href="#[f4]">&gt;&gt;</a>&nbsp;&nbsp;&nbsp;mcu_dp_value_update
</UL>
<BR>[Called By]<UL><LI><a href="#[101]">&gt;&gt;</a>&nbsp;&nbsp;&nbsp;dp_download_handle
</UL>

<P><STRONG><a name="[fd]"></a>data_point_handle</STRONG> (Thumb, 70 bytes, Stack size 32 bytes, system.o(i.data_point_handle))
<BR><BR>[Stack]<UL><LI>Max Depth = 136<LI>Call Chain = data_point_handle &rArr; dp_download_handle &rArr; dp_download_volume_handle &rArr; mcu_dp_value_update &rArr; wifi_uart_write_frame &rArr; wifi_uart_write_data &rArr; uart_transmit_output
</UL>
<BR>[Calls]<UL><LI><a href="#[101]">&gt;&gt;</a>&nbsp;&nbsp;&nbsp;dp_download_handle
<LI><a href="#[100]">&gt;&gt;</a>&nbsp;&nbsp;&nbsp;get_dowmload_dpid_index
</UL>
<BR>[Called By]<UL><LI><a href="#[f8]">&gt;&gt;</a>&nbsp;&nbsp;&nbsp;data_handle
</UL>

<P><STRONG><a name="[100]"></a>get_dowmload_dpid_index</STRONG> (Thumb, 40 bytes, Stack size 16 bytes, system.o(i.get_dowmload_dpid_index))
<BR><BR>[Stack]<UL><LI>Max Depth = 16<LI>Call Chain = get_dowmload_dpid_index
</UL>
<BR>[Calls]<UL><LI><a href="#[118]">&gt;&gt;</a>&nbsp;&nbsp;&nbsp;get_download_cmd_total
</UL>
<BR>[Called By]<UL><LI><a href="#[fd]">&gt;&gt;</a>&nbsp;&nbsp;&nbsp;data_point_handle
</UL>

<P><STRONG><a name="[fb]"></a>get_mcu_wifi_mode</STRONG> (Thumb, 14 bytes, Stack size 8 bytes, system.o(i.get_mcu_wifi_mode))
<BR><BR>[Stack]<UL><LI>Max Depth = 48<LI>Call Chain = get_mcu_wifi_mode &rArr; wifi_uart_write_frame &rArr; wifi_uart_write_data &rArr; uart_transmit_output
</UL>
<BR>[Calls]<UL><LI><a href="#[ee]">&gt;&gt;</a>&nbsp;&nbsp;&nbsp;wifi_uart_write_frame
</UL>
<BR>[Called By]<UL><LI><a href="#[f8]">&gt;&gt;</a>&nbsp;&nbsp;&nbsp;data_handle
</UL>

<P><STRONG><a name="[f9]"></a>heat_beat_check</STRONG> (Thumb, 48 bytes, Stack size 8 bytes, system.o(i.heat_beat_check))
<BR><BR>[Stack]<UL><LI>Max Depth = 48<LI>Call Chain = heat_beat_check &rArr; wifi_uart_write_frame &rArr; wifi_uart_write_data &rArr; uart_transmit_output
</UL>
<BR>[Calls]<UL><LI><a href="#[ee]">&gt;&gt;</a>&nbsp;&nbsp;&nbsp;wifi_uart_write_frame
<LI><a href="#[ed]">&gt;&gt;</a>&nbsp;&nbsp;&nbsp;set_wifi_uart_byte
</UL>
<BR>[Called By]<UL><LI><a href="#[f8]">&gt;&gt;</a>&nbsp;&nbsp;&nbsp;data_handle
</UL>

<P><STRONG><a name="[fa]"></a>product_info_update</STRONG> (Thumb, 154 bytes, Stack size 16 bytes, system.o(i.product_info_update))
<BR><BR>[Stack]<UL><LI>Max Depth = 60<LI>Call Chain = product_info_update &rArr; set_wifi_uart_buffer &rArr; my_memcpy
</UL>
<BR>[Calls]<UL><LI><a href="#[ee]">&gt;&gt;</a>&nbsp;&nbsp;&nbsp;wifi_uart_write_frame
<LI><a href="#[11b]">&gt;&gt;</a>&nbsp;&nbsp;&nbsp;set_wifi_uart_buffer
<LI><a href="#[122]">&gt;&gt;</a>&nbsp;&nbsp;&nbsp;my_strlen
</UL>
<BR>[Called By]<UL><LI><a href="#[f8]">&gt;&gt;</a>&nbsp;&nbsp;&nbsp;data_handle
</UL>

<P><STRONG><a name="[12b]"></a>wifi_uart_write_data</STRONG> (Thumb, 36 bytes, Stack size 16 bytes, system.o(i.wifi_uart_write_data))
<BR><BR>[Stack]<UL><LI>Max Depth = 24<LI>Call Chain = wifi_uart_write_data &rArr; uart_transmit_output
</UL>
<BR>[Calls]<UL><LI><a href="#[126]">&gt;&gt;</a>&nbsp;&nbsp;&nbsp;uart_transmit_output
</UL>
<BR>[Called By]<UL><LI><a href="#[ee]">&gt;&gt;</a>&nbsp;&nbsp;&nbsp;wifi_uart_write_frame
</UL>

<P><STRONG><a name="[11d]"></a>print</STRONG> (Thumb, 368 bytes, Stack size 56 bytes, printf-stdarg.o(i.print))
<BR><BR>[Stack]<UL><LI>Max Depth = 192<LI>Call Chain = print &rArr; printi &rArr; prints &rArr; printchar &rArr; putchar &rArr; fputc
</UL>
<BR>[Calls]<UL><LI><a href="#[11e]">&gt;&gt;</a>&nbsp;&nbsp;&nbsp;prints
<LI><a href="#[11f]">&gt;&gt;</a>&nbsp;&nbsp;&nbsp;printi
<LI><a href="#[120]">&gt;&gt;</a>&nbsp;&nbsp;&nbsp;printchar
</UL>
<BR>[Called By]<UL><LI><a href="#[5a]">&gt;&gt;</a>&nbsp;&nbsp;&nbsp;usprintf
</UL>

<P><STRONG><a name="[120]"></a>printchar</STRONG> (Thumb, 28 bytes, Stack size 16 bytes, printf-stdarg.o(i.printchar))
<BR><BR>[Stack]<UL><LI>Max Depth = 32<LI>Call Chain = printchar &rArr; putchar &rArr; fputc
</UL>
<BR>[Calls]<UL><LI><a href="#[121]">&gt;&gt;</a>&nbsp;&nbsp;&nbsp;putchar
</UL>
<BR>[Called By]<UL><LI><a href="#[11e]">&gt;&gt;</a>&nbsp;&nbsp;&nbsp;prints
<LI><a href="#[11f]">&gt;&gt;</a>&nbsp;&nbsp;&nbsp;printi
<LI><a href="#[11d]">&gt;&gt;</a>&nbsp;&nbsp;&nbsp;print
</UL>

<P><STRONG><a name="[11f]"></a>printi</STRONG> (Thumb, 186 bytes, Stack size 72 bytes, printf-stdarg.o(i.printi))
<BR><BR>[Stack]<UL><LI>Max Depth = 136<LI>Call Chain = printi &rArr; prints &rArr; printchar &rArr; putchar &rArr; fputc
</UL>
<BR>[Calls]<UL><LI><a href="#[11e]">&gt;&gt;</a>&nbsp;&nbsp;&nbsp;prints
<LI><a href="#[120]">&gt;&gt;</a>&nbsp;&nbsp;&nbsp;printchar
</UL>
<BR>[Called By]<UL><LI><a href="#[11d]">&gt;&gt;</a>&nbsp;&nbsp;&nbsp;print
</UL>

<P><STRONG><a name="[11e]"></a>prints</STRONG> (Thumb, 128 bytes, Stack size 32 bytes, printf-stdarg.o(i.prints))
<BR><BR>[Stack]<UL><LI>Max Depth = 64<LI>Call Chain = prints &rArr; printchar &rArr; putchar &rArr; fputc
</UL>
<BR>[Calls]<UL><LI><a href="#[120]">&gt;&gt;</a>&nbsp;&nbsp;&nbsp;printchar
</UL>
<BR>[Called By]<UL><LI><a href="#[11f]">&gt;&gt;</a>&nbsp;&nbsp;&nbsp;printi
<LI><a href="#[11d]">&gt;&gt;</a>&nbsp;&nbsp;&nbsp;print
</UL>

<P><STRONG><a name="[125]"></a>system_clock_120m_hxtal</STRONG> (Thumb, 266 bytes, Stack size 0 bytes, system_gd32f30x.o(i.system_clock_120m_hxtal))
<BR><BR>[Called By]<UL><LI><a href="#[c1]">&gt;&gt;</a>&nbsp;&nbsp;&nbsp;system_clock_config
</UL>

<P><STRONG><a name="[c1]"></a>system_clock_config</STRONG> (Thumb, 8 bytes, Stack size 8 bytes, system_gd32f30x.o(i.system_clock_config))
<BR><BR>[Stack]<UL><LI>Max Depth = 8<LI>Call Chain = system_clock_config
</UL>
<BR>[Calls]<UL><LI><a href="#[125]">&gt;&gt;</a>&nbsp;&nbsp;&nbsp;system_clock_120m_hxtal
</UL>
<BR>[Called By]<UL><LI><a href="#[47]">&gt;&gt;</a>&nbsp;&nbsp;&nbsp;SystemInit
</UL>
<P>
<H3>
Undefined Global Symbols
</H3><HR></body></html>
