Component: ARM Compiler 5.06 update 6 (build 750) Tool: armlink [4d35ed]

==============================================================================

Section Cross References

    main.o(i.Task_MainTask) refers to sysinitialize.o(i.System_StoreMotorBaseline) for System_StoreMotorBaseline
    main.o(i.Task_MainTask) refers to obscliff.o(i.OBS_ResetTrigValue) for OBS_ResetTrigValue
    main.o(i.Task_MainTask) refers to movement.o(i.Error_SetCode) for Error_SetCode
    main.o(i.Task_MainTask) refers to speaker.o(i.Speaker) for Speaker
    main.o(i.Task_MainTask) refers to movement.o(i.Battery_Capacity_Reset) for Battery_Capacity_Reset
    main.o(i.Task_MainTask) refers to mcu_api.o(i.wifi_protocol_init) for wifi_protocol_init
    main.o(i.Task_MainTask) refers to sysinitialize.o(i.Wifi_All_Data_Init) for Wifi_All_Data_Init
    main.o(i.Task_MainTask) refers to wifiota.o(i.Set_Wifi_Enable) for Set_Wifi_Enable
    main.o(i.Task_MainTask) refers to movement.o(i.Mode_GetMode) for Mode_GetMode
    main.o(i.Task_MainTask) refers to movement.o(i.User_SetQuitCheckState) for User_SetQuitCheckState
    main.o(i.Task_MainTask) refers to printf-stdarg.o(i.usprintf) for usprintf
    main.o(i.Task_MainTask) refers to usart.o(i.ups3) for ups3
    main.o(i.Task_MainTask) refers to userinterface.o(i.User_Interface) for User_Interface
    main.o(i.Task_MainTask) refers to movement.o(i.Time_ResetCurrentTime) for Time_ResetCurrentTime
    main.o(i.Task_MainTask) refers to bldc.o(i.Vacuum_ResetFailFlag) for Vacuum_ResetFailFlag
    main.o(i.Task_MainTask) refers to spot.o(i.Spot_Mode) for Spot_Mode
    main.o(i.Task_MainTask) refers to movement.o(i.Motor_DisableAll) for Motor_DisableAll
    main.o(i.Task_MainTask) refers to cormove.o(i.CM_SetCMType) for CM_SetCMType
    main.o(i.Task_MainTask) refers to mcu_api.o(i.mcu_get_system_time) for mcu_get_system_time
    main.o(i.Task_MainTask) refers to cormove.o(i.CM_MapTouring) for CM_MapTouring
    main.o(i.Task_MainTask) refers to sysinitialize.o(i.Wifi_Stop_Stream_trans) for Wifi_Stop_Stream_trans
    main.o(i.Task_MainTask) refers to sysinitialize.o(i.Wifi_Clean_Record_Report) for Wifi_Clean_Record_Report
    main.o(i.Task_MainTask) refers to remote_mode.o(i.Remote_Mode) for Remote_Mode
    main.o(i.Task_MainTask) refers to homestraight.o(i.HomeStraight_Mode) for HomeStraight_Mode
    main.o(i.Task_MainTask) refers to standby.o(i.Standby_Mode) for Standby_Mode
    main.o(i.Task_MainTask) refers to wallfollow.o(i.Wall_Follow_Mode) for Wall_Follow_Mode
    main.o(i.Task_MainTask) refers to main.o(i.Test_GyroFunction) for Test_GyroFunction
    main.o(i.Task_MainTask) refers to movement.o(i.Mode_SetMode) for Mode_SetMode
    main.o(i.Task_MainTask) refers to main.o(.constdata) for __FUNCTION__
    main.o(i.Task_MainTask) refers to debug.o(.bss) for outString
    main.o(i.Test_GyroFunction) refers to tasks.o(i.xTaskGetTickCount) for xTaskGetTickCount
    main.o(i.Test_GyroFunction) refers to gyro.o(i.ICM42688_Config) for ICM42688_Config
    main.o(i.Test_GyroFunction) refers to printf-stdarg.o(i.usprintf) for usprintf
    main.o(i.Test_GyroFunction) refers to usart.o(i.ups3) for ups3
    main.o(i.Test_GyroFunction) refers to movement.o(i.Motor_DisableAll) for Motor_DisableAll
    main.o(i.Test_GyroFunction) refers to display.o(i.Set_LED_On_Blink) for Set_LED_On_Blink
    main.o(i.Test_GyroFunction) refers to display.o(i.Set_LED_On_Switch) for Set_LED_On_Switch
    main.o(i.Test_GyroFunction) refers to gyro.o(i.Gyro_Cmd) for Gyro_Cmd
    main.o(i.Test_GyroFunction) refers to cmsis_os.o(i.osDelay) for osDelay
    main.o(i.Test_GyroFunction) refers to movement.o(i.Motor_WorkConfigure) for Motor_WorkConfigure
    main.o(i.Test_GyroFunction) refers to map.o(i.Map_Initialize) for Map_Initialize
    main.o(i.Test_GyroFunction) refers to pathplanning.o(i.PathList_Clear) for PathList_Clear
    main.o(i.Test_GyroFunction) refers to pathplanning.o(i.TargetList_Clear) for TargetList_Clear
    main.o(i.Test_GyroFunction) refers to shortestpath.o(i.PathPoint_ClearAllPoints) for PathPoint_ClearAllPoints
    main.o(i.Test_GyroFunction) refers to cormove.o(i.CM_MoveToMap) for CM_MoveToMap
    main.o(i.Test_GyroFunction) refers to gyro.o(i.Gyro_GetAngle) for Gyro_GetAngle
    main.o(i.Test_GyroFunction) refers to wheel.o(i.Wheel_Stop) for Wheel_Stop
    main.o(i.Test_GyroFunction) refers to movement.o(i.Battery_GetVoltage) for Battery_GetVoltage
    main.o(i.Test_GyroFunction) refers to cormove.o(i.CM_HeadToCourse) for CM_HeadToCourse
    main.o(i.Test_GyroFunction) refers to wheel.o(i.Action_SetMove) for Action_SetMove
    main.o(i.Test_GyroFunction) refers to wheel.o(i.Wheel_ResetStep) for Wheel_ResetStep
    main.o(i.Test_GyroFunction) refers to wheel.o(i.Action_GetMove) for Action_GetMove
    main.o(i.Test_GyroFunction) refers to cormove.o(i.Heading_GetTargetAngle) for Heading_GetTargetAngle
    main.o(i.Test_GyroFunction) refers to mymath.o(i.Math_Diff_int) for Math_Diff_int
[...]
    0x08001084   0x08001084   0x0000001c   Code   RO         4481    i.Action_Deceleration  wheel.o
    0x080010a0   0x080010a0   0x0000000c   Code   RO         4482    i.Action_GetMove    wheel.o
    0x080010ac   0x080010ac   0x00000026   Code   RO         4483    i.Action_Head2Cource  wheel.o
    0x080010d2   0x080010d2   0x00000048   Code   RO         4484    i.Action_MoveBack   wheel.o
    0x0800111a   0x0800111a   0x0000003c   Code   RO         4485    i.Action_MoveForward  wheel.o
    0x08001156   0x08001156   0x00000002   PAD
    0x08001158   0x08001158   0x00000050   Code   RO         4486    i.Action_MoveToPoint  wheel.o
    0x080011a8   0x080011a8   0x0000000c   Code   RO         4487    i.Action_SetMove    wheel.o
    0x080011b4   0x080011b4   0x0000001c   Code   RO         4488    i.Action_Stop       wheel.o
    0x080011d0   0x080011d0   0x0000006e   Code   RO         4490    i.Action_Turn       wheel.o
    0x0800123e   0x0800123e   0x0000002c   Code   RO         4491    i.Action_WaitForMoveEnded  wheel.o
    0x0800126a   0x0800126a   0x00000002   PAD
    0x0800126c   0x0800126c   0x00000780   Code   RO          921    i.Adjust_Home_Path  homestraight.o
    0x080019ec   0x080019ec   0x000000d8   Code   RO         3931    i.Audio             speaker.o
    0x08001ac4   0x08001ac4   0x00000034   Code   RO         3145    i.Battery_AddCapacity_Current  movement.o
    0x08001af8   0x08001af8   0x000000b4   Code   RO         3146    i.Battery_Capacity_Reset  movement.o
    0x08001bac   0x08001bac   0x00000158   Code   RO         3147    i.Battery_Current_Filter  movement.o
    0x08001d04   0x08001d04   0x0000000c   Code   RO         3148    i.Battery_GetAdcValue  movement.o
    0x08001d10   0x08001d10   0x0000000c   Code   RO         3151    i.Battery_GetVoltage  movement.o
    0x08001d1c   0x08001d1c   0x0000000c   Code   RO         3152    i.Battery_Get_CapacityLevel  movement.o
    0x08001d28   0x08001d28   0x00000016   Code   RO         3153    i.Battery_IsLow     movement.o
    0x08001d3e   0x08001d3e   0x00000002   PAD
    0x08001d40   0x08001d40   0x0000000c   Code   RO         3154    i.Battery_SetCheckState  movement.o
    0x08001d4c   0x08001d4c   0x0000000c   Code   RO         3156    i.Battery_SetVoltage  movement.o
    0x08001d58   0x08001d58   0x0000000c   Code   RO         5412    i.Brush_Main_SetPWM  brush.o
    0x08001d64   0x08001d64   0x0000000c   Code   RO         5413    i.Brush_Side_SetPWM  brush.o
    0x08001d70   0x08001d70   0x00000078   Code   RO         3157    i.Bumper_CheckProcess  movement.o
    0x08001de8   0x08001de8   0x0000000c   Code   RO         3158    i.Bumper_GetCheckState  movement.o
    0x08001df4   0x08001df4   0x0000003c   Code   RO         3159    i.Bumper_GetTrigStatus  movement.o
    0x08001e30   0x08001e30   0x0000000c   Code   RO         3161    i.Bumper_ResetErrorCnt  movement.o
    0x08001e3c   0x08001e3c   0x00000004   Code   RO         2984    i.BusFault_Handler  gd32f30x_it.o
    0x08001e40   0x08001e40   0x000006bc   Code   RO          952    i.CM_AbnormalHandler  cormove.o
    0x080024fc   0x080024fc   0x0000002e   Code   RO          953    i.CM_CellOffset     cormove.o
    0x0800252a   0x0800252a   0x0000004a   Code   RO          954    i.CM_CheckMeetBoundary  cormove.o
    0x08002574   0x08002574   0x0000001c   Code   RO          955    i.CM_Drying         cormove.o
    0x08002590   0x08002590   0x0000000c   Code   RO          956    i.CM_GetBackToStartPointFlag  cormove.o
    0x0800259c   0x0800259c   0x0000000c   Code   RO          957    i.CM_GetCMType      cormove.o
    0x080025a8   0x080025a8   0x00000014   Code   RO          958    i.CM_GetCurrentTargetCnt  cormove.o
    0x080025bc   0x080025bc   0x0000000c   Code   RO          960    i.CM_GetMobilityIgnoreFlag  cormove.o
    0x080025c8   0x080025c8   0x000002c8   Code   RO          963    i.CM_HeadToCourse   cormove.o
    0x08002890   0x08002890   0x00000128   Code   RO          964    i.CM_HeadToTarget   cormove.o
    0x080029b8   0x080029b8   0x00000066   Code   RO          965    i.CM_IsBackCrossing  cormove.o
    0x08002a1e   0x08002a1e   0x00000082   Code   RO          966    i.CM_IsCrossLane    cormove.o
    0x08002aa0   0x08002aa0   0x00000760   Code   RO          969    i.CM_MapTouring     cormove.o
    0x08003200   0x08003200   0x000000b4   Code   RO          971    i.CM_MoveToMap      cormove.o
    0x080032b4   0x080032b4   0x00000d0c   Code   RO          972    i.CM_MoveToPosition  cormove.o
    0x08003fc0   0x08003fc0   0x000000dc   Code   RO          973    i.CM_Move_Back      cormove.o
    0x0800409c   0x0800409c   0x00000108   Code   RO          974    i.CM_Move_Turn      cormove.o
    0x080041a4   0x080041a4   0x0000000c   Code   RO          978    i.CM_ResetWallOutTrapCnt  cormove.o
    0x080041b0   0x080041b0   0x00000038   Code   RO          979    i.CM_SetBackBlock   cormove.o
    0x080041e8   0x080041e8   0x0000000c   Code   RO          980    i.CM_SetBackToStartPointFlag  cormove.o
    0x080041f4   0x080041f4   0x00000030   Code   RO          981    i.CM_SetBlockedByOffset  cormove.o
    0x08004224   0x08004224   0x0000000c   Code   RO          982    i.CM_SetCMType      cormove.o
    0x08004230   0x08004230   0x0000000c   Code   RO          983    i.CM_SetNearTargetFlag  cormove.o
    0x0800423c   0x0800423c   0x00000050   Code   RO          984    i.CM_SetTrapWallDir  cormove.o
    0x0800428c   0x0800428c   0x0000000c   Code   RO          985    i.CM_SetWallTrapFlag  cormove.o
    0x08004298   0x08004298   0x00000014   Code   RO          986    i.CM_StoreCurrentTargetCnt  cormove.o
    0x080042ac   0x080042ac   0x000000a0   Code   RO          987    i.CM_UpdateMapBumper  cormove.o
    0x0800434c   0x0800434c   0x0000003e   Code   RO          988    i.CM_UpdateMapObs   cormove.o
    0x0800438a   0x0800438a   0x0000012e   Code   RO          989    i.CM_UpdateMapWallBlock  cormove.o
    0x080044b8   0x080044b8   0x000001c4   Code   RO          990    i.CM_UpdatePosition  cormove.o
    0x0800467c   0x0800467c   0x0000002c   Code   RO          991    i.CM_UpdateSpotWallBlock  cormove.o
    0x080046a8   0x080046a8   0x00000098   Code   RO          992    i.CM_UpdateStrBlock  cormove.o
    0x08004740   0x08004740   0x00000002   Code   RO          993    i.CM_WaitForGyroCal  cormove.o
    0x08004742   0x08004742   0x00000006   Code   RO          994    i.CM_WallFollowBoundaryEvent  cormove.o
    0x08004748   0x08004748   0x00001f54   Code   RO          995    i.CM_WallFollowByCnt  cormove.o
    0x0800669c   0x0800669c   0x00000074   Code   RO          997    i.CM_WallToMap      cormove.o
    0x08006710   0x08006710   0x00000068   Code   RO         2736    i.Charge_Configuration  sysinitialize.o
    0x08006778   0x08006778   0x00000370   Code   RO          309    i.Charge_Process    charge.o
    0x08006ae8   0x08006ae8   0x0000000c   Code   RO          310    i.Charge_SetSwitch  charge.o
    0x08006af4   0x08006af4   0x00000020   Code   RO         4262    i.Chat2Float        gyro.o
    0x08006b14   0x08006b14   0x000000f4   Code   RO         5029    i.Cliff_DetectionProcess  obscliff.o
    0x08006c08   0x08006c08   0x0000000c   Code   RO         5030    i.Cliff_GetDetectState  obscliff.o
    0x08006c14   0x08006c14   0x0000000c   Code   RO         5031    i.Cliff_GetDetectiontProcess_Result  obscliff.o
    0x08006c20   0x08006c20   0x0000006c   Code   RO         5032    i.Cliff_GetInstantStatus  obscliff.o
    0x08006c8c   0x08006c8c   0x0000000c   Code   RO         5033    i.Cliff_SetDetectState  obscliff.o
    0x08006c98   0x08006c98   0x00000022   Code   RO         2737    i.DAC_Configuration  sysinitialize.o
    0x08006cba   0x08006cba   0x00000002   PAD
    0x08006cbc   0x08006cbc   0x00000034   Code   RO         2985    i.DMA0_Channel3_IRQHandler  gd32f30x_it.o
    0x08006cf0   0x08006cf0   0x00000020   Code   RO         2986    i.DMA0_Channel6_IRQHandler  gd32f30x_it.o
    0x08006d10   0x08006d10   0x00000002   Code   RO         2987    i.DebugMon_Handler  gd32f30x_it.o
    0x08006d12   0x08006d12   0x00000010   Code   RO         3723    i.Debug_DMA_Write_String  usart.o
    0x08006d22   0x08006d22   0x0000000c   Code   RO         3725    i.Debug_Write_Byte  usart.o
    0x08006d2e   0x08006d2e   0x00000002   PAD
    0x08006d30   0x08006d30   0x0000000c   Code   RO         3163    i.Direction_GetLastDir  movement.o
    0x08006d3c   0x08006d3c   0x00000012   Code   RO         3164    i.Direction_IsLastDirLeft  movement.o
    0x08006d4e   0x08006d4e   0x00000010   Code   RO         3165    i.Direction_IsLastDirRight  movement.o
    0x08006d5e   0x08006d5e   0x00000002   PAD
    0x08006d60   0x08006d60   0x0000000c   Code   RO         3166    i.Direction_SetLastDir  movement.o
    0x08006d6c   0x08006d6c   0x000000b4   Code   RO         3551    i.Display_Breath    display.o
    0x08006e20   0x08006e20   0x000001ae   Code   RO         3553    i.Display_Process   display.o
    0x08006fce   0x08006fce   0x00000002   PAD
    0x08006fd0   0x08006fd0   0x00000058   Code   RO         3554    i.Display_SetBattery  display.o
    0x08007028   0x08007028   0x00000012   Code   RO         2988    i.EXTI0_IRQHandler  gd32f30x_it.o
    0x0800703a   0x0800703a   0x00000002   PAD
    0x0800703c   0x0800703c   0x00000080   Code   RO         2989    i.EXTI10_15_IRQHandler  gd32f30x_it.o
    0x080070bc   0x080070bc   0x00000012   Code   RO         2990    i.EXTI1_IRQHandler  gd32f30x_it.o
    0x080070ce   0x080070ce   0x00000002   PAD
    0x080070d0   0x080070d0   0x000000a4   Code   RO         2991    i.EXTI2_IRQHandler  gd32f30x_it.o
    0x08007174   0x08007174   0x00000016   Code   RO         2992    i.EXTI3_IRQHandler  gd32f30x_it.o
    0x0800718a   0x0800718a   0x00000016   Code   RO         2993    i.EXTI4_IRQHandler  gd32f30x_it.o
    0x080071a0   0x080071a0   0x00000100   Code   RO         2994    i.EXTI5_9_IRQHandler  gd32f30x_it.o
    0x080072a0   0x080072a0   0x00000038   Code   RO         2738    i.EXTI_Configuration  sysinitialize.o
    0x080072d8   0x080072d8   0x0000000c   Code   RO         3167    i.Error_GetCode     movement.o
    0x080072e4   0x080072e4   0x00000014   Code   RO         3168    i.Error_ResetCode   movement.o
    0x080072f8   0x080072f8   0x0000000c   Code   RO         3170    i.Error_SetCode     movement.o
    0x08007304   0x08007304   0x00000002   Code   RO         5492    i.Flash_Erase       wifiota.o
    0x08007306   0x08007306   0x00000002   PAD
    0x08007308   0x08007308   0x000000c8   Code   RO         2739    i.GPIO_Configuration  sysinitialize.o
    0x080073d0   0x080073d0   0x00000054   Code   RO         2740    i.GetBaseLineADCV   sysinitialize.o
    0x08007424   0x08007424   0x0000000c   Code   RO         2741    i.Get_ACFlag        sysinitialize.o
    0x08007430   0x08007430   0x0000000c   Code   RO         3555    i.Get_Bat_Green     display.o
    0x0800743c   0x0800743c   0x0000000c   Code   RO         3556    i.Get_Bat_Red       display.o
    0x08007448   0x08007448   0x00000048   Code   RO          311    i.Get_Charge_Current  charge.o
    0x08007490   0x08007490   0x0000001c   Code   RO         5496    i.Get_Upgrade_Flag  wifiota.o
    0x080074ac   0x080074ac   0x0000000c   Code   RO         5296    i.Get_VacMode       bldc.o
    0x080074b8   0x080074b8   0x0000000c   Code   RO         5497    i.Get_Wifi_Enable   wifiota.o
    0x080074c4   0x080074c4   0x0000000c   Code   RO         4263    i.Gryo_GetUpdateFlag  gyro.o
    0x080074d0   0x080074d0   0x0000003c   Code   RO         4264    i.Gyro_Calibration_Cmd  gyro.o
    0x0800750c   0x0800750c   0x0000001c   Code   RO         4265    i.Gyro_Calibration_EnableCmd  gyro.o
    0x08007528   0x08007528   0x00000088   Code   RO         4266    i.Gyro_Cmd          gyro.o
    0x080075b0   0x080075b0   0x00000002   Code   RO         3727    i.Gyro_DMA_Write_String  usart.o
    0x080075b2   0x080075b2   0x00000002   PAD
    0x080075b4   0x080075b4   0x00000020   Code   RO         4268    i.Gyro_GetAngle     gyro.o
    0x080075d4   0x080075d4   0x0000000c   Code   RO         4273    i.Gyro_GetXAcc      gyro.o
    0x080075e0   0x080075e0   0x0000000c   Code   RO         4275    i.Gyro_GetYAcc      gyro.o
    0x080075ec   0x080075ec   0x0000000c   Code   RO         4277    i.Gyro_GetZAcc      gyro.o
    0x080075f8   0x080075f8   0x0000001c   Code   RO         4280    i.Gyro_On_Cmd       gyro.o
    0x08007614   0x08007614   0x000000b0   Code   RO         4281    i.Gyro_ParseMsg     gyro.o
    0x080076c4   0x080076c4   0x00000130   Code   RO         4282    i.Gyro_ReceiveCharacter  gyro.o
    0x080077f4   0x080077f4   0x00000064   Code   RO         4283    i.Gyro_Reset        gyro.o
    0x08007858   0x08007858   0x00000028   Code   RO         4285    i.Gyro_Reset_Cmd    gyro.o
    0x08007880   0x08007880   0x00000004   Code   RO         2995    i.HardFault_Handler  gd32f30x_it.o
    0x08007884   0x08007884   0x0000000c   Code   RO          998    i.Heading_GetTargetAngle  cormove.o
    0x08007890   0x08007890   0x0000000c   Code   RO          999    i.Heading_SetTargetAngle  cormove.o
    0x0800789c   0x0800789c   0x00001224   Code   RO          922    i.HomeStraight_Mode  homestraight.o
    0x08008ac0   0x08008ac0   0x00000004   Code   RO         4290    i.ICM42688_Config   gyro.o
    0x08008ac4   0x08008ac4   0x0000000c   Code   RO         4291    i.Is_Gyro_Calibration  gyro.o
    0x08008ad0   0x08008ad0   0x0000000c   Code   RO         3972    i.Is_Left_Meet_Station  rcon.o
    0x08008adc   0x08008adc   0x00000014   Code   RO         3973    i.Is_Meet_Station   rcon.o
    0x08008af0   0x08008af0   0x0000000c   Code   RO         3974    i.Is_Right_Meet_Station  rcon.o
    0x08008afc   0x08008afc   0x00000110   Code   RO         4204    i.Key_GetPressKey   touchpad.o
    0x08008c0c   0x08008c0c   0x00000050   Code   RO         4205    i.Key_GetStatus     touchpad.o
    0x08008c5c   0x08008c5c   0x0000053c   Code   RO         3557    i.LED_Display       display.o
    0x08009198   0x08009198   0x0000001c   Code   RO         4492    i.LW_DIR_BACKWARD   wheel.o
    0x080091b4   0x080091b4   0x0000001c   Code   RO         4493    i.LW_DIR_FORWARD    wheel.o
    0x080091d0   0x080091d0   0x0000045c   Code   RO         1586    i.LineList_GetNextLowPriorityPoint  shortestpath.o
    0x0800962c   0x0800962c   0x0000002e   Code   RO         1000    i.MY_SetBlockedByOffset  cormove.o
    0x0800965a   0x0800965a   0x00000002   PAD
    0x0800965c   0x0800965c   0x0000000c   Code   RO         5415    i.Main_Brush_GetCurrent  brush.o
    0x08009668   0x08009668   0x0000000c   Code   RO         5416    i.Main_Brush_GetCurrentAdc  brush.o
    0x08009674   0x08009674   0x0000000c   Code   RO         5417    i.Main_Brush_SetCurrent  brush.o
    0x08009680   0x08009680   0x000001f4   Code   RO         1816    i.Map_AdjustBoundary  map.o
    0x08009874   0x08009874   0x000000d0   Code   RO         1817    i.Map_Adjust_Mapsize  map.o
    0x08009944   0x08009944   0x00000026   Code   RO         1818    i.Map_BrushBlockUnclean  map.o
    0x0800996a   0x0800996a   0x0000000a   Code   RO         1819    i.Map_CellToCount   map.o
    0x08009974   0x08009974   0x00000008   Code   RO         1820    i.Map_CellToMap     map.o
    0x0800997c   0x0800997c   0x00000024   Code   RO         1821    i.Map_CellToPoint   map.o
    0x080099a0   0x080099a0   0x00000024   Code   RO         1822    i.Map_Cell_Blocked  map.o
    0x080099c4   0x080099c4   0x000000ac   Code   RO         1825    i.Map_CountToCell   map.o
    0x08009a70   0x08009a70   0x000000a4   Code   RO         1827    i.Map_FillGap       map.o
    0x08009b14   0x08009b14   0x0000000c   Code   RO         1830    i.Map_GetBoundaryWest  map.o
    0x08009b20   0x08009b20   0x00000118   Code   RO         1832    i.Map_GetCell       map.o
    0x08009c38   0x08009c38   0x00000094   Code   RO         1833    i.Map_GetCellAcreage  map.o
    0x08009ccc   0x08009ccc   0x0000001c   Code   RO         1834    i.Map_GetHomeCell   map.o
    0x08009ce8   0x08009ce8   0x00000038   Code   RO         1835    i.Map_GetMapArray   map.o
    0x08009d20   0x08009d20   0x00000270   Code   RO         1836    i.Map_GetRelativeByCell  map.o
    0x08009f90   0x08009f90   0x000001b0   Code   RO         1837    i.Map_GetRelativeX  map.o
    0x0800a140   0x0800a140   0x00000230   Code   RO         1838    i.Map_GetRelativeXY  map.o
    0x0800a370   0x0800a370   0x000001b0   Code   RO         1840    i.Map_GetRelativeY  map.o
    0x0800a520   0x0800a520   0x00000016   Code   RO         1841    i.Map_GetRobotCell  map.o
    0x0800a536   0x0800a536   0x00000002   PAD
    0x0800a538   0x0800a538   0x00000014   Code   RO         1842    i.Map_GetRobotCellX  map.o
    0x0800a54c   0x0800a54c   0x00000014   Code   RO         1843    i.Map_GetRobotCellY  map.o
    0x0800a560   0x0800a560   0x0000005c   Code   RO         1844    i.Map_GetRobotCount  map.o
    0x0800a5bc   0x0800a5bc   0x0000002c   Code   RO         1845    i.Map_GetRobotCountX  map.o
    0x0800a5e8   0x0800a5e8   0x0000002c   Code   RO         1846    i.Map_GetRobotCountY  map.o
    0x0800a614   0x0800a614   0x0000000c   Code   RO         1848    i.Map_GetXMax       map.o
    0x0800a620   0x0800a620   0x0000000c   Code   RO         1849    i.Map_GetXMin       map.o
    0x0800a62c   0x0800a62c   0x0000000c   Code   RO         1850    i.Map_GetYMax       map.o
    0x0800a638   0x0800a638   0x0000000c   Code   RO         1851    i.Map_GetYMin       map.o
    0x0800a644   0x0800a644   0x00000010   Code   RO         1852    i.Map_GridToCell    map.o
    0x0800a654   0x0800a654   0x00000164   Code   RO         1853    i.Map_Initialize    map.o
    0x0800a7b8   0x0800a7b8   0x00000044   Code   RO         1856    i.Map_IsBlock_Access  map.o
    0x0800a7fc   0x0800a7fc   0x00000046   Code   RO         1857    i.Map_IsBlock_Access2  map.o
    0x0800a842   0x0800a842   0x00000040   Code   RO         1861    i.Map_IsRobotAccessible  map.o
    0x0800a882   0x0800a882   0x00000002   PAD
    0x0800a884   0x0800a884   0x0000004c   Code   RO         1863    i.Map_LoadMapEdge   map.o
    0x0800a8d0   0x0800a8d0   0x00000050   Code   RO         1864    i.Map_MoveRobotCountTo  map.o
    0x0800a920   0x0800a920   0x00000046   Code   RO         1865    i.Map_PointToCell   map.o
    0x0800a966   0x0800a966   0x00000002   PAD
    0x0800a968   0x0800a968   0x0000006c   Code   RO         1867    i.Map_ReachBoundary  map.o
    0x0800a9d4   0x0800a9d4   0x0000002a   Code   RO         1869    i.Map_SetBlockIfUnclean  map.o
    0x0800a9fe   0x0800a9fe   0x00000002   PAD
    0x0800aa00   0x0800aa00   0x00000218   Code   RO         1870    i.Map_SetBoundary   map.o
    0x0800ac18   0x0800ac18   0x00000120   Code   RO         1871    i.Map_SetCell       map.o
    0x0800ad38   0x0800ad38   0x00000018   Code   RO         1872    i.Map_SetHomeCell   map.o
    0x0800ad50   0x0800ad50   0x00000080   Code   RO         1873    i.Map_SetMapArray   map.o
    0x0800add0   0x0800add0   0x00000044   Code   RO         1874    i.Map_SetRobotCell  map.o
    0x0800ae14   0x0800ae14   0x00000018   Code   RO         1875    i.Map_SetRobotCount  map.o
    0x0800ae2c   0x0800ae2c   0x00000048   Code   RO         1876    i.Map_SetTarget_Cleaned  map.o
    0x0800ae74   0x0800ae74   0x00000036   Code   RO         1877    i.Map_SetXBoundary  map.o
    0x0800aeaa   0x0800aeaa   0x00000036   Code   RO         1878    i.Map_SetYBoundary  map.o
    0x0800aee0   0x0800aee0   0x0000004c   Code   RO         1880    i.Map_StoreMapEdge  map.o
    0x0800af2c   0x0800af2c   0x00000026   Code   RO         1881    i.Map_TwoCellMatch  map.o
    0x0800af52   0x0800af52   0x00000002   PAD
    0x0800af54   0x0800af54   0x00000088   Code   RO         1882    i.Map_WallTrackAdd  map.o
    0x0800afdc   0x0800afdc   0x0000000c   Code   RO         1883    i.Map_WallTrackClear  map.o
    0x0800afe8   0x0800afe8   0x0000004c   Code   RO         1884    i.Map_WallTrackExited  map.o
    0x0800b034   0x0800b034   0x00000158   Code   RO         1885    i.Map_WallTrackSetObs  map.o
    0x0800b18c   0x0800b18c   0x00000002   Code   RO         1886    i.Map_WallTrackShowAll  map.o
    0x0800b18e   0x0800b18e   0x00000002   PAD
    0x0800b190   0x0800b190   0x0000010c   Code   RO         1887    i.Map_WallTrackUpdate  map.o
    0x0800b29c   0x0800b29c   0x0000000e   Code   RO         5682    i.Math_Abs_int      mymath.o
    0x0800b2aa   0x0800b2aa   0x00000002   PAD
    0x0800b2ac   0x0800b2ac   0x00000054   Code   RO         5683    i.Math_Absolute     mymath.o
    0x0800b300   0x0800b300   0x000000b2   Code   RO         5684    i.Math_Course2Dest  mymath.o
    0x0800b3b2   0x0800b3b2   0x00000002   PAD
    0x0800b3b4   0x0800b3b4   0x00000048   Code   RO         5685    i.Math_Deg2Rad      mymath.o
    0x0800b3fc   0x0800b3fc   0x0000000e   Code   RO         5686    i.Math_Diff_int     mymath.o
    0x0800b40a   0x0800b40a   0x0000000e   Code   RO         5687    i.Math_GetMax       mymath.o
    0x0800b418   0x0800b418   0x0000000e   Code   RO         5688    i.Math_GetMin       mymath.o
    0x0800b426   0x0800b426   0x00000026   Code   RO         5689    i.Math_IsTwoCell_Orthogonal  mymath.o
    0x0800b44c   0x0800b44c   0x00000016   Code   RO         5690    i.Math_LimitingValue  mymath.o
    0x0800b462   0x0800b462   0x00000020   Code   RO         5691    i.Math_NormalAngle  mymath.o
    0x0800b482   0x0800b482   0x00000002   PAD
    0x0800b484   0x0800b484   0x0000005c   Code   RO         5692    i.Math_Rad2Deg      mymath.o
    0x0800b4e0   0x0800b4e0   0x00000018   Code   RO         5693    i.Math_RoundAngle   mymath.o
    0x0800b4f8   0x0800b4f8   0x000000ac   Code   RO         5694    i.Math_TwoCell_Dis  mymath.o
    0x0800b5a4   0x0800b5a4   0x00000026   Code   RO         1888    i.Math_TwoCell_Equal  map.o
    0x0800b5ca   0x0800b5ca   0x00000026   Code   RO         5695    i.Math_TwoPoint_Angle  mymath.o
    0x0800b5f0   0x0800b5f0   0x00000004   Code   RO         2996    i.MemManage_Handler  gd32f30x_it.o
    0x0800b5f4   0x0800b5f4   0x0000000c   Code   RO         3172    i.Mode_GetLog       movement.o
    0x0800b600   0x0800b600   0x0000000a   Code   RO         3173    i.Mode_GetMode      movement.o
    0x0800b60a   0x0800b60a   0x00000002   PAD
    0x0800b60c   0x0800b60c   0x00000068   Code   RO         3175    i.Mode_SetMode      movement.o
    0x0800b674   0x0800b674   0x00000012   Code   RO         3176    i.Mode_SetModeAndSelection  movement.o
    0x0800b686   0x0800b686   0x00000002   PAD
    0x0800b688   0x0800b688   0x0000000c   Code   RO         3177    i.Mode_SetModeSelection  movement.o
    0x0800b694   0x0800b694   0x00000018   Code   RO         3178    i.Mode_UpdateLog    movement.o
    0x0800b6ac   0x0800b6ac   0x0000002a   Code   RO         3180    i.Motor_DisableAll  movement.o
    0x0800b6d6   0x0800b6d6   0x00000002   PAD
    0x0800b6d8   0x0800b6d8   0x0000000c   Code   RO         3182    i.Motor_GetState    movement.o
    0x0800b6e4   0x0800b6e4   0x0000000c   Code   RO         3183    i.Motor_GetStatus   movement.o
    0x0800b6f0   0x0800b6f0   0x00000030   Code   RO         3184    i.Motor_HomeConfigure  movement.o
    0x0800b720   0x0800b720   0x0000000c   Code   RO         3185    i.Motor_ResetStatus  movement.o
    0x0800b72c   0x0800b72c   0x0000000c   Code   RO         3186    i.Motor_SetCheckState  movement.o
    0x0800b738   0x0800b738   0x0000002c   Code   RO         3187    i.Motor_SetPower    movement.o
    0x0800b764   0x0800b764   0x00000030   Code   RO         3188    i.Motor_SetState    movement.o
    0x0800b794   0x0800b794   0x00000030   Code   RO         3189    i.Motor_SpotConfigure  movement.o
    0x0800b7c4   0x0800b7c4   0x000000bc   Code   RO         3190    i.Motor_TunePower   movement.o
    0x0800b880   0x0800b880   0x00000030   Code   RO         3191    i.Motor_WorkConfigure  movement.o
    0x0800b8b0   0x0800b8b0   0x00000002   Code   RO         2997    i.NMI_Handler       gd32f30x_it.o
    0x0800b8b2   0x0800b8b2   0x000000ac   Code   RO         2742    i.NVIC_Configuration  sysinitialize.o
    0x0800b95e   0x0800b95e   0x00000002   PAD
    0x0800b960   0x0800b960   0x000002a4   Code   RO         5038    i.OBS_DynamicProcess  obscliff.o
    0x0800bc04   0x0800bc04   0x0000000c   Code   RO         5039    i.OBS_GetDynamicState  obscliff.o
    0x0800bc10   0x0800bc10   0x00000050   Code   RO         5043    i.OBS_GetTrigStatus  obscliff.o
    0x0800bc60   0x0800bc60   0x0000005c   Code   RO         5044    i.OBS_IsNear        obscliff.o
    0x0800bcbc   0x0800bcbc   0x00000050   Code   RO         5045    i.OBS_IsWallNear    obscliff.o
    0x0800bd0c   0x0800bd0c   0x00000048   Code   RO         5046    i.OBS_L_F_Near      obscliff.o
    0x0800bd54   0x0800bd54   0x00000048   Code   RO         5048    i.OBS_R_F_Near      obscliff.o
    0x0800bd9c   0x0800bd9c   0x00000074   Code   RO         5049    i.OBS_ResetTrigValue  obscliff.o
    0x0800be10   0x0800be10   0x0000000c   Code   RO         5050    i.OBS_SetDynamicState  obscliff.o
    0x0800be1c   0x0800be1c   0x00000058   Code   RO         5051    i.OBS_SpotStatus    obscliff.o
    0x0800be74   0x0800be74   0x00000038   Code   RO         5905    i.PC_NavDebug       debug.o
    0x0800beac   0x0800beac   0x00000002   Code   RO         5906    i.PC_NavDebug_AllMap  debug.o
    0x0800beae   0x0800beae   0x00000040   Code   RO         5907    i.PC_NavDebug_Line  debug.o
    0x0800beee   0x0800beee   0x00000002   PAD
    0x0800bef0   0x0800bef0   0x000000a4   Code   RO         1587    i.PathLine_AddLine  shortestpath.o
    0x0800bf94   0x0800bf94   0x000000d0   Code   RO         1589    i.PathLine_FindAllLines  shortestpath.o
    0x0800c064   0x0800c064   0x00000294   Code   RO         1590    i.PathLine_FindNextLines  shortestpath.o
    0x0800c2f8   0x0800c2f8   0x000000e8   Code   RO         1591    i.PathLine_FindOneLine  shortestpath.o
    0x0800c3e0   0x0800c3e0   0x00000036   Code   RO         1592    i.PathLine_GetAcreage  shortestpath.o
    0x0800c416   0x0800c416   0x00000002   PAD
    0x0800c418   0x0800c418   0x0000000c   Code   RO         1593    i.PathLine_GetLineCnt  shortestpath.o
    0x0800c424   0x0800c424   0x0000000c   Code   RO         1594    i.PathLine_GetLineLevel  shortestpath.o
    0x0800c430   0x0800c430   0x00000010   Code   RO         1595    i.PathLine_IncreaseLevel  shortestpath.o
    0x0800c440   0x0800c440   0x00000036   Code   RO         1596    i.PathLine_IsPosOnLine  shortestpath.o
    0x0800c476   0x0800c476   0x00000002   PAD
    0x0800c478   0x0800c478   0x00000058   Code   RO         1597    i.PathLine_LineExisted  shortestpath.o
    0x0800c4d0   0x0800c4d0   0x0000001c   Code   RO         1598    i.PathLine_ReadLine  shortestpath.o
    0x0800c4ec   0x0800c4ec   0x00000014   Code   RO         1599    i.PathLine_Reset    shortestpath.o
    0x0800c500   0x0800c500   0x0000000c   Code   RO         1600    i.PathLine_ResetLineLevel  shortestpath.o
    0x0800c50c   0x0800c50c   0x0000013c   Code   RO         1602    i.PathLine_SortLines  shortestpath.o
    0x0800c648   0x0800c648   0x00000148   Code   RO         1273    i.PathList_AddNewPoint  pathplanning.o
    0x0800c790   0x0800c790   0x0000001c   Code   RO         1275    i.PathList_Clear    pathplanning.o
    0x0800c7ac   0x0800c7ac   0x0000000c   Code   RO         1277    i.PathList_GetCnt   pathplanning.o
    0x0800c7b8   0x0800c7b8   0x0000010c   Code   RO         1278    i.PathList_GetNextPathListPoint  pathplanning.o
    0x0800c8c4   0x0800c8c4   0x00000104   Code   RO         1279    i.PathList_Out      pathplanning.o
    0x0800c9c8   0x0800c9c8   0x00000048   Code   RO         1280    i.PathList_ReadLastPath  pathplanning.o
    0x0800ca10   0x0800ca10   0x00000044   Code   RO         1281    i.PathList_ReadPath  pathplanning.o
    0x0800ca54   0x0800ca54   0x0000008c   Code   RO         1282    i.PathList_ShowAll  pathplanning.o
    0x0800cae0   0x0800cae0   0x000000c0   Code   RO         1603    i.PathPoint_AddOnePoint  shortestpath.o
    0x0800cba0   0x0800cba0   0x0000002e   Code   RO         1604    i.PathPoint_AddPathPointToPathList  shortestpath.o
    0x0800cbce   0x0800cbce   0x00000002   PAD
    0x0800cbd0   0x0800cbd0   0x00000034   Code   RO         1605    i.PathPoint_ClearAllPoints  shortestpath.o
    0x0800cc04   0x0800cc04   0x000000ac   Code   RO         1606    i.PathPoint_EditPoint  shortestpath.o
    0x0800ccb0   0x0800ccb0   0x0000000c   Code   RO         1607    i.PathPoint_GetPointCnt  shortestpath.o
    0x0800ccbc   0x0800ccbc   0x00000040   Code   RO         1612    i.PathPoint_ReadLastPoint  shortestpath.o
    0x0800ccfc   0x0800ccfc   0x00000060   Code   RO         1613    i.PathPoint_ReadPoint  shortestpath.o
    0x0800cd5c   0x0800cd5c   0x00000048   Code   RO         1615    i.PathPoint_RemoveOnePoint  shortestpath.o
    0x0800cda4   0x0800cda4   0x000000b0   Code   RO          519    i.PathPoint_SortPoints  spot.o
    0x0800ce54   0x0800ce54   0x0000004a   Code   RO         1617    i.PathPoints_Rearrange  shortestpath.o
    0x0800ce9e   0x0800ce9e   0x00000002   PAD
    0x0800cea0   0x0800cea0   0x00000158   Code   RO         1283    i.Path_BlockAllTargetPoints  pathplanning.o
    0x0800cff8   0x0800cff8   0x000000b8   Code   RO         1284    i.Path_CheckRoundable  pathplanning.o
    0x0800d0b0   0x0800d0b0   0x000000a6   Code   RO         1285    i.Path_GetCellHeading8  pathplanning.o
    0x0800d156   0x0800d156   0x00000048   Code   RO         1287    i.Path_GetNormalWallDir  pathplanning.o
    0x0800d19e   0x0800d19e   0x00000002   PAD
    0x0800d1a0   0x0800d1a0   0x00000098   Code   RO         1289    i.Path_GetRobotDirection  pathplanning.o
    0x0800d238   0x0800d238   0x00000058   Code   RO         1290    i.Path_GetRobotHeading4  pathplanning.o
    0x0800d290   0x0800d290   0x00000100   Code   RO         1291    i.Path_GetRobotHeading8  pathplanning.o
    0x0800d390   0x0800d390   0x000000c4   Code   RO         1292    i.Path_GetShortWallDir  pathplanning.o
    0x0800d454   0x0800d454   0x0000004c   Code   RO         1889    i.Path_IsCell_ReachBlocked  map.o
    0x0800d4a0   0x0800d4a0   0x00000024   Code   RO         1294    i.Path_IsOnPosition  pathplanning.o
    0x0800d4c4   0x0800d4c4   0x00000314   Code   RO         1295    i.Path_LaneCleaned  pathplanning.o
    0x0800d7d8   0x0800d7d8   0x00000100   Code   RO         1296    i.Path_Next_V2      pathplanning.o
    0x0800d8d8   0x0800d8d8   0x00000438   Code   RO         1297    i.Path_NormalClean  pathplanning.o
    0x0800dd10   0x0800dd10   0x0000001e   Code   RO         1298    i.Path_OverLane     pathplanning.o
    0x0800dd2e   0x0800dd2e   0x00000036   Code   RO         1299    i.Path_RobotCloseToTargetCell  pathplanning.o
    0x0800dd64   0x0800dd64   0x00000030   Code   RO         1300    i.Path_RobotCloseToTargetCount  pathplanning.o
    0x0800dd94   0x0800dd94   0x00000036   Code   RO         1301    i.Path_RobotLeaveToTargetCell  pathplanning.o
    0x0800ddca   0x0800ddca   0x00000002   PAD
    0x0800ddcc   0x0800ddcc   0x00000050   Code   RO         1303    i.Path_RobotNotMoving  pathplanning.o
    0x0800de1c   0x0800de1c   0x00000014   Code   RO         1305    i.Path_SetCurrentTargetPoint  pathplanning.o
    0x0800de30   0x0800de30   0x000000d8   Code   RO         1306    i.Path_SetHomeCellEmpty  pathplanning.o
    0x0800df08   0x0800df08   0x00000048   Code   RO         1308    i.Path_UpdateRobotPos  pathplanning.o
    0x0800df50   0x0800df50   0x000000e4   Code   RO         1309    i.Path_WallFineWay  pathplanning.o
    0x0800e034   0x0800e034   0x000000f2   Code   RO         1618    i.PointList_ShowAllPathPoints  shortestpath.o
    0x0800e126   0x0800e126   0x00000002   PAD
    0x0800e128   0x0800e128   0x00000020   Code   RO         3192    i.Power_DisableAll  movement.o
    0x0800e148   0x0800e148   0x00000030   Code   RO         3193    i.Power_EnableAll   movement.o
    0x0800e178   0x0800e178   0x0000003c   Code   RO         2642    i.Queue_Read_Byte   system.o
    0x0800e1b4   0x0800e1b4   0x00000118   Code   RO         2743    i.RCC_Configuration  sysinitialize.o
    0x0800e2cc   0x0800e2cc   0x0000005c   Code   RO         4112    i.RTC_Configuration  rtc.o
    0x0800e328   0x0800e328   0x00000030   Code   RO         2998    i.RTC_IRQHandler    gd32f30x_it.o
    0x0800e358   0x0800e358   0x0000001c   Code   RO         4495    i.RW_DIR_BACKWARD   wheel.o
    0x0800e374   0x0800e374   0x0000001c   Code   RO         4496    i.RW_DIR_FORWARD    wheel.o
    0x0800e390   0x0800e390   0x000002f4   Code   RO         3976    i.Rcon_BR           rcon.o
    0x0800e684   0x0800e684   0x000002f4   Code   RO         3977    i.Rcon_FL           rcon.o
    0x0800e978   0x0800e978   0x000002f4   Code   RO         3978    i.Rcon_FR           rcon.o
    0x0800ec6c   0x0800ec6c   0x0000000c   Code   RO         3979    i.Rcon_GetRemoteCode  rcon.o
    0x0800ec78   0x0800ec78   0x0000000c   Code   RO         3980    i.Rcon_GetStatus    rcon.o
    0x0800ec84   0x0800ec84   0x00000018   Code   RO         3981    i.Rcon_IsGotStationSignal  rcon.o
    0x0800ec9c   0x0800ec9c   0x000002f4   Code   RO         3983    i.Rcon_L            rcon.o
    0x0800ef90   0x0800ef90   0x000002f4   Code   RO         3984    i.Rcon_R            rcon.o
    0x0800f284   0x0800f284   0x00000018   Code   RO         3985    i.Rcon_RemoteKey    rcon.o
    0x0800f29c   0x0800f29c   0x0000000a   Code   RO         3986    i.Rcon_ResetRemoteCode  rcon.o
    0x0800f2a6   0x0800f2a6   0x00000002   PAD
    0x0800f2a8   0x0800f2a8   0x0000000c   Code   RO         3987    i.Rcon_ResetStatus  rcon.o
    0x0800f2b4   0x0800f2b4   0x0000000c   Code   RO         3988    i.Rcon_SetRemoteCode  rcon.o
    0x0800f2c0   0x0800f2c0   0x000000a4   Code   RO         3989    i.Rcon_Timer        rcon.o
    0x0800f364   0x0800f364   0x00000538   Code   RO          498    i.Remote_Mode       remote_mode.o
    0x0800f89c   0x0800f89c   0x00000070   Code   RO         2744    i.SPI2_Configuration  sysinitialize.o
    0x0800f90c   0x0800f90c   0x00000054   Code   RO         3906    i.SPI2_ReadWriteByte  spi.o
    0x0800f960   0x0800f960   0x0000006e   Code   RO         3933    i.SPK_Report_Error  speaker.o
    0x0800f9ce   0x0800f9ce   0x00000002   PAD
    0x0800f9d0   0x0800f9d0   0x00000028   Code   RO         3194    i.Set_3v3           movement.o
    0x0800f9f8   0x0800f9f8   0x00000028   Code   RO         3195    i.Set_5v            movement.o
    0x0800fa20   0x0800fa20   0x00000038   Code   RO         3559    i.Set_LED           display.o
    0x0800fa58   0x0800fa58   0x0000000c   Code   RO         3560    i.Set_LED1_On_Blink  display.o
    0x0800fa64   0x0800fa64   0x0000000c   Code   RO         3561    i.Set_LED1_On_Switch  display.o
    0x0800fa70   0x0800fa70   0x0000000c   Code   RO         3562    i.Set_LED2_On_Blink  display.o
    0x0800fa7c   0x0800fa7c   0x0000000c   Code   RO         3563    i.Set_LED2_On_Switch  display.o
    0x0800fa88   0x0800fa88   0x0000000c   Code   RO         3564    i.Set_LED3_On_Blink  display.o
    0x0800fa94   0x0800fa94   0x0000000c   Code   RO         3565    i.Set_LED3_On_Switch  display.o
    0x0800faa0   0x0800faa0   0x0000000c   Code   RO         3566    i.Set_LED4_On_Blink  display.o
    0x0800faac   0x0800faac   0x0000000c   Code   RO         3567    i.Set_LED4_On_Switch  display.o
    0x0800fab8   0x0800fab8   0x0000000c   Code   RO         3568    i.Set_LED5_On_Blink  display.o
    0x0800fac4   0x0800fac4   0x0000000c   Code   RO         3569    i.Set_LED5_On_Switch  display.o
    0x0800fad0   0x0800fad0   0x0000000c   Code   RO         3570    i.Set_LED6_On_Blink  display.o
    0x0800fadc   0x0800fadc   0x0000000c   Code   RO         3571    i.Set_LED6_On_Switch  display.o
    0x0800fae8   0x0800fae8   0x00000030   Code   RO         3572    i.Set_LED_On_Blink  display.o
    0x0800fb18   0x0800fb18   0x00000030   Code   RO         3573    i.Set_LED_On_Switch  display.o
    0x0800fb48   0x0800fb48   0x00000054   Code   RO         3574    i.Set_LED_Table     display.o
    0x0800fb9c   0x0800fb9c   0x00000018   Code   RO         5498    i.Set_Upgrade_Flag  wifiota.o
    0x0800fbb4   0x0800fbb4   0x0000000c   Code   RO         5297    i.Set_VacMode       bldc.o
    0x0800fbc0   0x0800fbc0   0x0000000c   Code   RO         5499    i.Set_Wifi_Enable   wifiota.o
    0x0800fbcc   0x0800fbcc   0x0000000c   Code   RO         5052    i.Set_near_Flag     obscliff.o
    0x0800fbd8   0x0800fbd8   0x000001b8   Code   RO         1619    i.ShortestPath_CreatePathPoint  shortestpath.o
    0x0800fd90   0x0800fd90   0x000000a8   Code   RO         1620    i.ShortestPath_GeneratePath  shortestpath.o
    0x0800fe38   0x0800fe38   0x0000000c   Code   RO         5419    i.Side_Brush_GetCurrent  brush.o
    0x0800fe44   0x0800fe44   0x0000000c   Code   RO         5420    i.Side_Brush_GetCurrentAdc  brush.o
    0x0800fe50   0x0800fe50   0x0000000c   Code   RO         5421    i.Side_Brush_SetCurrent  brush.o
    0x0800fe5c   0x0800fe5c   0x000002b8   Code   RO         3934    i.Speaker           speaker.o
    0x08010114   0x08010114   0x00000028   Code   RO         4498    i.Speed_Stop        wheel.o
    0x0801013c   0x0801013c   0x00000068   Code   RO          521    i.Spot_ClearCleanCells  spot.o
    0x080101a4   0x080101a4   0x0000000c   Code   RO          525    i.Spot_GetDir       spot.o
    0x080101b0   0x080101b0   0x0000000c   Code   RO          526    i.Spot_GetLaneIdx   spot.o
    0x080101bc   0x080101bc   0x0000027c   Code   RO          527    i.Spot_GetNextLanePos  spot.o
    0x08010438   0x08010438   0x0000006c   Code   RO          529    i.Spot_GetPointLaneIdx  spot.o
    0x080104a4   0x080104a4   0x0000000c   Code   RO          530    i.Spot_GetSpiralDir  spot.o
    0x080104b0   0x080104b0   0x000003c0   Code   RO          532    i.Spot_IsLaneCleaned  spot.o
    0x08010870   0x08010870   0x00000400   Code   RO          533    i.Spot_Mode         spot.o
    0x08010c70   0x08010c70   0x000000c2   Code   RO          534    i.Spot_OverLane     spot.o
    0x08010d32   0x08010d32   0x00000002   PAD
    0x08010d34   0x08010d34   0x000001b8   Code   RO          535    i.Spot_PathPlanning  spot.o
    0x08010eec   0x08010eec   0x0000000c   Code   RO          538    i.Spot_SetClearFlag  spot.o
    0x08010ef8   0x08010ef8   0x00000050   Code   RO          539    i.Spot_SetDir       spot.o
    0x08010f48   0x08010f48   0x0000000c   Code   RO          540    i.Spot_SetLaneIdx   spot.o
    0x08010f54   0x08010f54   0x0000000c   Code   RO          541    i.Spot_SetSpiralDir  spot.o
    0x08010f60   0x08010f60   0x000001f0   Code   RO          699    i.Standby_Mode      standby.o
    0x08011150   0x08011150   0x00000002   Code   RO          703    i.Standby_WakeUpConfiguration  standby.o
    0x08011152   0x08011152   0x00000002   PAD
    0x08011154   0x08011154   0x00000020   Code   RO         3197    i.Stuck_IsStucked   movement.o
    0x08011174   0x08011174   0x00000008   Code   RO         2999    i.SysTick_Handler   gd32f30x_it.o
    0x0801117c   0x0801117c   0x00000050   Code   RO        10018    i.SystemInit        system_gd32f30x.o
    0x080111cc   0x080111cc   0x0000004c   Code   RO         2745    i.SystemInitialize  sysinitialize.o
    0x08011218   0x08011218   0x0000000c   Code   RO         2746    i.System_GetAdc     sysinitialize.o
    0x08011224   0x08011224   0x0000000c   Code   RO         2748    i.System_GetCurrentBaselineAdc  sysinitialize.o
    0x08011230   0x08011230   0x00000020   Code   RO         3198    i.System_GetRandomValue  movement.o
    0x08011250   0x08011250   0x0000000c   Code   RO         2749    i.System_SetAverageCurrent  sysinitialize.o
    0x0801125c   0x0801125c   0x0000000c   Code   RO         2750    i.System_SetCurrentBaselineAdc  sysinitialize.o
    0x08011268   0x08011268   0x000000ac   Code   RO         2751    i.System_StoreMotorBaseline  sysinitialize.o
    0x08011314   0x08011314   0x00000018   Code   RO         2752    i.Systick_Configuration  sysinitialize.o
    0x0801132c   0x0801132c   0x00000448   Code   RO         3000    i.TIMER1_IRQHandler  gd32f30x_it.o
    0x08011774   0x08011774   0x00000090   Code   RO         3001    i.TIMER5_IRQHandler  gd32f30x_it.o
    0x08011804   0x08011804   0x00000038   Code   RO         3002    i.TIMER6_IRQHandler  gd32f30x_it.o
    0x0801183c   0x0801183c   0x00000088   Code   RO         1310    i.TargetList_AddTarget  pathplanning.o
    0x080118c4   0x080118c4   0x0000000c   Code   RO         1311    i.TargetList_Clear  pathplanning.o
    0x080118d0   0x080118d0   0x00000144   Code   RO         1312    i.TargetList_CreateList  pathplanning.o
    0x08011a14   0x08011a14   0x00000040   Code   RO         1313    i.TargetList_DeleteTarget  pathplanning.o
    0x08011a54   0x08011a54   0x0000001c   Code   RO         1314    i.TargetList_GetCurrentTarget  pathplanning.o
    0x08011a70   0x08011a70   0x00000076   Code   RO         1316    i.TargetList_IsBlockTargetable  pathplanning.o
    0x08011ae6   0x08011ae6   0x00000002   PAD
    0x08011ae8   0x08011ae8   0x0000000c   Code   RO         1317    i.TargetList_ReadCnt  pathplanning.o
    0x08011af4   0x08011af4   0x00000060   Code   RO         1318    i.TargetList_ReadTarget  pathplanning.o
    0x08011b54   0x08011b54   0x0000011c   Code   RO         1319    i.TargetList_Rearrange  pathplanning.o
    0x08011c70   0x08011c70   0x00000002   Code   RO         1320    i.TargetList_ShowAll  pathplanning.o
    0x08011c72   0x08011c72   0x00000002   PAD
    0x08011c74   0x08011c74   0x00000018   Code   RO         1321    i.TargetList_StoreCurrentTarget  pathplanning.o
    0x08011c8c   0x08011c8c   0x000000c8   Code   RO          361    i.Task_CalculatePathTask  projecttask.o
    0x08011d54   0x08011d54   0x000001d8   Code   RO          362    i.Task_ControlTask  projecttask.o
    0x08011f2c   0x08011f2c   0x00000070   Code   RO          363    i.Task_CraeteControlTask  projecttask.o
    0x08011f9c   0x08011f9c   0x00000070   Code   RO          364    i.Task_CraeteSensorsTask  projecttask.o
    0x0801200c   0x0801200c   0x0000007c   Code   RO          365    i.Task_CreateCalculatePathTask  projecttask.o
    0x08012088   0x08012088   0x0000006c   Code   RO          366    i.Task_CreateMainTask  projecttask.o
    0x080120f4   0x080120f4   0x00000344   Code   RO            3    i.Task_MainTask     main.o
    0x08012438   0x08012438   0x00000380   Code   RO          367    i.Task_SensorsTask  projecttask.o
    0x080127b8   0x080127b8   0x0000056c   Code   RO            4    i.Test_GyroFunction  main.o
    0x08012d24   0x08012d24   0x0000000c   Code   RO         3199    i.Time_GetCurrentTime  movement.o
    0x08012d30   0x08012d30   0x00000010   Code   RO         3200    i.Time_IncreaseCurrentTime  movement.o
    0x08012d40   0x08012d40   0x0000000c   Code   RO         3201    i.Time_ResetCurrentTime  movement.o
    0x08012d4c   0x08012d4c   0x00000058   Code   RO         2753    i.Timer0_Configuration  sysinitialize.o
    0x08012da4   0x08012da4   0x0000004a   Code   RO         2754    i.Timer1_Configuration  sysinitialize.o
    0x08012dee   0x08012dee   0x00000002   PAD
    0x08012df0   0x08012df0   0x00000064   Code   RO         2755    i.Timer3_Configuration  sysinitialize.o
    0x08012e54   0x08012e54   0x0000001c   Code   RO         2756    i.Timer5_Configuration  sysinitialize.o
    0x08012e70   0x08012e70   0x00000028   Code   RO         2757    i.Timer6_Configuration  sysinitialize.o
    0x08012e98   0x08012e98   0x00000058   Code   RO         2758    i.Timer7_Configuration  sysinitialize.o
    0x08012ef0   0x08012ef0   0x000000fc   Code   RO         4500    i.TurnSlip_DetectProcess  wheel.o
    0x08012fec   0x08012fec   0x0000000c   Code   RO         4501    i.TurnSlip_GetCheckState  wheel.o
    0x08012ff8   0x08012ff8   0x0000000c   Code   RO         4502    i.TurnSlip_IsSlip   wheel.o
    0x08013004   0x08013004   0x00000014   Code   RO         4503    i.TurnSlip_ResetSlipCnt  wheel.o
    0x08013018   0x08013018   0x0000001c   Code   RO         4504    i.TurnSlip_SetCheckState  wheel.o
    0x08013034   0x08013034   0x00000030   Code   RO         3728    i.USART0_Configuration  usart.o
    0x08013064   0x08013064   0x0000003c   Code   RO         3729    i.USART0_DMA_String  usart.o
    0x080130a0   0x080130a0   0x00000044   Code   RO         3003    i.USART0_IRQHandler  gd32f30x_it.o
    0x080130e4   0x080130e4   0x00000030   Code   RO         3732    i.USART1_Configuration  usart.o
    0x08013114   0x08013114   0x00000058   Code   RO         3004    i.USART1_IRQHandler  gd32f30x_it.o
    0x0801316c   0x0801316c   0x0000001c   Code   RO         3734    i.USART1_Transmit_Byte  usart.o
    0x08013188   0x08013188   0x00000030   Code   RO         3736    i.USART2_Configuration  usart.o
    0x080131b8   0x080131b8   0x00000048   Code   RO         3005    i.USART2_IRQHandler  gd32f30x_it.o
    0x08013200   0x08013200   0x000000ac   Code   RO         3740    i.USART3_CreateTask  usart.o
    0x080132ac   0x080132ac   0x00000080   Code   RO         3741    i.USART3_PrintStringByLength  usart.o
    0x0801332c   0x0801332c   0x0000004c   Code   RO         3742    i.USART3_PrintTask  usart.o
    0x08013378   0x08013378   0x0000001c   Code   RO         3743    i.USARTMY_Transmit_Byte  usart.o
    0x08013394   0x08013394   0x00000010   Code   RO         5908    i.USART_SendNavData  debug.o
    0x080133a4   0x080133a4   0x0000005c   Code   RO         5909    i.UpgradeNavData_simple  debug.o
    0x08013400   0x08013400   0x00000004   Code   RO         3006    i.UsageFault_Handler  gd32f30x_it.o
    0x08013404   0x08013404   0x0000005c   Code   RO          433    i.UserInterFace_BeginToWork  userinterface.o
    0x08013460   0x08013460   0x00000016   Code   RO          434    i.UserInterFace_IsLowPower  userinterface.o
    0x08013476   0x08013476   0x00000012   Code   RO          435    i.UserInterFace_IsRobotPickedUp  userinterface.o
    0x08013488   0x08013488   0x0000001a   Code   RO          436    i.UserInterFace_IsWorkMode  userinterface.o
    0x080134a2   0x080134a2   0x00000002   PAD
    0x080134a4   0x080134a4   0x0000005c   Code   RO          437    i.UserInterFace_RemoteToMode  userinterface.o
    0x08013500   0x08013500   0x0000000c   Code   RO         3202    i.User_GetQuitCheckState  movement.o
    0x0801350c   0x0801350c   0x000004cc   Code   RO          438    i.User_Interface    userinterface.o
    0x080139d8   0x080139d8   0x0000000c   Code   RO         3203    i.User_SetQuitCheckState  movement.o
    0x080139e4   0x080139e4   0x0000000c   Code   RO         5301    i.Vacuum_GetCurrent  bldc.o
    0x080139f0   0x080139f0   0x0000000c   Code   RO         5302    i.Vacuum_GetCurrentAdc  bldc.o
    0x080139fc   0x080139fc   0x0000000c   Code   RO         5303    i.Vacuum_GetSpeed   bldc.o
    0x08013a08   0x08013a08   0x0000000c   Code   RO         5305    i.Vacuum_ResetFailFlag  bldc.o
    0x08013a14   0x08013a14   0x0000000c   Code   RO         5306    i.Vacuum_SetCurrent  bldc.o
    0x08013a20   0x08013a20   0x0000000c   Code   RO         5307    i.Vacuum_SetFailFlag  bldc.o
    0x08013a2c   0x08013a2c   0x00000058   Code   RO         5308    i.Vacuum_SetSpeed   bldc.o
    0x08013a84   0x08013a84   0x00000134   Code   RO         5310    i.Vacuum_TuneProcess  bldc.o
    0x08013bb8   0x08013bb8   0x0000001c   Code   RO         5311    i.Vacuum_TurnOff    bldc.o
    0x08013bd4   0x08013bd4   0x00000050   Code   RO         5571    i.W25QXX_Erase_Sector  w25q16.o
    0x08013c24   0x08013c24   0x00000060   Code   RO         5573    i.W25QXX_Read       w25q16.o
    0x08013c84   0x08013c84   0x00000038   Code   RO         5575    i.W25QXX_ReadSR     w25q16.o
    0x08013cbc   0x08013cbc   0x00000012   Code   RO         5578    i.W25QXX_Wait_Busy  w25q16.o
    0x08013cce   0x08013cce   0x00000002   PAD
    0x08013cd0   0x08013cd0   0x000000b8   Code   RO         5579    i.W25QXX_Write      w25q16.o
    0x08013d88   0x08013d88   0x0000002c   Code   RO         5581    i.W25QXX_Write_Enable  w25q16.o
    0x08013db4   0x08013db4   0x00000044   Code   RO         5582    i.W25QXX_Write_NoCheck  w25q16.o
    0x08013df8   0x08013df8   0x00000064   Code   RO         5583    i.W25QXX_Write_Page  w25q16.o
    0x08013e5c   0x08013e5c   0x00000028   Code   RO         4505    i.WHEEL_DISABLE     wheel.o
    0x08013e84   0x08013e84   0x00000012   Code   RO          779    i.WallFollow_CheckBigAngleWall  wallfollow.o
    0x08013e96   0x08013e96   0x0000001c   Code   RO          783    i.WallFollow_CheckStraightWall  wallfollow.o
    0x08013eb2   0x08013eb2   0x00000002   PAD
    0x08013eb4   0x08013eb4   0x0000000c   Code   RO          786    i.WallFollow_GetDistance  wallfollow.o
    0x08013ec0   0x08013ec0   0x0000000c   Code   RO         4506    i.WallFollow_GetLeftwheelStep  wheel.o
    0x08013ecc   0x08013ecc   0x0000000c   Code   RO         4507    i.WallFollow_GetRightwheelStep  wheel.o
    0x08013ed8   0x08013ed8   0x0000000c   Code   RO          787    i.WallFollow_GetTime  wallfollow.o
    0x08013ee4   0x08013ee4   0x0000000c   Code   RO         4508    i.WallFollow_GetWallAccelerate  wheel.o
    0x08013ef0   0x08013ef0   0x00000030   Code   RO          788    i.WallFollow_ResetCells  wallfollow.o
    0x08013f20   0x08013f20   0x0000000c   Code   RO          789    i.WallFollow_ResetCircleFlag  wallfollow.o
    0x08013f2c   0x08013f2c   0x00000014   Code   RO          791    i.WallFollow_ResetRightBaseLine  wallfollow.o
    0x08013f40   0x08013f40   0x0000000c   Code   RO          792    i.WallFollow_ResetSpinningTime  wallfollow.o
    0x08013f4c   0x08013f4c   0x0000000c   Code   RO         4509    i.WallFollow_ResetWallAccelerate  wheel.o
    0x08013f58   0x08013f58   0x00000014   Code   RO         4510    i.WallFollow_ResetWheelStep  wheel.o
    0x08013f6c   0x08013f6c   0x0000000c   Code   RO          795    i.WallFollow_SetDistance  wallfollow.o
    0x08013f78   0x08013f78   0x0000000c   Code   RO          796    i.WallFollow_SetTime  wallfollow.o
    0x08013f84   0x08013f84   0x00000022   Code   RO         5053    i.Wall_AdjustBaseline  obscliff.o
    0x08013fa6   0x08013fa6   0x00000002   PAD
    0x08013fa8   0x08013fa8   0x000001a0   Code   RO         5054    i.Wall_DynamicProcess  obscliff.o
    0x08014148   0x08014148   0x00000ce8   Code   RO          798    i.Wall_Follow_Mode  wallfollow.o
    0x08014e30   0x08014e30   0x0000000c   Code   RO         5055    i.Wall_GetDynamicState  obscliff.o
    0x08014e3c   0x08014e3c   0x0000000c   Code   RO         5056    i.Wall_GetLeftAdcValue  obscliff.o
    0x08014e48   0x08014e48   0x0000000c   Code   RO         5057    i.Wall_GetLeftAverageAdcValue  obscliff.o
    0x08014e54   0x08014e54   0x0000000c   Code   RO         5058    i.Wall_GetLeftBaseline  obscliff.o
    0x08014e60   0x08014e60   0x0000000c   Code   RO         5059    i.Wall_GetRightAdcValue  obscliff.o
    0x08014e6c   0x08014e6c   0x0000001c   Code   RO         5060    i.Wall_GetRightAverageAdcValue  obscliff.o
    0x08014e88   0x08014e88   0x0000000c   Code   RO         5061    i.Wall_GetRightBaseline  obscliff.o
    0x08014e94   0x08014e94   0x0000000c   Code   RO         5062    i.Wall_GetXAdcValue  obscliff.o
    0x08014ea0   0x08014ea0   0x0000000c   Code   RO         5064    i.Wall_GetXBaseline  obscliff.o
    0x08014eac   0x08014eac   0x0000001c   Code   RO         5065    i.Wall_SetAverageAdcValue  obscliff.o
    0x08014ec8   0x08014ec8   0x0000000c   Code   RO         5066    i.Wall_SetDynamicState  obscliff.o
    0x08014ed4   0x08014ed4   0x0000000c   Code   RO         5067    i.Wall_SetLeftBaseline  obscliff.o
    0x08014ee0   0x08014ee0   0x0000000c   Code   RO         5068    i.Wall_SetRightBaseline  obscliff.o
    0x08014eec   0x08014eec   0x0000000c   Code   RO         5069    i.Wall_SetXBaseline  obscliff.o
    0x08014ef8   0x08014ef8   0x00000270   Code   RO         4513    i.Wheel_Forward_PidProcess  wheel.o
    0x08015168   0x08015168   0x0000000c   Code   RO         4514    i.Wheel_GetDir      wheel.o
    0x08015174   0x08015174   0x0000000c   Code   RO         4515    i.Wheel_GetLeftCount  wheel.o
    0x08015180   0x08015180   0x0000000c   Code   RO         4516    i.Wheel_GetLeftCurrent  wheel.o
    0x0801518c   0x0801518c   0x0000000c   Code   RO         4517    i.Wheel_GetLeftCurrentAdc  wheel.o
    0x08015198   0x08015198   0x0000000c   Code   RO         4518    i.Wheel_GetLeftDir  wheel.o
    0x080151a4   0x080151a4   0x0000000c   Code   RO         4519    i.Wheel_GetLeftMoveStep  wheel.o
    0x080151b0   0x080151b0   0x0000000c   Code   RO         4520    i.Wheel_GetLeftSpeed  wheel.o
    0x080151bc   0x080151bc   0x0000000c   Code   RO         4521    i.Wheel_GetLeftStep  wheel.o
    0x080151c8   0x080151c8   0x0000000c   Code   RO         4522    i.Wheel_GetLeftTargetSpeed  wheel.o
    0x080151d4   0x080151d4   0x0000000c   Code   RO         4523    i.Wheel_GetLeftTargetStep  wheel.o
    0x080151e0   0x080151e0   0x0000000c   Code   RO         4524    i.Wheel_GetRightCount  wheel.o
    0x080151ec   0x080151ec   0x0000000c   Code   RO         4525    i.Wheel_GetRightCurrent  wheel.o
    0x080151f8   0x080151f8   0x0000000c   Code   RO         4526    i.Wheel_GetRightCurrentAdc  wheel.o
    0x08015204   0x08015204   0x0000000c   Code   RO         4527    i.Wheel_GetRightDir  wheel.o
    0x08015210   0x08015210   0x0000000c   Code   RO         4529    i.Wheel_GetRightSpeed  wheel.o
    0x0801521c   0x0801521c   0x0000000c   Code   RO         4530    i.Wheel_GetRightStep  wheel.o
    0x08015228   0x08015228   0x0000000c   Code   RO         4531    i.Wheel_GetRightTargetSpeed  wheel.o
    0x08015234   0x08015234   0x0000000c   Code   RO         4532    i.Wheel_GetRightTargetStep  wheel.o
    0x08015240   0x08015240   0x00000018   Code   RO         4533    i.Wheel_LeftStepReached  wheel.o
    0x08015258   0x08015258   0x00000014   Code   RO         4534    i.Wheel_ResetMoveStep  wheel.o
    0x0801526c   0x0801526c   0x00000014   Code   RO         4535    i.Wheel_ResetSlowCnt  wheel.o
    0x08015280   0x08015280   0x00000014   Code   RO         4536    i.Wheel_ResetStep   wheel.o
    0x08015294   0x08015294   0x00000018   Code   RO         4537    i.Wheel_RightStepReached  wheel.o
    0x080152ac   0x080152ac   0x00000014   Code   RO         4538    i.Wheel_SetCount    wheel.o
    0x080152c0   0x080152c0   0x000000cc   Code   RO         4539    i.Wheel_SetDir      wheel.o
    0x0801538c   0x0801538c   0x0000000c   Code   RO         4540    i.Wheel_SetLeftCurrent  wheel.o
    0x08015398   0x08015398   0x0000001c   Code   RO         4541    i.Wheel_SetLeftDir  wheel.o
    0x080153b4   0x080153b4   0x00000010   Code   RO         4542    i.Wheel_SetLeftSpeed  wheel.o
    0x080153c4   0x080153c4   0x0000000c   Code   RO         4543    i.Wheel_SetLeftTargetSpeed  wheel.o
    0x080153d0   0x080153d0   0x0000000c   Code   RO         4544    i.Wheel_SetLeftTargetStep  wheel.o
    0x080153dc   0x080153dc   0x0000000c   Code   RO         4545    i.Wheel_SetRightCurrent  wheel.o
    0x080153e8   0x080153e8   0x0000001c   Code   RO         4546    i.Wheel_SetRightDir  wheel.o
    0x08015404   0x08015404   0x00000010   Code   RO         4547    i.Wheel_SetRightSpeed  wheel.o
    0x08015414   0x08015414   0x0000000c   Code   RO         4548    i.Wheel_SetRightTargetSpeed  wheel.o
    0x08015420   0x08015420   0x0000000c   Code   RO         4549    i.Wheel_SetRightTargetStep  wheel.o
    0x0801542c   0x0801542c   0x00000014   Code   RO         4550    i.Wheel_SetSpeed    wheel.o
    0x08015440   0x08015440   0x00000014   Code   RO         4551    i.Wheel_SetTargetSpeed  wheel.o
    0x08015454   0x08015454   0x00000014   Code   RO         4552    i.Wheel_SetTargetStep  wheel.o
    0x08015468   0x08015468   0x00000148   Code   RO         4553    i.Wheel_SpeedAccelerationProcess  wheel.o
    0x080155b0   0x080155b0   0x0000003c   Code   RO         4554    i.Wheel_Stop        wheel.o
    0x080155ec   0x080155ec   0x0000021c   Code   RO         4557    i.Wheel_TuneSpeedProcess  wheel.o
    0x08015808   0x08015808   0x00000054   Code   RO         2759    i.Wifi_All_Data_Init  sysinitialize.o
    0x0801585c   0x0801585c   0x00000088   Code   RO         2760    i.Wifi_Clean_Record_Report  sysinitialize.o
    0x080158e4   0x080158e4   0x000000b0   Code   RO         2761    i.Wifi_Even_Report  sysinitialize.o
    0x08015994   0x08015994   0x0000000c   Code   RO         3990    i.Wifi_GetRemoteCode  rcon.o
    0x080159a0   0x080159a0   0x0000000c   Code   RO         3204    i.Wifi_Get_Mode_Flag  movement.o
    0x080159ac   0x080159ac   0x0000000c   Code   RO         3205    i.Wifi_Mode_GetMode  movement.o
    0x080159b8   0x080159b8   0x00000014   Code   RO         3206    i.Wifi_Mode_SetMode  movement.o
    0x080159cc   0x080159cc   0x0000000c   Code   RO         2762    i.Wifi_Open_Stream_trans  sysinitialize.o
    0x080159d8   0x080159d8   0x00000016   Code   RO         2491    i.Wifi_Package_Choose  protocol.o
    0x080159ee   0x080159ee   0x0000000c   Code   RO         2492    i.Wifi_Rece_Package_Report  protocol.o
    0x080159fa   0x080159fa   0x00000002   PAD
    0x080159fc   0x080159fc   0x000000b0   Code   RO         2763    i.Wifi_Report_Map   sysinitialize.o
    0x08015aac   0x08015aac   0x00000014   Code   RO         3991    i.Wifi_SetRemoteCode  rcon.o
    0x08015ac0   0x08015ac0   0x0000000c   Code   RO         3207    i.Wifi_Set_Mode_Flag  movement.o
    0x08015acc   0x08015acc   0x00000044   Code   RO         2764    i.Wifi_Start_Stream_trans  sysinitialize.o
    0x08015b10   0x08015b10   0x000000a8   Code   RO         2765    i.Wifi_Stop_Stream_trans  sysinitialize.o
    0x08015bb8   0x08015bb8   0x00000054   Code   RO         2766    i.Wifi_Update_MapReport_Init  sysinitialize.o
    0x08015c0c   0x08015c0c   0x00000030   Code   RO        10231    i.__ARM_fpclassify  m_wm.l(fpclassify.o)
    0x08015c3c   0x08015c3c   0x00000004   PAD
    0x08015c40   0x08015c40   0x000002d8   Code   RO        10075    i.__hardfp_atan     m_wm.l(atan.o)
    0x08015f18   0x08015f18   0x000000c8   Code   RO        10089    i.__hardfp_cos      m_wm.l(cos.o)
    0x08015fe0   0x08015fe0   0x000000e0   Code   RO        10101    i.__hardfp_round    m_wm.l(round.o)
    0x080160c0   0x080160c0   0x000000c8   Code   RO        10105    i.__hardfp_sin      m_wm.l(sin.o)
    0x08016188   0x08016188   0x0000007a   Code   RO        10117    i.__hardfp_sqrt     m_wm.l(sqrt.o)
    0x08016202   0x08016202   0x00000006   PAD
    0x08016208   0x08016208   0x00000080   Code   RO        10129    i.__hardfp_tan      m_wm.l(tan.o)
    0x08016288   0x08016288   0x00000438   Code   RO        10235    i.__ieee754_rem_pio2  m_wm.l(rred.o)
    0x080166c0   0x080166c0   0x00000170   Code   RO        10208    i.__kernel_cos      m_wm.l(cos_i.o)
    0x08016830   0x08016830   0x000000f8   Code   RO        10233    i.__kernel_poly     m_wm.l(poly.o)
    0x08016928   0x08016928   0x00000130   Code   RO        10240    i.__kernel_sin      m_wm.l(sin_i.o)
    0x08016a58   0x08016a58   0x00000350   Code   RO        10246    i.__kernel_tan      m_wm.l(tan_i.o)
    0x08016da8   0x08016da8   0x00000014   Code   RO        10212    i.__mathlib_dbl_infnan  m_wm.l(dunder.o)
    0x08016dbc   0x08016dbc   0x00000004   PAD
    0x08016dc0   0x08016dc0   0x00000020   Code   RO        10214    i.__mathlib_dbl_invalid  m_wm.l(dunder.o)
    0x08016de0   0x08016de0   0x00000020   Code   RO        10217    i.__mathlib_dbl_underflow  m_wm.l(dunder.o)
    0x08016e00   0x08016e00   0x0000000e   Code   RO        10299    i.__scatterload_copy  mc_w.l(handlers.o)
    0x08016e0e   0x08016e0e   0x00000002   Code   RO        10300    i.__scatterload_null  mc_w.l(handlers.o)
    0x08016e10   0x08016e10   0x0000000e   Code   RO        10301    i.__scatterload_zeroinit  mc_w.l(handlers.o)
    0x08016e1e   0x08016e1e   0x00000002   PAD
    0x08016e20   0x08016e20   0x0000000c   Code   RO        10279    i.__set_errno       mc_w.l(errno.o)
    0x08016e2c   0x08016e2c   0x000000c0   Code   RO         2493    i.all_data_update   protocol.o
    0x08016eec   0x08016eec   0x0000001a   Code   RO         2285    i.byte_to_int       mcu_api.o
    0x08016f06   0x08016f06   0x00000002   Code   RO         7022    i.configureTimerForRunTimeStats  freertos.o
    0x08016f08   0x08016f08   0x00000058   Code   RO         7514    i.dac_data_set      gd32f30x_dac.o
    0x08016f60   0x08016f60   0x00000014   Code   RO         7515    i.dac_deinit        gd32f30x_dac.o
    0x08016f74   0x08016f74   0x00000024   Code   RO         7519    i.dac_enable        gd32f30x_dac.o
    0x08016f98   0x08016f98   0x00000024   Code   RO         7522    i.dac_output_buffer_enable  gd32f30x_dac.o
    0x08016fbc   0x08016fbc   0x00000024   Code   RO         7527    i.dac_trigger_disable  gd32f30x_dac.o
    0x08016fe0   0x08016fe0   0x00000034   Code   RO         7531    i.dac_wave_mode_config  gd32f30x_dac.o
    0x08017014   0x08017014   0x0000029c   Code   RO         2643    i.data_handle       system.o
    0x080172b0   0x080172b0   0x0000004c   Code   RO         2644    i.data_point_handle  system.o
    0x080172fc   0x080172fc   0x00000018   Code   RO         2767    i.delay             sysinitialize.o
    0x08017314   0x08017314   0x00000074   Code   RO         2494    i.dp_download_directioncontrol_handle  protocol.o
    0x08017388   0x08017388   0x0000003e   Code   RO         2495    i.dp_download_edge_brush_handle  protocol.o
    0x080173c6   0x080173c6   0x0000003e   Code   RO         2496    i.dp_download_filter_handle  protocol.o
    0x08017404   0x08017404   0x000000ca   Code   RO         2497    i.dp_download_handle  protocol.o
    0x080174ce   0x080174ce   0x0000003e   Code   RO         2498    i.dp_download_hypa_handle  protocol.o
    0x0801750c   0x0801750c   0x00000102   Code   RO         2499    i.dp_download_mode_handle  protocol.o
    0x0801760e   0x0801760e   0x0000003e   Code   RO         2500    i.dp_download_mop_handle  protocol.o
    0x0801764c   0x0801764c   0x00000028   Code   RO         2501    i.dp_download_power_go_handle  protocol.o
    0x08017674   0x08017674   0x00000028   Code   RO         2502    i.dp_download_power_handle  protocol.o
    0x0801769c   0x0801769c   0x0000003e   Code   RO         2503    i.dp_download_roll_brush_handle  protocol.o
    0x080176da   0x080176da   0x00000056   Code   RO         2504    i.dp_download_suck_handle  protocol.o
    0x08017730   0x08017730   0x00000028   Code   RO         2505    i.dp_download_volume_handle  protocol.o
    0x08017758   0x08017758   0x0000000c   Code   RO         8086    i.exti_flag_clear   gd32f30x_exti.o
    0x08017764   0x08017764   0x00000018   Code   RO         8087    i.exti_flag_get     gd32f30x_exti.o
    0x0801777c   0x0801777c   0x00000018   Code   RO        10227    i.fabs              m_wm.l(fabs.o)
    0x08017794   0x08017794   0x00000012   Code   RO        10266    i.fputc             mc_w.l(fputc.o)
    0x080177a6   0x080177a6   0x00000002   PAD
    0x080177a8   0x080177a8   0x00000050   Code   RO        10156    i.free              mc_w.l(malloc.o)
    0x080177f8   0x080177f8   0x00000004   Code   RO         7023    i.getRunTimeCounterValue  freertos.o
    0x080177fc   0x080177fc   0x0000001c   Code   RO         2645    i.get_check_sum     system.o
    0x08017818   0x08017818   0x0000002c   Code   RO         2646    i.get_dowmload_dpid_index  system.o
    0x08017844   0x08017844   0x00000004   Code   RO         2506    i.get_download_cmd_total  protocol.o
    0x08017848   0x08017848   0x0000000e   Code   RO         2647    i.get_mcu_wifi_mode  system.o
    0x08017856   0x08017856   0x00000002   PAD
    0x08017858   0x08017858   0x0000001c   Code   RO         2648    i.get_queue_total_data  system.o
    0x08017874   0x08017874   0x00000054   Code   RO         2507    i.get_wifi_status   protocol.o
    0x080178c8   0x080178c8   0x00000034   Code   RO         2649    i.heat_beat_check   system.o
    0x080178fc   0x080178fc   0x00000038   Code   RO         5910    i.mPC_NavDebug      debug.o
    0x08017934   0x08017934   0x000000ec   Code   RO            6    i.main              main.o
    0x08017a20   0x08017a20   0x0000006c   Code   RO        10157    i.malloc            mc_w.l(malloc.o)
    0x08017a8c   0x08017a8c   0x00000064   Code   RO         2288    i.mcu_dp_bool_update  mcu_api.o
    0x08017af0   0x08017af0   0x00000054   Code   RO         2289    i.mcu_dp_enum_update  mcu_api.o
    0x08017b44   0x08017b44   0x000000c4   Code   RO         2290    i.mcu_dp_fault_update  mcu_api.o
    0x08017c08   0x08017c08   0x00000074   Code   RO         2292    i.mcu_dp_string_update  mcu_api.o
    0x08017c7c   0x08017c7c   0x00000078   Code   RO         2293    i.mcu_dp_value_update  mcu_api.o
    0x08017cf4   0x08017cf4   0x00000068   Code   RO         2508    i.mcu_firm_update_handle  protocol.o
    0x08017d5c   0x08017d5c   0x00000006   Code   RO         2294    i.mcu_get_dp_download_bool  mcu_api.o
    0x08017d62   0x08017d62   0x00000006   Code   RO         2295    i.mcu_get_dp_download_enum  mcu_api.o
    0x08017d68   0x08017d68   0x0000000e   Code   RO         2296    i.mcu_get_dp_download_value  mcu_api.o
    0x08017d76   0x08017d76   0x00000002   PAD
    0x08017d78   0x08017d78   0x0000002c   Code   RO         2509    i.mcu_get_greentime  protocol.o
    0x08017da4   0x08017da4   0x0000000c   Code   RO         2299    i.mcu_get_system_time  mcu_api.o
    0x08017db0   0x08017db0   0x00000024   Code   RO         2304    i.mcu_set_wifi_mode  mcu_api.o
    0x08017dd4   0x08017dd4   0x0000002c   Code   RO         2510    i.mcu_write_rtctime  protocol.o
    0x08017e00   0x08017e00   0x00000044   Code   RO         2306    i.my_memcpy         mcu_api.o
    0x08017e44   0x08017e44   0x0000001c   Code   RO         2310    i.my_strlen         mcu_api.o
    0x08017e60   0x08017e60   0x000000a4   Code   RO         8516    i.nvic_irq_enable   gd32f30x_misc.o
    0x08017f04   0x08017f04   0x00000014   Code   RO         8517    i.nvic_priority_group_set  gd32f30x_misc.o
    0x08017f18   0x08017f18   0x00000018   Code   RO         6675    i.osDelay           cmsis_os.o
    0x08017f30   0x08017f30   0x00000010   Code   RO         6707    i.osSystickHandler  cmsis_os.o
    0x08017f40   0x08017f40   0x00000178   Code   RO         5965    i.print             printf-stdarg.o
    0x080180b8   0x080180b8   0x0000001c   Code   RO         5966    i.printchar         printf-stdarg.o
    0x080180d4   0x080180d4   0x000000ba   Code   RO         5967    i.printi            printf-stdarg.o
    0x0801818e   0x0801818e   0x00000080   Code   RO         5968    i.prints            printf-stdarg.o
    0x0801820e   0x0801820e   0x00000002   PAD
    0x08018210   0x08018210   0x000000d4   Code   RO         2650    i.product_info_update  system.o
    0x080182e4   0x080182e4   0x00000054   Code   RO         6308    i.prvAddCurrentTaskToDelayedList  tasks.o
    0x08018338   0x08018338   0x00000042   Code   RO         6309    i.prvAllocateTCBAndStack  tasks.o
    0x0801837a   0x0801837a   0x00000002   PAD
    0x0801837c   0x0801837c   0x00000064   Code   RO         6310    i.prvCheckTasksWaitingTermination  tasks.o
    0x080183e0   0x080183e0   0x0000002a   Code   RO         6144    i.prvCopyDataFromQueue  queue.o
    0x0801840a   0x0801840a   0x00000080   Code   RO         6145    i.prvCopyDataToQueue  queue.o
    0x0801848a   0x0801848a   0x00000012   Code   RO         6311    i.prvDeleteTCB      tasks.o
    0x0801849c   0x0801849c   0x00000038   Code   RO         6634    i.prvHeapInit       heap_2.o
    0x080184d4   0x080184d4   0x00000028   Code   RO         6312    i.prvIdleTask       tasks.o
    0x080184fc   0x080184fc   0x00000064   Code   RO         6313    i.prvInitialiseTCBVariables  tasks.o
    0x08018560   0x08018560   0x00000068   Code   RO         6314    i.prvInitialiseTaskLists  tasks.o
    0x080185c8   0x080185c8   0x0000001a   Code   RO         6146    i.prvIsQueueEmpty   queue.o
    0x080185e2   0x080185e2   0x0000001e   Code   RO         6147    i.prvIsQueueFull    queue.o
    0x08018600   0x08018600   0x00000034   Code   RO         6316    i.prvResetNextTaskUnblockTime  tasks.o
    0x08018634   0x08018634   0x00000040   Code   RO         7064    i.prvTaskExitError  port.o
    0x08018674   0x08018674   0x0000007e   Code   RO         6148    i.prvUnlockQueue    queue.o
    0x080186f2   0x080186f2   0x00000002   PAD
    0x080186f4   0x080186f4   0x0000000c   Code   RO        10144    i.putchar           mc_w.l(putchar.o)
    0x08018700   0x08018700   0x000000b8   Code   RO         6635    i.pvPortMalloc      heap_2.o
    0x080187b8   0x080187b8   0x00000020   Code   RO         6319    i.pvTaskIncrementMutexHeldCount  tasks.o
    0x080187d8   0x080187d8   0x0000002c   Code   RO         7065    i.pxPortInitialiseStack  port.o
    0x08018804   0x08018804   0x0000006c   Code   RO         8705    i.rcu_adc_clock_config  gd32f30x_rcu.o
    0x08018870   0x08018870   0x00000020   Code   RO         8735    i.rcu_periph_reset_disable  gd32f30x_rcu.o
    0x08018890   0x08018890   0x00000020   Code   RO         8736    i.rcu_periph_reset_enable  gd32f30x_rcu.o
    0x080188b0   0x080188b0   0x00000028   Code   RO         2651    i.set_wifi_uart_buffer  system.o
    0x080188d8   0x080188d8   0x00000010   Code   RO         2652    i.set_wifi_uart_byte  system.o
    0x080188e8   0x080188e8   0x00000084   Code   RO         2311    i.stream_trans      mcu_api.o
    0x0801896c   0x0801896c   0x0000011c   Code   RO        10019    i.system_clock_120m_hxtal  system_gd32f30x.o
    0x08018a88   0x08018a88   0x00000008   Code   RO        10020    i.system_clock_config  system_gd32f30x.o
    0x08018a90   0x08018a90   0x00000008   Code   RO         9344    i.timer_interrupt_flag_clear  gd32f30x_timer.o
    0x08018a98   0x08018a98   0x00000018   Code   RO         9345    i.timer_interrupt_flag_get  gd32f30x_timer.o
    0x08018ab0   0x08018ab0   0x0000005c   Code   RO         2312    i.uart_receive_input  mcu_api.o
    0x08018b0c   0x08018b0c   0x0000000c   Code   RO         2512    i.uart_transmit_output  protocol.o
    0x08018b18   0x08018b18   0x00000018   Code   RO         3748    i.ups3              usart.o
    0x08018b30   0x08018b30   0x0000001a   Code   RO         9720    i.usart_flag_clear  gd32f30x_usart.o
    0x08018b4a   0x08018b4a   0x0000001e   Code   RO         9721    i.usart_flag_get    gd32f30x_usart.o
    0x08018b68   0x08018b68   0x0000001e   Code   RO         9729    i.usart_interrupt_flag_get  gd32f30x_usart.o
    0x08018b86   0x08018b86   0x00000018   Code   RO         5971    i.usprintf          printf-stdarg.o
    0x08018b9e   0x08018b9e   0x00000028   Code   RO         6108    i.uxListRemove      list.o
    0x08018bc6   0x08018bc6   0x00000028   Code   RO         6151    i.uxQueueMessagesWaiting  queue.o
    0x08018bee   0x08018bee   0x00000002   PAD
    0x08018bf0   0x08018bf0   0x00000050   Code   RO          368    i.vApplicationStackOverflowHook  projecttask.o
    0x08018c40   0x08018c40   0x0000001a   Code   RO         6109    i.vListInitialise   list.o
    0x08018c5a   0x08018c5a   0x00000006   Code   RO         6110    i.vListInitialiseItem  list.o
    0x08018c60   0x08018c60   0x00000034   Code   RO         6111    i.vListInsert       list.o
    0x08018c94   0x08018c94   0x00000018   Code   RO         6112    i.vListInsertEnd    list.o
    0x08018cac   0x08018cac   0x00000054   Code   RO         7067    i.vPortEnterCritical  port.o
    0x08018d00   0x08018d00   0x0000003c   Code   RO         7068    i.vPortExitCritical  port.o
    0x08018d3c   0x08018d3c   0x00000040   Code   RO         6636    i.vPortFree         heap_2.o
    0x08018d7c   0x08018d7c   0x00000020   Code   RO         7069    i.vPortSetupTimerInterrupt  port.o
    0x08018d9c   0x08018d9c   0x00000074   Code   RO         7070    i.vPortValidateInterruptPriority  port.o
    0x08018e10   0x08018e10   0x0000008c   Code   RO         6328    i.vTaskDelay        tasks.o
    0x08018e9c   0x08018e9c   0x000000f4   Code   RO         6329    i.vTaskDelayUntil   tasks.o
    0x08018f90   0x08018f90   0x0000000c   Code   RO         6332    i.vTaskMissedYield  tasks.o
    0x08018f9c   0x08018f9c   0x0000007c   Code   RO         6334    i.vTaskPlaceOnEventList  tasks.o
    0x08019018   0x08019018   0x000000b0   Code   RO         6336    i.vTaskPriorityInherit  tasks.o
    0x080190c8   0x080190c8   0x0000002c   Code   RO         6340    i.vTaskSetTimeOutState  tasks.o
    0x080190f4   0x080190f4   0x00000074   Code   RO         6341    i.vTaskStartScheduler  tasks.o
    0x08019168   0x08019168   0x00000010   Code   RO         6343    i.vTaskSuspendAll   tasks.o
    0x08019178   0x08019178   0x00000104   Code   RO         6344    i.vTaskSwitchContext  tasks.o
    0x0801927c   0x0801927c   0x00000024   Code   RO         2313    i.wifi_protocol_init  mcu_api.o
    0x080192a0   0x080192a0   0x00000008   Code   RO         2514    i.wifi_test_result  protocol.o
    0x080192a8   0x080192a8   0x000000fc   Code   RO         2314    i.wifi_uart_service  mcu_api.o
    0x080193a4   0x080193a4   0x00000024   Code   RO         2653    i.wifi_uart_write_data  system.o
    0x080193c8   0x080193c8   0x00000044   Code   RO         2654    i.wifi_uart_write_frame  system.o
    0x0801940c   0x0801940c   0x00000138   Code   RO         7071    i.xPortStartScheduler  port.o
    0x08019544   0x08019544   0x00000034   Code   RO         7072    i.xPortSysTickHandler  port.o
    0x08019578   0x08019578   0x00000088   Code   RO         6160    i.xQueueGenericCreate  queue.o
    0x08019600   0x08019600   0x000001a8   Code   RO         6161    i.xQueueGenericReceive  queue.o
    0x080197a8   0x080197a8   0x00000094   Code   RO         6162    i.xQueueGenericReset  queue.o
    0x0801983c   0x0801983c   0x00000198   Code   RO         6163    i.xQueueGenericSend  queue.o
    0x080199d4   0x080199d4   0x000000d0   Code   RO         6165    i.xQueueGiveFromISR  queue.o
    0x08019aa4   0x08019aa4   0x00000088   Code   RO         6345    i.xTaskCheckForTimeOut  tasks.o
    0x08019b2c   0x08019b2c   0x0000016c   Code   RO         6346    i.xTaskGenericCreate  tasks.o
    0x08019c98   0x08019c98   0x00000020   Code   RO         6349    i.xTaskGetSchedulerState  tasks.o
    0x08019cb8   0x08019cb8   0x0000000c   Code   RO         6350    i.xTaskGetTickCount  tasks.o
    0x08019cc4   0x08019cc4   0x00000148   Code   RO         6352    i.xTaskIncrementTick  tasks.o
    0x08019e0c   0x08019e0c   0x000000c4   Code   RO         6355    i.xTaskPriorityDisinherit  tasks.o
    0x08019ed0   0x08019ed0   0x00000098   Code   RO         6356    i.xTaskRemoveFromEventList  tasks.o
    0x08019f68   0x08019f68   0x00000104   Code   RO         6358    i.xTaskResumeAll    tasks.o
    0x0801a06c   0x0801a06c   0x00000020   Data   RO            7    .constdata          main.o
    0x0801a08c   0x0801a08c   0x0000000f   Data   RO          313    .constdata          charge.o
    0x0801a09b   0x0801a09b   0x00000011   Data   RO          369    .constdata          projecttask.o
    0x0801a0ac   0x0801a0ac   0x00000029   Data   RO          439    .constdata          userinterface.o
    0x0801a0d5   0x0801a0d5   0x0000000c   Data   RO          499    .constdata          remote_mode.o
    0x0801a0e1   0x0801a0e1   0x0000009f   Data   RO          544    .constdata          spot.o
    0x0801a180   0x0801a180   0x0000000d   Data   RO          704    .constdata          standby.o
    0x0801a18d   0x0801a18d   0x00000048   Data   RO          800    .constdata          wallfollow.o
    0x0801a1d5   0x0801a1d5   0x00000012   Data   RO          923    .constdata          homestraight.o
    0x0801a1e7   0x0801a1e7   0x000000cf   Data   RO         1001    .constdata          cormove.o
    0x0801a2b6   0x0801a2b6   0x00000132   Data   RO         1323    .constdata          pathplanning.o
    0x0801a3e8   0x0801a3e8   0x00000145   Data   RO         1622    .constdata          shortestpath.o
    0x0801a52d   0x0801a52d   0x00000095   Data   RO         1891    .constdata          map.o
    0x0801a5c2   0x0801a5c2   0x00000024   Data   RO         2515    .constdata          protocol.o
    0x0801a5e6   0x0801a5e6   0x00000029   Data   RO         2769    .constdata          sysinitialize.o
    0x0801a60f   0x0801a60f   0x00000046   Data   RO         3209    .constdata          movement.o
    0x0801a655   0x0801a655   0x00000064   Data   RO         3575    .constdata          display.o
    0x0801a6b9   0x0801a6b9   0x00000010   Data   RO         4209    .constdata          touchpad.o
    0x0801a6c9   0x0801a6c9   0x00000019   Data   RO         4559    .constdata          wheel.o
    0x0801a6e2   0x0801a6e2   0x00000014   Data   RO         6361    .constdata          tasks.o
    0x0801a6f6   0x0801a6f6   0x00000002   PAD
    0x0801a6f8   0x0801a6f8   0x00000098   Data   RO        10078    .constdata          m_wm.l(atan.o)
    0x0801a790   0x0801a790   0x00000030   Data   RO        10209    .constdata          m_wm.l(cos_i.o)
    0x0801a7c0   0x0801a7c0   0x000000c8   Data   RO        10237    .constdata          m_wm.l(rred.o)
    0x0801a888   0x0801a888   0x00000028   Data   RO        10241    .constdata          m_wm.l(sin_i.o)
    0x0801a8b0   0x0801a8b0   0x00000060   Data   RO        10247    .constdata          m_wm.l(tan_i.o)
    0x0801a910   0x0801a910   0x00000047   Data   RO          370    .conststring        projecttask.o
    0x0801a957   0x0801a957   0x00000001   PAD
    0x0801a958   0x0801a958   0x00000020   Data   RO        10297    Region$$Table       anon$$obj.o


    Execution Region RW_IRAM1 (Exec base: 0x20000000, Load base: 0x0801a978, Size: 0x0000b688, Max: 0x00010000, ABSOLUTE, COMPRESSED[0x0000005c])

    Exec Addr    Load Addr    Size         Type   Attr      Idx    E Section Name        Object

    0x20000000   COMPRESSED   0x00000011   Data   RW          314    .data               charge.o
    0x20000011   COMPRESSED   0x00000003   PAD
    0x20000014   COMPRESSED   0x0000001e   Data   RW          371    .data               projecttask.o
    0x20000032   COMPRESSED   0x00000002   PAD
    0x20000034   COMPRESSED   0x0000001a   Data   RW          440    .data               userinterface.o
    0x2000004e   COMPRESSED   0x00000005   Data   RW          545    .data               spot.o
    0x20000053   COMPRESSED   0x00000001   PAD
    0x20000054   COMPRESSED   0x0000001b   Data   RW          801    .data               wallfollow.o
    0x2000006f   COMPRESSED   0x00000001   PAD
    0x20000070   COMPRESSED   0x00000010   Data   RW          924    .data               homestraight.o
    0x20000080   COMPRESSED   0x00000044   Data   RW         1002    .data               cormove.o
    0x200000c4   COMPRESSED   0x00000017   Data   RW         1324    .data               pathplanning.o
    0x200000db   COMPRESSED   0x00000001   PAD
    0x200000dc   COMPRESSED   0x00000006   Data   RW         1623    .data               shortestpath.o
    0x200000e2   COMPRESSED   0x00000006   PAD
    0x200000e8   COMPRESSED   0x00000054   Data   RW         1892    .data               map.o
    0x2000013c   COMPRESSED   0x00000002   Data   RW         2315    .data               mcu_api.o
    0x2000013e   COMPRESSED   0x00000002   PAD
    0x20000140   COMPRESSED   0x00000019   Data   RW         2656    .data               system.o
    0x20000159   COMPRESSED   0x00000003   PAD
    0x2000015c   COMPRESSED   0x00000047   Data   RW         2770    .data               sysinitialize.o
    0x200001a3   COMPRESSED   0x00000001   PAD
    0x200001a4   COMPRESSED   0x00000013   Data   RW         3008    .data               gd32f30x_it.o
    0x200001b7   COMPRESSED   0x00000001   PAD
    0x200001b8   COMPRESSED   0x00000032   Data   RW         3210    .data               movement.o
    0x200001ea   COMPRESSED   0x00000020   Data   RW         3576    .data               display.o
    0x2000020a   COMPRESSED   0x00000002   PAD
    0x2000020c   COMPRESSED   0x00000019   Data   RW         3750    .data               usart.o
    0x20000225   COMPRESSED   0x00000003   PAD
    0x20000228   COMPRESSED   0x00000010   Data   RW         3935    .data               speaker.o
    0x20000238   COMPRESSED   0x00000018   Data   RW         3993    .data               rcon.o
    0x20000250   COMPRESSED   0x00000011   Data   RW         4122    .data               rtc.o
    0x20000261   COMPRESSED   0x00000002   Data   RW         4210    .data               touchpad.o
    0x20000263   COMPRESSED   0x00000001   PAD
    0x20000264   COMPRESSED   0x0000003d   Data   RW         4294    .data               gyro.o
    0x200002a1   COMPRESSED   0x00000003   PAD
    0x200002a4   COMPRESSED   0x0000016a   Data   RW         4560    .data               wheel.o
    0x2000040e   COMPRESSED   0x00000002   PAD
    0x20000410   COMPRESSED   0x00000085   Data   RW         5071    .data               obscliff.o
    0x20000495   COMPRESSED   0x00000003   PAD
    0x20000498   COMPRESSED   0x00000018   Data   RW         5312    .data               bldc.o
    0x200004b0   COMPRESSED   0x00000006   Data   RW         5423    .data               brush.o
    0x200004b6   COMPRESSED   0x00000001   Data   RW         5500    .data               wifiota.o
    0x200004b7   COMPRESSED   0x00000001   PAD
    0x200004b8   COMPRESSED   0x00000040   Data   RW         6362    .data               tasks.o
    0x200004f8   COMPRESSED   0x00000018   Data   RW         6640    .data               heap_2.o
    0x20000510   COMPRESSED   0x0000000c   Data   RW         7073    .data               port.o
    0x2000051c   COMPRESSED   0x00000004   Data   RW        10021    .data               system_gd32f30x.o
    0x20000520   COMPRESSED   0x00000004   Data   RW        10268    .data               mc_w.l(stdout.o)
    0x20000524   COMPRESSED   0x00000004   Data   RW        10275    .data               mc_w.l(mvars.o)
    0x20000528   COMPRESSED   0x00000004   Data   RW        10276    .data               mc_w.l(mvars.o)
    0x2000052c   COMPRESSED   0x00000004   Data   RW        10280    .data               mc_w.l(errno.o)
    0x20000530        -       0x00000078   Zero   RW          799    .bss                wallfollow.o
    0x200005a8        -       0x000002a4   Zero   RW         1322    .bss                pathplanning.o
    0x2000084c        -       0x0000106c   Zero   RW         1621    .bss                shortestpath.o
    0x200018b8        -       0x00003d6c   Zero   RW         1890    .bss                map.o
    0x20005624        -       0x00000399   Zero   RW         2655    .bss                system.o
    0x200059bd   COMPRESSED   0x00000003   PAD
    0x200059c0        -       0x00000238   Zero   RW         2768    .bss                sysinitialize.o
    0x20005bf8        -       0x0000003c   Zero   RW         3007    .bss                gd32f30x_it.o
    0x20005c34        -       0x00000010   Zero   RW         3208    .bss                movement.o
    0x20005c44        -       0x00000c3b   Zero   RW         3749    .bss                usart.o
    0x2000687f   COMPRESSED   0x00000001   PAD
    0x20006880        -       0x0000003c   Zero   RW         3992    .bss                rcon.o
    0x200068bc        -       0x0000000c   Zero   RW         4293    .bss                gyro.o
    0x200068c8        -       0x0000000c   Zero   RW         4558    .bss                wheel.o
    0x200068d4        -       0x00001000   Zero   RW         5585    .bss                w25q16.o
    0x200078d4        -       0x00000100   Zero   RW         5912    .bss                debug.o
    0x200079d4        -       0x000001a4   Zero   RW         6360    .bss                tasks.o
    0x20007b78        -       0x00002710   Zero   RW         6639    .bss                heap_2.o
    0x2000a288        -       0x00000400   Zero   RW        10055    HEAP                startup_gd32f30x_hd.o
    0x2000a688        -       0x00001000   Zero   RW        10054    STACK               startup_gd32f30x_hd.o


==============================================================================

Image component sizes


      Code (inc. data)   RO Data    RW Data    ZI Data      Debug   Object Name

       520         92          0         24          0       7199   bldc.o
        96         44          0          6          0       6110   brush.o
       964         98         15         17          0       4160   charge.o
        40          0          0          0          0      10933   cmsis_os.o
     18734       3648        207         68          0      38440   cormove.o
       286         12          0          0        256       4981   debug.o
      2442        324        100         32          0      14683   display.o
         0          0          0          0          0       7928   event_groups.o
         6          0          0          0          0        977   freertos.o
       268         28          0          0          0       3645   gd32f30x_dac.o
        36         12          0          0          0       1214   gd32f30x_exti.o
      2312        230          0         19         60      13336   gd32f30x_it.o
       184         18          0          0          0       1456   gd32f30x_misc.o
       172         30          0          0          0       1868   gd32f30x_rcu.o
        32          0          0          0          0       1400   gd32f30x_timer.o
        86          0          0          0          0       2075   gd32f30x_usart.o
      1000        156          0         61         12      10439   gyro.o
       304         40          0         24      10000       3627   heap_2.o
      6564        514         18         16          0       6597   homestraight.o
       148          0          0          0          0       3222   list.o
      2460        620         32          0          0     289562   main.o
      7298       1192        149         84      15724      38649   map.o
      1324         80          0          2          0      13000   mcu_api.o
      2002        334         70         50         16      30711   movement.o
       808         40          0          0          0       9927   mymath.o
      2350        366          0        133          0      20567   obscliff.o
      6696       1392        306         23        676      29980   pathplanning.o
       946        100          0         12          0      11665   port.o
       742          8          0          0          0       4731   printf-stdarg.o
      2104        408         88         30          0       7467   projecttask.o
      1618         80         36          0          0      15301   protocol.o
      1716         16          0          0          0      11583   queue.o
      4126        124          0         24         60      12872   rcon.o
      1336        188         12          0          0       1394   remote_mode.o
        92          8          0         17          0       1594   rtc.o
      4622        660        325          6       4204      22759   shortestpath.o
      1022        214          0         16          0       2469   speaker.o
        84          6          0          0          0        629   spi.o
      3794        700        159          5          0      13614   spot.o
       498        166         13          0          0       1353   standby.o
        36          8        304          0       5120        816   startup_gd32f30x_hd.o
      3476        480         41         71        568      33413   sysinitialize.o
      1342        150          0         25        921      10247   system.o
       372         32          0          4          0       1799   system_gd32f30x.o
      3208        410         20         64        420      22496   tasks.o
       352        106         16          2          0       1451   touchpad.o
       690        126          0         25       3131       8445   usart.o
      1478        232         41         26          0       6125   userinterface.o
       646         30          0          0       4096       6051   w25q16.o
      3490        364         72         27        120      11756   wallfollow.o
      4334        558         25        362         12      56456   wheel.o
        78         24          0          1          0       2716   wifiota.o

    ----------------------------------------------------------------------
     99440      14468       2084       1312      45400     845888   Object Totals
         0          0         32          0          0          0   (incl. Generated)
       106          0          3         36          4          0   (incl. Padding)

    ----------------------------------------------------------------------

      Code (inc. data)   RO Data    RW Data    ZI Data      Debug   Library Member Name

       728        106        152          0          0        228   atan.o
       200         20          0          0          0        164   cos.o
       368         46         48          0          0        200   cos_i.o
        84         16          0          0          0        372   dunder.o
        24          0          0          0          0        124   fabs.o
        48          0          0          0          0        124   fpclassify.o
       248          0          0          0          0        152   poly.o
       224         30          0          0          0        172   round.o
      1080        142        200          0          0        188   rred.o
       200         20          0          0          0        164   sin.o
       304         24         40          0          0        208   sin_i.o
       122          0          0          0          0        148   sqrt.o
       128         20          0          0          0        144   tan.o
       848         84         96          0          0        196   tan_i.o
        86          0          0          0          0          0   __dczerorl2.o
         0          0          0          0          0          0   entry.o
         0          0          0          0          0          0   entry10a.o
         0          0          0          0          0          0   entry11a.o
         8          4          0          0          0          0   entry2.o
         4          0          0          0          0          0   entry5.o
         0          0          0          0          0          0   entry7b.o
         0          0          0          0          0          0   entry8b.o
         8          4          0          0          0          0   entry9a.o
        12          6          0          4          0         68   errno.o
        18          0          0          0          0         80   fputc.o
        30          0          0          0          0          0   handlers.o
        36          8          0          0          0         68   init.o
         0          0          0          0          0          0   iusefp.o
         0          0          0          0          0          0   iusesemip.o
        30          0          0          0          0         68   llshl.o
        36          0          0          0          0         68   llsshr.o
        32          0          0          0          0         68   llushr.o
       188         20          0          0          0        160   malloc.o
        26          0          0          0          0         80   memcmp.o
        36          0          0          0          0         68   memcpya.o
        36          0          0          0          0        108   memseta.o
         0          0          0          8          0          0   mvars.o
        12          6          0          0          0         68   putchar.o
         0          0          0          0          0          0   semi.o
         0          0          0          4          0          0   stdout.o
        98          0          0          0          0         92   uldiv.o
        48          0          0          0          0         68   cdcmple.o
        48          0          0          0          0         68   cdrcmple.o
       334          0          0          0          0        148   dadd.o
       222          0          0          0          0        100   ddiv.o
       186          0          0          0          0        176   depilogue.o
        62          0          0          0          0         80   dfixi.o
        50          0          0          0          0         76   dfixui.o
        34          0          0          0          0         76   dflti.o
        26          0          0          0          0         76   dfltui.o
       228          0          0          0          0         96   dmul.o
       136          4          0          0          0         92   drnd.o
       162          0          0          0          0        100   dsqrt.o

    ----------------------------------------------------------------------
      6860        560        536         16          0       4736   Library Totals
        22          0          0          0          0          0   (incl. Padding)

    ----------------------------------------------------------------------

      Code (inc. data)   RO Data    RW Data    ZI Data      Debug   Library Name

      4606        508        536          0          0       2584   m_wm.l
       696         48          0         16          0        996   mc_w.l
      1536          4          0          0          0       1156   mf_w.l

    ----------------------------------------------------------------------
      6860        560        536         16          0       4736   Library Totals

    ----------------------------------------------------------------------

==============================================================================


      Code (inc. data)   RO Data    RW Data    ZI Data      Debug   

    106300      15028       2620       1328      45400     779264   Grand Totals
    106300      15028       2620         92      45400     779264   ELF Image Totals (compressed)
    106300      15028       2620         92          0          0   ROM Totals

==============================================================================

    Total RO  Size (Code + RO Data)               108920 ( 106.37kB)
    Total RW  Size (RW Data + ZI Data)             46728 (  45.63kB)
    Total ROM Size (Code + RO Data + RW Data)     109012 ( 106.46kB)

==============================================================================

