Component: ARM Compiler 5.06 update 6 (build 750) Tool: armlink [4d35ed]

==============================================================================

Section Cross References

    main.o(i.Task_MainTask) refers to sysinitialize.o(i.System_StoreMotorBaseline) for System_StoreMotorBaseline
    main.o(i.Task_MainTask) refers to obscliff.o(i.OBS_ResetTrigValue) for OBS_ResetTrigValue
    main.o(i.Task_MainTask) refers to movement.o(i.Error_SetCode) for Error_SetCode
    main.o(i.Task_MainTask) refers to speaker.o(i.Speaker) for Speaker
    main.o(i.Task_MainTask) refers to movement.o(i.Mode_GetMode) for Mode_GetMode
    main.o(i.Task_MainTask) refers to movement.o(i.User_SetQuitCheckState) for User_SetQuitCheckState
    main.o(i.Task_MainTask) refers to userinterface.o(i.User_Interface) for User_Interface
    main.o(i.Task_MainTask) refers to movement.o(i.Time_ResetCurrentTime) for Time_ResetCurrentTime
    main.o(i.Task_MainTask) refers to bldc.o(i.Vacuum_ResetFailFlag) for Vacuum_ResetFailFlag
    main.o(i.Task_MainTask) refers to spot.o(i.Spot_Mode) for Spot_Mode
    main.o(i.Task_MainTask) refers to movement.o(i.Error_GetCode) for Error_GetCode
    main.o(i.Task_MainTask) refers to movement.o(i.Motor_DisableAll) for Motor_DisableAll
    main.o(i.Task_MainTask) refers to cormove.o(i.CM_SetCMType) for CM_SetCMType
    main.o(i.Task_MainTask) refers to cormove.o(i.CM_MapTouring) for CM_MapTouring
    main.o(i.Task_MainTask) refers to sysinitialize.o(i.Wifi_Stop_Stream_trans) for Wifi_Stop_Stream_trans
    main.o(i.Task_MainTask) refers to cmsis_os.o(i.osDelay) for osDelay
    main.o(i.Task_MainTask) refers to remote_mode.o(i.Remote_Mode) for Remote_Mode
    main.o(i.Task_MainTask) refers to homestraight.o(i.HomeStraight_Mode) for HomeStraight_Mode
    main.o(i.Task_MainTask) refers to movement.o(i.Mode_SetMode) for Mode_SetMode
    main.o(i.Task_MainTask) refers to wallfollow.o(i.Wall_Follow_Mode) for Wall_Follow_Mode
    main.o(i.Task_MainTask) refers to main.o(i.Test_GyroFunction) for Test_GyroFunction
    main.o(i.Test_GyroFunction) refers to tasks.o(i.xTaskGetTickCount) for xTaskGetTickCount
    main.o(i.Test_GyroFunction) refers to gyro.o(i.ICM42688_Config) for ICM42688_Config
    main.o(i.Test_GyroFunction) refers to movement.o(i.Motor_DisableAll) for Motor_DisableAll
    main.o(i.Test_GyroFunction) refers to display.o(i.Set_LED_On_Blink) for Set_LED_On_Blink
    main.o(i.Test_GyroFunction) refers to display.o(i.Set_LED_On_Switch) for Set_LED_On_Switch
    main.o(i.Test_GyroFunction) refers to gyro.o(i.Gyro_Cmd) for Gyro_Cmd
    main.o(i.Test_GyroFunction) refers to cmsis_os.o(i.osDelay) for osDelay
    main.o(i.Test_GyroFunction) refers to movement.o(i.Motor_WorkConfigure) for Motor_WorkConfigure
    main.o(i.Test_GyroFunction) refers to map.o(i.Map_Initialize) for Map_Initialize
    main.o(i.Test_GyroFunction) refers to pathplanning.o(i.PathList_Clear) for PathList_Clear
    main.o(i.Test_GyroFunction) refers to pathplanning.o(i.TargetList_Clear) for TargetList_Clear
    main.o(i.Test_GyroFunction) refers to shortestpath.o(i.PathPoint_ClearAllPoints) for PathPoint_ClearAllPoints
    main.o(i.Test_GyroFunction) refers to cormove.o(i.CM_MoveToMap) for CM_MoveToMap
    main.o(i.Test_GyroFunction) refers to wheel.o(i.Wheel_Stop) for Wheel_Stop
    main.o(i.Test_GyroFunction) refers to movement.o(i.Battery_GetVoltage) for Battery_GetVoltage
    main.o(i.Test_GyroFunction) refers to cormove.o(i.CM_HeadToCourse) for CM_HeadToCourse
    main.o(i.Test_GyroFunction) refers to wheel.o(i.Action_SetMove) for Action_SetMove
    main.o(i.Test_GyroFunction) refers to wheel.o(i.Wheel_ResetStep) for Wheel_ResetStep
    main.o(i.Test_GyroFunction) refers to wheel.o(i.Action_GetMove) for Action_GetMove
    main.o(i.Test_GyroFunction) refers to gyro.o(i.Gyro_GetAngle) for Gyro_GetAngle
    main.o(i.Test_GyroFunction) refers to cormove.o(i.Heading_GetTargetAngle) for Heading_GetTargetAngle
    main.o(i.Test_GyroFunction) refers to mymath.o(i.Math_Diff_int) for Math_Diff_int
    main.o(i.Test_GyroFunction) refers to wheel.o(i.Wheel_GetLeftStep) for Wheel_GetLeftStep
    main.o(i.Test_GyroFunction) refers to wheel.o(i.ActList_Switch) for ActList_Switch
    main.o(i.Test_GyroFunction) refers to wheel.o(i.Wheel_SetTargetSpeed) for Wheel_SetTargetSpeed
    main.o(i.Test_GyroFunction) refers to wheel.o(i.Wheel_GetLeftSpeed) for Wheel_GetLeftSpeed
    main.o(i.Test_GyroFunction) refers to wheel.o(i.Wheel_GetRightSpeed) for Wheel_GetRightSpeed
    main.o(i.Test_GyroFunction) refers to wheel.o(i.Action_Stop) for Action_Stop
    main.o(i.Test_GyroFunction) refers to tasks.o(i.vTaskDelayUntil) for vTaskDelayUntil
    main.o(i.VectorTabs_setup) refers to gd32f30x_misc.o(i.nvic_vector_table_set) for nvic_vector_table_set
    main.o(i.main) refers to sysinitialize.o(i.SystemInitialize) for SystemInitialize
    main.o(i.main) refers to main.o(i.VectorTabs_setup) for VectorTabs_setup
[...]
    SRC\\USART.c                             0x00000000   Number         0  usart.o ABSOLUTE
    SRC\\UserInterface.c                     0x00000000   Number         0  userinterface.o ABSOLUTE
    SRC\\W25Q16.c                            0x00000000   Number         0  w25q16.o ABSOLUTE
    SRC\\WallFollow.c                        0x00000000   Number         0  wallfollow.o ABSOLUTE
    SRC\\Wheel.c                             0x00000000   Number         0  wheel.o ABSOLUTE
    SRC\\WifiOTA.c                           0x00000000   Number         0  wifiota.o ABSOLUTE
    SRC\\gd32f30x_it.c                       0x00000000   Number         0  gd32f30x_it.o ABSOLUTE
    SRC\\main.c                              0x00000000   Number         0  main.o ABSOLUTE
    SRC\gd32f30x_it.c                        0x00000000   Number         0  gd32f30x_it.o ABSOLUTE
    SRC\main.c                               0x00000000   Number         0  main.o ABSOLUTE
    SRC\printf-stdarg.c                      0x00000000   Number         0  printf-stdarg.o ABSOLUTE
    Tuya\\protocol.c                         0x00000000   Number         0  protocol.o ABSOLUTE
    Tuya\mcu_api.c                           0x00000000   Number         0  mcu_api.o ABSOLUTE
    Tuya\protocol.c                          0x00000000   Number         0  protocol.o ABSOLUTE
    Tuya\system.c                            0x00000000   Number         0  system.o ABSOLUTE
    cdcmple.s                                0x00000000   Number         0  cdcmple.o ABSOLUTE
    cdrcmple.s                               0x00000000   Number         0  cdrcmple.o ABSOLUTE
    dc.s                                     0x00000000   Number         0  dc.o ABSOLUTE
    handlers.s                               0x00000000   Number         0  handlers.o ABSOLUTE
    init.s                                   0x00000000   Number         0  init.o ABSOLUTE
    RESET                                    0x0800c000   Section      304  startup_gd32f30x_hd.o(RESET)
    .ARM.Collect$$$$00000000                 0x0800c130   Section        0  entry.o(.ARM.Collect$$$$00000000)
    .ARM.Collect$$$$00000001                 0x0800c130   Section        4  entry2.o(.ARM.Collect$$$$00000001)
    .ARM.Collect$$$$00000004                 0x0800c134   Section        4  entry5.o(.ARM.Collect$$$$00000004)
    .ARM.Collect$$$$00000008                 0x0800c138   Section        0  entry7b.o(.ARM.Collect$$$$00000008)
    .ARM.Collect$$$$0000000A                 0x0800c138   Section        0  entry8b.o(.ARM.Collect$$$$0000000A)
    .ARM.Collect$$$$0000000B                 0x0800c138   Section        8  entry9a.o(.ARM.Collect$$$$0000000B)
    .ARM.Collect$$$$0000000D                 0x0800c140   Section        0  entry10a.o(.ARM.Collect$$$$0000000D)
    .ARM.Collect$$$$0000000F                 0x0800c140   Section        0  entry11a.o(.ARM.Collect$$$$0000000F)
    .ARM.Collect$$$$00002712                 0x0800c140   Section        4  entry2.o(.ARM.Collect$$$$00002712)
    __lit__00000000                          0x0800c140   Data           4  entry2.o(.ARM.Collect$$$$00002712)
    .emb_text                                0x0800c144   Section      182  port.o(.emb_text)
    $v0                                      0x0800c144   Number         0  port.o(.emb_text)
    .text                                    0x0800c1fc   Section       36  startup_gd32f30x_hd.o(.text)
    $v0                                      0x0800c1fc   Number         0  startup_gd32f30x_hd.o(.text)
    .text                                    0x0800c220   Section        0  memcmp.o(.text)
    .text                                    0x0800c23c   Section       36  init.o(.text)
    .text                                    0x0800c260   Section        0  __dczerorl2.o(.text)
    i.ADC_Configuration                      0x0800c2b8   Section        0  sysinitialize.o(i.ADC_Configuration)
    i.BusFault_Handler                       0x0800c3e8   Section        0  gd32f30x_it.o(i.BusFault_Handler)
    i.DAC_Configuration                      0x0800c3ec   Section        0  sysinitialize.o(i.DAC_Configuration)
    i.DMA0_Channel3_IRQHandler               0x0800c410   Section        0  gd32f30x_it.o(i.DMA0_Channel3_IRQHandler)
    i.DMA0_Channel6_IRQHandler               0x0800c444   Section        0  gd32f30x_it.o(i.DMA0_Channel6_IRQHandler)
    i.DebugMon_Handler                       0x0800c464   Section        0  gd32f30x_it.o(i.DebugMon_Handler)
    i.EXTI0_IRQHandler                       0x0800c466   Section        0  gd32f30x_it.o(i.EXTI0_IRQHandler)
    i.EXTI10_15_IRQHandler                   0x0800c478   Section        0  gd32f30x_it.o(i.EXTI10_15_IRQHandler)
    i.EXTI1_IRQHandler                       0x0800c4f2   Section        0  gd32f30x_it.o(i.EXTI1_IRQHandler)
    i.EXTI2_IRQHandler                       0x0800c504   Section        0  gd32f30x_it.o(i.EXTI2_IRQHandler)
    i.EXTI3_IRQHandler                       0x0800c5a8   Section        0  gd32f30x_it.o(i.EXTI3_IRQHandler)
    i.EXTI4_IRQHandler                       0x0800c5be   Section        0  gd32f30x_it.o(i.EXTI4_IRQHandler)
    i.EXTI5_9_IRQHandler                     0x0800c5d4   Section        0  gd32f30x_it.o(i.EXTI5_9_IRQHandler)
    i.EXTI_Configuration                     0x0800c6dc   Section        0  sysinitialize.o(i.EXTI_Configuration)
    i.FLASH_ReadU16                          0x0800c718   Section        0  wifiota.o(i.FLASH_ReadU16)
    i.GPIO_Configuration                     0x0800c720   Section        0  sysinitialize.o(i.GPIO_Configuration)
    i.GetBaseLineADCV                        0x0800c840   Section        0  sysinitialize.o(i.GetBaseLineADCV)
    i.Get_Upgrade_Flag                       0x0800c894   Section        0  wifiota.o(i.Get_Upgrade_Flag)
    i.Get_VacMode                            0x0800c8a4   Section        0  bldc.o(i.Get_VacMode)
    i.Gyro_ParseMsg                          0x0800c8b0   Section        0  gyro.o(i.Gyro_ParseMsg)
    i.Gyro_ReceiveCharacter                  0x0800c9e4   Section        0  gyro.o(i.Gyro_ReceiveCharacter)
    i.HardFault_Handler                      0x0800ca64   Section        0  gd32f30x_it.o(i.HardFault_Handler)
    i.LED_Display                            0x0800ca68   Section        0  display.o(i.LED_Display)
    i.MemManage_Handler                      0x0800cf8c   Section        0  gd32f30x_it.o(i.MemManage_Handler)
    i.Mode_GetLog                            0x0800cf90   Section        0  movement.o(i.Mode_GetLog)
    i.Mode_GetMode                           0x0800cf9c   Section        0  movement.o(i.Mode_GetMode)
    i.NMI_Handler                            0x0800cfa6   Section        0  gd32f30x_it.o(i.NMI_Handler)
    i.NVIC_Configuration                     0x0800cfa8   Section        0  sysinitialize.o(i.NVIC_Configuration)
    i.Power_DisableAll                       0x0800d054   Section        0  movement.o(i.Power_DisableAll)
    i.Power_EnableAll                        0x0800d084   Section        0  movement.o(i.Power_EnableAll)
    i.RCC_Configuration                      0x0800d0c4   Section        0  sysinitialize.o(i.RCC_Configuration)
    i.RTC_Configuration                      0x0800d1dc   Section        0  rtc.o(i.RTC_Configuration)
    i.RTC_IRQHandler                         0x0800d238   Section        0  gd32f30x_it.o(i.RTC_IRQHandler)
    i.Rcon_BR                                0x0800d268   Section        0  rcon.o(i.Rcon_BR)
    i.Rcon_FL                                0x0800d55c   Section        0  rcon.o(i.Rcon_FL)
    i.Rcon_FR                                0x0800d850   Section        0  rcon.o(i.Rcon_FR)
    i.Rcon_L                                 0x0800db44   Section        0  rcon.o(i.Rcon_L)
    i.Rcon_R                                 0x0800de38   Section        0  rcon.o(i.Rcon_R)
    i.Rcon_SetRemoteCode                     0x0800e12c   Section        0  rcon.o(i.Rcon_SetRemoteCode)
    i.Rcon_Timer                             0x0800e138   Section        0  rcon.o(i.Rcon_Timer)
    i.SPI1_Configuration                     0x0800e1dc   Section        0  sysinitialize.o(i.SPI1_Configuration)
    i.SPI2_Configuration                     0x0800e24c   Section        0  sysinitialize.o(i.SPI2_Configuration)
    i.Set_3v3                                0x0800e2bc   Section        0  movement.o(i.Set_3v3)
    i.Set_5v                                 0x0800e2e4   Section        0  movement.o(i.Set_5v)
    i.Set_Icm42688_Interr                    0x0800e308   Section        0  icm42688.o(i.Set_Icm42688_Interr)
    i.Set_LED1_On_Blink                      0x0800e314   Section        0  display.o(i.Set_LED1_On_Blink)
    i.Set_LED1_On_Switch                     0x0800e320   Section        0  display.o(i.Set_LED1_On_Switch)
    i.Set_LED2_On_Blink                      0x0800e32c   Section        0  display.o(i.Set_LED2_On_Blink)
    i.Set_LED2_On_Switch                     0x0800e338   Section        0  display.o(i.Set_LED2_On_Switch)
    i.Set_LED3_On_Blink                      0x0800e344   Section        0  display.o(i.Set_LED3_On_Blink)
    i.Set_LED3_On_Switch                     0x0800e350   Section        0  display.o(i.Set_LED3_On_Switch)
    i.Set_LED4_On_Blink                      0x0800e35c   Section        0  display.o(i.Set_LED4_On_Blink)
    i.Set_LED4_On_Switch                     0x0800e368   Section        0  display.o(i.Set_LED4_On_Switch)
    i.Set_LED5_On_Blink                      0x0800e374   Section        0  display.o(i.Set_LED5_On_Blink)
    i.Set_LED5_On_Switch                     0x0800e380   Section        0  display.o(i.Set_LED5_On_Switch)
    i.Set_LED6_On_Blink                      0x0800e38c   Section        0  display.o(i.Set_LED6_On_Blink)
    i.Set_LED6_On_Switch                     0x0800e398   Section        0  display.o(i.Set_LED6_On_Switch)
    i.Set_LED_On_Blink                       0x0800e3a4   Section        0  display.o(i.Set_LED_On_Blink)
    i.Set_LED_On_Switch                      0x0800e3d4   Section        0  display.o(i.Set_LED_On_Switch)
    i.Set_near_Flag                          0x0800e404   Section        0  obscliff.o(i.Set_near_Flag)
    i.SysTick_Handler                        0x0800e410   Section        0  gd32f30x_it.o(i.SysTick_Handler)
    i.SystemInit                             0x0800e418   Section        0  system_gd32f30x.o(i.SystemInit)
    i.SystemInitialize                       0x0800e468   Section        0  sysinitialize.o(i.SystemInitialize)
    i.System_SetCurrentBaselineAdc           0x0800e4b8   Section        0  sysinitialize.o(i.System_SetCurrentBaselineAdc)
    i.Systick_Configuration                  0x0800e4c4   Section        0  sysinitialize.o(i.Systick_Configuration)
    i.TIMER1_IRQHandler                      0x0800e4dc   Section        0  gd32f30x_it.o(i.TIMER1_IRQHandler)
    i.TIMER5_IRQHandler                      0x0800e950   Section        0  gd32f30x_it.o(i.TIMER5_IRQHandler)
    i.TIMER6_IRQHandler                      0x0800e9e0   Section        0  gd32f30x_it.o(i.TIMER6_IRQHandler)
    i.Timer0_Configuration                   0x0800ea14   Section        0  sysinitialize.o(i.Timer0_Configuration)
    i.Timer1_Configuration                   0x0800ea6c   Section        0  sysinitialize.o(i.Timer1_Configuration)
    i.Timer3_Configuration                   0x0800eab8   Section        0  sysinitialize.o(i.Timer3_Configuration)
    i.Timer5_Configuration                   0x0800eb1c   Section        0  sysinitialize.o(i.Timer5_Configuration)
    i.Timer6_Configuration                   0x0800eb38   Section        0  sysinitialize.o(i.Timer6_Configuration)
    i.Timer7_Configuration                   0x0800eb60   Section        0  sysinitialize.o(i.Timer7_Configuration)
    i.USART0_Configuration                   0x0800ebb8   Section        0  usart.o(i.USART0_Configuration)
    i.USART0_IRQHandler                      0x0800ebe8   Section        0  gd32f30x_it.o(i.USART0_IRQHandler)
    i.USART1_Configuration                   0x0800ec2c   Section        0  usart.o(i.USART1_Configuration)
    i.USART1_IRQHandler                      0x0800ec5c   Section        0  gd32f30x_it.o(i.USART1_IRQHandler)
    i.USART2_Configuration                   0x0800ecbc   Section        0  usart.o(i.USART2_Configuration)
    i.USART2_IRQHandler                      0x0800ecec   Section        0  gd32f30x_it.o(i.USART2_IRQHandler)
    i.UsageFault_Handler                     0x0800ed34   Section        0  gd32f30x_it.o(i.UsageFault_Handler)
    i.VectorTabs_setup                       0x0800ed38   Section        0  main.o(i.VectorTabs_setup)
    i.Wifi_All_Data_Init                     0x0800ed50   Section        0  sysinitialize.o(i.Wifi_All_Data_Init)
    i.__scatterload_copy                     0x0800ed9c   Section       14  handlers.o(i.__scatterload_copy)
    i.__scatterload_null                     0x0800edaa   Section        2  handlers.o(i.__scatterload_null)
    i.__scatterload_zeroinit                 0x0800edac   Section       14  handlers.o(i.__scatterload_zeroinit)
    i.dac_deinit                             0x0800edba   Section        0  gd32f30x_dac.o(i.dac_deinit)
    i.dac_enable                             0x0800edd0   Section        0  gd32f30x_dac.o(i.dac_enable)
    i.dac_output_buffer_enable               0x0800edf4   Section        0  gd32f30x_dac.o(i.dac_output_buffer_enable)
    i.dac_trigger_disable                    0x0800ee18   Section        0  gd32f30x_dac.o(i.dac_trigger_disable)
    i.dac_wave_mode_config                   0x0800ee3c   Section        0  gd32f30x_dac.o(i.dac_wave_mode_config)
    i.delay                                  0x0800ee70   Section        0  sysinitialize.o(i.delay)
    i.exti_flag_clear                        0x0800ee88   Section        0  gd32f30x_exti.o(i.exti_flag_clear)
    i.exti_flag_get                          0x0800ee94   Section        0  gd32f30x_exti.o(i.exti_flag_get)
    i.getRunTimeCounterValue                 0x0800eeac   Section        0  freertos.o(i.getRunTimeCounterValue)
    i.main                                   0x0800eeb0   Section        0  main.o(i.main)
    i.nvic_irq_enable                        0x0800ef24   Section        0  gd32f30x_misc.o(i.nvic_irq_enable)
    i.nvic_priority_group_set                0x0800efc8   Section        0  gd32f30x_misc.o(i.nvic_priority_group_set)
    i.nvic_vector_table_set                  0x0800efdc   Section        0  gd32f30x_misc.o(i.nvic_vector_table_set)
    i.osSystickHandler                       0x0800eff0   Section        0  cmsis_os.o(i.osSystickHandler)
    i.prvResetNextTaskUnblockTime            0x0800f000   Section        0  tasks.o(i.prvResetNextTaskUnblockTime)
    prvResetNextTaskUnblockTime              0x0800f001   Thumb Code    42  tasks.o(i.prvResetNextTaskUnblockTime)
    i.rcu_adc_clock_config                   0x0800f034   Section        0  gd32f30x_rcu.o(i.rcu_adc_clock_config)
    i.rcu_periph_reset_disable               0x0800f0a0   Section        0  gd32f30x_rcu.o(i.rcu_periph_reset_disable)
    i.rcu_periph_reset_enable                0x0800f0c0   Section        0  gd32f30x_rcu.o(i.rcu_periph_reset_enable)
    i.system_clock_120m_hxtal                0x0800f0e0   Section        0  system_gd32f30x.o(i.system_clock_120m_hxtal)
    system_clock_120m_hxtal                  0x0800f0e1   Thumb Code   266  system_gd32f30x.o(i.system_clock_120m_hxtal)
    i.system_clock_config                    0x0800f1fc   Section        0  system_gd32f30x.o(i.system_clock_config)
    system_clock_config                      0x0800f1fd   Thumb Code     8  system_gd32f30x.o(i.system_clock_config)
    i.timer_interrupt_flag_clear             0x0800f204   Section        0  gd32f30x_timer.o(i.timer_interrupt_flag_clear)
    i.timer_interrupt_flag_get               0x0800f20c   Section        0  gd32f30x_timer.o(i.timer_interrupt_flag_get)
    i.uart_receive_input                     0x0800f224   Section        0  mcu_api.o(i.uart_receive_input)
    i.usart_flag_clear                       0x0800f280   Section        0  gd32f30x_usart.o(i.usart_flag_clear)
    i.usart_flag_get                         0x0800f29a   Section        0  gd32f30x_usart.o(i.usart_flag_get)
    i.usart_interrupt_flag_get               0x0800f2b8   Section        0  gd32f30x_usart.o(i.usart_interrupt_flag_get)
    i.uxListRemove                           0x0800f2d6   Section        0  list.o(i.uxListRemove)
    i.vApplicationStackOverflowHook          0x0800f2fe   Section        0  projecttask.o(i.vApplicationStackOverflowHook)
    i.vListInsertEnd                         0x0800f30a   Section        0  list.o(i.vListInsertEnd)
    i.vPortValidateInterruptPriority         0x0800f324   Section        0  port.o(i.vPortValidateInterruptPriority)
    i.vTaskSwitchContext                     0x0800f398   Section        0  tasks.o(i.vTaskSwitchContext)
    i.wifi_protocol_init                     0x0800f49c   Section        0  mcu_api.o(i.wifi_protocol_init)
    i.xPortSysTickHandler                    0x0800f4c0   Section        0  port.o(i.xPortSysTickHandler)
    i.xQueueGiveFromISR                      0x0800f4f4   Section        0  queue.o(i.xQueueGiveFromISR)
    i.xTaskGetSchedulerState                 0x0800f5c4   Section        0  tasks.o(i.xTaskGetSchedulerState)
    i.xTaskIncrementTick                     0x0800f5e4   Section        0  tasks.o(i.xTaskIncrementTick)
    i.xTaskRemoveFromEventList               0x0800f72c   Section        0  tasks.o(i.xTaskRemoveFromEventList)
    .constdata                               0x0800f7c4   Section       20  tasks.o(.constdata)
    ucExpectedStackBytes                     0x0800f7c4   Data          20  tasks.o(.constdata)
    .data                                    0x20000000   Section       25  system.o(.data)
    mcu_reset_state                          0x20000010   Data           1  system.o(.data)
    firm_length                              0x20000014   Data           4  system.o(.data)
    firm_update_flag                         0x20000018   Data           1  system.o(.data)
    .data                                    0x20000020   Section       45  icm42688.o(.data)
    .data                                    0x20000050   Section       54  sysinitialize.o(.data)
    .data                                    0x20000088   Section       19  gd32f30x_it.o(.data)
    xHigherPriorityTaskWoken                 0x20000090   Data           4  gd32f30x_it.o(.data)
    ms_10                                    0x20000094   Data           1  gd32f30x_it.o(.data)
    num                                      0x20000096   Data           2  gd32f30x_it.o(.data)
    OBS_Counter                              0x20000098   Data           1  gd32f30x_it.o(.data)
    OBS_Run_Flag                             0x20000099   Data           1  gd32f30x_it.o(.data)
    OBS_CHX                                  0x2000009a   Data           1  gd32f30x_it.o(.data)
    .data                                    0x2000009c   Section       45  movement.o(.data)
    l_bumper_error                           0x200000c7   Data           1  movement.o(.data)
    r_bumper_error                           0x200000c8   Data           1  movement.o(.data)
    .data                                    0x200000ca   Section       32  display.o(.data)
    LED_Cycle_Counter                        0x200000de   Data           1  display.o(.data)
    Home_Flag                                0x200000df   Data           1  display.o(.data)
    blink_cnt                                0x200000e0   Data           2  display.o(.data)
    blink_total                              0x200000e2   Data           2  display.o(.data)
    wifi_blink_cnt                           0x200000e4   Data           2  display.o(.data)
    wifi_blink_total                         0x200000e6   Data           2  display.o(.data)
    breath_steps                             0x200000e8   Data           1  display.o(.data)
    breath_cnt                               0x200000e9   Data           1  display.o(.data)
    .data                                    0x200000ec   Section       25  usart.o(.data)
    .data                                    0x20000108   Section       24  rcon.o(.data)
    Station_Counter                          0x20000114   Data           4  rcon.o(.data)
    No_SH_Signal                             0x20000118   Data           4  rcon.o(.data)
    Code                                     0x2000011c   Data           4  rcon.o(.data)
    .data                                    0x20000120   Section       17  rtc.o(.data)
    .data                                    0x20000134   Section       61  gyro.o(.data)
    .data                                    0x20000174   Section      362  wheel.o(.data)
    left_wheel_overcurrent_cnt               0x200002be   Data           1  wheel.o(.data)
    right_wheel_overcurrent_cnt              0x200002c0   Data           2  wheel.o(.data)
    right_proportion                         0x200002c4   Data           4  wheel.o(.data)
    left_proportion                          0x200002c8   Data           4  wheel.o(.data)
    left_increase_cnt                        0x200002cc   Data           1  wheel.o(.data)
    right_increase_cnt                       0x200002cd   Data           1  wheel.o(.data)
    slip_angle_diff                          0x200002ce   Data           2  wheel.o(.data)
    slip_step_diff                           0x200002d0   Data           2  wheel.o(.data)
    TurnSlip_Result                          0x200002d2   Data           2  wheel.o(.data)
    left_move_buffer                         0x200002d4   Data           4  wheel.o(.data)
    gyro_angle_buffer                        0x200002d8   Data           2  wheel.o(.data)
    integration_value                        0x200002da   Data           2  wheel.o(.data)
    Previous                                 0x200002dc   Data           2  wheel.o(.data)
    .data                                    0x200002e0   Section      133  obscliff.o(.data)
    wall_r_sum_value                         0x20000300   Data           4  obscliff.o(.data)
    wall_r_average_value                     0x20000304   Data           4  obscliff.o(.data)
    wall_r_stable_cnt                        0x20000308   Data           4  obscliff.o(.data)
    wall_r_temp_buffer                       0x2000030c   Data           4  obscliff.o(.data)
    wall_l_sum_value                         0x20000310   Data           4  obscliff.o(.data)
    wall_l_average_value                     0x20000314   Data           4  obscliff.o(.data)
    wall_l_stable_cnt                        0x20000318   Data           4  obscliff.o(.data)
    wall_l_temp_buffer                       0x2000031c   Data           4  obscliff.o(.data)
    wall_x_sum_value                         0x20000320   Data           4  obscliff.o(.data)
    wall_x_average_value                     0x20000324   Data           4  obscliff.o(.data)
    wall_x_stable_cnt                        0x20000328   Data           4  obscliff.o(.data)
    wall_x_temp_buffer                       0x2000032c   Data           4  obscliff.o(.data)
    front_obs_buffer                         0x20000330   Data           4  obscliff.o(.data)
    left_obs_buffer                          0x20000334   Data           4  obscliff.o(.data)
    right_obs_buffer                         0x20000338   Data           4  obscliff.o(.data)
    front_obs_stable_cnt                     0x2000033c   Data           4  obscliff.o(.data)
    left_obs_stable_cnt                      0x20000340   Data           4  obscliff.o(.data)
    right_obs_stable_cnt                     0x20000344   Data           4  obscliff.o(.data)
    front_obs_average_value                  0x20000348   Data           4  obscliff.o(.data)
    left_obs_average_value                   0x2000034c   Data           4  obscliff.o(.data)
    right_obs_average_value                  0x20000350   Data           4  obscliff.o(.data)
    front_obs_sum                            0x20000354   Data           4  obscliff.o(.data)
    left_obs_sum                             0x20000358   Data           4  obscliff.o(.data)
    right_obs_sum                            0x2000035c   Data           4  obscliff.o(.data)
    obs_over_limit_cnt                       0x20000360   Data           1  obscliff.o(.data)
    left_cliff_cnt                           0x20000361   Data           1  obscliff.o(.data)
    right_cliff_cnt                          0x20000362   Data           1  obscliff.o(.data)
    left_back_cliff_cnt                      0x20000363   Data           1  obscliff.o(.data)
    right_back_cliff_cnt                     0x20000364   Data           1  obscliff.o(.data)
    .data                                    0x20000368   Section       24  bldc.o(.data)
    vac_temp_stall_cnt                       0x20000378   Data           1  bldc.o(.data)
    tune_cyc_cnt                             0x20000379   Data           1  bldc.o(.data)
    vac_fail_cnt                             0x2000037c   Data           4  bldc.o(.data)
    .data                                    0x20000380   Section       64  tasks.o(.data)
    pxDelayedTaskList                        0x20000384   Data           4  tasks.o(.data)
    pxOverflowDelayedTaskList                0x20000388   Data           4  tasks.o(.data)
    uxTasksDeleted                           0x2000038c   Data           4  tasks.o(.data)
    uxCurrentNumberOfTasks                   0x20000390   Data           4  tasks.o(.data)
    xTickCount                               0x20000394   Data           4  tasks.o(.data)
    uxTopReadyPriority                       0x20000398   Data           4  tasks.o(.data)
    xSchedulerRunning                        0x2000039c   Data           4  tasks.o(.data)
    uxPendedTicks                            0x200003a0   Data           4  tasks.o(.data)
    xYieldPending                            0x200003a4   Data           4  tasks.o(.data)
    xNumOfOverflows                          0x200003a8   Data           4  tasks.o(.data)
    uxTaskNumber                             0x200003ac   Data           4  tasks.o(.data)
    xNextTaskUnblockTime                     0x200003b0   Data           4  tasks.o(.data)
    uxSchedulerSuspended                     0x200003b4   Data           4  tasks.o(.data)
    ulTaskSwitchedInTime                     0x200003b8   Data           4  tasks.o(.data)
    ulTotalRunTime                           0x200003bc   Data           4  tasks.o(.data)
    .data                                    0x200003c0   Section       12  port.o(.data)
    uxCriticalNesting                        0x200003c0   Data           4  port.o(.data)
    ucMaxSysCallPriority                     0x200003c4   Data           1  port.o(.data)
    ulMaxPRIGROUPValue                       0x200003c8   Data           4  port.o(.data)
    .bss                                     0x200003cc   Section      921  system.o(.bss)
    .bss                                     0x20000768   Section      596  sysinitialize.o(.bss)
    .bss                                     0x200009bc   Section       60  gd32f30x_it.o(.bss)
    OBS_VAL1                                 0x200009bc   Data          12  gd32f30x_it.o(.bss)
    OBS_VAL2                                 0x200009c8   Data          12  gd32f30x_it.o(.bss)
    OBS_VAL3                                 0x200009d4   Data          12  gd32f30x_it.o(.bss)
    OBS_VAL4                                 0x200009e0   Data          12  gd32f30x_it.o(.bss)
    OBS_VAL5                                 0x200009ec   Data          12  gd32f30x_it.o(.bss)
    .bss                                     0x200009f8   Section       60  rcon.o(.bss)
    .bss                                     0x20000a34   Section       13  gyro.o(.bss)
    .bss                                     0x20000a44   Section      420  tasks.o(.bss)
    pxReadyTasksLists                        0x20000a44   Data         320  tasks.o(.bss)
    xDelayedTaskList1                        0x20000b84   Data          20  tasks.o(.bss)
    xDelayedTaskList2                        0x20000b98   Data          20  tasks.o(.bss)
    xPendingReadyList                        0x20000bac   Data          20  tasks.o(.bss)
    xTasksWaitingTermination                 0x20000bc0   Data          20  tasks.o(.bss)
    xSuspendedTaskList                       0x20000bd4   Data          20  tasks.o(.bss)
    STACK                                    0x20000be8   Section     4096  startup_gd32f30x_hd.o(STACK)

    Global Symbols

    Symbol Name                              Value     Ov Type        Size  Object(Section)

    BuildAttributes$$THM_ISAv4$E$P$D$K$B$S$7EM$VFPi3$EXTD16$VFPS$VFMA$PE$A:L22UL41UL21$X:L11$S22US41US21$IEEE1$IW$USESV6$~STKCKD$USESV7$~SHL$OTIME$ROPI$IEEEX$EBA8$MICROLIB$REQ8$PRES8$EABIv2 0x00000000   Number         0  anon$$obj.o ABSOLUTE
    __ARM_use_no_argv                        0x00000000   Number         0  main.o ABSOLUTE
    _printf_a                                0x00000000   Number         0  stubs.o ABSOLUTE
    _printf_c                                0x00000000   Number         0  stubs.o ABSOLUTE
    _printf_charcount                        0x00000000   Number         0  stubs.o ABSOLUTE
    _printf_d                                0x00000000   Number         0  stubs.o ABSOLUTE
    _printf_e                                0x00000000   Number         0  stubs.o ABSOLUTE
    _printf_f                                0x00000000   Number         0  stubs.o ABSOLUTE
    _printf_flags                            0x00000000   Number         0  stubs.o ABSOLUTE
    _printf_fp_dec                           0x00000000   Number         0  stubs.o ABSOLUTE
    _printf_fp_hex                           0x00000000   Number         0  stubs.o ABSOLUTE
    _printf_g                                0x00000000   Number         0  stubs.o ABSOLUTE
    _printf_i                                0x00000000   Number         0  stubs.o ABSOLUTE
    _printf_int_dec                          0x00000000   Number         0  stubs.o ABSOLUTE
    _printf_l                                0x00000000   Number         0  stubs.o ABSOLUTE
    _printf_lc                               0x00000000   Number         0  stubs.o ABSOLUTE
    _printf_ll                               0x00000000   Number         0  stubs.o ABSOLUTE
    _printf_lld                              0x00000000   Number         0  stubs.o ABSOLUTE
    _printf_lli                              0x00000000   Number         0  stubs.o ABSOLUTE
    _printf_llo                              0x00000000   Number         0  stubs.o ABSOLUTE
    _printf_llu                              0x00000000   Number         0  stubs.o ABSOLUTE
    _printf_llx                              0x00000000   Number         0  stubs.o ABSOLUTE
    _printf_longlong_dec                     0x00000000   Number         0  stubs.o ABSOLUTE
    _printf_longlong_hex                     0x00000000   Number         0  stubs.o ABSOLUTE
    _printf_longlong_oct                     0x00000000   Number         0  stubs.o ABSOLUTE
    _printf_ls                               0x00000000   Number         0  stubs.o ABSOLUTE
    _printf_mbtowc                           0x00000000   Number         0  stubs.o ABSOLUTE
    _printf_n                                0x00000000   Number         0  stubs.o ABSOLUTE
    _printf_o                                0x00000000   Number         0  stubs.o ABSOLUTE
    _printf_p                                0x00000000   Number         0  stubs.o ABSOLUTE
    _printf_percent                          0x00000000   Number         0  stubs.o ABSOLUTE
    _printf_pre_padding                      0x00000000   Number         0  stubs.o ABSOLUTE
    _printf_return_value                     0x00000000   Number         0  stubs.o ABSOLUTE
    _printf_s                                0x00000000   Number         0  stubs.o ABSOLUTE
    _printf_sizespec                         0x00000000   Number         0  stubs.o ABSOLUTE
    _printf_str                              0x00000000   Number         0  stubs.o ABSOLUTE
    _printf_truncate_signed                  0x00000000   Number         0  stubs.o ABSOLUTE
    _printf_truncate_unsigned                0x00000000   Number         0  stubs.o ABSOLUTE
    _printf_u                                0x00000000   Number         0  stubs.o ABSOLUTE
    _printf_wc                               0x00000000   Number         0  stubs.o ABSOLUTE
    _printf_wctomb                           0x00000000   Number         0  stubs.o ABSOLUTE
    _printf_widthprec                        0x00000000   Number         0  stubs.o ABSOLUTE
    _printf_x                                0x00000000   Number         0  stubs.o ABSOLUTE
    __cpp_initialize__aeabi_                  - Undefined Weak Reference
    __cxa_finalize                            - Undefined Weak Reference
    _clock_init                               - Undefined Weak Reference
    _microlib_exit                            - Undefined Weak Reference
    __Vectors_Size                           0x00000130   Number         0  startup_gd32f30x_hd.o ABSOLUTE
    __Vectors                                0x0800c000   Data           4  startup_gd32f30x_hd.o(RESET)
    __Vectors_End                            0x0800c130   Data           0  startup_gd32f30x_hd.o(RESET)
    __main                                   0x0800c131   Thumb Code     0  entry.o(.ARM.Collect$$$$00000000)
    _main_stk                                0x0800c131   Thumb Code     0  entry2.o(.ARM.Collect$$$$00000001)
    _main_scatterload                        0x0800c135   Thumb Code     0  entry5.o(.ARM.Collect$$$$00000004)
    __main_after_scatterload                 0x0800c139   Thumb Code     0  entry5.o(.ARM.Collect$$$$00000004)
    _main_clock                              0x0800c139   Thumb Code     0  entry7b.o(.ARM.Collect$$$$00000008)
    _main_cpp_init                           0x0800c139   Thumb Code     0  entry8b.o(.ARM.Collect$$$$0000000A)
    _main_init                               0x0800c139   Thumb Code     0  entry9a.o(.ARM.Collect$$$$0000000B)
    __rt_final_cpp                           0x0800c141   Thumb Code     0  entry10a.o(.ARM.Collect$$$$0000000D)
    __rt_final_exit                          0x0800c141   Thumb Code     0  entry11a.o(.ARM.Collect$$$$0000000F)
    SVC_Handler                              0x0800c145   Thumb Code    28  port.o(.emb_text)
    __asm___6_port_c_39a90d8d__prvStartFirstTask 0x0800c165   Thumb Code    28  port.o(.emb_text)
    __asm___6_port_c_39a90d8d__prvEnableVFP  0x0800c185   Thumb Code    16  port.o(.emb_text)
    PendSV_Handler                           0x0800c199   Thumb Code    88  port.o(.emb_text)
    vPortGetIPSR                             0x0800c1f5   Thumb Code     6  port.o(.emb_text)
    Reset_Handler                            0x0800c1fd   Thumb Code     8  startup_gd32f30x_hd.o(.text)
    ADC0_1_IRQHandler                        0x0800c217   Thumb Code     0  startup_gd32f30x_hd.o(.text)
    ADC2_IRQHandler                          0x0800c217   Thumb Code     0  startup_gd32f30x_hd.o(.text)
    CAN0_EWMC_IRQHandler                     0x0800c217   Thumb Code     0  startup_gd32f30x_hd.o(.text)
    CAN0_RX1_IRQHandler                      0x0800c217   Thumb Code     0  startup_gd32f30x_hd.o(.text)
    DMA0_Channel0_IRQHandler                 0x0800c217   Thumb Code     0  startup_gd32f30x_hd.o(.text)
    DMA0_Channel1_IRQHandler                 0x0800c217   Thumb Code     0  startup_gd32f30x_hd.o(.text)
    DMA0_Channel2_IRQHandler                 0x0800c217   Thumb Code     0  startup_gd32f30x_hd.o(.text)
    DMA0_Channel4_IRQHandler                 0x0800c217   Thumb Code     0  startup_gd32f30x_hd.o(.text)
    DMA0_Channel5_IRQHandler                 0x0800c217   Thumb Code     0  startup_gd32f30x_hd.o(.text)
    DMA1_Channel0_IRQHandler                 0x0800c217   Thumb Code     0  startup_gd32f30x_hd.o(.text)
    DMA1_Channel1_IRQHandler                 0x0800c217   Thumb Code     0  startup_gd32f30x_hd.o(.text)
    DMA1_Channel2_IRQHandler                 0x0800c217   Thumb Code     0  startup_gd32f30x_hd.o(.text)
    DMA1_Channel3_4_IRQHandler               0x0800c217   Thumb Code     0  startup_gd32f30x_hd.o(.text)
    EXMC_IRQHandler                          0x0800c217   Thumb Code     0  startup_gd32f30x_hd.o(.text)
    FMC_IRQHandler                           0x0800c217   Thumb Code     0  startup_gd32f30x_hd.o(.text)
    I2C0_ER_IRQHandler                       0x0800c217   Thumb Code     0  startup_gd32f30x_hd.o(.text)
    I2C0_EV_IRQHandler                       0x0800c217   Thumb Code     0  startup_gd32f30x_hd.o(.text)
    I2C1_ER_IRQHandler                       0x0800c217   Thumb Code     0  startup_gd32f30x_hd.o(.text)
    I2C1_EV_IRQHandler                       0x0800c217   Thumb Code     0  startup_gd32f30x_hd.o(.text)
    LVD_IRQHandler                           0x0800c217   Thumb Code     0  startup_gd32f30x_hd.o(.text)
    RCU_CTC_IRQHandler                       0x0800c217   Thumb Code     0  startup_gd32f30x_hd.o(.text)
    RTC_Alarm_IRQHandler                     0x0800c217   Thumb Code     0  startup_gd32f30x_hd.o(.text)
    SDIO_IRQHandler                          0x0800c217   Thumb Code     0  startup_gd32f30x_hd.o(.text)
    SPI0_IRQHandler                          0x0800c217   Thumb Code     0  startup_gd32f30x_hd.o(.text)
    SPI1_IRQHandler                          0x0800c217   Thumb Code     0  startup_gd32f30x_hd.o(.text)
    SPI2_IRQHandler                          0x0800c217   Thumb Code     0  startup_gd32f30x_hd.o(.text)
    TAMPER_IRQHandler                        0x0800c217   Thumb Code     0  startup_gd32f30x_hd.o(.text)
    TIMER0_BRK_IRQHandler                    0x0800c217   Thumb Code     0  startup_gd32f30x_hd.o(.text)
    TIMER0_Channel_IRQHandler                0x0800c217   Thumb Code     0  startup_gd32f30x_hd.o(.text)
    TIMER0_TRG_CMT_IRQHandler                0x0800c217   Thumb Code     0  startup_gd32f30x_hd.o(.text)
    TIMER0_UP_IRQHandler                     0x0800c217   Thumb Code     0  startup_gd32f30x_hd.o(.text)
    TIMER2_IRQHandler                        0x0800c217   Thumb Code     0  startup_gd32f30x_hd.o(.text)
    TIMER3_IRQHandler                        0x0800c217   Thumb Code     0  startup_gd32f30x_hd.o(.text)
    TIMER4_IRQHandler                        0x0800c217   Thumb Code     0  startup_gd32f30x_hd.o(.text)
    TIMER7_BRK_IRQHandler                    0x0800c217   Thumb Code     0  startup_gd32f30x_hd.o(.text)
    TIMER7_Channel_IRQHandler                0x0800c217   Thumb Code     0  startup_gd32f30x_hd.o(.text)
    TIMER7_TRG_CMT_IRQHandler                0x0800c217   Thumb Code     0  startup_gd32f30x_hd.o(.text)
    TIMER7_UP_IRQHandler                     0x0800c217   Thumb Code     0  startup_gd32f30x_hd.o(.text)
    UART3_IRQHandler                         0x0800c217   Thumb Code     0  startup_gd32f30x_hd.o(.text)
    UART4_IRQHandler                         0x0800c217   Thumb Code     0  startup_gd32f30x_hd.o(.text)
    USBD_HP_CAN0_TX_IRQHandler               0x0800c217   Thumb Code     0  startup_gd32f30x_hd.o(.text)
    USBD_LP_CAN0_RX0_IRQHandler              0x0800c217   Thumb Code     0  startup_gd32f30x_hd.o(.text)
    USBD_WKUP_IRQHandler                     0x0800c217   Thumb Code     0  startup_gd32f30x_hd.o(.text)
    WWDGT_IRQHandler                         0x0800c217   Thumb Code     0  startup_gd32f30x_hd.o(.text)
    memcmp                                   0x0800c221   Thumb Code    26  memcmp.o(.text)
    __scatterload                            0x0800c23d   Thumb Code    28  init.o(.text)
    __scatterload_rt2                        0x0800c23d   Thumb Code     0  init.o(.text)
    __decompress                             0x0800c261   Thumb Code     0  __dczerorl2.o(.text)
    __decompress1                            0x0800c261   Thumb Code    86  __dczerorl2.o(.text)
    ADC_Configuration                        0x0800c2b9   Thumb Code   272  sysinitialize.o(i.ADC_Configuration)
    BusFault_Handler                         0x0800c3e9   Thumb Code     4  gd32f30x_it.o(i.BusFault_Handler)
    DAC_Configuration                        0x0800c3ed   Thumb Code    34  sysinitialize.o(i.DAC_Configuration)
    DMA0_Channel3_IRQHandler                 0x0800c411   Thumb Code    40  gd32f30x_it.o(i.DMA0_Channel3_IRQHandler)
    DMA0_Channel6_IRQHandler                 0x0800c445   Thumb Code    28  gd32f30x_it.o(i.DMA0_Channel6_IRQHandler)
    DebugMon_Handler                         0x0800c465   Thumb Code     2  gd32f30x_it.o(i.DebugMon_Handler)
    EXTI0_IRQHandler                         0x0800c467   Thumb Code    18  gd32f30x_it.o(i.EXTI0_IRQHandler)
    EXTI10_15_IRQHandler                     0x0800c479   Thumb Code   122  gd32f30x_it.o(i.EXTI10_15_IRQHandler)
    EXTI1_IRQHandler                         0x0800c4f3   Thumb Code    18  gd32f30x_it.o(i.EXTI1_IRQHandler)
    EXTI2_IRQHandler                         0x0800c505   Thumb Code   136  gd32f30x_it.o(i.EXTI2_IRQHandler)
    EXTI3_IRQHandler                         0x0800c5a9   Thumb Code    22  gd32f30x_it.o(i.EXTI3_IRQHandler)
    EXTI4_IRQHandler                         0x0800c5bf   Thumb Code    22  gd32f30x_it.o(i.EXTI4_IRQHandler)
    EXTI5_9_IRQHandler                       0x0800c5d5   Thumb Code   228  gd32f30x_it.o(i.EXTI5_9_IRQHandler)
    EXTI_Configuration                       0x0800c6dd   Thumb Code    46  sysinitialize.o(i.EXTI_Configuration)
    FLASH_ReadU16                            0x0800c719   Thumb Code     6  wifiota.o(i.FLASH_ReadU16)
    GPIO_Configuration                       0x0800c721   Thumb Code   208  sysinitialize.o(i.GPIO_Configuration)
    GetBaseLineADCV                          0x0800c841   Thumb Code    74  sysinitialize.o(i.GetBaseLineADCV)
    Get_Upgrade_Flag                         0x0800c895   Thumb Code    12  wifiota.o(i.Get_Upgrade_Flag)
    Get_VacMode                              0x0800c8a5   Thumb Code     6  bldc.o(i.Get_VacMode)
    Gyro_ParseMsg                            0x0800c8b1   Thumb Code   266  gyro.o(i.Gyro_ParseMsg)
    Gyro_ReceiveCharacter                    0x0800c9e5   Thumb Code   112  gyro.o(i.Gyro_ReceiveCharacter)
    HardFault_Handler                        0x0800ca65   Thumb Code     4  gd32f30x_it.o(i.HardFault_Handler)
    LED_Display                              0x0800ca69   Thumb Code  1258  display.o(i.LED_Display)
    MemManage_Handler                        0x0800cf8d   Thumb Code     4  gd32f30x_it.o(i.MemManage_Handler)
    Mode_GetLog                              0x0800cf91   Thumb Code     8  movement.o(i.Mode_GetLog)
    Mode_GetMode                             0x0800cf9d   Thumb Code    10  movement.o(i.Mode_GetMode)
    NMI_Handler                              0x0800cfa7   Thumb Code     2  gd32f30x_it.o(i.NMI_Handler)
    NVIC_Configuration                       0x0800cfa9   Thumb Code   172  sysinitialize.o(i.NVIC_Configuration)
    Power_DisableAll                         0x0800d055   Thumb Code    40  movement.o(i.Power_DisableAll)
    Power_EnableAll                          0x0800d085   Thumb Code    56  movement.o(i.Power_EnableAll)
    RCC_Configuration                        0x0800d0c5   Thumb Code   256  sysinitialize.o(i.RCC_Configuration)
    RTC_Configuration                        0x0800d1dd   Thumb Code    84  rtc.o(i.RTC_Configuration)
    RTC_IRQHandler                           0x0800d239   Thumb Code    44  gd32f30x_it.o(i.RTC_IRQHandler)
    Rcon_BR                                  0x0800d269   Thumb Code   744  rcon.o(i.Rcon_BR)
    Rcon_FL                                  0x0800d55d   Thumb Code   744  rcon.o(i.Rcon_FL)
    Rcon_FR                                  0x0800d851   Thumb Code   744  rcon.o(i.Rcon_FR)
    Rcon_L                                   0x0800db45   Thumb Code   744  rcon.o(i.Rcon_L)
    Rcon_R                                   0x0800de39   Thumb Code   744  rcon.o(i.Rcon_R)
    Rcon_SetRemoteCode                       0x0800e12d   Thumb Code     6  rcon.o(i.Rcon_SetRemoteCode)
    Rcon_Timer                               0x0800e139   Thumb Code   142  rcon.o(i.Rcon_Timer)
    SPI1_Configuration                       0x0800e1dd   Thumb Code   108  sysinitialize.o(i.SPI1_Configuration)
    SPI2_Configuration                       0x0800e24d   Thumb Code   108  sysinitialize.o(i.SPI2_Configuration)
    Set_3v3                                  0x0800e2bd   Thumb Code    36  movement.o(i.Set_3v3)
    Set_5v                                   0x0800e2e5   Thumb Code    32  movement.o(i.Set_5v)
    Set_Icm42688_Interr                      0x0800e309   Thumb Code     6  icm42688.o(i.Set_Icm42688_Interr)
    Set_LED1_On_Blink                        0x0800e315   Thumb Code     6  display.o(i.Set_LED1_On_Blink)
    Set_LED1_On_Switch                       0x0800e321   Thumb Code     6  display.o(i.Set_LED1_On_Switch)
    Set_LED2_On_Blink                        0x0800e32d   Thumb Code     6  display.o(i.Set_LED2_On_Blink)
    Set_LED2_On_Switch                       0x0800e339   Thumb Code     6  display.o(i.Set_LED2_On_Switch)
    Set_LED3_On_Blink                        0x0800e345   Thumb Code     6  display.o(i.Set_LED3_On_Blink)
    Set_LED3_On_Switch                       0x0800e351   Thumb Code     6  display.o(i.Set_LED3_On_Switch)
    Set_LED4_On_Blink                        0x0800e35d   Thumb Code     6  display.o(i.Set_LED4_On_Blink)
    Set_LED4_On_Switch                       0x0800e369   Thumb Code     6  display.o(i.Set_LED4_On_Switch)
    Set_LED5_On_Blink                        0x0800e375   Thumb Code     6  display.o(i.Set_LED5_On_Blink)
    Set_LED5_On_Switch                       0x0800e381   Thumb Code     6  display.o(i.Set_LED5_On_Switch)
    Set_LED6_On_Blink                        0x0800e38d   Thumb Code     6  display.o(i.Set_LED6_On_Blink)
    Set_LED6_On_Switch                       0x0800e399   Thumb Code     6  display.o(i.Set_LED6_On_Switch)
    Set_LED_On_Blink                         0x0800e3a5   Thumb Code    48  display.o(i.Set_LED_On_Blink)
    Set_LED_On_Switch                        0x0800e3d5   Thumb Code    48  display.o(i.Set_LED_On_Switch)
    Set_near_Flag                            0x0800e405   Thumb Code     6  obscliff.o(i.Set_near_Flag)
    SysTick_Handler                          0x0800e411   Thumb Code     8  gd32f30x_it.o(i.SysTick_Handler)
    SystemInit                               0x0800e419   Thumb Code    66  system_gd32f30x.o(i.SystemInit)
    SystemInitialize                         0x0800e469   Thumb Code    80  sysinitialize.o(i.SystemInitialize)
    System_SetCurrentBaselineAdc             0x0800e4b9   Thumb Code     6  sysinitialize.o(i.System_SetCurrentBaselineAdc)
    Systick_Configuration                    0x0800e4c5   Thumb Code    18  sysinitialize.o(i.Systick_Configuration)
    TIMER1_IRQHandler                        0x0800e4dd   Thumb Code  1140  gd32f30x_it.o(i.TIMER1_IRQHandler)
    TIMER5_IRQHandler                        0x0800e951   Thumb Code   120  gd32f30x_it.o(i.TIMER5_IRQHandler)
    TIMER6_IRQHandler                        0x0800e9e1   Thumb Code    44  gd32f30x_it.o(i.TIMER6_IRQHandler)
    Timer0_Configuration                     0x0800ea15   Thumb Code    82  sysinitialize.o(i.Timer0_Configuration)
    Timer1_Configuration                     0x0800ea6d   Thumb Code    74  sysinitialize.o(i.Timer1_Configuration)
    Timer3_Configuration                     0x0800eab9   Thumb Code    92  sysinitialize.o(i.Timer3_Configuration)
    Timer5_Configuration                     0x0800eb1d   Thumb Code    22  sysinitialize.o(i.Timer5_Configuration)
    Timer6_Configuration                     0x0800eb39   Thumb Code    36  sysinitialize.o(i.Timer6_Configuration)
    Timer7_Configuration                     0x0800eb61   Thumb Code    84  sysinitialize.o(i.Timer7_Configuration)
    USART0_Configuration                     0x0800ebb9   Thumb Code    44  usart.o(i.USART0_Configuration)
    USART0_IRQHandler                        0x0800ebe9   Thumb Code    60  gd32f30x_it.o(i.USART0_IRQHandler)
    USART1_Configuration                     0x0800ec2d   Thumb Code    44  usart.o(i.USART1_Configuration)
    USART1_IRQHandler                        0x0800ec5d   Thumb Code    84  gd32f30x_it.o(i.USART1_IRQHandler)
    USART2_Configuration                     0x0800ecbd   Thumb Code    44  usart.o(i.USART2_Configuration)
    USART2_IRQHandler                        0x0800eced   Thumb Code    62  gd32f30x_it.o(i.USART2_IRQHandler)
    UsageFault_Handler                       0x0800ed35   Thumb Code     4  gd32f30x_it.o(i.UsageFault_Handler)
    VectorTabs_setup                         0x0800ed39   Thumb Code    24  main.o(i.VectorTabs_setup)
    Wifi_All_Data_Init                       0x0800ed51   Thumb Code    70  sysinitialize.o(i.Wifi_All_Data_Init)
    __scatterload_copy                       0x0800ed9d   Thumb Code    14  handlers.o(i.__scatterload_copy)
    __scatterload_null                       0x0800edab   Thumb Code     2  handlers.o(i.__scatterload_null)
    __scatterload_zeroinit                   0x0800edad   Thumb Code    14  handlers.o(i.__scatterload_zeroinit)
    dac_deinit                               0x0800edbb   Thumb Code    20  gd32f30x_dac.o(i.dac_deinit)
    dac_enable                               0x0800edd1   Thumb Code    30  gd32f30x_dac.o(i.dac_enable)
    dac_output_buffer_enable                 0x0800edf5   Thumb Code    30  gd32f30x_dac.o(i.dac_output_buffer_enable)
    dac_trigger_disable                      0x0800ee19   Thumb Code    30  gd32f30x_dac.o(i.dac_trigger_disable)
    dac_wave_mode_config                     0x0800ee3d   Thumb Code    48  gd32f30x_dac.o(i.dac_wave_mode_config)
    delay                                    0x0800ee71   Thumb Code    18  sysinitialize.o(i.delay)
    exti_flag_clear                          0x0800ee89   Thumb Code     6  gd32f30x_exti.o(i.exti_flag_clear)
    exti_flag_get                            0x0800ee95   Thumb Code    18  gd32f30x_exti.o(i.exti_flag_get)
    getRunTimeCounterValue                   0x0800eead   Thumb Code     4  freertos.o(i.getRunTimeCounterValue)
    main                                     0x0800eeb1   Thumb Code   108  main.o(i.main)
    nvic_irq_enable                          0x0800ef25   Thumb Code   156  gd32f30x_misc.o(i.nvic_irq_enable)
    nvic_priority_group_set                  0x0800efc9   Thumb Code    10  gd32f30x_misc.o(i.nvic_priority_group_set)
    nvic_vector_table_set                    0x0800efdd   Thumb Code    12  gd32f30x_misc.o(i.nvic_vector_table_set)
    osSystickHandler                         0x0800eff1   Thumb Code    16  cmsis_os.o(i.osSystickHandler)
    rcu_adc_clock_config                     0x0800f035   Thumb Code    98  gd32f30x_rcu.o(i.rcu_adc_clock_config)
    rcu_periph_reset_disable                 0x0800f0a1   Thumb Code    28  gd32f30x_rcu.o(i.rcu_periph_reset_disable)
    rcu_periph_reset_enable                  0x0800f0c1   Thumb Code    28  gd32f30x_rcu.o(i.rcu_periph_reset_enable)
    timer_interrupt_flag_clear               0x0800f205   Thumb Code     8  gd32f30x_timer.o(i.timer_interrupt_flag_clear)
    timer_interrupt_flag_get                 0x0800f20d   Thumb Code    24  gd32f30x_timer.o(i.timer_interrupt_flag_get)
    uart_receive_input                       0x0800f225   Thumb Code    78  mcu_api.o(i.uart_receive_input)
    usart_flag_clear                         0x0800f281   Thumb Code    26  gd32f30x_usart.o(i.usart_flag_clear)
    usart_flag_get                           0x0800f29b   Thumb Code    30  gd32f30x_usart.o(i.usart_flag_get)
    usart_interrupt_flag_get                 0x0800f2b9   Thumb Code    30  gd32f30x_usart.o(i.usart_interrupt_flag_get)
    uxListRemove                             0x0800f2d7   Thumb Code    40  list.o(i.uxListRemove)
    vApplicationStackOverflowHook            0x0800f2ff   Thumb Code    12  projecttask.o(i.vApplicationStackOverflowHook)
    vListInsertEnd                           0x0800f30b   Thumb Code    24  list.o(i.vListInsertEnd)
    vPortValidateInterruptPriority           0x0800f325   Thumb Code   102  port.o(i.vPortValidateInterruptPriority)
    vTaskSwitchContext                       0x0800f399   Thumb Code   226  tasks.o(i.vTaskSwitchContext)
    wifi_protocol_init                       0x0800f49d   Thumb Code    18  mcu_api.o(i.wifi_protocol_init)
    xPortSysTickHandler                      0x0800f4c1   Thumb Code    46  port.o(i.xPortSysTickHandler)
    xQueueGiveFromISR                        0x0800f4f5   Thumb Code   208  queue.o(i.xQueueGiveFromISR)
    xTaskGetSchedulerState                   0x0800f5c5   Thumb Code    24  tasks.o(i.xTaskGetSchedulerState)
    xTaskIncrementTick                       0x0800f5e5   Thumb Code   284  tasks.o(i.xTaskIncrementTick)
    xTaskRemoveFromEventList                 0x0800f72d   Thumb Code   126  tasks.o(i.xTaskRemoveFromEventList)
    Region$$Table$$Base                      0x0800f7d8   Number         0  anon$$obj.o(Region$$Table)
    Region$$Table$$Limit                     0x0800f7f8   Number         0  anon$$obj.o(Region$$Table)
    queue_in                                 0x20000000   Data           4  system.o(.data)
    queue_out                                0x20000004   Data           4  system.o(.data)
    stop_update_flag                         0x20000008   Data           1  system.o(.data)
    reset_wifi_flag                          0x20000009   Data           1  system.o(.data)
    set_wifimode_flag                        0x2000000a   Data           1  system.o(.data)
    wifi_work_state                          0x2000000b   Data           1  system.o(.data)
    stream_status                            0x2000000c   Data           1  system.o(.data)
    firm_size                                0x2000000e   Data           2  system.o(.data)
    regs_dump                                0x20000020   Data          23  icm42688.o(.data)
    reg                                      0x20000037   Data           1  icm42688.o(.data)
    rc                                       0x20000038   Data           4  icm42688.o(.data)
    g_time_us_icm42688                       0x20000040   Data           8  icm42688.o(.data)
    g_delay_us                               0x20000048   Data           4  icm42688.o(.data)
    g_icm42688_interr                        0x2000004c   Data           1  icm42688.o(.data)
    g_leftwheel_baseline                     0x20000050   Data           2  sysinitialize.o(.data)
    g_rightwheel_baseline                    0x20000052   Data           2  sysinitialize.o(.data)
    g_leftbrush_baseline                     0x20000054   Data           2  sysinitialize.o(.data)
    g_rightbrush_baseline                    0x20000056   Data           2  sysinitialize.o(.data)
    g_mainbrush_baseline                     0x20000058   Data           2  sysinitialize.o(.data)
    g_vac_baseline                           0x2000005a   Data           2  sysinitialize.o(.data)
    g_delay_counter                          0x2000005c   Data           4  sysinitialize.o(.data)
    Time_25ms                                0x20000060   Data           4  sysinitialize.o(.data)
    Time_2ms                                 0x20000064   Data           4  sysinitialize.o(.data)
    g_minute_counter                         0x20000068   Data           2  sysinitialize.o(.data)
    g_baseline_adc                           0x2000006a   Data           2  sysinitialize.o(.data)
    g_map_id                                 0x2000006c   Data           2  sysinitialize.o(.data)
    g_map_offset                             0x2000006e   Data           2  sysinitialize.o(.data)
    g_cliff_adc                              0x20000070   Data           8  sysinitialize.o(.data)
    g_cliff_sunlight                         0x20000078   Data           8  sysinitialize.o(.data)
    g_system_current                         0x20000080   Data           2  sysinitialize.o(.data)
    AC_RealMap_Cnt                           0x20000082   Data           1  sysinitialize.o(.data)
    AC_RealMap_Input                         0x20000083   Data           1  sysinitialize.o(.data)
    AC_RealMap_Output                        0x20000084   Data           1  sysinitialize.o(.data)
    AC_RealMap_Flag                          0x20000085   Data           1  sysinitialize.o(.data)
    l_wheel_speed_counter                    0x20000088   Data           2  gd32f30x_it.o(.data)
    r_wheel_speed_counter                    0x2000008a   Data           2  gd32f30x_it.o(.data)
    rece_usart                               0x2000008c   Data           1  gd32f30x_it.o(.data)
    g_second_cnt                             0x2000009c   Data           4  movement.o(.data)
    g_check_motor_status                     0x200000a0   Data           1  movement.o(.data)
    g_check_motor_current_state              0x200000a1   Data           1  movement.o(.data)
    g_userquit_check_state                   0x200000a2   Data           1  movement.o(.data)
    g_battery_voltage                        0x200000a4   Data           4  movement.o(.data)
    g_battery_check_state                    0x200000a8   Data           1  movement.o(.data)
    g_battery_state                          0x200000a9   Data           1  movement.o(.data)
    g_loop_ture                              0x200000aa   Data           1  movement.o(.data)
    g_mode_log                               0x200000ab   Data           3  movement.o(.data)
    g_mode_selection                         0x200000ae   Data           1  movement.o(.data)
    g_error_code                             0x200000af   Data           1  movement.o(.data)
    g_stuck_cnt                              0x200000b0   Data           1  movement.o(.data)
    g_bumper_error                           0x200000b1   Data           1  movement.o(.data)
    g_bumper_check_state                     0x200000b2   Data           1  movement.o(.data)
    g_temp_brush_power                       0x200000b4   Data           4  movement.o(.data)
    g_temp_main_brush_power                  0x200000b8   Data           4  movement.o(.data)
    g_brush_power                            0x200000bc   Data           4  movement.o(.data)
    g_main_brush_power                       0x200000c0   Data           4  movement.o(.data)
    g_motor_state                            0x200000c4   Data           1  movement.o(.data)
    g_random_counter                         0x200000c5   Data           1  movement.o(.data)
    g_direction_flag                         0x200000c6   Data           1  movement.o(.data)
    LED1_On_Counter                          0x200000ca   Data           1  display.o(.data)
    LED2_On_Counter                          0x200000cb   Data           1  display.o(.data)
    LED3_On_Counter                          0x200000cc   Data           1  display.o(.data)
    LED4_On_Counter                          0x200000cd   Data           1  display.o(.data)
    LED5_On_Counter                          0x200000ce   Data           1  display.o(.data)
    LED6_On_Counter                          0x200000cf   Data           1  display.o(.data)
    LED1_On_Switch                           0x200000d0   Data           1  display.o(.data)
    LED2_On_Switch                           0x200000d1   Data           1  display.o(.data)
    LED3_On_Switch                           0x200000d2   Data           1  display.o(.data)
    LED4_On_Switch                           0x200000d3   Data           1  display.o(.data)
    LED5_On_Switch                           0x200000d4   Data           1  display.o(.data)
    LED6_On_Switch                           0x200000d5   Data           1  display.o(.data)
    LED1_On_Blink                            0x200000d6   Data           1  display.o(.data)
    LED2_On_Blink                            0x200000d7   Data           1  display.o(.data)
    LED3_On_Blink                            0x200000d8   Data           1  display.o(.data)
    LED4_On_Blink                            0x200000d9   Data           1  display.o(.data)
    LED5_On_Blink                            0x200000da   Data           1  display.o(.data)
    LED6_On_Blink                            0x200000db   Data           1  display.o(.data)
    g_green                                  0x200000dc   Data           1  display.o(.data)
    g_red                                    0x200000dd   Data           1  display.o(.data)
    Usart_Data                               0x200000ec   Data          10  usart.o(.data)
    g_usart_queue                            0x200000f8   Data           4  usart.o(.data)
    g_usart3_print_task_handler              0x200000fc   Data           4  usart.o(.data)
    g_binary_semaphore_UsartTXF              0x20000100   Data           4  usart.o(.data)
    g_usart_data_idx                         0x20000104   Data           1  usart.o(.data)
    g_rcon_remote_code                       0x20000108   Data           4  rcon.o(.data)
    g_wifi_remote_code                       0x2000010c   Data           4  rcon.o(.data)
    g_rcon_status                            0x20000110   Data           4  rcon.o(.data)
    g_alarm_flag                             0x20000120   Data           1  rtc.o(.data)
    Clock_Value                              0x20000128   Data           8  rtc.o(.data)
    Clock_Receive_Flag                       0x20000130   Data           1  rtc.o(.data)
    g_gyro_update_flag                       0x20000134   Data           1  gyro.o(.data)
    Gyro_RxIndex                             0x20000135   Data           1  gyro.o(.data)
    Gyro_MsgStart                            0x20000136   Data           1  gyro.o(.data)
    gyro_idx                                 0x20000137   Data           1  gyro.o(.data)
    gyro_angle                               0x20000138   Data           4  gyro.o(.data)
    gyroAngle                                0x2000013c   Data           2  gyro.o(.data)
    gyro_rate                                0x2000013e   Data           4  gyro.o(.data)
    gyro_xacc                                0x20000142   Data           2  gyro.o(.data)
    xaccbuf                                  0x20000144   Data           2  gyro.o(.data)
    gyro_yacc                                0x20000146   Data           2  gyro.o(.data)
    yaccbuf                                  0x20000148   Data           2  gyro.o(.data)
    gyro_zacc                                0x2000014a   Data           2  gyro.o(.data)
    zaccbuf                                  0x2000014c   Data           2  gyro.o(.data)
    gyro_xacc_offset                         0x2000014e   Data           2  gyro.o(.data)
    gyro_yacc_offset                         0x20000150   Data           2  gyro.o(.data)
    gyro_zacc_offset                         0x20000152   Data           2  gyro.o(.data)
    gyro_offset                              0x20000154   Data           2  gyro.o(.data)
    gyro_odometer                            0x20000158   Data           4  gyro.o(.data)
    gyro_time                                0x2000015c   Data           2  gyro.o(.data)
    gyro_raw                                 0x2000015e   Data           2  gyro.o(.data)
    gyro_calibration                         0x20000160   Data           1  gyro.o(.data)
    Gyro_Calibration_Flag                    0x20000161   Data           1  gyro.o(.data)
    Send_Data_Buf                            0x20000162   Data          15  gyro.o(.data)
    R_F                                      0x20000174   Data           1  wheel.o(.data)
    L_F                                      0x20000175   Data           1  wheel.o(.data)
    g_left_target_speed                      0x20000176   Data           1  wheel.o(.data)
    g_right_target_speed                     0x20000177   Data           1  wheel.o(.data)
    g_left_wheel_speed                       0x20000178   Data           2  wheel.o(.data)
    g_right_wheel_speed                      0x2000017a   Data           2  wheel.o(.data)
    g_left_speed_cnt                         0x2000017c   Data           2  wheel.o(.data)
    g_right_speed_cnt                        0x2000017e   Data           2  wheel.o(.data)
    g_right_wheel_slow                       0x20000180   Data           2  wheel.o(.data)
    g_left_wheel_slow                        0x20000182   Data           2  wheel.o(.data)
    g_temp_right_wheel_pwm                   0x20000184   Data           2  wheel.o(.data)
    g_temp_left_wheel_pwm                    0x20000186   Data           2  wheel.o(.data)
    g_left_wheel_step                        0x20000188   Data           4  wheel.o(.data)
    g_right_wheel_step                       0x2000018c   Data           4  wheel.o(.data)
    g_left_wheel_taget_step                  0x20000190   Data           4  wheel.o(.data)
    g_right_wheel_taget_step                 0x20000194   Data           4  wheel.o(.data)
    g_left_move_step                         0x20000198   Data           2  wheel.o(.data)
    g_right_move_step                        0x2000019a   Data           2  wheel.o(.data)
    g_right_wheel_cnt                        0x2000019c   Data           4  wheel.o(.data)
    g_left_wheel_cnt                         0x200001a0   Data           4  wheel.o(.data)
    g_left_wheel_current                     0x200001a4   Data           2  wheel.o(.data)
    g_right_wheel_current                    0x200001a6   Data           2  wheel.o(.data)
    g_left_wheel_dir                         0x200001a8   Data           1  wheel.o(.data)
    g_right_wheel_dir                        0x200001a9   Data           1  wheel.o(.data)
    g_wheel_dir                              0x200001aa   Data           1  wheel.o(.data)
    g_wallfollow_acccelerate                 0x200001ac   Data           4  wheel.o(.data)
    g_wallfollow_right_wheel_step            0x200001b0   Data           4  wheel.o(.data)
    g_wallfollow_left_wheel_step             0x200001b4   Data           4  wheel.o(.data)
    g_action                                 0x200001b8   Data           1  wheel.o(.data)
    g_act_list                               0x200001bc   Data         252  wheel.o(.data)
    g_actlist_input_idx                      0x200002b8   Data           1  wheel.o(.data)
    g_actlist_output_idx                     0x200002b9   Data           1  wheel.o(.data)
    g_actlist_cnt                            0x200002ba   Data           1  wheel.o(.data)
    g_turn_slip_detect_State                 0x200002bb   Data           1  wheel.o(.data)
    TurnSlip_Status                          0x200002bc   Data           1  wheel.o(.data)
    g_turn_slip_cnt                          0x200002bd   Data           1  wheel.o(.data)
    g_xpwall_baseline                        0x200002e0   Data           2  obscliff.o(.data)
    g_leftwall_baseline                      0x200002e2   Data           2  obscliff.o(.data)
    g_rightwall_baseline                     0x200002e4   Data           2  obscliff.o(.data)
    g_wall_dynamic_state                     0x200002e6   Data           1  obscliff.o(.data)
    g_wall_right_average                     0x200002e8   Data           4  obscliff.o(.data)
    g_wall_left_average                      0x200002ec   Data           4  obscliff.o(.data)
    g_wall_x_average                         0x200002f0   Data           4  obscliff.o(.data)
    g_left_obs_trig_val                      0x200002f4   Data           2  obscliff.o(.data)
    g_front_obs_trig_val                     0x200002f6   Data           2  obscliff.o(.data)
    g_right_obs_trig_val                     0x200002f8   Data           2  obscliff.o(.data)
    g_obs_dynamic_state                      0x200002fa   Data           1  obscliff.o(.data)
    g_obs_near                               0x200002fb   Data           1  obscliff.o(.data)
    g_cliff_status_val                       0x200002fc   Data           1  obscliff.o(.data)
    g_cliff_detect_state                     0x200002fd   Data           1  obscliff.o(.data)
    g_vac_pulse_cnt                          0x20000368   Data           4  bldc.o(.data)
    g_vac_temp_pwm                           0x2000036c   Data           4  bldc.o(.data)
    g_vac_speed                              0x20000370   Data           4  bldc.o(.data)
    Vac_Mode                                 0x20000374   Data           1  bldc.o(.data)
    g_vac_fail_flag                          0x20000375   Data           1  bldc.o(.data)
    g_vac_current                            0x20000376   Data           2  bldc.o(.data)
    pxCurrentTCB                             0x20000380   Data           4  tasks.o(.data)
    wifi_data_process_buf                    0x200003cc   Data         307  system.o(.bss)
    wifi_uart_rx_buf                         0x200004ff   Data         307  system.o(.bss)
    wifi_uart_tx_buf                         0x20000632   Data         307  system.o(.bss)
    SysConfig                                0x20000768   Data          28  sysinitialize.o(.bss)
    SysConfigLog                             0x20000784   Data          28  sysinitialize.o(.bss)
    g_adc_value                              0x200007a0   Data          30  sysinitialize.o(.bss)
    g_obs_adc                                0x200007be   Data          12  sysinitialize.o(.bss)
    g_obs_sunlight                           0x200007ca   Data          12  sysinitialize.o(.bss)
    RealMap                                  0x200007d6   Data         486  sysinitialize.o(.bss)
    BRrcon                                   0x200009f8   Data          12  rcon.o(.bss)
    FLrcon                                   0x20000a04   Data          12  rcon.o(.bss)
    FRrcon                                   0x20000a10   Data          12  rcon.o(.bss)
    Rrcon                                    0x20000a1c   Data          12  rcon.o(.bss)
    Lrcon                                    0x20000a28   Data          12  rcon.o(.bss)
    Gyro_RxBuffer                            0x20000a34   Data          13  gyro.o(.bss)
    __initial_sp                             0x20001be8   Data           0  startup_gd32f30x_hd.o(STACK)



==============================================================================

Memory Map of the image

  Image Entry point : 0x0800c131

  Load Region LR_IROM1 (Base: 0x0800c000, Size: 0x00003bc4, Max: 0x00074000, ABSOLUTE, COMPRESSED[0x0000384c])

    Execution Region ER_IROM1 (Exec base: 0x0800c000, Load base: 0x0800c000, Size: 0x000037f8, Max: 0x00074000, ABSOLUTE)

    Exec Addr    Load Addr    Size         Type   Attr      Idx    E Section Name        Object

    0x0800c000   0x0800c000   0x00000130   Data   RO        11084    RESET               startup_gd32f30x_hd.o
    0x0800c130   0x0800c130   0x00000000   Code   RO        11541  * .ARM.Collect$$$$00000000  mc_w.l(entry.o)
    0x0800c130   0x0800c130   0x00000004   Code   RO        11959    .ARM.Collect$$$$00000001  mc_w.l(entry2.o)
    0x0800c134   0x0800c134   0x00000004   Code   RO        11962    .ARM.Collect$$$$00000004  mc_w.l(entry5.o)
    0x0800c138   0x0800c138   0x00000000   Code   RO        11964    .ARM.Collect$$$$00000008  mc_w.l(entry7b.o)
    0x0800c138   0x0800c138   0x00000000   Code   RO        11966    .ARM.Collect$$$$0000000A  mc_w.l(entry8b.o)
    0x0800c138   0x0800c138   0x00000008   Code   RO        11967    .ARM.Collect$$$$0000000B  mc_w.l(entry9a.o)
    0x0800c140   0x0800c140   0x00000000   Code   RO        11969    .ARM.Collect$$$$0000000D  mc_w.l(entry10a.o)
    0x0800c140   0x0800c140   0x00000000   Code   RO        11971    .ARM.Collect$$$$0000000F  mc_w.l(entry11a.o)
    0x0800c140   0x0800c140   0x00000004   Code   RO        11960    .ARM.Collect$$$$00002712  mc_w.l(entry2.o)
    0x0800c144   0x0800c144   0x000000b6   Code   RO         8091    .emb_text           port.o
    0x0800c1fa   0x0800c1fa   0x00000002   PAD
    0x0800c1fc   0x0800c1fc   0x00000024   Code   RO        11085    .text               startup_gd32f30x_hd.o
    0x0800c220   0x0800c220   0x0000001a   Code   RO        11561    .text               mc_w.l(memcmp.o)
    0x0800c23a   0x0800c23a   0x00000002   PAD
    0x0800c23c   0x0800c23c   0x00000024   Code   RO        12002    .text               mc_w.l(init.o)
    0x0800c260   0x0800c260   0x00000056   Code   RO        12014    .text               mc_w.l(__dczerorl2.o)
    0x0800c2b6   0x0800c2b6   0x00000002   PAD
    0x0800c2b8   0x0800c2b8   0x00000130   Code   RO         3833    i.ADC_Configuration  sysinitialize.o
    0x0800c3e8   0x0800c3e8   0x00000004   Code   RO         4075    i.BusFault_Handler  gd32f30x_it.o
    0x0800c3ec   0x0800c3ec   0x00000022   Code   RO         3835    i.DAC_Configuration  sysinitialize.o
    0x0800c40e   0x0800c40e   0x00000002   PAD
    0x0800c410   0x0800c410   0x00000034   Code   RO         4076    i.DMA0_Channel3_IRQHandler  gd32f30x_it.o
    0x0800c444   0x0800c444   0x00000020   Code   RO         4077    i.DMA0_Channel6_IRQHandler  gd32f30x_it.o
    0x0800c464   0x0800c464   0x00000002   Code   RO         4078    i.DebugMon_Handler  gd32f30x_it.o
    0x0800c466   0x0800c466   0x00000012   Code   RO         4079    i.EXTI0_IRQHandler  gd32f30x_it.o
    0x0800c478   0x0800c478   0x0000007a   Code   RO         4080    i.EXTI10_15_IRQHandler  gd32f30x_it.o
    0x0800c4f2   0x0800c4f2   0x00000012   Code   RO         4081    i.EXTI1_IRQHandler  gd32f30x_it.o
    0x0800c504   0x0800c504   0x000000a4   Code   RO         4082    i.EXTI2_IRQHandler  gd32f30x_it.o
    0x0800c5a8   0x0800c5a8   0x00000016   Code   RO         4083    i.EXTI3_IRQHandler  gd32f30x_it.o
    0x0800c5be   0x0800c5be   0x00000016   Code   RO         4084    i.EXTI4_IRQHandler  gd32f30x_it.o
    0x0800c5d4   0x0800c5d4   0x00000108   Code   RO         4085    i.EXTI5_9_IRQHandler  gd32f30x_it.o
    0x0800c6dc   0x0800c6dc   0x0000003c   Code   RO         3836    i.EXTI_Configuration  sysinitialize.o
    0x0800c718   0x0800c718   0x00000006   Code   RO         6545    i.FLASH_ReadU16     wifiota.o
    0x0800c71e   0x0800c71e   0x00000002   PAD
    0x0800c720   0x0800c720   0x00000120   Code   RO         3837    i.GPIO_Configuration  sysinitialize.o
    0x0800c840   0x0800c840   0x00000054   Code   RO         3838    i.GetBaseLineADCV   sysinitialize.o
    0x0800c894   0x0800c894   0x00000010   Code   RO         6551    i.Get_Upgrade_Flag  wifiota.o
    0x0800c8a4   0x0800c8a4   0x0000000c   Code   RO         6352    i.Get_VacMode       bldc.o
    0x0800c8b0   0x0800c8b0   0x00000134   Code   RO         5320    i.Gyro_ParseMsg     gyro.o
    0x0800c9e4   0x0800c9e4   0x00000080   Code   RO         5321    i.Gyro_ReceiveCharacter  gyro.o
    0x0800ca64   0x0800ca64   0x00000004   Code   RO         4086    i.HardFault_Handler  gd32f30x_it.o
    0x0800ca68   0x0800ca68   0x00000524   Code   RO         4598    i.LED_Display       display.o
    0x0800cf8c   0x0800cf8c   0x00000004   Code   RO         4087    i.MemManage_Handler  gd32f30x_it.o
    0x0800cf90   0x0800cf90   0x0000000c   Code   RO         4259    i.Mode_GetLog       movement.o
    0x0800cf9c   0x0800cf9c   0x0000000a   Code   RO         4260    i.Mode_GetMode      movement.o
    0x0800cfa6   0x0800cfa6   0x00000002   Code   RO         4088    i.NMI_Handler       gd32f30x_it.o
    0x0800cfa8   0x0800cfa8   0x000000ac   Code   RO         3840    i.NVIC_Configuration  sysinitialize.o
    0x0800d054   0x0800d054   0x00000030   Code   RO         4279    i.Power_DisableAll  movement.o
    0x0800d084   0x0800d084   0x00000040   Code   RO         4280    i.Power_EnableAll   movement.o
    0x0800d0c4   0x0800d0c4   0x00000118   Code   RO         3841    i.RCC_Configuration  sysinitialize.o
    0x0800d1dc   0x0800d1dc   0x0000005c   Code   RO         5153    i.RTC_Configuration  rtc.o
    0x0800d238   0x0800d238   0x00000030   Code   RO         4089    i.RTC_IRQHandler    gd32f30x_it.o
    0x0800d268   0x0800d268   0x000002f4   Code   RO         5017    i.Rcon_BR           rcon.o
    0x0800d55c   0x0800d55c   0x000002f4   Code   RO         5018    i.Rcon_FL           rcon.o
    0x0800d850   0x0800d850   0x000002f4   Code   RO         5019    i.Rcon_FR           rcon.o
    0x0800db44   0x0800db44   0x000002f4   Code   RO         5024    i.Rcon_L            rcon.o
    0x0800de38   0x0800de38   0x000002f4   Code   RO         5025    i.Rcon_R            rcon.o
    0x0800e12c   0x0800e12c   0x0000000c   Code   RO         5029    i.Rcon_SetRemoteCode  rcon.o
    0x0800e138   0x0800e138   0x000000a4   Code   RO         5030    i.Rcon_Timer        rcon.o
    0x0800e1dc   0x0800e1dc   0x00000070   Code   RO         3842    i.SPI1_Configuration  sysinitialize.o
    0x0800e24c   0x0800e24c   0x00000070   Code   RO         3843    i.SPI2_Configuration  sysinitialize.o
    0x0800e2bc   0x0800e2bc   0x00000028   Code   RO         4281    i.Set_3v3           movement.o
    0x0800e2e4   0x0800e2e4   0x00000024   Code   RO         4282    i.Set_5v            movement.o
    0x0800e308   0x0800e308   0x0000000c   Code   RO         3745    i.Set_Icm42688_Interr  icm42688.o
    0x0800e314   0x0800e314   0x0000000c   Code   RO         4601    i.Set_LED1_On_Blink  display.o
    0x0800e320   0x0800e320   0x0000000c   Code   RO         4602    i.Set_LED1_On_Switch  display.o
    0x0800e32c   0x0800e32c   0x0000000c   Code   RO         4603    i.Set_LED2_On_Blink  display.o
    0x0800e338   0x0800e338   0x0000000c   Code   RO         4604    i.Set_LED2_On_Switch  display.o
    0x0800e344   0x0800e344   0x0000000c   Code   RO         4605    i.Set_LED3_On_Blink  display.o
    0x0800e350   0x0800e350   0x0000000c   Code   RO         4606    i.Set_LED3_On_Switch  display.o
    0x0800e35c   0x0800e35c   0x0000000c   Code   RO         4607    i.Set_LED4_On_Blink  display.o
    0x0800e368   0x0800e368   0x0000000c   Code   RO         4608    i.Set_LED4_On_Switch  display.o
    0x0800e374   0x0800e374   0x0000000c   Code   RO         4609    i.Set_LED5_On_Blink  display.o
    0x0800e380   0x0800e380   0x0000000c   Code   RO         4610    i.Set_LED5_On_Switch  display.o
    0x0800e38c   0x0800e38c   0x0000000c   Code   RO         4611    i.Set_LED6_On_Blink  display.o
    0x0800e398   0x0800e398   0x0000000c   Code   RO         4612    i.Set_LED6_On_Switch  display.o
    0x0800e3a4   0x0800e3a4   0x00000030   Code   RO         4613    i.Set_LED_On_Blink  display.o
    0x0800e3d4   0x0800e3d4   0x00000030   Code   RO         4614    i.Set_LED_On_Switch  display.o
    0x0800e404   0x0800e404   0x0000000c   Code   RO         6109    i.Set_near_Flag     obscliff.o
    0x0800e410   0x0800e410   0x00000008   Code   RO         4090    i.SysTick_Handler   gd32f30x_it.o
    0x0800e418   0x0800e418   0x00000050   Code   RO        11046    i.SystemInit        system_gd32f30x.o
    0x0800e468   0x0800e468   0x00000050   Code   RO         3844    i.SystemInitialize  sysinitialize.o
    0x0800e4b8   0x0800e4b8   0x0000000c   Code   RO         3849    i.System_SetCurrentBaselineAdc  sysinitialize.o
    0x0800e4c4   0x0800e4c4   0x00000018   Code   RO         3851    i.Systick_Configuration  sysinitialize.o
    0x0800e4dc   0x0800e4dc   0x00000474   Code   RO         4091    i.TIMER1_IRQHandler  gd32f30x_it.o
    0x0800e950   0x0800e950   0x00000090   Code   RO         4092    i.TIMER5_IRQHandler  gd32f30x_it.o
    0x0800e9e0   0x0800e9e0   0x00000034   Code   RO         4093    i.TIMER6_IRQHandler  gd32f30x_it.o
    0x0800ea14   0x0800ea14   0x00000058   Code   RO         3852    i.Timer0_Configuration  sysinitialize.o
    0x0800ea6c   0x0800ea6c   0x0000004a   Code   RO         3853    i.Timer1_Configuration  sysinitialize.o
    0x0800eab6   0x0800eab6   0x00000002   PAD
    0x0800eab8   0x0800eab8   0x00000064   Code   RO         3854    i.Timer3_Configuration  sysinitialize.o
    0x0800eb1c   0x0800eb1c   0x0000001c   Code   RO         3855    i.Timer5_Configuration  sysinitialize.o
    0x0800eb38   0x0800eb38   0x00000028   Code   RO         3856    i.Timer6_Configuration  sysinitialize.o
    0x0800eb60   0x0800eb60   0x00000058   Code   RO         3857    i.Timer7_Configuration  sysinitialize.o
    0x0800ebb8   0x0800ebb8   0x00000030   Code   RO         4769    i.USART0_Configuration  usart.o
    0x0800ebe8   0x0800ebe8   0x00000044   Code   RO         4094    i.USART0_IRQHandler  gd32f30x_it.o
    0x0800ec2c   0x0800ec2c   0x00000030   Code   RO         4773    i.USART1_Configuration  usart.o
    0x0800ec5c   0x0800ec5c   0x00000060   Code   RO         4095    i.USART1_IRQHandler  gd32f30x_it.o
    0x0800ecbc   0x0800ecbc   0x00000030   Code   RO         4777    i.USART2_Configuration  usart.o
    0x0800ecec   0x0800ecec   0x00000048   Code   RO         4096    i.USART2_IRQHandler  gd32f30x_it.o
    0x0800ed34   0x0800ed34   0x00000004   Code   RO         4097    i.UsageFault_Handler  gd32f30x_it.o
    0x0800ed38   0x0800ed38   0x00000018   Code   RO            5    i.VectorTabs_setup  main.o
    0x0800ed50   0x0800ed50   0x0000004c   Code   RO         3858    i.Wifi_All_Data_Init  sysinitialize.o
    0x0800ed9c   0x0800ed9c   0x0000000e   Code   RO        12008    i.__scatterload_copy  mc_w.l(handlers.o)
    0x0800edaa   0x0800edaa   0x00000002   Code   RO        12009    i.__scatterload_null  mc_w.l(handlers.o)
    0x0800edac   0x0800edac   0x0000000e   Code   RO        12010    i.__scatterload_zeroinit  mc_w.l(handlers.o)
    0x0800edba   0x0800edba   0x00000014   Code   RO         8543    i.dac_deinit        gd32f30x_dac.o
    0x0800edce   0x0800edce   0x00000002   PAD
    0x0800edd0   0x0800edd0   0x00000024   Code   RO         8547    i.dac_enable        gd32f30x_dac.o
    0x0800edf4   0x0800edf4   0x00000024   Code   RO         8550    i.dac_output_buffer_enable  gd32f30x_dac.o
    0x0800ee18   0x0800ee18   0x00000024   Code   RO         8555    i.dac_trigger_disable  gd32f30x_dac.o
    0x0800ee3c   0x0800ee3c   0x00000034   Code   RO         8559    i.dac_wave_mode_config  gd32f30x_dac.o
    0x0800ee70   0x0800ee70   0x00000018   Code   RO         3864    i.delay             sysinitialize.o
    0x0800ee88   0x0800ee88   0x0000000c   Code   RO         9114    i.exti_flag_clear   gd32f30x_exti.o
    0x0800ee94   0x0800ee94   0x00000018   Code   RO         9115    i.exti_flag_get     gd32f30x_exti.o
    0x0800eeac   0x0800eeac   0x00000004   Code   RO         8051    i.getRunTimeCounterValue  freertos.o
    0x0800eeb0   0x0800eeb0   0x00000074   Code   RO            6    i.main              main.o
    0x0800ef24   0x0800ef24   0x000000a4   Code   RO         9544    i.nvic_irq_enable   gd32f30x_misc.o
    0x0800efc8   0x0800efc8   0x00000014   Code   RO         9545    i.nvic_priority_group_set  gd32f30x_misc.o
    0x0800efdc   0x0800efdc   0x00000014   Code   RO         9546    i.nvic_vector_table_set  gd32f30x_misc.o
    0x0800eff0   0x0800eff0   0x00000010   Code   RO         7744    i.osSystickHandler  cmsis_os.o
    0x0800f000   0x0800f000   0x00000034   Code   RO         7353    i.prvResetNextTaskUnblockTime  tasks.o
    0x0800f034   0x0800f034   0x0000006c   Code   RO         9733    i.rcu_adc_clock_config  gd32f30x_rcu.o
    0x0800f0a0   0x0800f0a0   0x00000020   Code   RO         9763    i.rcu_periph_reset_disable  gd32f30x_rcu.o
    0x0800f0c0   0x0800f0c0   0x00000020   Code   RO         9764    i.rcu_periph_reset_enable  gd32f30x_rcu.o
    0x0800f0e0   0x0800f0e0   0x0000011c   Code   RO        11047    i.system_clock_120m_hxtal  system_gd32f30x.o
    0x0800f1fc   0x0800f1fc   0x00000008   Code   RO        11048    i.system_clock_config  system_gd32f30x.o
    0x0800f204   0x0800f204   0x00000008   Code   RO        10372    i.timer_interrupt_flag_clear  gd32f30x_timer.o
    0x0800f20c   0x0800f20c   0x00000018   Code   RO        10373    i.timer_interrupt_flag_get  gd32f30x_timer.o
    0x0800f224   0x0800f224   0x0000005c   Code   RO         2292    i.uart_receive_input  mcu_api.o
    0x0800f280   0x0800f280   0x0000001a   Code   RO        10748    i.usart_flag_clear  gd32f30x_usart.o
    0x0800f29a   0x0800f29a   0x0000001e   Code   RO        10749    i.usart_flag_get    gd32f30x_usart.o
    0x0800f2b8   0x0800f2b8   0x0000001e   Code   RO        10757    i.usart_interrupt_flag_get  gd32f30x_usart.o
    0x0800f2d6   0x0800f2d6   0x00000028   Code   RO         7145    i.uxListRemove      list.o
    0x0800f2fe   0x0800f2fe   0x0000000c   Code   RO          365    i.vApplicationStackOverflowHook  projecttask.o
    0x0800f30a   0x0800f30a   0x00000018   Code   RO         7149    i.vListInsertEnd    list.o
    0x0800f322   0x0800f322   0x00000002   PAD
    0x0800f324   0x0800f324   0x00000074   Code   RO         8098    i.vPortValidateInterruptPriority  port.o
    0x0800f398   0x0800f398   0x00000104   Code   RO         7381    i.vTaskSwitchContext  tasks.o
    0x0800f49c   0x0800f49c   0x00000024   Code   RO         2293    i.wifi_protocol_init  mcu_api.o
    0x0800f4c0   0x0800f4c0   0x00000034   Code   RO         8100    i.xPortSysTickHandler  port.o
    0x0800f4f4   0x0800f4f4   0x000000d0   Code   RO         7202    i.xQueueGiveFromISR  queue.o
    0x0800f5c4   0x0800f5c4   0x00000020   Code   RO         7386    i.xTaskGetSchedulerState  tasks.o
    0x0800f5e4   0x0800f5e4   0x00000148   Code   RO         7389    i.xTaskIncrementTick  tasks.o
    0x0800f72c   0x0800f72c   0x00000098   Code   RO         7393    i.xTaskRemoveFromEventList  tasks.o
    0x0800f7c4   0x0800f7c4   0x00000014   Data   RO         7398    .constdata          tasks.o
    0x0800f7d8   0x0800f7d8   0x00000020   Data   RO        12006    Region$$Table       anon$$obj.o


    Execution Region RW_IRAM1 (Exec base: 0x20000000, Load base: 0x0800f7f8, Size: 0x00001be8, Max: 0x00010000, ABSOLUTE, COMPRESSED[0x00000054])

    Exec Addr    Load Addr    Size         Type   Attr      Idx    E Section Name        Object

    0x20000000   COMPRESSED   0x00000019   Data   RW         2618    .data               system.o
    0x20000019   COMPRESSED   0x00000007   PAD
    0x20000020   COMPRESSED   0x0000002d   Data   RW         3754    .data               icm42688.o
    0x2000004d   COMPRESSED   0x00000003   PAD
    0x20000050   COMPRESSED   0x00000036   Data   RW         3866    .data               sysinitialize.o
    0x20000086   COMPRESSED   0x00000002   PAD
    0x20000088   COMPRESSED   0x00000013   Data   RW         4099    .data               gd32f30x_it.o
    0x2000009b   COMPRESSED   0x00000001   PAD
    0x2000009c   COMPRESSED   0x0000002d   Data   RW         4291    .data               movement.o
    0x200000c9   COMPRESSED   0x00000001   PAD
    0x200000ca   COMPRESSED   0x00000020   Data   RW         4617    .data               display.o
    0x200000ea   COMPRESSED   0x00000002   PAD
    0x200000ec   COMPRESSED   0x00000019   Data   RW         4791    .data               usart.o
    0x20000105   COMPRESSED   0x00000003   PAD
    0x20000108   COMPRESSED   0x00000018   Data   RW         5034    .data               rcon.o
    0x20000120   COMPRESSED   0x00000011   Data   RW         5163    .data               rtc.o
    0x20000131   COMPRESSED   0x00000003   PAD
    0x20000134   COMPRESSED   0x0000003d   Data   RW         5336    .data               gyro.o
    0x20000171   COMPRESSED   0x00000003   PAD
    0x20000174   COMPRESSED   0x0000016a   Data   RW         5617    .data               wheel.o
    0x200002de   COMPRESSED   0x00000002   PAD
    0x200002e0   COMPRESSED   0x00000085   Data   RW         6127    .data               obscliff.o
    0x20000365   COMPRESSED   0x00000003   PAD
    0x20000368   COMPRESSED   0x00000018   Data   RW         6368    .data               bldc.o
    0x20000380   COMPRESSED   0x00000040   Data   RW         7399    .data               tasks.o
    0x200003c0   COMPRESSED   0x0000000c   Data   RW         8101    .data               port.o
    0x200003cc        -       0x00000399   Zero   RW         2617    .bss                system.o
    0x20000765   COMPRESSED   0x00000003   PAD
    0x20000768        -       0x00000254   Zero   RW         3865    .bss                sysinitialize.o
    0x200009bc        -       0x0000003c   Zero   RW         4098    .bss                gd32f30x_it.o
    0x200009f8        -       0x0000003c   Zero   RW         5033    .bss                rcon.o
    0x20000a34        -       0x0000000d   Zero   RW         5335    .bss                gyro.o
    0x20000a41   COMPRESSED   0x00000003   PAD
    0x20000a44        -       0x000001a4   Zero   RW         7397    .bss                tasks.o
    0x20000be8        -       0x00001000   Zero   RW        11082    STACK               startup_gd32f30x_hd.o


==============================================================================

Image component sizes


      Code (inc. data)   RO Data    RW Data    ZI Data      Debug   Object Name

        12          6          0         24          0       2953   bldc.o
        16          0          0          0          0        539   cmsis_os.o
      1556        238          0         32          0      11268   display.o
         0          0          0          0          0       7968   event_groups.o
         4          0          0          0          0        513   freertos.o
       180         22          0          0          0       3018   gd32f30x_dac.o
        36         12          0          0          0       1238   gd32f30x_exti.o
      2362        232          0         19         60      13708   gd32f30x_it.o
       204         26          0          0          0       2128   gd32f30x_misc.o
       172         30          0          0          0       1912   gd32f30x_rcu.o
        32          0          0          0          0       1432   gd32f30x_timer.o
        86          0          0          0          0       2115   gd32f30x_usart.o
       436         58          0         61         13       3661   gyro.o
        12          6          0         45          0       1580   icm42688.o
        64          0          0          0          0       1568   list.o
       140          8          0          0          0     250522   main.o
       128         32          0          0          0       1030   mcu_api.o
       210         28          0         45          0       7195   movement.o
        12          6          0        133          0       6206   obscliff.o
       350         36          0         12          0       5223   port.o
        12          0          0          0          0        580   projecttask.o
       208          0          0          0          0       2888   queue.o
      3956         88          0         24         60       7638   rcon.o
        92          8          0         17          0       1658   rtc.o
        36          8        304          0       4096        832   startup_gd32f30x_hd.o
      2080        220          0         54        596      25597   sysinitialize.o
         0          0          0         25        921       3414   system.o
       372         32          0          0          0       1617   system_gd32f30x.o
       824        122         20         64        420       7333   tasks.o
       144         12          0         25          0       2951   usart.o
         0          0          0        362          0      20391   wheel.o
        22          4          0          0          0       1031   wifiota.o

    ----------------------------------------------------------------------
     13770       1234        356        972       6172     401707   Object Totals
         0          0         32          0          0          0   (incl. Generated)
        12          0          0         30          6          0   (incl. Padding)

    ----------------------------------------------------------------------

      Code (inc. data)   RO Data    RW Data    ZI Data      Debug   Library Member Name

        86          0          0          0          0          0   __dczerorl2.o
         0          0          0          0          0          0   entry.o
         0          0          0          0          0          0   entry10a.o
         0          0          0          0          0          0   entry11a.o
         8          4          0          0          0          0   entry2.o
         4          0          0          0          0          0   entry5.o
         0          0          0          0          0          0   entry7b.o
         0          0          0          0          0          0   entry8b.o
         8          4          0          0          0          0   entry9a.o
        30          0          0          0          0          0   handlers.o
        36          8          0          0          0         68   init.o
        26          0          0          0          0         80   memcmp.o

    ----------------------------------------------------------------------
       202         16          0          0          0        148   Library Totals
         4          0          0          0          0          0   (incl. Padding)

    ----------------------------------------------------------------------

      Code (inc. data)   RO Data    RW Data    ZI Data      Debug   Library Name

       198         16          0          0          0        148   mc_w.l

    ----------------------------------------------------------------------
       202         16          0          0          0        148   Library Totals

    ----------------------------------------------------------------------

==============================================================================


      Code (inc. data)   RO Data    RW Data    ZI Data      Debug   

     13972       1250        356        972       6172     390639   Grand Totals
     13972       1250        356         84       6172     390639   ELF Image Totals (compressed)
     13972       1250        356         84          0          0   ROM Totals

==============================================================================

    Total RO  Size (Code + RO Data)                14328 (  13.99kB)
    Total RW  Size (RW Data + ZI Data)              7144 (   6.98kB)
    Total ROM Size (Code + RO Data + RW Data)      14412 (  14.07kB)

==============================================================================

