<!doctype html public "-//w3c//dtd html 4.0 transitional//en">
<html><head>
<title>Static Call Graph - [.\Objects\880P.axf]</title></head>
<body><HR>
<H1>Static Call Graph for image .\Objects\880P.axf</H1><HR>
<BR><P>#&#060CALLGRAPH&#062# ARM Linker, 5060750: Last Updated: Thu Jan 09 17:46:28 2020
<BR><P>
<H3>Maximum Stack Usage =        792 bytes + Unknown(Cycles, Untraceable Function Pointers)</H3><H3>
Call chain for Maximum Stack Depth:</H3>
Task_MainTask &rArr; Spot_Mode &rArr; CM_WallToMap &rArr; CM_WallFollowByCnt &rArr; CM_AbnormalHandler &rArr; ActList_Switch &rArr; Action_Head2Cource &rArr; CM_HeadToTarget &rArr; CM_HeadToCourse &rArr; usprintf &rArr; print &rArr; printi &rArr; prints &rArr; printchar &rArr; putchar &rArr; fputc
<P>
<H3>
Mutually Recursive functions
</H3> <LI><a href="#[1d]">ADC0_1_IRQHandler</a>&nbsp;&nbsp;&nbsp;&rArr;&nbsp;&nbsp;&nbsp;<a href="#[1d]">ADC0_1_IRQHandler</a><BR>
</UL>
<P>
<H3>
Function Pointers
</H3><UL>
 <LI><a href="#[1d]">ADC0_1_IRQHandler</a> from startup_gd32f30x_hd.o(.text) referenced from startup_gd32f30x_hd.o(RESET)
 <LI><a href="#[3a]">ADC2_IRQHandler</a> from startup_gd32f30x_hd.o(.text) referenced from startup_gd32f30x_hd.o(RESET)
 <LI><a href="#[5]">BusFault_Handler</a> from gd32f30x_it.o(i.BusFault_Handler) referenced from startup_gd32f30x_hd.o(RESET)
 <LI><a href="#[21]">CAN0_EWMC_IRQHandler</a> from startup_gd32f30x_hd.o(.text) referenced from startup_gd32f30x_hd.o(RESET)
 <LI><a href="#[20]">CAN0_RX1_IRQHandler</a> from startup_gd32f30x_hd.o(.text) referenced from startup_gd32f30x_hd.o(RESET)
 <LI><a href="#[16]">DMA0_Channel0_IRQHandler</a> from startup_gd32f30x_hd.o(.text) referenced from startup_gd32f30x_hd.o(RESET)
 <LI><a href="#[17]">DMA0_Channel1_IRQHandler</a> from startup_gd32f30x_hd.o(.text) referenced from startup_gd32f30x_hd.o(RESET)
 <LI><a href="#[18]">DMA0_Channel2_IRQHandler</a> from startup_gd32f30x_hd.o(.text) referenced from startup_gd32f30x_hd.o(RESET)
 <LI><a href="#[19]">DMA0_Channel3_IRQHandler</a> from gd32f30x_it.o(i.DMA0_Channel3_IRQHandler) referenced from startup_gd32f30x_hd.o(RESET)
 <LI><a href="#[1a]">DMA0_Channel4_IRQHandler</a> from startup_gd32f30x_hd.o(.text) referenced from startup_gd32f30x_hd.o(RESET)
 <LI><a href="#[1b]">DMA0_Channel5_IRQHandler</a> from startup_gd32f30x_hd.o(.text) referenced from startup_gd32f30x_hd.o(RESET)
 <LI><a href="#[1c]">DMA0_Channel6_IRQHandler</a> from gd32f30x_it.o(i.DMA0_Channel6_IRQHandler) referenced from startup_gd32f30x_hd.o(RESET)
 <LI><a href="#[43]">DMA1_Channel0_IRQHandler</a> from startup_gd32f30x_hd.o(.text) referenced from startup_gd32f30x_hd.o(RESET)
 <LI><a href="#[44]">DMA1_Channel1_IRQHandler</a> from startup_gd32f30x_hd.o(.text) referenced from startup_gd32f30x_hd.o(RESET)
 <LI><a href="#[45]">DMA1_Channel2_IRQHandler</a> from startup_gd32f30x_hd.o(.text) referenced from startup_gd32f30x_hd.o(RESET)
 <LI><a href="#[46]">DMA1_Channel3_4_IRQHandler</a> from startup_gd32f30x_hd.o(.text) referenced from startup_gd32f30x_hd.o(RESET)
 <LI><a href="#[8]">DebugMon_Handler</a> from gd32f30x_it.o(i.DebugMon_Handler) referenced from startup_gd32f30x_hd.o(RESET)
 <LI><a href="#[3b]">EXMC_IRQHandler</a> from startup_gd32f30x_hd.o(.text) referenced from startup_gd32f30x_hd.o(RESET)
 <LI><a href="#[11]">EXTI0_IRQHandler</a> from gd32f30x_it.o(i.EXTI0_IRQHandler) referenced from startup_gd32f30x_hd.o(RESET)
 <LI><a href="#[33]">EXTI10_15_IRQHandler</a> from gd32f30x_it.o(i.EXTI10_15_IRQHandler) referenced from startup_gd32f30x_hd.o(RESET)
 <LI><a href="#[12]">EXTI1_IRQHandler</a> from gd32f30x_it.o(i.EXTI1_IRQHandler) referenced from startup_gd32f30x_hd.o(RESET)
 <LI><a href="#[13]">EXTI2_IRQHandler</a> from gd32f30x_it.o(i.EXTI2_IRQHandler) referenced from startup_gd32f30x_hd.o(RESET)
 <LI><a href="#[14]">EXTI3_IRQHandler</a> from gd32f30x_it.o(i.EXTI3_IRQHandler) referenced from startup_gd32f30x_hd.o(RESET)
 <LI><a href="#[15]">EXTI4_IRQHandler</a> from gd32f30x_it.o(i.EXTI4_IRQHandler) referenced from startup_gd32f30x_hd.o(RESET)
 <LI><a href="#[22]">EXTI5_9_IRQHandler</a> from gd32f30x_it.o(i.EXTI5_9_IRQHandler) referenced from startup_gd32f30x_hd.o(RESET)
 <LI><a href="#[f]">FMC_IRQHandler</a> from startup_gd32f30x_hd.o(.text) referenced from startup_gd32f30x_hd.o(RESET)
 <LI><a href="#[3]">HardFault_Handler</a> from gd32f30x_it.o(i.HardFault_Handler) referenced from startup_gd32f30x_hd.o(RESET)
 <LI><a href="#[2b]">I2C0_ER_IRQHandler</a> from startup_gd32f30x_hd.o(.text) referenced from startup_gd32f30x_hd.o(RESET)
 <LI><a href="#[2a]">I2C0_EV_IRQHandler</a> from startup_gd32f30x_hd.o(.text) referenced from startup_gd32f30x_hd.o(RESET)
 <LI><a href="#[2d]">I2C1_ER_IRQHandler</a> from startup_gd32f30x_hd.o(.text) referenced from startup_gd32f30x_hd.o(RESET)
 <LI><a href="#[2c]">I2C1_EV_IRQHandler</a> from startup_gd32f30x_hd.o(.text) referenced from startup_gd32f30x_hd.o(RESET)
 <LI><a href="#[c]">LVD_IRQHandler</a> from startup_gd32f30x_hd.o(.text) referenced from startup_gd32f30x_hd.o(RESET)
 <LI><a href="#[4]">MemManage_Handler</a> from gd32f30x_it.o(i.MemManage_Handler) referenced from startup_gd32f30x_hd.o(RESET)
 <LI><a href="#[2]">NMI_Handler</a> from gd32f30x_it.o(i.NMI_Handler) referenced from startup_gd32f30x_hd.o(RESET)
 <LI><a href="#[9]">PendSV_Handler</a> from port.o(.emb_text) referenced from startup_gd32f30x_hd.o(RESET)
 <LI><a href="#[10]">RCU_CTC_IRQHandler</a> from startup_gd32f30x_hd.o(.text) referenced from startup_gd32f30x_hd.o(RESET)
 <LI><a href="#[34]">RTC_Alarm_IRQHandler</a> from startup_gd32f30x_hd.o(.text) referenced from startup_gd32f30x_hd.o(RESET)
 <LI><a href="#[e]">RTC_IRQHandler</a> from gd32f30x_it.o(i.RTC_IRQHandler) referenced from startup_gd32f30x_hd.o(RESET)
 <LI><a href="#[1]">Reset_Handler</a> from startup_gd32f30x_hd.o(.text) referenced from startup_gd32f30x_hd.o(RESET)
 <LI><a href="#[3c]">SDIO_IRQHandler</a> from startup_gd32f30x_hd.o(.text) referenced from startup_gd32f30x_hd.o(RESET)
 <LI><a href="#[2e]">SPI0_IRQHandler</a> from startup_gd32f30x_hd.o(.text) referenced from startup_gd32f30x_hd.o(RESET)
 <LI><a href="#[2f]">SPI1_IRQHandler</a> from startup_gd32f30x_hd.o(.text) referenced from startup_gd32f30x_hd.o(RESET)
 <LI><a href="#[3e]">SPI2_IRQHandler</a> from startup_gd32f30x_hd.o(.text) referenced from startup_gd32f30x_hd.o(RESET)
 <LI><a href="#[7]">SVC_Handler</a> from port.o(.emb_text) referenced from startup_gd32f30x_hd.o(RESET)
 <LI><a href="#[a]">SysTick_Handler</a> from gd32f30x_it.o(i.SysTick_Handler) referenced from startup_gd32f30x_hd.o(RESET)
 <LI><a href="#[48]">SystemInit</a> from system_gd32f30x.o(i.SystemInit) referenced from startup_gd32f30x_hd.o(.text)
 <LI><a href="#[d]">TAMPER_IRQHandler</a> from startup_gd32f30x_hd.o(.text) referenced from startup_gd32f30x_hd.o(RESET)
 <LI><a href="#[23]">TIMER0_BRK_IRQHandler</a> from startup_gd32f30x_hd.o(.text) referenced from startup_gd32f30x_hd.o(RESET)
 <LI><a href="#[26]">TIMER0_Channel_IRQHandler</a> from startup_gd32f30x_hd.o(.text) referenced from startup_gd32f30x_hd.o(RESET)
 <LI><a href="#[25]">TIMER0_TRG_CMT_IRQHandler</a> from startup_gd32f30x_hd.o(.text) referenced from startup_gd32f30x_hd.o(RESET)
 <LI><a href="#[24]">TIMER0_UP_IRQHandler</a> from startup_gd32f30x_hd.o(.text) referenced from startup_gd32f30x_hd.o(RESET)
 <LI><a href="#[27]">TIMER1_IRQHandler</a> from gd32f30x_it.o(i.TIMER1_IRQHandler) referenced from startup_gd32f30x_hd.o(RESET)
 <LI><a href="#[28]">TIMER2_IRQHandler</a> from startup_gd32f30x_hd.o(.text) referenced from startup_gd32f30x_hd.o(RESET)
 <LI><a href="#[29]">TIMER3_IRQHandler</a> from startup_gd32f30x_hd.o(.text) referenced from startup_gd32f30x_hd.o(RESET)
 <LI><a href="#[3d]">TIMER4_IRQHandler</a> from startup_gd32f30x_hd.o(.text) referenced from startup_gd32f30x_hd.o(RESET)
 <LI><a href="#[41]">TIMER5_IRQHandler</a> from gd32f30x_it.o(i.TIMER5_IRQHandler) referenced from startup_gd32f30x_hd.o(RESET)
 <LI><a href="#[42]">TIMER6_IRQHandler</a> from gd32f30x_it.o(i.TIMER6_IRQHandler) referenced from startup_gd32f30x_hd.o(RESET)
 <LI><a href="#[36]">TIMER7_BRK_IRQHandler</a> from startup_gd32f30x_hd.o(.text) referenced from startup_gd32f30x_hd.o(RESET)
 <LI><a href="#[39]">TIMER7_Channel_IRQHandler</a> from startup_gd32f30x_hd.o(.text) referenced from startup_gd32f30x_hd.o(RESET)
 <LI><a href="#[38]">TIMER7_TRG_CMT_IRQHandler</a> from startup_gd32f30x_hd.o(.text) referenced from startup_gd32f30x_hd.o(RESET)
 <LI><a href="#[37]">TIMER7_UP_IRQHandler</a> from startup_gd32f30x_hd.o(.text) referenced from startup_gd32f30x_hd.o(RESET)
 <LI><a href="#[4d]">Task_CalculatePathTask</a> from projecttask.o(i.Task_CalculatePathTask) referenced from projecttask.o(i.Task_CreateCalculatePathTask)
 <LI><a href="#[4b]">Task_ControlTask</a> from projecttask.o(i.Task_ControlTask) referenced from projecttask.o(i.Task_CraeteControlTask)
 <LI><a href="#[4e]">Task_MainTask</a> from main.o(i.Task_MainTask) referenced from projecttask.o(i.Task_CreateMainTask)
 <LI><a href="#[4c]">Task_SensorsTask</a> from projecttask.o(i.Task_SensorsTask) referenced from projecttask.o(i.Task_CraeteSensorsTask)
 <LI><a href="#[3f]">UART3_IRQHandler</a> from startup_gd32f30x_hd.o(.text) referenced from startup_gd32f30x_hd.o(RESET)
 <LI><a href="#[40]">UART4_IRQHandler</a> from startup_gd32f30x_hd.o(.text) referenced from startup_gd32f30x_hd.o(RESET)
 <LI><a href="#[30]">USART0_IRQHandler</a> from gd32f30x_it.o(i.USART0_IRQHandler) referenced from startup_gd32f30x_hd.o(RESET)
 <LI><a href="#[31]">USART1_IRQHandler</a> from gd32f30x_it.o(i.USART1_IRQHandler) referenced from startup_gd32f30x_hd.o(RESET)
 <LI><a href="#[32]">USART2_IRQHandler</a> from gd32f30x_it.o(i.USART2_IRQHandler) referenced from startup_gd32f30x_hd.o(RESET)
 <LI><a href="#[4a]">USART3_PrintStringByLength</a> from usart.o(i.USART3_PrintStringByLength) referenced from debug.o(i.PC_NavDebug)
 <LI><a href="#[4a]">USART3_PrintStringByLength</a> from usart.o(i.USART3_PrintStringByLength) referenced from debug.o(i.mPC_NavDebug)
 <LI><a href="#[4f]">USART3_PrintTask</a> from usart.o(i.USART3_PrintTask) referenced from usart.o(i.USART3_CreateTask)
 <LI><a href="#[1e]">USBD_HP_CAN0_TX_IRQHandler</a> from startup_gd32f30x_hd.o(.text) referenced from startup_gd32f30x_hd.o(RESET)
 <LI><a href="#[1f]">USBD_LP_CAN0_RX0_IRQHandler</a> from startup_gd32f30x_hd.o(.text) referenced from startup_gd32f30x_hd.o(RESET)
 <LI><a href="#[35]">USBD_WKUP_IRQHandler</a> from startup_gd32f30x_hd.o(.text) referenced from startup_gd32f30x_hd.o(RESET)
 <LI><a href="#[6]">UsageFault_Handler</a> from gd32f30x_it.o(i.UsageFault_Handler) referenced from startup_gd32f30x_hd.o(RESET)
 <LI><a href="#[b]">WWDGT_IRQHandler</a> from startup_gd32f30x_hd.o(.text) referenced from startup_gd32f30x_hd.o(RESET)
 <LI><a href="#[49]">__main</a> from entry.o(.ARM.Collect$$$$00000000) referenced from startup_gd32f30x_hd.o(.text)
 <LI><a href="#[47]">main</a> from main.o(i.main) referenced from entry9a.o(.ARM.Collect$$$$0000000B)
 <LI><a href="#[51]">prvIdleTask</a> from tasks.o(i.prvIdleTask) referenced from tasks.o(i.vTaskStartScheduler)
 <LI><a href="#[50]">prvTaskExitError</a> from port.o(i.prvTaskExitError) referenced from port.o(i.pxPortInitialiseStack)
</UL>
<P>
<H3>
Global Symbols
</H3>
<P><STRONG><a name="[49]"></a>__main</STRONG> (Thumb, 0 bytes, Stack size unknown bytes, entry.o(.ARM.Collect$$$$00000000))
<BR>[Address Reference Count : 1]<UL><LI> startup_gd32f30x_hd.o(.text)
</UL>
<P><STRONG><a name="[321]"></a>_main_stk</STRONG> (Thumb, 0 bytes, Stack size unknown bytes, entry2.o(.ARM.Collect$$$$00000001))

<P><STRONG><a name="[52]"></a>_main_scatterload</STRONG> (Thumb, 0 bytes, Stack size unknown bytes, entry5.o(.ARM.Collect$$$$00000004))
<BR><BR>[Calls]<UL><LI><a href="#[53]">&gt;&gt;</a>&nbsp;&nbsp;&nbsp;__scatterload
</UL>

<P><STRONG><a name="[69]"></a>__main_after_scatterload</STRONG> (Thumb, 0 bytes, Stack size unknown bytes, entry5.o(.ARM.Collect$$$$00000004))
<BR><BR>[Called By]<UL><LI><a href="#[53]">&gt;&gt;</a>&nbsp;&nbsp;&nbsp;__scatterload
</UL>

<P><STRONG><a name="[322]"></a>_main_clock</STRONG> (Thumb, 0 bytes, Stack size unknown bytes, entry7b.o(.ARM.Collect$$$$00000008))

<P><STRONG><a name="[323]"></a>_main_cpp_init</STRONG> (Thumb, 0 bytes, Stack size unknown bytes, entry8b.o(.ARM.Collect$$$$0000000A))

<P><STRONG><a name="[324]"></a>_main_init</STRONG> (Thumb, 0 bytes, Stack size unknown bytes, entry9a.o(.ARM.Collect$$$$0000000B))

<P><STRONG><a name="[325]"></a>__rt_final_cpp</STRONG> (Thumb, 0 bytes, Stack size unknown bytes, entry10a.o(.ARM.Collect$$$$0000000D))

<P><STRONG><a name="[326]"></a>__rt_final_exit</STRONG> (Thumb, 0 bytes, Stack size unknown bytes, entry11a.o(.ARM.Collect$$$$0000000F))

<P><STRONG><a name="[7]"></a>SVC_Handler</STRONG> (Thumb, 28 bytes, Stack size 0 bytes, port.o(.emb_text))
<BR>[Address Reference Count : 1]<UL><LI> startup_gd32f30x_hd.o(RESET)
</UL>
<P><STRONG><a name="[319]"></a>__asm___6_port_c_39a90d8d__prvStartFirstTask</STRONG> (Thumb, 28 bytes, Stack size 0 bytes, port.o(.emb_text))
<BR><BR>[Called By]<UL><LI><a href="#[310]">&gt;&gt;</a>&nbsp;&nbsp;&nbsp;xPortStartScheduler
</UL>

<P><STRONG><a name="[318]"></a>__asm___6_port_c_39a90d8d__prvEnableVFP</STRONG> (Thumb, 16 bytes, Stack size 0 bytes, port.o(.emb_text))
<BR><BR>[Called By]<UL><LI><a href="#[310]">&gt;&gt;</a>&nbsp;&nbsp;&nbsp;xPortStartScheduler
</UL>

<P><STRONG><a name="[9]"></a>PendSV_Handler</STRONG> (Thumb, 88 bytes, Stack size 0 bytes, port.o(.emb_text))
<BR><BR>[Stack]<UL><LI>Max Depth = 224<LI>Call Chain = PendSV_Handler &rArr; vTaskSwitchContext &rArr; vApplicationStackOverflowHook &rArr; usprintf &rArr; print &rArr; printi &rArr; prints &rArr; printchar &rArr; putchar &rArr; fputc
</UL>
<BR>[Calls]<UL><LI><a href="#[54]">&gt;&gt;</a>&nbsp;&nbsp;&nbsp;vTaskSwitchContext
</UL>
<BR>[Address Reference Count : 1]<UL><LI> startup_gd32f30x_hd.o(RESET)
</UL>
<P><STRONG><a name="[30b]"></a>vPortGetIPSR</STRONG> (Thumb, 6 bytes, Stack size 0 bytes, port.o(.emb_text))
<BR><BR>[Called By]<UL><LI><a href="#[30a]">&gt;&gt;</a>&nbsp;&nbsp;&nbsp;vPortValidateInterruptPriority
</UL>

<P><STRONG><a name="[1]"></a>Reset_Handler</STRONG> (Thumb, 8 bytes, Stack size 0 bytes, startup_gd32f30x_hd.o(.text))
<BR>[Address Reference Count : 1]<UL><LI> startup_gd32f30x_hd.o(RESET)
</UL>
<P><STRONG><a name="[1d]"></a>ADC0_1_IRQHandler</STRONG> (Thumb, 0 bytes, Stack size 0 bytes, startup_gd32f30x_hd.o(.text))
<BR><BR>[Calls]<UL><LI><a href="#[1d]">&gt;&gt;</a>&nbsp;&nbsp;&nbsp;ADC0_1_IRQHandler
</UL>
<BR>[Called By]<UL><LI><a href="#[1d]">&gt;&gt;</a>&nbsp;&nbsp;&nbsp;ADC0_1_IRQHandler
</UL>
<BR>[Address Reference Count : 1]<UL><LI> startup_gd32f30x_hd.o(RESET)
</UL>
<P><STRONG><a name="[3a]"></a>ADC2_IRQHandler</STRONG> (Thumb, 0 bytes, Stack size 0 bytes, startup_gd32f30x_hd.o(.text))
<BR>[Address Reference Count : 1]<UL><LI> startup_gd32f30x_hd.o(RESET)
</UL>
<P><STRONG><a name="[21]"></a>CAN0_EWMC_IRQHandler</STRONG> (Thumb, 0 bytes, Stack size 0 bytes, startup_gd32f30x_hd.o(.text))
<BR>[Address Reference Count : 1]<UL><LI> startup_gd32f30x_hd.o(RESET)
</UL>
<P><STRONG><a name="[20]"></a>CAN0_RX1_IRQHandler</STRONG> (Thumb, 0 bytes, Stack size 0 bytes, startup_gd32f30x_hd.o(.text))
<BR>[Address Reference Count : 1]<UL><LI> startup_gd32f30x_hd.o(RESET)
</UL>
<P><STRONG><a name="[16]"></a>DMA0_Channel0_IRQHandler</STRONG> (Thumb, 0 bytes, Stack size 0 bytes, startup_gd32f30x_hd.o(.text))
<BR>[Address Reference Count : 1]<UL><LI> startup_gd32f30x_hd.o(RESET)
</UL>
<P><STRONG><a name="[17]"></a>DMA0_Channel1_IRQHandler</STRONG> (Thumb, 0 bytes, Stack size 0 bytes, startup_gd32f30x_hd.o(.text))
<BR>[Address Reference Count : 1]<UL><LI> startup_gd32f30x_hd.o(RESET)
</UL>
<P><STRONG><a name="[18]"></a>DMA0_Channel2_IRQHandler</STRONG> (Thumb, 0 bytes, Stack size 0 bytes, startup_gd32f30x_hd.o(.text))
<BR>[Address Reference Count : 1]<UL><LI> startup_gd32f30x_hd.o(RESET)
</UL>
<P><STRONG><a name="[1a]"></a>DMA0_Channel4_IRQHandler</STRONG> (Thumb, 0 bytes, Stack size 0 bytes, startup_gd32f30x_hd.o(.text))
<BR>[Address Reference Count : 1]<UL><LI> startup_gd32f30x_hd.o(RESET)
</UL>
<P><STRONG><a name="[1b]"></a>DMA0_Channel5_IRQHandler</STRONG> (Thumb, 0 bytes, Stack size 0 bytes, startup_gd32f30x_hd.o(.text))
<BR>[Address Reference Count : 1]<UL><LI> startup_gd32f30x_hd.o(RESET)
</UL>
<P><STRONG><a name="[43]"></a>DMA1_Channel0_IRQHandler</STRONG> (Thumb, 0 bytes, Stack size 0 bytes, startup_gd32f30x_hd.o(.text))
<BR>[Address Reference Count : 1]<UL><LI> startup_gd32f30x_hd.o(RESET)
</UL>
<P><STRONG><a name="[44]"></a>DMA1_Channel1_IRQHandler</STRONG> (Thumb, 0 bytes, Stack size 0 bytes, startup_gd32f30x_hd.o(.text))
<BR>[Address Reference Count : 1]<UL><LI> startup_gd32f30x_hd.o(RESET)
</UL>
<P><STRONG><a name="[45]"></a>DMA1_Channel2_IRQHandler</STRONG> (Thumb, 0 bytes, Stack size 0 bytes, startup_gd32f30x_hd.o(.text))
<BR>[Address Reference Count : 1]<UL><LI> startup_gd32f30x_hd.o(RESET)
</UL>
<P><STRONG><a name="[46]"></a>DMA1_Channel3_4_IRQHandler</STRONG> (Thumb, 0 bytes, Stack size 0 bytes, startup_gd32f30x_hd.o(.text))
<BR>[Address Reference Count : 1]<UL><LI> startup_gd32f30x_hd.o(RESET)
</UL>
<P><STRONG><a name="[3b]"></a>EXMC_IRQHandler</STRONG> (Thumb, 0 bytes, Stack size 0 bytes, startup_gd32f30x_hd.o(.text))
<BR>[Address Reference Count : 1]<UL><LI> startup_gd32f30x_hd.o(RESET)
</UL>
<P><STRONG><a name="[f]"></a>FMC_IRQHandler</STRONG> (Thumb, 0 bytes, Stack size 0 bytes, startup_gd32f30x_hd.o(.text))
<BR>[Address Reference Count : 1]<UL><LI> startup_gd32f30x_hd.o(RESET)
</UL>
<P><STRONG><a name="[2b]"></a>I2C0_ER_IRQHandler</STRONG> (Thumb, 0 bytes, Stack size 0 bytes, startup_gd32f30x_hd.o(.text))
<BR>[Address Reference Count : 1]<UL><LI> startup_gd32f30x_hd.o(RESET)
</UL>
<P><STRONG><a name="[2a]"></a>I2C0_EV_IRQHandler</STRONG> (Thumb, 0 bytes, Stack size 0 bytes, startup_gd32f30x_hd.o(.text))
<BR>[Address Reference Count : 1]<UL><LI> startup_gd32f30x_hd.o(RESET)
</UL>
<P><STRONG><a name="[2d]"></a>I2C1_ER_IRQHandler</STRONG> (Thumb, 0 bytes, Stack size 0 bytes, startup_gd32f30x_hd.o(.text))
<BR>[Address Reference Count : 1]<UL><LI> startup_gd32f30x_hd.o(RESET)
</UL>
<P><STRONG><a name="[2c]"></a>I2C1_EV_IRQHandler</STRONG> (Thumb, 0 bytes, Stack size 0 bytes, startup_gd32f30x_hd.o(.text))
<BR>[Address Reference Count : 1]<UL><LI> startup_gd32f30x_hd.o(RESET)
</UL>
<P><STRONG><a name="[c]"></a>LVD_IRQHandler</STRONG> (Thumb, 0 bytes, Stack size 0 bytes, startup_gd32f30x_hd.o(.text))
<BR>[Address Reference Count : 1]<UL><LI> startup_gd32f30x_hd.o(RESET)
</UL>
<P><STRONG><a name="[10]"></a>RCU_CTC_IRQHandler</STRONG> (Thumb, 0 bytes, Stack size 0 bytes, startup_gd32f30x_hd.o(.text))
<BR>[Address Reference Count : 1]<UL><LI> startup_gd32f30x_hd.o(RESET)
</UL>
<P><STRONG><a name="[34]"></a>RTC_Alarm_IRQHandler</STRONG> (Thumb, 0 bytes, Stack size 0 bytes, startup_gd32f30x_hd.o(.text))
<BR>[Address Reference Count : 1]<UL><LI> startup_gd32f30x_hd.o(RESET)
</UL>
<P><STRONG><a name="[3c]"></a>SDIO_IRQHandler</STRONG> (Thumb, 0 bytes, Stack size 0 bytes, startup_gd32f30x_hd.o(.text))
<BR>[Address Reference Count : 1]<UL><LI> startup_gd32f30x_hd.o(RESET)
</UL>
<P><STRONG><a name="[2e]"></a>SPI0_IRQHandler</STRONG> (Thumb, 0 bytes, Stack size 0 bytes, startup_gd32f30x_hd.o(.text))
<BR>[Address Reference Count : 1]<UL><LI> startup_gd32f30x_hd.o(RESET)
</UL>
<P><STRONG><a name="[2f]"></a>SPI1_IRQHandler</STRONG> (Thumb, 0 bytes, Stack size 0 bytes, startup_gd32f30x_hd.o(.text))
<BR>[Address Reference Count : 1]<UL><LI> startup_gd32f30x_hd.o(RESET)
</UL>
<P><STRONG><a name="[3e]"></a>SPI2_IRQHandler</STRONG> (Thumb, 0 bytes, Stack size 0 bytes, startup_gd32f30x_hd.o(.text))
<BR>[Address Reference Count : 1]<UL><LI> startup_gd32f30x_hd.o(RESET)
</UL>
<P><STRONG><a name="[d]"></a>TAMPER_IRQHandler</STRONG> (Thumb, 0 bytes, Stack size 0 bytes, startup_gd32f30x_hd.o(.text))
<BR>[Address Reference Count : 1]<UL><LI> startup_gd32f30x_hd.o(RESET)
</UL>
<P><STRONG><a name="[23]"></a>TIMER0_BRK_IRQHandler</STRONG> (Thumb, 0 bytes, Stack size 0 bytes, startup_gd32f30x_hd.o(.text))
<BR>[Address Reference Count : 1]<UL><LI> startup_gd32f30x_hd.o(RESET)
</UL>
<P><STRONG><a name="[26]"></a>TIMER0_Channel_IRQHandler</STRONG> (Thumb, 0 bytes, Stack size 0 bytes, startup_gd32f30x_hd.o(.text))
<BR>[Address Reference Count : 1]<UL><LI> startup_gd32f30x_hd.o(RESET)
</UL>
<P><STRONG><a name="[25]"></a>TIMER0_TRG_CMT_IRQHandler</STRONG> (Thumb, 0 bytes, Stack size 0 bytes, startup_gd32f30x_hd.o(.text))
<BR>[Address Reference Count : 1]<UL><LI> startup_gd32f30x_hd.o(RESET)
</UL>
<P><STRONG><a name="[24]"></a>TIMER0_UP_IRQHandler</STRONG> (Thumb, 0 bytes, Stack size 0 bytes, startup_gd32f30x_hd.o(.text))
<BR>[Address Reference Count : 1]<UL><LI> startup_gd32f30x_hd.o(RESET)
</UL>
<P><STRONG><a name="[28]"></a>TIMER2_IRQHandler</STRONG> (Thumb, 0 bytes, Stack size 0 bytes, startup_gd32f30x_hd.o(.text))
<BR>[Address Reference Count : 1]<UL><LI> startup_gd32f30x_hd.o(RESET)
</UL>
<P><STRONG><a name="[29]"></a>TIMER3_IRQHandler</STRONG> (Thumb, 0 bytes, Stack size 0 bytes, startup_gd32f30x_hd.o(.text))
<BR>[Address Reference Count : 1]<UL><LI> startup_gd32f30x_hd.o(RESET)
</UL>
<P><STRONG><a name="[3d]"></a>TIMER4_IRQHandler</STRONG> (Thumb, 0 bytes, Stack size 0 bytes, startup_gd32f30x_hd.o(.text))
<BR>[Address Reference Count : 1]<UL><LI> startup_gd32f30x_hd.o(RESET)
</UL>
<P><STRONG><a name="[36]"></a>TIMER7_BRK_IRQHandler</STRONG> (Thumb, 0 bytes, Stack size 0 bytes, startup_gd32f30x_hd.o(.text))
<BR>[Address Reference Count : 1]<UL><LI> startup_gd32f30x_hd.o(RESET)
</UL>
<P><STRONG><a name="[39]"></a>TIMER7_Channel_IRQHandler</STRONG> (Thumb, 0 bytes, Stack size 0 bytes, startup_gd32f30x_hd.o(.text))
<BR>[Address Reference Count : 1]<UL><LI> startup_gd32f30x_hd.o(RESET)
</UL>
<P><STRONG><a name="[38]"></a>TIMER7_TRG_CMT_IRQHandler</STRONG> (Thumb, 0 bytes, Stack size 0 bytes, startup_gd32f30x_hd.o(.text))
<BR>[Address Reference Count : 1]<UL><LI> startup_gd32f30x_hd.o(RESET)
</UL>
<P><STRONG><a name="[37]"></a>TIMER7_UP_IRQHandler</STRONG> (Thumb, 0 bytes, Stack size 0 bytes, startup_gd32f30x_hd.o(.text))
<BR>[Address Reference Count : 1]<UL><LI> startup_gd32f30x_hd.o(RESET)
</UL>
<P><STRONG><a name="[3f]"></a>UART3_IRQHandler</STRONG> (Thumb, 0 bytes, Stack size 0 bytes, startup_gd32f30x_hd.o(.text))
<BR>[Address Reference Count : 1]<UL><LI> startup_gd32f30x_hd.o(RESET)
</UL>
<P><STRONG><a name="[40]"></a>UART4_IRQHandler</STRONG> (Thumb, 0 bytes, Stack size 0 bytes, startup_gd32f30x_hd.o(.text))
<BR>[Address Reference Count : 1]<UL><LI> startup_gd32f30x_hd.o(RESET)
</UL>
<P><STRONG><a name="[1e]"></a>USBD_HP_CAN0_TX_IRQHandler</STRONG> (Thumb, 0 bytes, Stack size 0 bytes, startup_gd32f30x_hd.o(.text))
<BR>[Address Reference Count : 1]<UL><LI> startup_gd32f30x_hd.o(RESET)
</UL>
<P><STRONG><a name="[1f]"></a>USBD_LP_CAN0_RX0_IRQHandler</STRONG> (Thumb, 0 bytes, Stack size 0 bytes, startup_gd32f30x_hd.o(.text))
<BR>[Address Reference Count : 1]<UL><LI> startup_gd32f30x_hd.o(RESET)
</UL>
<P><STRONG><a name="[35]"></a>USBD_WKUP_IRQHandler</STRONG> (Thumb, 0 bytes, Stack size 0 bytes, startup_gd32f30x_hd.o(.text))
<BR>[Address Reference Count : 1]<UL><LI> startup_gd32f30x_hd.o(RESET)
</UL>
<P><STRONG><a name="[b]"></a>WWDGT_IRQHandler</STRONG> (Thumb, 0 bytes, Stack size 0 bytes, startup_gd32f30x_hd.o(.text))
<BR>[Address Reference Count : 1]<UL><LI> startup_gd32f30x_hd.o(RESET)
</UL>
<P><STRONG><a name="[55]"></a>__aeabi_uldivmod</STRONG> (Thumb, 98 bytes, Stack size 40 bytes, uldiv.o(.text))
<BR><BR>[Stack]<UL><LI>Max Depth = 40<LI>Call Chain = __aeabi_uldivmod
</UL>
<BR>[Calls]<UL><LI><a href="#[56]">&gt;&gt;</a>&nbsp;&nbsp;&nbsp;__aeabi_llsr
<LI><a href="#[57]">&gt;&gt;</a>&nbsp;&nbsp;&nbsp;__aeabi_llsl
</UL>
<BR>[Called By]<UL><LI><a href="#[a2]">&gt;&gt;</a>&nbsp;&nbsp;&nbsp;Battery_Current_Filter
</UL>

<P><STRONG><a name="[2f7]"></a>__aeabi_memcpy</STRONG> (Thumb, 36 bytes, Stack size 0 bytes, memcpya.o(.text))
<BR><BR>[Called By]<UL><LI><a href="#[2f8]">&gt;&gt;</a>&nbsp;&nbsp;&nbsp;prvCopyDataToQueue
<LI><a href="#[2f6]">&gt;&gt;</a>&nbsp;&nbsp;&nbsp;prvCopyDataFromQueue
</UL>

<P><STRONG><a name="[327]"></a>__aeabi_memcpy4</STRONG> (Thumb, 0 bytes, Stack size 0 bytes, memcpya.o(.text), UNUSED)

<P><STRONG><a name="[328]"></a>__aeabi_memcpy8</STRONG> (Thumb, 0 bytes, Stack size 0 bytes, memcpya.o(.text), UNUSED)

<P><STRONG><a name="[59]"></a>__aeabi_memset</STRONG> (Thumb, 14 bytes, Stack size 0 bytes, memseta.o(.text))
<BR><BR>[Called By]<UL><LI><a href="#[2ec]">&gt;&gt;</a>&nbsp;&nbsp;&nbsp;prvAllocateTCBAndStack
<LI><a href="#[5a]">&gt;&gt;</a>&nbsp;&nbsp;&nbsp;_memset$wrapper
<LI><a href="#[58]">&gt;&gt;</a>&nbsp;&nbsp;&nbsp;__aeabi_memclr
</UL>

<P><STRONG><a name="[329]"></a>__aeabi_memset4</STRONG> (Thumb, 0 bytes, Stack size 0 bytes, memseta.o(.text), UNUSED)

<P><STRONG><a name="[32a]"></a>__aeabi_memset8</STRONG> (Thumb, 0 bytes, Stack size 0 bytes, memseta.o(.text), UNUSED)

<P><STRONG><a name="[58]"></a>__aeabi_memclr</STRONG> (Thumb, 4 bytes, Stack size 0 bytes, memseta.o(.text), UNUSED)
<BR><BR>[Calls]<UL><LI><a href="#[59]">&gt;&gt;</a>&nbsp;&nbsp;&nbsp;__aeabi_memset
</UL>

<P><STRONG><a name="[1cb]"></a>__aeabi_memclr4</STRONG> (Thumb, 0 bytes, Stack size 0 bytes, memseta.o(.text))
<BR><BR>[Called By]<UL><LI><a href="#[197]">&gt;&gt;</a>&nbsp;&nbsp;&nbsp;PC_NavDebug
<LI><a href="#[137]">&gt;&gt;</a>&nbsp;&nbsp;&nbsp;mPC_NavDebug
</UL>

<P><STRONG><a name="[32b]"></a>__aeabi_memclr8</STRONG> (Thumb, 0 bytes, Stack size 0 bytes, memseta.o(.text), UNUSED)

<P><STRONG><a name="[5a]"></a>_memset$wrapper</STRONG> (Thumb, 18 bytes, Stack size 8 bytes, memseta.o(.text), UNUSED)
<BR><BR>[Calls]<UL><LI><a href="#[59]">&gt;&gt;</a>&nbsp;&nbsp;&nbsp;__aeabi_memset
</UL>

<P><STRONG><a name="[312]"></a>memcmp</STRONG> (Thumb, 26 bytes, Stack size 12 bytes, memcmp.o(.text))
<BR><BR>[Stack]<UL><LI>Max Depth = 12<LI>Call Chain = memcmp
</UL>
<BR>[Called By]<UL><LI><a href="#[54]">&gt;&gt;</a>&nbsp;&nbsp;&nbsp;vTaskSwitchContext
</UL>

<P><STRONG><a name="[5b]"></a>__aeabi_dadd</STRONG> (Thumb, 322 bytes, Stack size 48 bytes, dadd.o(.text))
<BR><BR>[Stack]<UL><LI>Max Depth = 88<LI>Call Chain = __aeabi_dadd &rArr; _double_epilogue &rArr; _double_round
</UL>
<BR>[Calls]<UL><LI><a href="#[5e]">&gt;&gt;</a>&nbsp;&nbsp;&nbsp;_double_round
<LI><a href="#[5d]">&gt;&gt;</a>&nbsp;&nbsp;&nbsp;_double_epilogue
<LI><a href="#[5c]">&gt;&gt;</a>&nbsp;&nbsp;&nbsp;__aeabi_lasr
<LI><a href="#[57]">&gt;&gt;</a>&nbsp;&nbsp;&nbsp;__aeabi_llsl
</UL>
<BR>[Called By]<UL><LI><a href="#[10d]">&gt;&gt;</a>&nbsp;&nbsp;&nbsp;Math_TwoCell_Dis
<LI><a href="#[133]">&gt;&gt;</a>&nbsp;&nbsp;&nbsp;Map_MoveRobotCountTo
<LI><a href="#[c1]">&gt;&gt;</a>&nbsp;&nbsp;&nbsp;Map_GetRelativeY
<LI><a href="#[134]">&gt;&gt;</a>&nbsp;&nbsp;&nbsp;Map_GetRelativeXY
<LI><a href="#[128]">&gt;&gt;</a>&nbsp;&nbsp;&nbsp;Map_GetRelativeByCell
<LI><a href="#[cc]">&gt;&gt;</a>&nbsp;&nbsp;&nbsp;Map_CountToCell
<LI><a href="#[20f]">&gt;&gt;</a>&nbsp;&nbsp;&nbsp;Spot_IsLaneCleaned
<LI><a href="#[5f]">&gt;&gt;</a>&nbsp;&nbsp;&nbsp;__aeabi_dsub
<LI><a href="#[60]">&gt;&gt;</a>&nbsp;&nbsp;&nbsp;__aeabi_drsub
<LI><a href="#[1a9]">&gt;&gt;</a>&nbsp;&nbsp;&nbsp;__hardfp_round
<LI><a href="#[1b8]">&gt;&gt;</a>&nbsp;&nbsp;&nbsp;__hardfp_atan
<LI><a href="#[2ba]">&gt;&gt;</a>&nbsp;&nbsp;&nbsp;__kernel_tan
<LI><a href="#[2b8]">&gt;&gt;</a>&nbsp;&nbsp;&nbsp;__kernel_sin
<LI><a href="#[2b7]">&gt;&gt;</a>&nbsp;&nbsp;&nbsp;__ieee754_rem_pio2
<LI><a href="#[2b4]">&gt;&gt;</a>&nbsp;&nbsp;&nbsp;__kernel_poly
<LI><a href="#[2b0]">&gt;&gt;</a>&nbsp;&nbsp;&nbsp;__mathlib_dbl_infnan
</UL>

<P><STRONG><a name="[5f]"></a>__aeabi_dsub</STRONG> (Thumb, 6 bytes, Stack size 0 bytes, dadd.o(.text))
<BR><BR>[Stack]<UL><LI>Max Depth = 88<LI>Call Chain = __aeabi_dsub &rArr; __aeabi_dadd &rArr; _double_epilogue &rArr; _double_round
</UL>
<BR>[Calls]<UL><LI><a href="#[5b]">&gt;&gt;</a>&nbsp;&nbsp;&nbsp;__aeabi_dadd
</UL>
<BR>[Called By]<UL><LI><a href="#[10d]">&gt;&gt;</a>&nbsp;&nbsp;&nbsp;Math_TwoCell_Dis
<LI><a href="#[134]">&gt;&gt;</a>&nbsp;&nbsp;&nbsp;Map_GetRelativeXY
<LI><a href="#[c0]">&gt;&gt;</a>&nbsp;&nbsp;&nbsp;Map_GetRelativeX
<LI><a href="#[128]">&gt;&gt;</a>&nbsp;&nbsp;&nbsp;Map_GetRelativeByCell
<LI><a href="#[cc]">&gt;&gt;</a>&nbsp;&nbsp;&nbsp;Map_CountToCell
<LI><a href="#[2b9]">&gt;&gt;</a>&nbsp;&nbsp;&nbsp;__kernel_cos
<LI><a href="#[1a9]">&gt;&gt;</a>&nbsp;&nbsp;&nbsp;__hardfp_round
<LI><a href="#[1b8]">&gt;&gt;</a>&nbsp;&nbsp;&nbsp;__hardfp_atan
<LI><a href="#[2ba]">&gt;&gt;</a>&nbsp;&nbsp;&nbsp;__kernel_tan
<LI><a href="#[2b8]">&gt;&gt;</a>&nbsp;&nbsp;&nbsp;__kernel_sin
<LI><a href="#[2b7]">&gt;&gt;</a>&nbsp;&nbsp;&nbsp;__ieee754_rem_pio2
</UL>

<P><STRONG><a name="[60]"></a>__aeabi_drsub</STRONG> (Thumb, 6 bytes, Stack size 0 bytes, dadd.o(.text))
<BR><BR>[Stack]<UL><LI>Max Depth = 88<LI>Call Chain = __aeabi_drsub &rArr; __aeabi_dadd &rArr; _double_epilogue &rArr; _double_round
</UL>
<BR>[Calls]<UL><LI><a href="#[5b]">&gt;&gt;</a>&nbsp;&nbsp;&nbsp;__aeabi_dadd
</UL>
<BR>[Called By]<UL><LI><a href="#[2b9]">&gt;&gt;</a>&nbsp;&nbsp;&nbsp;__kernel_cos
<LI><a href="#[1b8]">&gt;&gt;</a>&nbsp;&nbsp;&nbsp;__hardfp_atan
<LI><a href="#[2ba]">&gt;&gt;</a>&nbsp;&nbsp;&nbsp;__kernel_tan
<LI><a href="#[2b8]">&gt;&gt;</a>&nbsp;&nbsp;&nbsp;__kernel_sin
<LI><a href="#[2b7]">&gt;&gt;</a>&nbsp;&nbsp;&nbsp;__ieee754_rem_pio2
</UL>

<P><STRONG><a name="[61]"></a>__aeabi_dmul</STRONG> (Thumb, 228 bytes, Stack size 48 bytes, dmul.o(.text))
<BR><BR>[Stack]<UL><LI>Max Depth = 88<LI>Call Chain = __aeabi_dmul &rArr; _double_epilogue &rArr; _double_round
</UL>
<BR>[Calls]<UL><LI><a href="#[5d]">&gt;&gt;</a>&nbsp;&nbsp;&nbsp;_double_epilogue
</UL>
<BR>[Called By]<UL><LI><a href="#[12c]">&gt;&gt;</a>&nbsp;&nbsp;&nbsp;CM_UpdatePosition
<LI><a href="#[10d]">&gt;&gt;</a>&nbsp;&nbsp;&nbsp;Math_TwoCell_Dis
<LI><a href="#[c1]">&gt;&gt;</a>&nbsp;&nbsp;&nbsp;Map_GetRelativeY
<LI><a href="#[134]">&gt;&gt;</a>&nbsp;&nbsp;&nbsp;Map_GetRelativeXY
<LI><a href="#[c0]">&gt;&gt;</a>&nbsp;&nbsp;&nbsp;Map_GetRelativeX
<LI><a href="#[128]">&gt;&gt;</a>&nbsp;&nbsp;&nbsp;Map_GetRelativeByCell
<LI><a href="#[130]">&gt;&gt;</a>&nbsp;&nbsp;&nbsp;Math_Deg2Rad
<LI><a href="#[1b7]">&gt;&gt;</a>&nbsp;&nbsp;&nbsp;Math_Absolute
<LI><a href="#[20f]">&gt;&gt;</a>&nbsp;&nbsp;&nbsp;Spot_IsLaneCleaned
<LI><a href="#[1b9]">&gt;&gt;</a>&nbsp;&nbsp;&nbsp;Math_Rad2Deg
<LI><a href="#[2b9]">&gt;&gt;</a>&nbsp;&nbsp;&nbsp;__kernel_cos
<LI><a href="#[1b8]">&gt;&gt;</a>&nbsp;&nbsp;&nbsp;__hardfp_atan
<LI><a href="#[2ba]">&gt;&gt;</a>&nbsp;&nbsp;&nbsp;__kernel_tan
<LI><a href="#[2b8]">&gt;&gt;</a>&nbsp;&nbsp;&nbsp;__kernel_sin
<LI><a href="#[2b7]">&gt;&gt;</a>&nbsp;&nbsp;&nbsp;__ieee754_rem_pio2
<LI><a href="#[2b4]">&gt;&gt;</a>&nbsp;&nbsp;&nbsp;__kernel_poly
<LI><a href="#[2b2]">&gt;&gt;</a>&nbsp;&nbsp;&nbsp;__mathlib_dbl_underflow
</UL>

<P><STRONG><a name="[62]"></a>__aeabi_ddiv</STRONG> (Thumb, 222 bytes, Stack size 32 bytes, ddiv.o(.text))
<BR><BR>[Stack]<UL><LI>Max Depth = 40<LI>Call Chain = __aeabi_ddiv &rArr; _double_round
</UL>
<BR>[Calls]<UL><LI><a href="#[5e]">&gt;&gt;</a>&nbsp;&nbsp;&nbsp;_double_round
</UL>
<BR>[Called By]<UL><LI><a href="#[12c]">&gt;&gt;</a>&nbsp;&nbsp;&nbsp;CM_UpdatePosition
<LI><a href="#[13a]">&gt;&gt;</a>&nbsp;&nbsp;&nbsp;Path_GetRobotDirection
<LI><a href="#[c1]">&gt;&gt;</a>&nbsp;&nbsp;&nbsp;Map_GetRelativeY
<LI><a href="#[134]">&gt;&gt;</a>&nbsp;&nbsp;&nbsp;Map_GetRelativeXY
<LI><a href="#[c0]">&gt;&gt;</a>&nbsp;&nbsp;&nbsp;Map_GetRelativeX
<LI><a href="#[128]">&gt;&gt;</a>&nbsp;&nbsp;&nbsp;Map_GetRelativeByCell
<LI><a href="#[cc]">&gt;&gt;</a>&nbsp;&nbsp;&nbsp;Map_CountToCell
<LI><a href="#[130]">&gt;&gt;</a>&nbsp;&nbsp;&nbsp;Math_Deg2Rad
<LI><a href="#[cf]">&gt;&gt;</a>&nbsp;&nbsp;&nbsp;Math_Course2Dest
<LI><a href="#[20f]">&gt;&gt;</a>&nbsp;&nbsp;&nbsp;Spot_IsLaneCleaned
<LI><a href="#[1b9]">&gt;&gt;</a>&nbsp;&nbsp;&nbsp;Math_Rad2Deg
<LI><a href="#[1b8]">&gt;&gt;</a>&nbsp;&nbsp;&nbsp;__hardfp_atan
<LI><a href="#[2ba]">&gt;&gt;</a>&nbsp;&nbsp;&nbsp;__kernel_tan
<LI><a href="#[2b6]">&gt;&gt;</a>&nbsp;&nbsp;&nbsp;__mathlib_dbl_invalid
</UL>

<P><STRONG><a name="[63]"></a>__aeabi_i2d</STRONG> (Thumb, 34 bytes, Stack size 16 bytes, dflti.o(.text))
<BR><BR>[Stack]<UL><LI>Max Depth = 56<LI>Call Chain = __aeabi_i2d &rArr; _double_epilogue &rArr; _double_round
</UL>
<BR>[Calls]<UL><LI><a href="#[5d]">&gt;&gt;</a>&nbsp;&nbsp;&nbsp;_double_epilogue
</UL>
<BR>[Called By]<UL><LI><a href="#[12c]">&gt;&gt;</a>&nbsp;&nbsp;&nbsp;CM_UpdatePosition
<LI><a href="#[213]">&gt;&gt;</a>&nbsp;&nbsp;&nbsp;Spot_Mode
<LI><a href="#[10d]">&gt;&gt;</a>&nbsp;&nbsp;&nbsp;Math_TwoCell_Dis
<LI><a href="#[dd]">&gt;&gt;</a>&nbsp;&nbsp;&nbsp;Map_SetRobotCell
<LI><a href="#[10c]">&gt;&gt;</a>&nbsp;&nbsp;&nbsp;Map_PointToCell
<LI><a href="#[c1]">&gt;&gt;</a>&nbsp;&nbsp;&nbsp;Map_GetRelativeY
<LI><a href="#[134]">&gt;&gt;</a>&nbsp;&nbsp;&nbsp;Map_GetRelativeXY
<LI><a href="#[c0]">&gt;&gt;</a>&nbsp;&nbsp;&nbsp;Map_GetRelativeX
<LI><a href="#[128]">&gt;&gt;</a>&nbsp;&nbsp;&nbsp;Map_GetRelativeByCell
<LI><a href="#[103]">&gt;&gt;</a>&nbsp;&nbsp;&nbsp;CM_MoveToPosition
<LI><a href="#[87]">&gt;&gt;</a>&nbsp;&nbsp;&nbsp;CM_HeadToTarget
<LI><a href="#[130]">&gt;&gt;</a>&nbsp;&nbsp;&nbsp;Math_Deg2Rad
<LI><a href="#[cf]">&gt;&gt;</a>&nbsp;&nbsp;&nbsp;Math_Course2Dest
<LI><a href="#[216]">&gt;&gt;</a>&nbsp;&nbsp;&nbsp;Spot_PathPlanning
<LI><a href="#[20f]">&gt;&gt;</a>&nbsp;&nbsp;&nbsp;Spot_IsLaneCleaned
<LI><a href="#[13b]">&gt;&gt;</a>&nbsp;&nbsp;&nbsp;Spot_GetPointLaneIdx
<LI><a href="#[1b9]">&gt;&gt;</a>&nbsp;&nbsp;&nbsp;Math_Rad2Deg
<LI><a href="#[2ba]">&gt;&gt;</a>&nbsp;&nbsp;&nbsp;__kernel_tan
<LI><a href="#[2b7]">&gt;&gt;</a>&nbsp;&nbsp;&nbsp;__ieee754_rem_pio2
</UL>

<P><STRONG><a name="[64]"></a>__aeabi_ui2d</STRONG> (Thumb, 26 bytes, Stack size 16 bytes, dfltui.o(.text))
<BR><BR>[Stack]<UL><LI>Max Depth = 56<LI>Call Chain = __aeabi_ui2d &rArr; _double_epilogue &rArr; _double_round
</UL>
<BR>[Calls]<UL><LI><a href="#[5d]">&gt;&gt;</a>&nbsp;&nbsp;&nbsp;_double_epilogue
</UL>
<BR>[Called By]<UL><LI><a href="#[13a]">&gt;&gt;</a>&nbsp;&nbsp;&nbsp;Path_GetRobotDirection
<LI><a href="#[c1]">&gt;&gt;</a>&nbsp;&nbsp;&nbsp;Map_GetRelativeY
<LI><a href="#[c0]">&gt;&gt;</a>&nbsp;&nbsp;&nbsp;Map_GetRelativeX
<LI><a href="#[2b7]">&gt;&gt;</a>&nbsp;&nbsp;&nbsp;__ieee754_rem_pio2
</UL>

<P><STRONG><a name="[65]"></a>__aeabi_d2iz</STRONG> (Thumb, 62 bytes, Stack size 16 bytes, dfixi.o(.text))
<BR><BR>[Stack]<UL><LI>Max Depth = 16<LI>Call Chain = __aeabi_d2iz
</UL>
<BR>[Calls]<UL><LI><a href="#[56]">&gt;&gt;</a>&nbsp;&nbsp;&nbsp;__aeabi_llsr
</UL>
<BR>[Called By]<UL><LI><a href="#[213]">&gt;&gt;</a>&nbsp;&nbsp;&nbsp;Spot_Mode
<LI><a href="#[d1]">&gt;&gt;</a>&nbsp;&nbsp;&nbsp;Map_GetRobotCountY
<LI><a href="#[11c]">&gt;&gt;</a>&nbsp;&nbsp;&nbsp;Map_GetRobotCountX
<LI><a href="#[c1]">&gt;&gt;</a>&nbsp;&nbsp;&nbsp;Map_GetRelativeY
<LI><a href="#[134]">&gt;&gt;</a>&nbsp;&nbsp;&nbsp;Map_GetRelativeXY
<LI><a href="#[c0]">&gt;&gt;</a>&nbsp;&nbsp;&nbsp;Map_GetRelativeX
<LI><a href="#[128]">&gt;&gt;</a>&nbsp;&nbsp;&nbsp;Map_GetRelativeByCell
<LI><a href="#[cc]">&gt;&gt;</a>&nbsp;&nbsp;&nbsp;Map_CountToCell
<LI><a href="#[cf]">&gt;&gt;</a>&nbsp;&nbsp;&nbsp;Math_Course2Dest
<LI><a href="#[10a]">&gt;&gt;</a>&nbsp;&nbsp;&nbsp;Map_GetRobotCount
<LI><a href="#[216]">&gt;&gt;</a>&nbsp;&nbsp;&nbsp;Spot_PathPlanning
<LI><a href="#[20f]">&gt;&gt;</a>&nbsp;&nbsp;&nbsp;Spot_IsLaneCleaned
<LI><a href="#[13b]">&gt;&gt;</a>&nbsp;&nbsp;&nbsp;Spot_GetPointLaneIdx
<LI><a href="#[2b9]">&gt;&gt;</a>&nbsp;&nbsp;&nbsp;__kernel_cos
<LI><a href="#[2ba]">&gt;&gt;</a>&nbsp;&nbsp;&nbsp;__kernel_tan
<LI><a href="#[2b7]">&gt;&gt;</a>&nbsp;&nbsp;&nbsp;__ieee754_rem_pio2
</UL>

<P><STRONG><a name="[66]"></a>__aeabi_d2uiz</STRONG> (Thumb, 50 bytes, Stack size 8 bytes, dfixui.o(.text))
<BR><BR>[Stack]<UL><LI>Max Depth = 8<LI>Call Chain = __aeabi_d2uiz
</UL>
<BR>[Calls]<UL><LI><a href="#[56]">&gt;&gt;</a>&nbsp;&nbsp;&nbsp;__aeabi_llsr
</UL>
<BR>[Called By]<UL><LI><a href="#[13a]">&gt;&gt;</a>&nbsp;&nbsp;&nbsp;Path_GetRobotDirection
<LI><a href="#[10d]">&gt;&gt;</a>&nbsp;&nbsp;&nbsp;Math_TwoCell_Dis
</UL>

<P><STRONG><a name="[211]"></a>__aeabi_cdcmpeq</STRONG> (Thumb, 0 bytes, Stack size 0 bytes, cdcmple.o(.text))
<BR><BR>[Called By]<UL><LI><a href="#[20f]">&gt;&gt;</a>&nbsp;&nbsp;&nbsp;Spot_IsLaneCleaned
</UL>

<P><STRONG><a name="[1a2]"></a>__aeabi_cdcmple</STRONG> (Thumb, 48 bytes, Stack size 0 bytes, cdcmple.o(.text))
<BR><BR>[Called By]<UL><LI><a href="#[cc]">&gt;&gt;</a>&nbsp;&nbsp;&nbsp;Map_CountToCell
<LI><a href="#[1b7]">&gt;&gt;</a>&nbsp;&nbsp;&nbsp;Math_Absolute
<LI><a href="#[20f]">&gt;&gt;</a>&nbsp;&nbsp;&nbsp;Spot_IsLaneCleaned
<LI><a href="#[1a9]">&gt;&gt;</a>&nbsp;&nbsp;&nbsp;__hardfp_round
</UL>

<P><STRONG><a name="[210]"></a>__aeabi_cdrcmple</STRONG> (Thumb, 48 bytes, Stack size 0 bytes, cdrcmple.o(.text))
<BR><BR>[Called By]<UL><LI><a href="#[20f]">&gt;&gt;</a>&nbsp;&nbsp;&nbsp;Spot_IsLaneCleaned
<LI><a href="#[1a9]">&gt;&gt;</a>&nbsp;&nbsp;&nbsp;__hardfp_round
</UL>

<P><STRONG><a name="[57]"></a>__aeabi_llsl</STRONG> (Thumb, 30 bytes, Stack size 0 bytes, llshl.o(.text))
<BR><BR>[Called By]<UL><LI><a href="#[5b]">&gt;&gt;</a>&nbsp;&nbsp;&nbsp;__aeabi_dadd
<LI><a href="#[5d]">&gt;&gt;</a>&nbsp;&nbsp;&nbsp;_double_epilogue
<LI><a href="#[55]">&gt;&gt;</a>&nbsp;&nbsp;&nbsp;__aeabi_uldivmod
<LI><a href="#[68]">&gt;&gt;</a>&nbsp;&nbsp;&nbsp;_drnd
</UL>

<P><STRONG><a name="[32c]"></a>_ll_shift_l</STRONG> (Thumb, 0 bytes, Stack size 0 bytes, llshl.o(.text), UNUSED)

<P><STRONG><a name="[56]"></a>__aeabi_llsr</STRONG> (Thumb, 32 bytes, Stack size 0 bytes, llushr.o(.text))
<BR><BR>[Called By]<UL><LI><a href="#[65]">&gt;&gt;</a>&nbsp;&nbsp;&nbsp;__aeabi_d2iz
<LI><a href="#[66]">&gt;&gt;</a>&nbsp;&nbsp;&nbsp;__aeabi_d2uiz
<LI><a href="#[5d]">&gt;&gt;</a>&nbsp;&nbsp;&nbsp;_double_epilogue
<LI><a href="#[55]">&gt;&gt;</a>&nbsp;&nbsp;&nbsp;__aeabi_uldivmod
<LI><a href="#[67]">&gt;&gt;</a>&nbsp;&nbsp;&nbsp;_dsqrt
<LI><a href="#[68]">&gt;&gt;</a>&nbsp;&nbsp;&nbsp;_drnd
</UL>

<P><STRONG><a name="[32d]"></a>_ll_ushift_r</STRONG> (Thumb, 0 bytes, Stack size 0 bytes, llushr.o(.text), UNUSED)

<P><STRONG><a name="[5c]"></a>__aeabi_lasr</STRONG> (Thumb, 36 bytes, Stack size 0 bytes, llsshr.o(.text))
<BR><BR>[Called By]<UL><LI><a href="#[5b]">&gt;&gt;</a>&nbsp;&nbsp;&nbsp;__aeabi_dadd
</UL>

<P><STRONG><a name="[32e]"></a>_ll_sshift_r</STRONG> (Thumb, 0 bytes, Stack size 0 bytes, llsshr.o(.text), UNUSED)

<P><STRONG><a name="[32f]"></a>__I$use$fp</STRONG> (Thumb, 0 bytes, Stack size 8 bytes, iusefp.o(.text), UNUSED)

<P><STRONG><a name="[5e]"></a>_double_round</STRONG> (Thumb, 30 bytes, Stack size 8 bytes, depilogue.o(.text))
<BR><BR>[Stack]<UL><LI>Max Depth = 8<LI>Call Chain = _double_round
</UL>
<BR>[Called By]<UL><LI><a href="#[62]">&gt;&gt;</a>&nbsp;&nbsp;&nbsp;__aeabi_ddiv
<LI><a href="#[5b]">&gt;&gt;</a>&nbsp;&nbsp;&nbsp;__aeabi_dadd
<LI><a href="#[5d]">&gt;&gt;</a>&nbsp;&nbsp;&nbsp;_double_epilogue
<LI><a href="#[67]">&gt;&gt;</a>&nbsp;&nbsp;&nbsp;_dsqrt
<LI><a href="#[68]">&gt;&gt;</a>&nbsp;&nbsp;&nbsp;_drnd
</UL>

<P><STRONG><a name="[5d]"></a>_double_epilogue</STRONG> (Thumb, 156 bytes, Stack size 32 bytes, depilogue.o(.text))
<BR><BR>[Stack]<UL><LI>Max Depth = 40<LI>Call Chain = _double_epilogue &rArr; _double_round
</UL>
<BR>[Calls]<UL><LI><a href="#[5e]">&gt;&gt;</a>&nbsp;&nbsp;&nbsp;_double_round
<LI><a href="#[56]">&gt;&gt;</a>&nbsp;&nbsp;&nbsp;__aeabi_llsr
<LI><a href="#[57]">&gt;&gt;</a>&nbsp;&nbsp;&nbsp;__aeabi_llsl
</UL>
<BR>[Called By]<UL><LI><a href="#[63]">&gt;&gt;</a>&nbsp;&nbsp;&nbsp;__aeabi_i2d
<LI><a href="#[61]">&gt;&gt;</a>&nbsp;&nbsp;&nbsp;__aeabi_dmul
<LI><a href="#[5b]">&gt;&gt;</a>&nbsp;&nbsp;&nbsp;__aeabi_dadd
<LI><a href="#[64]">&gt;&gt;</a>&nbsp;&nbsp;&nbsp;__aeabi_ui2d
</UL>

<P><STRONG><a name="[67]"></a>_dsqrt</STRONG> (Thumb, 162 bytes, Stack size 32 bytes, dsqrt.o(.text))
<BR><BR>[Stack]<UL><LI>Max Depth = 40<LI>Call Chain = _dsqrt &rArr; _double_round
</UL>
<BR>[Calls]<UL><LI><a href="#[5e]">&gt;&gt;</a>&nbsp;&nbsp;&nbsp;_double_round
<LI><a href="#[56]">&gt;&gt;</a>&nbsp;&nbsp;&nbsp;__aeabi_llsr
</UL>
<BR>[Called By]<UL><LI><a href="#[1ba]">&gt;&gt;</a>&nbsp;&nbsp;&nbsp;__hardfp_sqrt
</UL>

<P><STRONG><a name="[68]"></a>_drnd</STRONG> (Thumb, 132 bytes, Stack size 24 bytes, drnd.o(.text))
<BR><BR>[Stack]<UL><LI>Max Depth = 32<LI>Call Chain = _drnd &rArr; _double_round
</UL>
<BR>[Calls]<UL><LI><a href="#[5e]">&gt;&gt;</a>&nbsp;&nbsp;&nbsp;_double_round
<LI><a href="#[56]">&gt;&gt;</a>&nbsp;&nbsp;&nbsp;__aeabi_llsr
<LI><a href="#[57]">&gt;&gt;</a>&nbsp;&nbsp;&nbsp;__aeabi_llsl
</UL>
<BR>[Called By]<UL><LI><a href="#[1a9]">&gt;&gt;</a>&nbsp;&nbsp;&nbsp;__hardfp_round
</UL>

<P><STRONG><a name="[53]"></a>__scatterload</STRONG> (Thumb, 28 bytes, Stack size 0 bytes, init.o(.text))
<BR><BR>[Calls]<UL><LI><a href="#[69]">&gt;&gt;</a>&nbsp;&nbsp;&nbsp;__main_after_scatterload
</UL>
<BR>[Called By]<UL><LI><a href="#[52]">&gt;&gt;</a>&nbsp;&nbsp;&nbsp;_main_scatterload
</UL>

<P><STRONG><a name="[330]"></a>__scatterload_rt2</STRONG> (Thumb, 0 bytes, Stack size 0 bytes, init.o(.text), UNUSED)

<P><STRONG><a name="[331]"></a>__I$use$semihosting$fputc</STRONG> (Thumb, 0 bytes, Stack size unknown bytes, iusesemip.o(.text), UNUSED)

<P><STRONG><a name="[332]"></a>__decompress</STRONG> (Thumb, 0 bytes, Stack size unknown bytes, __dczerorl2.o(.text), UNUSED)

<P><STRONG><a name="[333]"></a>__decompress1</STRONG> (Thumb, 86 bytes, Stack size unknown bytes, __dczerorl2.o(.text), UNUSED)

<P><STRONG><a name="[334]"></a>__semihosting_library_function</STRONG> (Thumb, 0 bytes, Stack size unknown bytes, semi.o(.text), UNUSED)

<P><STRONG><a name="[6a]"></a>AC_RealMap_AddPoint</STRONG> (Thumb, 132 bytes, Stack size 16 bytes, sysinitialize.o(i.AC_RealMap_AddPoint))
<BR><BR>[Stack]<UL><LI>Max Depth = 232<LI>Call Chain = AC_RealMap_AddPoint &rArr; usprintf &rArr; print &rArr; printi &rArr; prints &rArr; printchar &rArr; putchar &rArr; fputc
</UL>
<BR>[Calls]<UL><LI><a href="#[6b]">&gt;&gt;</a>&nbsp;&nbsp;&nbsp;usprintf
<LI><a href="#[6c]">&gt;&gt;</a>&nbsp;&nbsp;&nbsp;ups3
</UL>
<BR>[Called By]<UL><LI><a href="#[12c]">&gt;&gt;</a>&nbsp;&nbsp;&nbsp;CM_UpdatePosition
<LI><a href="#[129]">&gt;&gt;</a>&nbsp;&nbsp;&nbsp;Map_SetCell
</UL>

<P><STRONG><a name="[2ac]"></a>AC_RealMap_GetCnt</STRONG> (Thumb, 6 bytes, Stack size 0 bytes, sysinitialize.o(i.AC_RealMap_GetCnt))
<BR><BR>[Called By]<UL><LI><a href="#[23f]">&gt;&gt;</a>&nbsp;&nbsp;&nbsp;Wifi_Report_Map
</UL>

<P><STRONG><a name="[6d]"></a>AC_RealMap_ReadPoint</STRONG> (Thumb, 104 bytes, Stack size 8 bytes, sysinitialize.o(i.AC_RealMap_ReadPoint))
<BR><BR>[Stack]<UL><LI>Max Depth = 224<LI>Call Chain = AC_RealMap_ReadPoint &rArr; usprintf &rArr; print &rArr; printi &rArr; prints &rArr; printchar &rArr; putchar &rArr; fputc
</UL>
<BR>[Calls]<UL><LI><a href="#[6b]">&gt;&gt;</a>&nbsp;&nbsp;&nbsp;usprintf
<LI><a href="#[6c]">&gt;&gt;</a>&nbsp;&nbsp;&nbsp;ups3
</UL>
<BR>[Called By]<UL><LI><a href="#[23f]">&gt;&gt;</a>&nbsp;&nbsp;&nbsp;Wifi_Report_Map
</UL>

<P><STRONG><a name="[1ab]"></a>AC_Reset_RealMap</STRONG> (Thumb, 68 bytes, Stack size 0 bytes, sysinitialize.o(i.AC_Reset_RealMap))
<BR><BR>[Called By]<UL><LI><a href="#[d9]">&gt;&gt;</a>&nbsp;&nbsp;&nbsp;Map_Initialize
</UL>

<P><STRONG><a name="[e5]"></a>AC_SetFlag</STRONG> (Thumb, 6 bytes, Stack size 0 bytes, sysinitialize.o(i.AC_SetFlag))
<BR><BR>[Called By]<UL><LI><a href="#[23f]">&gt;&gt;</a>&nbsp;&nbsp;&nbsp;Wifi_Report_Map
<LI><a href="#[d9]">&gt;&gt;</a>&nbsp;&nbsp;&nbsp;Map_Initialize
<LI><a href="#[d4]">&gt;&gt;</a>&nbsp;&nbsp;&nbsp;CM_MapTouring
</UL>

<P><STRONG><a name="[22c]"></a>ADC_Configuration</STRONG> (Thumb, 272 bytes, Stack size 0 bytes, sysinitialize.o(i.ADC_Configuration))
<BR><BR>[Called By]<UL><LI><a href="#[220]">&gt;&gt;</a>&nbsp;&nbsp;&nbsp;SystemInitialize
</UL>

<P><STRONG><a name="[70]"></a>ActList_Add</STRONG> (Thumb, 92 bytes, Stack size 12 bytes, wheel.o(i.ActList_Add))
<BR><BR>[Stack]<UL><LI>Max Depth = 12<LI>Call Chain = ActList_Add
</UL>
<BR>[Called By]<UL><LI><a href="#[24f]">&gt;&gt;</a>&nbsp;&nbsp;&nbsp;Wall_Follow_Mode
<LI><a href="#[1fc]">&gt;&gt;</a>&nbsp;&nbsp;&nbsp;Remote_Mode
<LI><a href="#[18a]">&gt;&gt;</a>&nbsp;&nbsp;&nbsp;HomeStraight_Mode
<LI><a href="#[82]">&gt;&gt;</a>&nbsp;&nbsp;&nbsp;ActList_WallStraightAndForward
<LI><a href="#[81]">&gt;&gt;</a>&nbsp;&nbsp;&nbsp;ActList_WallOffEdgeStop
<LI><a href="#[74]">&gt;&gt;</a>&nbsp;&nbsp;&nbsp;ActList_DecelerateToStop
<LI><a href="#[139]">&gt;&gt;</a>&nbsp;&nbsp;&nbsp;CM_WallFollowByCnt
<LI><a href="#[103]">&gt;&gt;</a>&nbsp;&nbsp;&nbsp;CM_MoveToPosition
<LI><a href="#[6e]">&gt;&gt;</a>&nbsp;&nbsp;&nbsp;ActList_Add_HeadingToTarget
<LI><a href="#[a7]">&gt;&gt;</a>&nbsp;&nbsp;&nbsp;CM_AbnormalHandler
<LI><a href="#[71]">&gt;&gt;</a>&nbsp;&nbsp;&nbsp;ActList_BackToStop
</UL>

<P><STRONG><a name="[6e]"></a>ActList_Add_HeadingToTarget</STRONG> (Thumb, 24 bytes, Stack size 16 bytes, cormove.o(i.ActList_Add_HeadingToTarget))
<BR><BR>[Stack]<UL><LI>Max Depth = 28<LI>Call Chain = ActList_Add_HeadingToTarget &rArr; ActList_Add
</UL>
<BR>[Calls]<UL><LI><a href="#[70]">&gt;&gt;</a>&nbsp;&nbsp;&nbsp;ActList_Add
<LI><a href="#[6f]">&gt;&gt;</a>&nbsp;&nbsp;&nbsp;CM_StoreCurrentTargetCnt
</UL>
<BR>[Called By]<UL><LI><a href="#[103]">&gt;&gt;</a>&nbsp;&nbsp;&nbsp;CM_MoveToPosition
</UL>

<P><STRONG><a name="[71]"></a>ActList_BackToStop</STRONG> (Thumb, 40 bytes, Stack size 8 bytes, wheel.o(i.ActList_BackToStop))
<BR><BR>[Stack]<UL><LI>Max Depth = 20<LI>Call Chain = ActList_BackToStop &rArr; ActList_Add
</UL>
<BR>[Calls]<UL><LI><a href="#[72]">&gt;&gt;</a>&nbsp;&nbsp;&nbsp;ActList_Clear
<LI><a href="#[70]">&gt;&gt;</a>&nbsp;&nbsp;&nbsp;ActList_Add
<LI><a href="#[73]">&gt;&gt;</a>&nbsp;&nbsp;&nbsp;Action_SetMove
</UL>
<BR>[Called By]<UL><LI><a href="#[24f]">&gt;&gt;</a>&nbsp;&nbsp;&nbsp;Wall_Follow_Mode
<LI><a href="#[139]">&gt;&gt;</a>&nbsp;&nbsp;&nbsp;CM_WallFollowByCnt
<LI><a href="#[103]">&gt;&gt;</a>&nbsp;&nbsp;&nbsp;CM_MoveToPosition
</UL>

<P><STRONG><a name="[72]"></a>ActList_Clear</STRONG> (Thumb, 16 bytes, Stack size 0 bytes, wheel.o(i.ActList_Clear))
<BR><BR>[Called By]<UL><LI><a href="#[80]">&gt;&gt;</a>&nbsp;&nbsp;&nbsp;Wheel_Stop
<LI><a href="#[24f]">&gt;&gt;</a>&nbsp;&nbsp;&nbsp;Wall_Follow_Mode
<LI><a href="#[1fc]">&gt;&gt;</a>&nbsp;&nbsp;&nbsp;Remote_Mode
<LI><a href="#[1c0]">&gt;&gt;</a>&nbsp;&nbsp;&nbsp;Motor_DisableAll
<LI><a href="#[18a]">&gt;&gt;</a>&nbsp;&nbsp;&nbsp;HomeStraight_Mode
<LI><a href="#[93]">&gt;&gt;</a>&nbsp;&nbsp;&nbsp;Action_Stop
<LI><a href="#[81]">&gt;&gt;</a>&nbsp;&nbsp;&nbsp;ActList_WallOffEdgeStop
<LI><a href="#[74]">&gt;&gt;</a>&nbsp;&nbsp;&nbsp;ActList_DecelerateToStop
<LI><a href="#[139]">&gt;&gt;</a>&nbsp;&nbsp;&nbsp;CM_WallFollowByCnt
<LI><a href="#[103]">&gt;&gt;</a>&nbsp;&nbsp;&nbsp;CM_MoveToPosition
<LI><a href="#[a7]">&gt;&gt;</a>&nbsp;&nbsp;&nbsp;CM_AbnormalHandler
<LI><a href="#[71]">&gt;&gt;</a>&nbsp;&nbsp;&nbsp;ActList_BackToStop
</UL>

<P><STRONG><a name="[74]"></a>ActList_DecelerateToStop</STRONG> (Thumb, 38 bytes, Stack size 4 bytes, wheel.o(i.ActList_DecelerateToStop))
<BR><BR>[Stack]<UL><LI>Max Depth = 16<LI>Call Chain = ActList_DecelerateToStop &rArr; ActList_Add
</UL>
<BR>[Calls]<UL><LI><a href="#[72]">&gt;&gt;</a>&nbsp;&nbsp;&nbsp;ActList_Clear
<LI><a href="#[70]">&gt;&gt;</a>&nbsp;&nbsp;&nbsp;ActList_Add
<LI><a href="#[73]">&gt;&gt;</a>&nbsp;&nbsp;&nbsp;Action_SetMove
</UL>
<BR>[Called By]<UL><LI><a href="#[139]">&gt;&gt;</a>&nbsp;&nbsp;&nbsp;CM_WallFollowByCnt
<LI><a href="#[103]">&gt;&gt;</a>&nbsp;&nbsp;&nbsp;CM_MoveToPosition
</UL>

<P><STRONG><a name="[141]"></a>ActList_GetCnt</STRONG> (Thumb, 6 bytes, Stack size 0 bytes, wheel.o(i.ActList_GetCnt))
<BR><BR>[Called By]<UL><LI><a href="#[18a]">&gt;&gt;</a>&nbsp;&nbsp;&nbsp;HomeStraight_Mode
<LI><a href="#[139]">&gt;&gt;</a>&nbsp;&nbsp;&nbsp;CM_WallFollowByCnt
</UL>

<P><STRONG><a name="[76]"></a>ActList_GetNext</STRONG> (Thumb, 110 bytes, Stack size 16 bytes, wheel.o(i.ActList_GetNext))
<BR><BR>[Stack]<UL><LI>Max Depth = 16<LI>Call Chain = ActList_GetNext
</UL>
<BR>[Called By]<UL><LI><a href="#[75]">&gt;&gt;</a>&nbsp;&nbsp;&nbsp;ActList_Switch
</UL>

<P><STRONG><a name="[75]"></a>ActList_Switch</STRONG> (Thumb, 496 bytes, Stack size 24 bytes, wheel.o(i.ActList_Switch))
<BR><BR>[Stack]<UL><LI>Max Depth = 384<LI>Call Chain = ActList_Switch &rArr; Action_Head2Cource &rArr; CM_HeadToTarget &rArr; CM_HeadToCourse &rArr; usprintf &rArr; print &rArr; printi &rArr; prints &rArr; printchar &rArr; putchar &rArr; fputc
</UL>
<BR>[Calls]<UL><LI><a href="#[80]">&gt;&gt;</a>&nbsp;&nbsp;&nbsp;Wheel_Stop
<LI><a href="#[7a]">&gt;&gt;</a>&nbsp;&nbsp;&nbsp;Wheel_GetRightTargetSpeed
<LI><a href="#[7b]">&gt;&gt;</a>&nbsp;&nbsp;&nbsp;Wheel_GetLeftTargetSpeed
<LI><a href="#[78]">&gt;&gt;</a>&nbsp;&nbsp;&nbsp;Wheel_SetLeftSpeed
<LI><a href="#[77]">&gt;&gt;</a>&nbsp;&nbsp;&nbsp;Action_MoveForward
<LI><a href="#[79]">&gt;&gt;</a>&nbsp;&nbsp;&nbsp;Wheel_SetRightSpeed
<LI><a href="#[7c]">&gt;&gt;</a>&nbsp;&nbsp;&nbsp;Action_Turn
<LI><a href="#[7d]">&gt;&gt;</a>&nbsp;&nbsp;&nbsp;Action_MoveBack
<LI><a href="#[7e]">&gt;&gt;</a>&nbsp;&nbsp;&nbsp;Action_Head2Cource
<LI><a href="#[7f]">&gt;&gt;</a>&nbsp;&nbsp;&nbsp;Action_Deceleration
<LI><a href="#[76]">&gt;&gt;</a>&nbsp;&nbsp;&nbsp;ActList_GetNext
</UL>
<BR>[Called By]<UL><LI><a href="#[24f]">&gt;&gt;</a>&nbsp;&nbsp;&nbsp;Wall_Follow_Mode
<LI><a href="#[1fc]">&gt;&gt;</a>&nbsp;&nbsp;&nbsp;Remote_Mode
<LI><a href="#[18a]">&gt;&gt;</a>&nbsp;&nbsp;&nbsp;HomeStraight_Mode
<LI><a href="#[250]">&gt;&gt;</a>&nbsp;&nbsp;&nbsp;Test_GyroFunction
<LI><a href="#[139]">&gt;&gt;</a>&nbsp;&nbsp;&nbsp;CM_WallFollowByCnt
<LI><a href="#[103]">&gt;&gt;</a>&nbsp;&nbsp;&nbsp;CM_MoveToPosition
<LI><a href="#[a7]">&gt;&gt;</a>&nbsp;&nbsp;&nbsp;CM_AbnormalHandler
</UL>

<P><STRONG><a name="[81]"></a>ActList_WallOffEdgeStop</STRONG> (Thumb, 40 bytes, Stack size 8 bytes, wheel.o(i.ActList_WallOffEdgeStop))
<BR><BR>[Stack]<UL><LI>Max Depth = 20<LI>Call Chain = ActList_WallOffEdgeStop &rArr; ActList_Add
</UL>
<BR>[Calls]<UL><LI><a href="#[72]">&gt;&gt;</a>&nbsp;&nbsp;&nbsp;ActList_Clear
<LI><a href="#[70]">&gt;&gt;</a>&nbsp;&nbsp;&nbsp;ActList_Add
<LI><a href="#[73]">&gt;&gt;</a>&nbsp;&nbsp;&nbsp;Action_SetMove
</UL>
<BR>[Called By]<UL><LI><a href="#[139]">&gt;&gt;</a>&nbsp;&nbsp;&nbsp;CM_WallFollowByCnt
</UL>

<P><STRONG><a name="[82]"></a>ActList_WallStraightAndForward</STRONG> (Thumb, 52 bytes, Stack size 12 bytes, wheel.o(i.ActList_WallStraightAndForward))
<BR><BR>[Stack]<UL><LI>Max Depth = 24<LI>Call Chain = ActList_WallStraightAndForward &rArr; ActList_Add
</UL>
<BR>[Calls]<UL><LI><a href="#[70]">&gt;&gt;</a>&nbsp;&nbsp;&nbsp;ActList_Add
<LI><a href="#[73]">&gt;&gt;</a>&nbsp;&nbsp;&nbsp;Action_SetMove
</UL>
<BR>[Called By]<UL><LI><a href="#[139]">&gt;&gt;</a>&nbsp;&nbsp;&nbsp;CM_WallFollowByCnt
</UL>

<P><STRONG><a name="[7f]"></a>Action_Deceleration</STRONG> (Thumb, 28 bytes, Stack size 4 bytes, wheel.o(i.Action_Deceleration))
<BR><BR>[Stack]<UL><LI>Max Depth = 8<LI>Call Chain = Action_Deceleration &rArr; Wheel_SetTargetSpeed
</UL>
<BR>[Calls]<UL><LI><a href="#[83]">&gt;&gt;</a>&nbsp;&nbsp;&nbsp;Wheel_SetTargetSpeed
<LI><a href="#[84]">&gt;&gt;</a>&nbsp;&nbsp;&nbsp;Wheel_ResetStep
<LI><a href="#[73]">&gt;&gt;</a>&nbsp;&nbsp;&nbsp;Action_SetMove
<LI><a href="#[85]">&gt;&gt;</a>&nbsp;&nbsp;&nbsp;TurnSlip_SetCheckState
</UL>
<BR>[Called By]<UL><LI><a href="#[75]">&gt;&gt;</a>&nbsp;&nbsp;&nbsp;ActList_Switch
</UL>

<P><STRONG><a name="[b1]"></a>Action_GetMove</STRONG> (Thumb, 6 bytes, Stack size 0 bytes, wheel.o(i.Action_GetMove))
<BR><BR>[Called By]<UL><LI><a href="#[23c]">&gt;&gt;</a>&nbsp;&nbsp;&nbsp;Wheel_SpeedAccelerationProcess
<LI><a href="#[24f]">&gt;&gt;</a>&nbsp;&nbsp;&nbsp;Wall_Follow_Mode
<LI><a href="#[1fc]">&gt;&gt;</a>&nbsp;&nbsp;&nbsp;Remote_Mode
<LI><a href="#[18a]">&gt;&gt;</a>&nbsp;&nbsp;&nbsp;HomeStraight_Mode
<LI><a href="#[250]">&gt;&gt;</a>&nbsp;&nbsp;&nbsp;Test_GyroFunction
<LI><a href="#[139]">&gt;&gt;</a>&nbsp;&nbsp;&nbsp;CM_WallFollowByCnt
<LI><a href="#[103]">&gt;&gt;</a>&nbsp;&nbsp;&nbsp;CM_MoveToPosition
<LI><a href="#[a7]">&gt;&gt;</a>&nbsp;&nbsp;&nbsp;CM_AbnormalHandler
</UL>

<P><STRONG><a name="[7e]"></a>Action_Head2Cource</STRONG> (Thumb, 38 bytes, Stack size 16 bytes, wheel.o(i.Action_Head2Cource))
<BR><BR>[Stack]<UL><LI>Max Depth = 360<LI>Call Chain = Action_Head2Cource &rArr; CM_HeadToTarget &rArr; CM_HeadToCourse &rArr; usprintf &rArr; print &rArr; printi &rArr; prints &rArr; printchar &rArr; putchar &rArr; fputc
</UL>
<BR>[Calls]<UL><LI><a href="#[84]">&gt;&gt;</a>&nbsp;&nbsp;&nbsp;Wheel_ResetStep
<LI><a href="#[73]">&gt;&gt;</a>&nbsp;&nbsp;&nbsp;Action_SetMove
<LI><a href="#[85]">&gt;&gt;</a>&nbsp;&nbsp;&nbsp;TurnSlip_SetCheckState
<LI><a href="#[88]">&gt;&gt;</a>&nbsp;&nbsp;&nbsp;TurnSlip_ResetSlipCnt
<LI><a href="#[87]">&gt;&gt;</a>&nbsp;&nbsp;&nbsp;CM_HeadToTarget
<LI><a href="#[86]">&gt;&gt;</a>&nbsp;&nbsp;&nbsp;CM_GetCurrentTargetCnt
</UL>
<BR>[Called By]<UL><LI><a href="#[75]">&gt;&gt;</a>&nbsp;&nbsp;&nbsp;ActList_Switch
</UL>

<P><STRONG><a name="[7d]"></a>Action_MoveBack</STRONG> (Thumb, 72 bytes, Stack size 24 bytes, wheel.o(i.Action_MoveBack))
<BR><BR>[Stack]<UL><LI>Max Depth = 32<LI>Call Chain = Action_MoveBack &rArr; Wheel_SetDir &rArr; Wheel_SetLeftDir
</UL>
<BR>[Calls]<UL><LI><a href="#[83]">&gt;&gt;</a>&nbsp;&nbsp;&nbsp;Wheel_SetTargetSpeed
<LI><a href="#[84]">&gt;&gt;</a>&nbsp;&nbsp;&nbsp;Wheel_ResetStep
<LI><a href="#[73]">&gt;&gt;</a>&nbsp;&nbsp;&nbsp;Action_SetMove
<LI><a href="#[8c]">&gt;&gt;</a>&nbsp;&nbsp;&nbsp;Wheel_SetDir
<LI><a href="#[85]">&gt;&gt;</a>&nbsp;&nbsp;&nbsp;TurnSlip_SetCheckState
<LI><a href="#[8d]">&gt;&gt;</a>&nbsp;&nbsp;&nbsp;Motor_SetCheckState
<LI><a href="#[8b]">&gt;&gt;</a>&nbsp;&nbsp;&nbsp;Wheel_SetSpeed
<LI><a href="#[89]">&gt;&gt;</a>&nbsp;&nbsp;&nbsp;Wheel_SetRightTargetStep
<LI><a href="#[8a]">&gt;&gt;</a>&nbsp;&nbsp;&nbsp;Wheel_SetLeftTargetStep
</UL>
<BR>[Called By]<UL><LI><a href="#[75]">&gt;&gt;</a>&nbsp;&nbsp;&nbsp;ActList_Switch
</UL>

<P><STRONG><a name="[77]"></a>Action_MoveForward</STRONG> (Thumb, 60 bytes, Stack size 24 bytes, wheel.o(i.Action_MoveForward))
<BR><BR>[Stack]<UL><LI>Max Depth = 32<LI>Call Chain = Action_MoveForward &rArr; Wheel_SetDir &rArr; Wheel_SetLeftDir
</UL>
<BR>[Calls]<UL><LI><a href="#[8e]">&gt;&gt;</a>&nbsp;&nbsp;&nbsp;Wheel_SetTargetStep
<LI><a href="#[83]">&gt;&gt;</a>&nbsp;&nbsp;&nbsp;Wheel_SetTargetSpeed
<LI><a href="#[84]">&gt;&gt;</a>&nbsp;&nbsp;&nbsp;Wheel_ResetStep
<LI><a href="#[73]">&gt;&gt;</a>&nbsp;&nbsp;&nbsp;Action_SetMove
<LI><a href="#[8c]">&gt;&gt;</a>&nbsp;&nbsp;&nbsp;Wheel_SetDir
<LI><a href="#[85]">&gt;&gt;</a>&nbsp;&nbsp;&nbsp;TurnSlip_SetCheckState
<LI><a href="#[8d]">&gt;&gt;</a>&nbsp;&nbsp;&nbsp;Motor_SetCheckState
</UL>
<BR>[Called By]<UL><LI><a href="#[24f]">&gt;&gt;</a>&nbsp;&nbsp;&nbsp;Wall_Follow_Mode
<LI><a href="#[18a]">&gt;&gt;</a>&nbsp;&nbsp;&nbsp;HomeStraight_Mode
<LI><a href="#[75]">&gt;&gt;</a>&nbsp;&nbsp;&nbsp;ActList_Switch
</UL>

<P><STRONG><a name="[8f]"></a>Action_MoveToPoint</STRONG> (Thumb, 74 bytes, Stack size 24 bytes, wheel.o(i.Action_MoveToPoint))
<BR><BR>[Stack]<UL><LI>Max Depth = 36<LI>Call Chain = Action_MoveToPoint &rArr; Path_SetCurrentTargetPoint
</UL>
<BR>[Calls]<UL><LI><a href="#[83]">&gt;&gt;</a>&nbsp;&nbsp;&nbsp;Wheel_SetTargetSpeed
<LI><a href="#[84]">&gt;&gt;</a>&nbsp;&nbsp;&nbsp;Wheel_ResetStep
<LI><a href="#[73]">&gt;&gt;</a>&nbsp;&nbsp;&nbsp;Action_SetMove
<LI><a href="#[8c]">&gt;&gt;</a>&nbsp;&nbsp;&nbsp;Wheel_SetDir
<LI><a href="#[85]">&gt;&gt;</a>&nbsp;&nbsp;&nbsp;TurnSlip_SetCheckState
<LI><a href="#[8d]">&gt;&gt;</a>&nbsp;&nbsp;&nbsp;Motor_SetCheckState
<LI><a href="#[92]">&gt;&gt;</a>&nbsp;&nbsp;&nbsp;Wall_SetDynamicState
<LI><a href="#[90]">&gt;&gt;</a>&nbsp;&nbsp;&nbsp;Path_SetCurrentTargetPoint
<LI><a href="#[89]">&gt;&gt;</a>&nbsp;&nbsp;&nbsp;Wheel_SetRightTargetStep
<LI><a href="#[8a]">&gt;&gt;</a>&nbsp;&nbsp;&nbsp;Wheel_SetLeftTargetStep
<LI><a href="#[91]">&gt;&gt;</a>&nbsp;&nbsp;&nbsp;OBS_SetDynamicState
</UL>
<BR>[Called By]<UL><LI><a href="#[103]">&gt;&gt;</a>&nbsp;&nbsp;&nbsp;CM_MoveToPosition
</UL>

<P><STRONG><a name="[73]"></a>Action_SetMove</STRONG> (Thumb, 6 bytes, Stack size 0 bytes, wheel.o(i.Action_SetMove))
<BR><BR>[Called By]<UL><LI><a href="#[96]">&gt;&gt;</a>&nbsp;&nbsp;&nbsp;Action_WaitForMoveEnded
<LI><a href="#[80]">&gt;&gt;</a>&nbsp;&nbsp;&nbsp;Wheel_Stop
<LI><a href="#[24f]">&gt;&gt;</a>&nbsp;&nbsp;&nbsp;Wall_Follow_Mode
<LI><a href="#[1fc]">&gt;&gt;</a>&nbsp;&nbsp;&nbsp;Remote_Mode
<LI><a href="#[18a]">&gt;&gt;</a>&nbsp;&nbsp;&nbsp;HomeStraight_Mode
<LI><a href="#[93]">&gt;&gt;</a>&nbsp;&nbsp;&nbsp;Action_Stop
<LI><a href="#[250]">&gt;&gt;</a>&nbsp;&nbsp;&nbsp;Test_GyroFunction
<LI><a href="#[8f]">&gt;&gt;</a>&nbsp;&nbsp;&nbsp;Action_MoveToPoint
<LI><a href="#[82]">&gt;&gt;</a>&nbsp;&nbsp;&nbsp;ActList_WallStraightAndForward
<LI><a href="#[81]">&gt;&gt;</a>&nbsp;&nbsp;&nbsp;ActList_WallOffEdgeStop
<LI><a href="#[74]">&gt;&gt;</a>&nbsp;&nbsp;&nbsp;ActList_DecelerateToStop
<LI><a href="#[139]">&gt;&gt;</a>&nbsp;&nbsp;&nbsp;CM_WallFollowByCnt
<LI><a href="#[c6]">&gt;&gt;</a>&nbsp;&nbsp;&nbsp;CM_Move_Turn
<LI><a href="#[d8]">&gt;&gt;</a>&nbsp;&nbsp;&nbsp;CM_Move_Back
<LI><a href="#[103]">&gt;&gt;</a>&nbsp;&nbsp;&nbsp;CM_MoveToPosition
<LI><a href="#[a7]">&gt;&gt;</a>&nbsp;&nbsp;&nbsp;CM_AbnormalHandler
<LI><a href="#[77]">&gt;&gt;</a>&nbsp;&nbsp;&nbsp;Action_MoveForward
<LI><a href="#[71]">&gt;&gt;</a>&nbsp;&nbsp;&nbsp;ActList_BackToStop
<LI><a href="#[7c]">&gt;&gt;</a>&nbsp;&nbsp;&nbsp;Action_Turn
<LI><a href="#[7d]">&gt;&gt;</a>&nbsp;&nbsp;&nbsp;Action_MoveBack
<LI><a href="#[7e]">&gt;&gt;</a>&nbsp;&nbsp;&nbsp;Action_Head2Cource
<LI><a href="#[7f]">&gt;&gt;</a>&nbsp;&nbsp;&nbsp;Action_Deceleration
</UL>

<P><STRONG><a name="[93]"></a>Action_Stop</STRONG> (Thumb, 28 bytes, Stack size 8 bytes, wheel.o(i.Action_Stop))
<BR><BR>[Stack]<UL><LI>Max Depth = 64<LI>Call Chain = Action_Stop &rArr; vTaskDelay &rArr; xTaskResumeAll &rArr; xTaskIncrementTick
</UL>
<BR>[Calls]<UL><LI><a href="#[72]">&gt;&gt;</a>&nbsp;&nbsp;&nbsp;ActList_Clear
<LI><a href="#[94]">&gt;&gt;</a>&nbsp;&nbsp;&nbsp;vTaskDelay
<LI><a href="#[80]">&gt;&gt;</a>&nbsp;&nbsp;&nbsp;Wheel_Stop
<LI><a href="#[84]">&gt;&gt;</a>&nbsp;&nbsp;&nbsp;Wheel_ResetStep
<LI><a href="#[73]">&gt;&gt;</a>&nbsp;&nbsp;&nbsp;Action_SetMove
</UL>
<BR>[Called By]<UL><LI><a href="#[250]">&gt;&gt;</a>&nbsp;&nbsp;&nbsp;Test_GyroFunction
<LI><a href="#[103]">&gt;&gt;</a>&nbsp;&nbsp;&nbsp;CM_MoveToPosition
</UL>

<P><STRONG><a name="[7c]"></a>Action_Turn</STRONG> (Thumb, 110 bytes, Stack size 24 bytes, wheel.o(i.Action_Turn))
<BR><BR>[Stack]<UL><LI>Max Depth = 32<LI>Call Chain = Action_Turn &rArr; Wheel_SetDir &rArr; Wheel_SetLeftDir
</UL>
<BR>[Calls]<UL><LI><a href="#[83]">&gt;&gt;</a>&nbsp;&nbsp;&nbsp;Wheel_SetTargetSpeed
<LI><a href="#[84]">&gt;&gt;</a>&nbsp;&nbsp;&nbsp;Wheel_ResetStep
<LI><a href="#[73]">&gt;&gt;</a>&nbsp;&nbsp;&nbsp;Action_SetMove
<LI><a href="#[8c]">&gt;&gt;</a>&nbsp;&nbsp;&nbsp;Wheel_SetDir
<LI><a href="#[85]">&gt;&gt;</a>&nbsp;&nbsp;&nbsp;TurnSlip_SetCheckState
<LI><a href="#[8d]">&gt;&gt;</a>&nbsp;&nbsp;&nbsp;Motor_SetCheckState
<LI><a href="#[95]">&gt;&gt;</a>&nbsp;&nbsp;&nbsp;Direction_SetLastDir
<LI><a href="#[89]">&gt;&gt;</a>&nbsp;&nbsp;&nbsp;Wheel_SetRightTargetStep
<LI><a href="#[8a]">&gt;&gt;</a>&nbsp;&nbsp;&nbsp;Wheel_SetLeftTargetStep
</UL>
<BR>[Called By]<UL><LI><a href="#[75]">&gt;&gt;</a>&nbsp;&nbsp;&nbsp;ActList_Switch
</UL>

<P><STRONG><a name="[96]"></a>Action_WaitForMoveEnded</STRONG> (Thumb, 44 bytes, Stack size 4 bytes, wheel.o(i.Action_WaitForMoveEnded))
<BR><BR>[Stack]<UL><LI>Max Depth = 4<LI>Call Chain = Action_WaitForMoveEnded
</UL>
<BR>[Calls]<UL><LI><a href="#[99]">&gt;&gt;</a>&nbsp;&nbsp;&nbsp;Wheel_GetRightStep
<LI><a href="#[97]">&gt;&gt;</a>&nbsp;&nbsp;&nbsp;Wheel_GetLeftStep
<LI><a href="#[73]">&gt;&gt;</a>&nbsp;&nbsp;&nbsp;Action_SetMove
<LI><a href="#[9a]">&gt;&gt;</a>&nbsp;&nbsp;&nbsp;Wheel_GetRightTargetStep
<LI><a href="#[98]">&gt;&gt;</a>&nbsp;&nbsp;&nbsp;Wheel_GetLeftTargetStep
</UL>
<BR>[Called By]<UL><LI><a href="#[24f]">&gt;&gt;</a>&nbsp;&nbsp;&nbsp;Wall_Follow_Mode
<LI><a href="#[1fc]">&gt;&gt;</a>&nbsp;&nbsp;&nbsp;Remote_Mode
<LI><a href="#[18a]">&gt;&gt;</a>&nbsp;&nbsp;&nbsp;HomeStraight_Mode
<LI><a href="#[139]">&gt;&gt;</a>&nbsp;&nbsp;&nbsp;CM_WallFollowByCnt
<LI><a href="#[103]">&gt;&gt;</a>&nbsp;&nbsp;&nbsp;CM_MoveToPosition
<LI><a href="#[a7]">&gt;&gt;</a>&nbsp;&nbsp;&nbsp;CM_AbnormalHandler
</UL>

<P><STRONG><a name="[9b]"></a>Adjust_Home_Path</STRONG> (Thumb, 1874 bytes, Stack size 8 bytes, homestraight.o(i.Adjust_Home_Path))
<BR><BR>[Stack]<UL><LI>Max Depth = 224<LI>Call Chain = Adjust_Home_Path &rArr; usprintf &rArr; print &rArr; printi &rArr; prints &rArr; printchar &rArr; putchar &rArr; fputc
</UL>
<BR>[Calls]<UL><LI><a href="#[9c]">&gt;&gt;</a>&nbsp;&nbsp;&nbsp;Rcon_ResetStatus
<LI><a href="#[6b]">&gt;&gt;</a>&nbsp;&nbsp;&nbsp;usprintf
<LI><a href="#[6c]">&gt;&gt;</a>&nbsp;&nbsp;&nbsp;ups3
<LI><a href="#[83]">&gt;&gt;</a>&nbsp;&nbsp;&nbsp;Wheel_SetTargetSpeed
</UL>
<BR>[Called By]<UL><LI><a href="#[18a]">&gt;&gt;</a>&nbsp;&nbsp;&nbsp;HomeStraight_Mode
</UL>

<P><STRONG><a name="[9d]"></a>Audio</STRONG> (Thumb, 188 bytes, Stack size 8 bytes, speaker.o(i.Audio))
<BR><BR>[Stack]<UL><LI>Max Depth = 8<LI>Call Chain = Audio
</UL>
<BR>[Calls]<UL><LI><a href="#[9f]">&gt;&gt;</a>&nbsp;&nbsp;&nbsp;dac_data_set
<LI><a href="#[9e]">&gt;&gt;</a>&nbsp;&nbsp;&nbsp;SPI2_ReadWriteByte
</UL>
<BR>[Called By]<UL><LI><a href="#[42]">&gt;&gt;</a>&nbsp;&nbsp;&nbsp;TIMER6_IRQHandler
</UL>

<P><STRONG><a name="[232]"></a>Battery_AddCapacity_Current</STRONG> (Thumb, 46 bytes, Stack size 0 bytes, movement.o(i.Battery_AddCapacity_Current))
<BR><BR>[Called By]<UL><LI><a href="#[27]">&gt;&gt;</a>&nbsp;&nbsp;&nbsp;TIMER1_IRQHandler
</UL>

<P><STRONG><a name="[a0]"></a>Battery_Capacity_Reset</STRONG> (Thumb, 110 bytes, Stack size 24 bytes, movement.o(i.Battery_Capacity_Reset))
<BR><BR>[Stack]<UL><LI>Max Depth = 240<LI>Call Chain = Battery_Capacity_Reset &rArr; usprintf &rArr; print &rArr; printi &rArr; prints &rArr; printchar &rArr; putchar &rArr; fputc
</UL>
<BR>[Calls]<UL><LI><a href="#[6b]">&gt;&gt;</a>&nbsp;&nbsp;&nbsp;usprintf
<LI><a href="#[6c]">&gt;&gt;</a>&nbsp;&nbsp;&nbsp;ups3
<LI><a href="#[a1]">&gt;&gt;</a>&nbsp;&nbsp;&nbsp;Battery_GetVoltage
</UL>
<BR>[Called By]<UL><LI><a href="#[4e]">&gt;&gt;</a>&nbsp;&nbsp;&nbsp;Task_MainTask
</UL>

<P><STRONG><a name="[a2]"></a>Battery_Current_Filter</STRONG> (Thumb, 328 bytes, Stack size 24 bytes, movement.o(i.Battery_Current_Filter))
<BR><BR>[Stack]<UL><LI>Max Depth = 64<LI>Call Chain = Battery_Current_Filter &rArr; __aeabi_uldivmod
</UL>
<BR>[Calls]<UL><LI><a href="#[a3]">&gt;&gt;</a>&nbsp;&nbsp;&nbsp;System_GetCurrentBaselineAdc
<LI><a href="#[a1]">&gt;&gt;</a>&nbsp;&nbsp;&nbsp;Battery_GetVoltage
<LI><a href="#[55]">&gt;&gt;</a>&nbsp;&nbsp;&nbsp;__aeabi_uldivmod
</UL>
<BR>[Called By]<UL><LI><a href="#[4b]">&gt;&gt;</a>&nbsp;&nbsp;&nbsp;Task_ControlTask
</UL>

<P><STRONG><a name="[251]"></a>Battery_GetAdcValue</STRONG> (Thumb, 6 bytes, Stack size 0 bytes, movement.o(i.Battery_GetAdcValue))
<BR><BR>[Called By]<UL><LI><a href="#[4c]">&gt;&gt;</a>&nbsp;&nbsp;&nbsp;Task_SensorsTask
</UL>

<P><STRONG><a name="[a1]"></a>Battery_GetVoltage</STRONG> (Thumb, 6 bytes, Stack size 0 bytes, movement.o(i.Battery_GetVoltage))
<BR><BR>[Called By]<UL><LI><a href="#[a4]">&gt;&gt;</a>&nbsp;&nbsp;&nbsp;Battery_IsLow
<LI><a href="#[23e]">&gt;&gt;</a>&nbsp;&nbsp;&nbsp;UserInterFace_IsLowPower
<LI><a href="#[1c6]">&gt;&gt;</a>&nbsp;&nbsp;&nbsp;Motor_TunePower
<LI><a href="#[a2]">&gt;&gt;</a>&nbsp;&nbsp;&nbsp;Battery_Current_Filter
<LI><a href="#[156]">&gt;&gt;</a>&nbsp;&nbsp;&nbsp;Charge_Process
<LI><a href="#[24a]">&gt;&gt;</a>&nbsp;&nbsp;&nbsp;User_Interface
<LI><a href="#[a0]">&gt;&gt;</a>&nbsp;&nbsp;&nbsp;Battery_Capacity_Reset
<LI><a href="#[250]">&gt;&gt;</a>&nbsp;&nbsp;&nbsp;Test_GyroFunction
<LI><a href="#[c6]">&gt;&gt;</a>&nbsp;&nbsp;&nbsp;CM_Move_Turn
</UL>

<P><STRONG><a name="[2a3]"></a>Battery_Get_CapacityLevel</STRONG> (Thumb, 6 bytes, Stack size 0 bytes, movement.o(i.Battery_Get_CapacityLevel))
<BR><BR>[Called By]<UL><LI><a href="#[268]">&gt;&gt;</a>&nbsp;&nbsp;&nbsp;Wifi_Even_Report
<LI><a href="#[248]">&gt;&gt;</a>&nbsp;&nbsp;&nbsp;Wifi_All_Data_Init
</UL>

<P><STRONG><a name="[a4]"></a>Battery_IsLow</STRONG> (Thumb, 22 bytes, Stack size 4 bytes, movement.o(i.Battery_IsLow))
<BR><BR>[Stack]<UL><LI>Max Depth = 4<LI>Call Chain = Battery_IsLow
</UL>
<BR>[Calls]<UL><LI><a href="#[a1]">&gt;&gt;</a>&nbsp;&nbsp;&nbsp;Battery_GetVoltage
</UL>
<BR>[Called By]<UL><LI><a href="#[1fc]">&gt;&gt;</a>&nbsp;&nbsp;&nbsp;Remote_Mode
</UL>

<P><STRONG><a name="[274]"></a>Battery_SetCheckState</STRONG> (Thumb, 6 bytes, Stack size 0 bytes, movement.o(i.Battery_SetCheckState))
<BR><BR>[Called By]<UL><LI><a href="#[273]">&gt;&gt;</a>&nbsp;&nbsp;&nbsp;UserInterFace_BeginToWork
<LI><a href="#[24a]">&gt;&gt;</a>&nbsp;&nbsp;&nbsp;User_Interface
</UL>

<P><STRONG><a name="[25b]"></a>Battery_SetVoltage</STRONG> (Thumb, 6 bytes, Stack size 0 bytes, movement.o(i.Battery_SetVoltage))
<BR><BR>[Called By]<UL><LI><a href="#[4c]">&gt;&gt;</a>&nbsp;&nbsp;&nbsp;Task_SensorsTask
</UL>

<P><STRONG><a name="[ab]"></a>Brush_Main_SetPWM</STRONG> (Thumb, 6 bytes, Stack size 0 bytes, brush.o(i.Brush_Main_SetPWM))
<BR><BR>[Called By]<UL><LI><a href="#[1c6]">&gt;&gt;</a>&nbsp;&nbsp;&nbsp;Motor_TunePower
<LI><a href="#[a7]">&gt;&gt;</a>&nbsp;&nbsp;&nbsp;CM_AbnormalHandler
<LI><a href="#[1c4]">&gt;&gt;</a>&nbsp;&nbsp;&nbsp;Motor_SetState
</UL>

<P><STRONG><a name="[aa]"></a>Brush_Side_SetPWM</STRONG> (Thumb, 6 bytes, Stack size 0 bytes, brush.o(i.Brush_Side_SetPWM))
<BR><BR>[Called By]<UL><LI><a href="#[1c6]">&gt;&gt;</a>&nbsp;&nbsp;&nbsp;Motor_TunePower
<LI><a href="#[a7]">&gt;&gt;</a>&nbsp;&nbsp;&nbsp;CM_AbnormalHandler
<LI><a href="#[1c4]">&gt;&gt;</a>&nbsp;&nbsp;&nbsp;Motor_SetState
</UL>

<P><STRONG><a name="[a5]"></a>Bumper_CheckProcess</STRONG> (Thumb, 106 bytes, Stack size 4 bytes, movement.o(i.Bumper_CheckProcess))
<BR><BR>[Stack]<UL><LI>Max Depth = 4<LI>Call Chain = Bumper_CheckProcess
</UL>
<BR>[Calls]<UL><LI><a href="#[a6]">&gt;&gt;</a>&nbsp;&nbsp;&nbsp;Bumper_GetTrigStatus
</UL>
<BR>[Called By]<UL><LI><a href="#[4c]">&gt;&gt;</a>&nbsp;&nbsp;&nbsp;Task_SensorsTask
</UL>

<P><STRONG><a name="[267]"></a>Bumper_GetCheckState</STRONG> (Thumb, 6 bytes, Stack size 0 bytes, movement.o(i.Bumper_GetCheckState))
<BR><BR>[Called By]<UL><LI><a href="#[4c]">&gt;&gt;</a>&nbsp;&nbsp;&nbsp;Task_SensorsTask
</UL>

<P><STRONG><a name="[a6]"></a>Bumper_GetTrigStatus</STRONG> (Thumb, 52 bytes, Stack size 0 bytes, movement.o(i.Bumper_GetTrigStatus))
<BR><BR>[Called By]<UL><LI><a href="#[a5]">&gt;&gt;</a>&nbsp;&nbsp;&nbsp;Bumper_CheckProcess
<LI><a href="#[24f]">&gt;&gt;</a>&nbsp;&nbsp;&nbsp;Wall_Follow_Mode
<LI><a href="#[24a]">&gt;&gt;</a>&nbsp;&nbsp;&nbsp;User_Interface
<LI><a href="#[1fc]">&gt;&gt;</a>&nbsp;&nbsp;&nbsp;Remote_Mode
<LI><a href="#[18a]">&gt;&gt;</a>&nbsp;&nbsp;&nbsp;HomeStraight_Mode
<LI><a href="#[139]">&gt;&gt;</a>&nbsp;&nbsp;&nbsp;CM_WallFollowByCnt
<LI><a href="#[103]">&gt;&gt;</a>&nbsp;&nbsp;&nbsp;CM_MoveToPosition
<LI><a href="#[a7]">&gt;&gt;</a>&nbsp;&nbsp;&nbsp;CM_AbnormalHandler
</UL>

<P><STRONG><a name="[1c2]"></a>Bumper_ResetErrorCnt</STRONG> (Thumb, 8 bytes, Stack size 0 bytes, movement.o(i.Bumper_ResetErrorCnt))
<BR><BR>[Called By]<UL><LI><a href="#[273]">&gt;&gt;</a>&nbsp;&nbsp;&nbsp;UserInterFace_BeginToWork
<LI><a href="#[24f]">&gt;&gt;</a>&nbsp;&nbsp;&nbsp;Wall_Follow_Mode
<LI><a href="#[24a]">&gt;&gt;</a>&nbsp;&nbsp;&nbsp;User_Interface
<LI><a href="#[be]">&gt;&gt;</a>&nbsp;&nbsp;&nbsp;Motor_WorkConfigure
<LI><a href="#[18c]">&gt;&gt;</a>&nbsp;&nbsp;&nbsp;Motor_HomeConfigure
<LI><a href="#[1c5]">&gt;&gt;</a>&nbsp;&nbsp;&nbsp;Motor_SpotConfigure
</UL>

<P><STRONG><a name="[5]"></a>BusFault_Handler</STRONG> (Thumb, 4 bytes, Stack size 0 bytes, gd32f30x_it.o(i.BusFault_Handler))
<BR>[Address Reference Count : 1]<UL><LI> startup_gd32f30x_hd.o(RESET)
</UL>
<P><STRONG><a name="[a7]"></a>CM_AbnormalHandler</STRONG> (Thumb, 1664 bytes, Stack size 72 bytes, cormove.o(i.CM_AbnormalHandler))
<BR><BR>[Stack]<UL><LI>Max Depth = 456<LI>Call Chain = CM_AbnormalHandler &rArr; ActList_Switch &rArr; Action_Head2Cource &rArr; CM_HeadToTarget &rArr; CM_HeadToCourse &rArr; usprintf &rArr; print &rArr; printi &rArr; prints &rArr; printchar &rArr; putchar &rArr; fputc
</UL>
<BR>[Calls]<UL><LI><a href="#[99]">&gt;&gt;</a>&nbsp;&nbsp;&nbsp;Wheel_GetRightStep
<LI><a href="#[b2]">&gt;&gt;</a>&nbsp;&nbsp;&nbsp;Cliff_GetDetectiontProcess_Result
<LI><a href="#[96]">&gt;&gt;</a>&nbsp;&nbsp;&nbsp;Action_WaitForMoveEnded
<LI><a href="#[72]">&gt;&gt;</a>&nbsp;&nbsp;&nbsp;ActList_Clear
<LI><a href="#[70]">&gt;&gt;</a>&nbsp;&nbsp;&nbsp;ActList_Add
<LI><a href="#[a6]">&gt;&gt;</a>&nbsp;&nbsp;&nbsp;Bumper_GetTrigStatus
<LI><a href="#[bd]">&gt;&gt;</a>&nbsp;&nbsp;&nbsp;Error_GetCode
<LI><a href="#[a8]">&gt;&gt;</a>&nbsp;&nbsp;&nbsp;xTaskGetTickCount
<LI><a href="#[bb]">&gt;&gt;</a>&nbsp;&nbsp;&nbsp;vTaskDelayUntil
<LI><a href="#[6b]">&gt;&gt;</a>&nbsp;&nbsp;&nbsp;usprintf
<LI><a href="#[6c]">&gt;&gt;</a>&nbsp;&nbsp;&nbsp;ups3
<LI><a href="#[80]">&gt;&gt;</a>&nbsp;&nbsp;&nbsp;Wheel_Stop
<LI><a href="#[b4]">&gt;&gt;</a>&nbsp;&nbsp;&nbsp;Wheel_GetRightSpeed
<LI><a href="#[97]">&gt;&gt;</a>&nbsp;&nbsp;&nbsp;Wheel_GetLeftStep
<LI><a href="#[b3]">&gt;&gt;</a>&nbsp;&nbsp;&nbsp;Wheel_GetLeftSpeed
<LI><a href="#[af]">&gt;&gt;</a>&nbsp;&nbsp;&nbsp;Vacuum_ResetFailFlag
<LI><a href="#[be]">&gt;&gt;</a>&nbsp;&nbsp;&nbsp;Motor_WorkConfigure
<LI><a href="#[bc]">&gt;&gt;</a>&nbsp;&nbsp;&nbsp;Mode_GetMode
<LI><a href="#[b5]">&gt;&gt;</a>&nbsp;&nbsp;&nbsp;Error_SetCode
<LI><a href="#[73]">&gt;&gt;</a>&nbsp;&nbsp;&nbsp;Action_SetMove
<LI><a href="#[b1]">&gt;&gt;</a>&nbsp;&nbsp;&nbsp;Action_GetMove
<LI><a href="#[75]">&gt;&gt;</a>&nbsp;&nbsp;&nbsp;ActList_Switch
<LI><a href="#[ae]">&gt;&gt;</a>&nbsp;&nbsp;&nbsp;Wheel_ResetSlowCnt
<LI><a href="#[9a]">&gt;&gt;</a>&nbsp;&nbsp;&nbsp;Wheel_GetRightTargetStep
<LI><a href="#[b7]">&gt;&gt;</a>&nbsp;&nbsp;&nbsp;Wheel_GetRightCurrent
<LI><a href="#[98]">&gt;&gt;</a>&nbsp;&nbsp;&nbsp;Wheel_GetLeftTargetStep
<LI><a href="#[b6]">&gt;&gt;</a>&nbsp;&nbsp;&nbsp;Wheel_GetLeftCurrent
<LI><a href="#[a9]">&gt;&gt;</a>&nbsp;&nbsp;&nbsp;WHEEL_DISABLE
<LI><a href="#[ac]">&gt;&gt;</a>&nbsp;&nbsp;&nbsp;Vacuum_TurnOff
<LI><a href="#[ba]">&gt;&gt;</a>&nbsp;&nbsp;&nbsp;Vacuum_GetCurrent
<LI><a href="#[b8]">&gt;&gt;</a>&nbsp;&nbsp;&nbsp;Side_Brush_GetCurrent
<LI><a href="#[b0]">&gt;&gt;</a>&nbsp;&nbsp;&nbsp;Motor_SetPower
<LI><a href="#[8d]">&gt;&gt;</a>&nbsp;&nbsp;&nbsp;Motor_SetCheckState
<LI><a href="#[b9]">&gt;&gt;</a>&nbsp;&nbsp;&nbsp;Main_Brush_GetCurrent
<LI><a href="#[ad]">&gt;&gt;</a>&nbsp;&nbsp;&nbsp;Cliff_SetDetectState
<LI><a href="#[aa]">&gt;&gt;</a>&nbsp;&nbsp;&nbsp;Brush_Side_SetPWM
<LI><a href="#[ab]">&gt;&gt;</a>&nbsp;&nbsp;&nbsp;Brush_Main_SetPWM
</UL>
<BR>[Called By]<UL><LI><a href="#[24f]">&gt;&gt;</a>&nbsp;&nbsp;&nbsp;Wall_Follow_Mode
<LI><a href="#[139]">&gt;&gt;</a>&nbsp;&nbsp;&nbsp;CM_WallFollowByCnt
<LI><a href="#[103]">&gt;&gt;</a>&nbsp;&nbsp;&nbsp;CM_MoveToPosition
</UL>

<P><STRONG><a name="[bf]"></a>CM_CellOffset</STRONG> (Thumb, 46 bytes, Stack size 24 bytes, cormove.o(i.CM_CellOffset))
<BR><BR>[Stack]<UL><LI>Max Depth = 336<LI>Call Chain = CM_CellOffset &rArr; Map_GetRelativeY &rArr; __hardfp_sin &rArr; __ieee754_rem_pio2 &rArr; __aeabi_dmul &rArr; _double_epilogue &rArr; _double_round
</UL>
<BR>[Calls]<UL><LI><a href="#[c1]">&gt;&gt;</a>&nbsp;&nbsp;&nbsp;Map_GetRelativeY
<LI><a href="#[c0]">&gt;&gt;</a>&nbsp;&nbsp;&nbsp;Map_GetRelativeX
</UL>
<BR>[Called By]<UL><LI><a href="#[138]">&gt;&gt;</a>&nbsp;&nbsp;&nbsp;CM_UpdateSpotWallBlock
<LI><a href="#[12a]">&gt;&gt;</a>&nbsp;&nbsp;&nbsp;CM_UpdateMapWallBlock
<LI><a href="#[c2]">&gt;&gt;</a>&nbsp;&nbsp;&nbsp;CM_CheckMeetBoundary
</UL>

<P><STRONG><a name="[c2]"></a>CM_CheckMeetBoundary</STRONG> (Thumb, 74 bytes, Stack size 32 bytes, cormove.o(i.CM_CheckMeetBoundary))
<BR><BR>[Stack]<UL><LI>Max Depth = 368<LI>Call Chain = CM_CheckMeetBoundary &rArr; CM_CellOffset &rArr; Map_GetRelativeY &rArr; __hardfp_sin &rArr; __ieee754_rem_pio2 &rArr; __aeabi_dmul &rArr; _double_epilogue &rArr; _double_round
</UL>
<BR>[Calls]<UL><LI><a href="#[c3]">&gt;&gt;</a>&nbsp;&nbsp;&nbsp;Gyro_GetAngle
<LI><a href="#[bf]">&gt;&gt;</a>&nbsp;&nbsp;&nbsp;CM_CellOffset
<LI><a href="#[c4]">&gt;&gt;</a>&nbsp;&nbsp;&nbsp;Map_GetCell
</UL>
<BR>[Called By]<UL><LI><a href="#[139]">&gt;&gt;</a>&nbsp;&nbsp;&nbsp;CM_WallFollowByCnt
</UL>

<P><STRONG><a name="[c5]"></a>CM_Drying</STRONG> (Thumb, 28 bytes, Stack size 8 bytes, cormove.o(i.CM_Drying))
<BR><BR>[Stack]<UL><LI>Max Depth = 256<LI>Call Chain = CM_Drying &rArr; CM_Move_Turn &rArr; usprintf &rArr; print &rArr; printi &rArr; prints &rArr; printchar &rArr; putchar &rArr; fputc
</UL>
<BR>[Calls]<UL><LI><a href="#[83]">&gt;&gt;</a>&nbsp;&nbsp;&nbsp;Wheel_SetTargetSpeed
<LI><a href="#[c6]">&gt;&gt;</a>&nbsp;&nbsp;&nbsp;CM_Move_Turn
<LI><a href="#[8b]">&gt;&gt;</a>&nbsp;&nbsp;&nbsp;Wheel_SetSpeed
</UL>
<BR>[Called By]<UL><LI><a href="#[d4]">&gt;&gt;</a>&nbsp;&nbsp;&nbsp;CM_MapTouring
</UL>

<P><STRONG><a name="[ee]"></a>CM_GetBackToStartPointFlag</STRONG> (Thumb, 6 bytes, Stack size 0 bytes, cormove.o(i.CM_GetBackToStartPointFlag))
<BR><BR>[Called By]<UL><LI><a href="#[d4]">&gt;&gt;</a>&nbsp;&nbsp;&nbsp;CM_MapTouring
<LI><a href="#[139]">&gt;&gt;</a>&nbsp;&nbsp;&nbsp;CM_WallFollowByCnt
<LI><a href="#[103]">&gt;&gt;</a>&nbsp;&nbsp;&nbsp;CM_MoveToPosition
</UL>

<P><STRONG><a name="[da]"></a>CM_GetCMType</STRONG> (Thumb, 6 bytes, Stack size 0 bytes, cormove.o(i.CM_GetCMType))
<BR><BR>[Called By]<UL><LI><a href="#[d4]">&gt;&gt;</a>&nbsp;&nbsp;&nbsp;CM_MapTouring
</UL>

<P><STRONG><a name="[86]"></a>CM_GetCurrentTargetCnt</STRONG> (Thumb, 14 bytes, Stack size 0 bytes, cormove.o(i.CM_GetCurrentTargetCnt))
<BR><BR>[Called By]<UL><LI><a href="#[7e]">&gt;&gt;</a>&nbsp;&nbsp;&nbsp;Action_Head2Cource
</UL>

<P><STRONG><a name="[29c]"></a>CM_GetMobilityIgnoreFlag</STRONG> (Thumb, 6 bytes, Stack size 0 bytes, cormove.o(i.CM_GetMobilityIgnoreFlag))
<BR><BR>[Called By]<UL><LI><a href="#[24f]">&gt;&gt;</a>&nbsp;&nbsp;&nbsp;Wall_Follow_Mode
</UL>

<P><STRONG><a name="[c7]"></a>CM_HeadToCourse</STRONG> (Thumb, 550 bytes, Stack size 72 bytes, cormove.o(i.CM_HeadToCourse))
<BR><BR>[Stack]<UL><LI>Max Depth = 288<LI>Call Chain = CM_HeadToCourse &rArr; usprintf &rArr; print &rArr; printi &rArr; prints &rArr; printchar &rArr; putchar &rArr; fputc
</UL>
<BR>[Calls]<UL><LI><a href="#[6b]">&gt;&gt;</a>&nbsp;&nbsp;&nbsp;usprintf
<LI><a href="#[6c]">&gt;&gt;</a>&nbsp;&nbsp;&nbsp;ups3
<LI><a href="#[83]">&gt;&gt;</a>&nbsp;&nbsp;&nbsp;Wheel_SetTargetSpeed
<LI><a href="#[84]">&gt;&gt;</a>&nbsp;&nbsp;&nbsp;Wheel_ResetStep
<LI><a href="#[c3]">&gt;&gt;</a>&nbsp;&nbsp;&nbsp;Gyro_GetAngle
<LI><a href="#[8c]">&gt;&gt;</a>&nbsp;&nbsp;&nbsp;Wheel_SetDir
<LI><a href="#[c8]">&gt;&gt;</a>&nbsp;&nbsp;&nbsp;Gyro_GetZAcc
<LI><a href="#[c9]">&gt;&gt;</a>&nbsp;&nbsp;&nbsp;Gyro_GetYAcc
<LI><a href="#[ca]">&gt;&gt;</a>&nbsp;&nbsp;&nbsp;Gyro_GetXAcc
<LI><a href="#[95]">&gt;&gt;</a>&nbsp;&nbsp;&nbsp;Direction_SetLastDir
<LI><a href="#[cb]">&gt;&gt;</a>&nbsp;&nbsp;&nbsp;Heading_SetTargetAngle
<LI><a href="#[89]">&gt;&gt;</a>&nbsp;&nbsp;&nbsp;Wheel_SetRightTargetStep
<LI><a href="#[8a]">&gt;&gt;</a>&nbsp;&nbsp;&nbsp;Wheel_SetLeftTargetStep
</UL>
<BR>[Called By]<UL><LI><a href="#[250]">&gt;&gt;</a>&nbsp;&nbsp;&nbsp;Test_GyroFunction
<LI><a href="#[87]">&gt;&gt;</a>&nbsp;&nbsp;&nbsp;CM_HeadToTarget
</UL>

<P><STRONG><a name="[87]"></a>CM_HeadToTarget</STRONG> (Thumb, 222 bytes, Stack size 56 bytes, cormove.o(i.CM_HeadToTarget))
<BR><BR>[Stack]<UL><LI>Max Depth = 344<LI>Call Chain = CM_HeadToTarget &rArr; CM_HeadToCourse &rArr; usprintf &rArr; print &rArr; printi &rArr; prints &rArr; printchar &rArr; putchar &rArr; fputc
</UL>
<BR>[Calls]<UL><LI><a href="#[6b]">&gt;&gt;</a>&nbsp;&nbsp;&nbsp;usprintf
<LI><a href="#[6c]">&gt;&gt;</a>&nbsp;&nbsp;&nbsp;ups3
<LI><a href="#[c7]">&gt;&gt;</a>&nbsp;&nbsp;&nbsp;CM_HeadToCourse
<LI><a href="#[cd]">&gt;&gt;</a>&nbsp;&nbsp;&nbsp;Map_GetRobotCellY
<LI><a href="#[ce]">&gt;&gt;</a>&nbsp;&nbsp;&nbsp;Map_GetRobotCellX
<LI><a href="#[cc]">&gt;&gt;</a>&nbsp;&nbsp;&nbsp;Map_CountToCell
<LI><a href="#[63]">&gt;&gt;</a>&nbsp;&nbsp;&nbsp;__aeabi_i2d
<LI><a href="#[cf]">&gt;&gt;</a>&nbsp;&nbsp;&nbsp;Math_Course2Dest
</UL>
<BR>[Called By]<UL><LI><a href="#[103]">&gt;&gt;</a>&nbsp;&nbsp;&nbsp;CM_MoveToPosition
<LI><a href="#[7e]">&gt;&gt;</a>&nbsp;&nbsp;&nbsp;Action_Head2Cource
</UL>

<P><STRONG><a name="[d0]"></a>CM_IsBackCrossing</STRONG> (Thumb, 102 bytes, Stack size 24 bytes, cormove.o(i.CM_IsBackCrossing))
<BR><BR>[Stack]<UL><LI>Max Depth = 192<LI>Call Chain = CM_IsBackCrossing &rArr; Map_GetRobotCountY &rArr; __hardfp_round &rArr; __aeabi_dadd &rArr; _double_epilogue &rArr; _double_round
</UL>
<BR>[Calls]<UL><LI><a href="#[d1]">&gt;&gt;</a>&nbsp;&nbsp;&nbsp;Map_GetRobotCountY
</UL>
<BR>[Called By]<UL><LI><a href="#[139]">&gt;&gt;</a>&nbsp;&nbsp;&nbsp;CM_WallFollowByCnt
</UL>

<P><STRONG><a name="[d2]"></a>CM_IsCrossLane</STRONG> (Thumb, 130 bytes, Stack size 16 bytes, cormove.o(i.CM_IsCrossLane))
<BR><BR>[Stack]<UL><LI>Max Depth = 16<LI>Call Chain = CM_IsCrossLane
</UL>
<BR>[Calls]<UL><LI><a href="#[c3]">&gt;&gt;</a>&nbsp;&nbsp;&nbsp;Gyro_GetAngle
<LI><a href="#[d3]">&gt;&gt;</a>&nbsp;&nbsp;&nbsp;Path_GetRobotHeading4
</UL>
<BR>[Called By]<UL><LI><a href="#[139]">&gt;&gt;</a>&nbsp;&nbsp;&nbsp;CM_WallFollowByCnt
</UL>

<P><STRONG><a name="[d4]"></a>CM_MapTouring</STRONG> (Thumb, 1812 bytes, Stack size 80 bytes, cormove.o(i.CM_MapTouring))
<BR><BR>[Stack]<UL><LI>Max Depth = 784<LI>Call Chain = CM_MapTouring &rArr; CM_WallToMap &rArr; CM_WallFollowByCnt &rArr; CM_AbnormalHandler &rArr; ActList_Switch &rArr; Action_Head2Cource &rArr; CM_HeadToTarget &rArr; CM_HeadToCourse &rArr; usprintf &rArr; print &rArr; printi &rArr; prints &rArr; printchar &rArr; putchar &rArr; fputc
</UL>
<BR>[Calls]<UL><LI><a href="#[9c]">&gt;&gt;</a>&nbsp;&nbsp;&nbsp;Rcon_ResetStatus
<LI><a href="#[e1]">&gt;&gt;</a>&nbsp;&nbsp;&nbsp;Wall_GetRightAdcValue
<LI><a href="#[f0]">&gt;&gt;</a>&nbsp;&nbsp;&nbsp;Map_GetRobotCell
<LI><a href="#[a8]">&gt;&gt;</a>&nbsp;&nbsp;&nbsp;xTaskGetTickCount
<LI><a href="#[bb]">&gt;&gt;</a>&nbsp;&nbsp;&nbsp;vTaskDelayUntil
<LI><a href="#[6b]">&gt;&gt;</a>&nbsp;&nbsp;&nbsp;usprintf
<LI><a href="#[6c]">&gt;&gt;</a>&nbsp;&nbsp;&nbsp;ups3
<LI><a href="#[d7]">&gt;&gt;</a>&nbsp;&nbsp;&nbsp;osDelay
<LI><a href="#[83]">&gt;&gt;</a>&nbsp;&nbsp;&nbsp;Wheel_SetTargetSpeed
<LI><a href="#[e3]">&gt;&gt;</a>&nbsp;&nbsp;&nbsp;TargetList_Clear
<LI><a href="#[e4]">&gt;&gt;</a>&nbsp;&nbsp;&nbsp;PathPoint_ClearAllPoints
<LI><a href="#[e2]">&gt;&gt;</a>&nbsp;&nbsp;&nbsp;PathList_Clear
<LI><a href="#[ea]">&gt;&gt;</a>&nbsp;&nbsp;&nbsp;OBS_ResetTrigValue
<LI><a href="#[be]">&gt;&gt;</a>&nbsp;&nbsp;&nbsp;Motor_WorkConfigure
<LI><a href="#[e9]">&gt;&gt;</a>&nbsp;&nbsp;&nbsp;Mode_SetMode
<LI><a href="#[bc]">&gt;&gt;</a>&nbsp;&nbsp;&nbsp;Mode_GetMode
<LI><a href="#[fb]">&gt;&gt;</a>&nbsp;&nbsp;&nbsp;Math_Diff_int
<LI><a href="#[d9]">&gt;&gt;</a>&nbsp;&nbsp;&nbsp;Map_Initialize
<LI><a href="#[d5]">&gt;&gt;</a>&nbsp;&nbsp;&nbsp;ICM42688_Config
<LI><a href="#[d6]">&gt;&gt;</a>&nbsp;&nbsp;&nbsp;Gyro_Cmd
<LI><a href="#[b5]">&gt;&gt;</a>&nbsp;&nbsp;&nbsp;Error_SetCode
<LI><a href="#[ff]">&gt;&gt;</a>&nbsp;&nbsp;&nbsp;CM_MoveToMap
<LI><a href="#[f3]">&gt;&gt;</a>&nbsp;&nbsp;&nbsp;Path_SetHomeCellEmpty
<LI><a href="#[f1]">&gt;&gt;</a>&nbsp;&nbsp;&nbsp;Path_Next_V2
[...]
<LI><a href="#[bb]">&gt;&gt;</a>&nbsp;&nbsp;&nbsp;vTaskDelayUntil
<LI><a href="#[2ee]">&gt;&gt;</a>&nbsp;&nbsp;&nbsp;vPortFree
<LI><a href="#[2ed]">&gt;&gt;</a>&nbsp;&nbsp;&nbsp;pvPortMalloc
<LI><a href="#[2ef]">&gt;&gt;</a>&nbsp;&nbsp;&nbsp;prvCheckTasksWaitingTermination
</UL>
<P>
<H3>
Local Symbols
</H3>
<P><STRONG><a name="[2cd]"></a>dp_download_directioncontrol_handle</STRONG> (Thumb, 98 bytes, Stack size 24 bytes, protocol.o(i.dp_download_directioncontrol_handle))
<BR><BR>[Stack]<UL><LI>Max Depth = 80<LI>Call Chain = dp_download_directioncontrol_handle &rArr; mcu_dp_enum_update &rArr; wifi_uart_write_frame &rArr; wifi_uart_write_data &rArr; uart_transmit_output
</UL>
<BR>[Calls]<UL><LI><a href="#[2cf]">&gt;&gt;</a>&nbsp;&nbsp;&nbsp;Wifi_SetRemoteCode
<LI><a href="#[2ce]">&gt;&gt;</a>&nbsp;&nbsp;&nbsp;mcu_get_dp_download_enum
<LI><a href="#[2a6]">&gt;&gt;</a>&nbsp;&nbsp;&nbsp;mcu_dp_enum_update
</UL>
<BR>[Called By]<UL><LI><a href="#[2cc]">&gt;&gt;</a>&nbsp;&nbsp;&nbsp;dp_download_handle
</UL>

<P><STRONG><a name="[2d0]"></a>dp_download_edge_brush_handle</STRONG> (Thumb, 62 bytes, Stack size 24 bytes, protocol.o(i.dp_download_edge_brush_handle))
<BR><BR>[Stack]<UL><LI>Max Depth = 80<LI>Call Chain = dp_download_edge_brush_handle &rArr; mcu_dp_enum_update &rArr; wifi_uart_write_frame &rArr; wifi_uart_write_data &rArr; uart_transmit_output
</UL>
<BR>[Calls]<UL><LI><a href="#[2ce]">&gt;&gt;</a>&nbsp;&nbsp;&nbsp;mcu_get_dp_download_enum
<LI><a href="#[2a6]">&gt;&gt;</a>&nbsp;&nbsp;&nbsp;mcu_dp_enum_update
</UL>
<BR>[Called By]<UL><LI><a href="#[2cc]">&gt;&gt;</a>&nbsp;&nbsp;&nbsp;dp_download_handle
</UL>

<P><STRONG><a name="[2d1]"></a>dp_download_filter_handle</STRONG> (Thumb, 62 bytes, Stack size 24 bytes, protocol.o(i.dp_download_filter_handle))
<BR><BR>[Stack]<UL><LI>Max Depth = 80<LI>Call Chain = dp_download_filter_handle &rArr; mcu_dp_enum_update &rArr; wifi_uart_write_frame &rArr; wifi_uart_write_data &rArr; uart_transmit_output
</UL>
<BR>[Calls]<UL><LI><a href="#[2ce]">&gt;&gt;</a>&nbsp;&nbsp;&nbsp;mcu_get_dp_download_enum
<LI><a href="#[2a6]">&gt;&gt;</a>&nbsp;&nbsp;&nbsp;mcu_dp_enum_update
</UL>
<BR>[Called By]<UL><LI><a href="#[2cc]">&gt;&gt;</a>&nbsp;&nbsp;&nbsp;dp_download_handle
</UL>

<P><STRONG><a name="[2d7]"></a>dp_download_hypa_handle</STRONG> (Thumb, 62 bytes, Stack size 24 bytes, protocol.o(i.dp_download_hypa_handle))
<BR><BR>[Stack]<UL><LI>Max Depth = 80<LI>Call Chain = dp_download_hypa_handle &rArr; mcu_dp_enum_update &rArr; wifi_uart_write_frame &rArr; wifi_uart_write_data &rArr; uart_transmit_output
</UL>
<BR>[Calls]<UL><LI><a href="#[2ce]">&gt;&gt;</a>&nbsp;&nbsp;&nbsp;mcu_get_dp_download_enum
<LI><a href="#[2a6]">&gt;&gt;</a>&nbsp;&nbsp;&nbsp;mcu_dp_enum_update
</UL>
<BR>[Called By]<UL><LI><a href="#[2cc]">&gt;&gt;</a>&nbsp;&nbsp;&nbsp;dp_download_handle
</UL>

<P><STRONG><a name="[2d3]"></a>dp_download_mode_handle</STRONG> (Thumb, 258 bytes, Stack size 24 bytes, protocol.o(i.dp_download_mode_handle))
<BR><BR>[Stack]<UL><LI>Max Depth = 80<LI>Call Chain = dp_download_mode_handle &rArr; mcu_dp_enum_update &rArr; wifi_uart_write_frame &rArr; wifi_uart_write_data &rArr; uart_transmit_output
</UL>
<BR>[Calls]<UL><LI><a href="#[e9]">&gt;&gt;</a>&nbsp;&nbsp;&nbsp;Mode_SetMode
<LI><a href="#[bc]">&gt;&gt;</a>&nbsp;&nbsp;&nbsp;Mode_GetMode
<LI><a href="#[2a7]">&gt;&gt;</a>&nbsp;&nbsp;&nbsp;Wifi_Mode_SetMode
<LI><a href="#[2ce]">&gt;&gt;</a>&nbsp;&nbsp;&nbsp;mcu_get_dp_download_enum
<LI><a href="#[2a6]">&gt;&gt;</a>&nbsp;&nbsp;&nbsp;mcu_dp_enum_update
</UL>
<BR>[Called By]<UL><LI><a href="#[2cc]">&gt;&gt;</a>&nbsp;&nbsp;&nbsp;dp_download_handle
</UL>

<P><STRONG><a name="[2d8]"></a>dp_download_mop_handle</STRONG> (Thumb, 62 bytes, Stack size 24 bytes, protocol.o(i.dp_download_mop_handle))
<BR><BR>[Stack]<UL><LI>Max Depth = 80<LI>Call Chain = dp_download_mop_handle &rArr; mcu_dp_enum_update &rArr; wifi_uart_write_frame &rArr; wifi_uart_write_data &rArr; uart_transmit_output
</UL>
<BR>[Calls]<UL><LI><a href="#[2ce]">&gt;&gt;</a>&nbsp;&nbsp;&nbsp;mcu_get_dp_download_enum
<LI><a href="#[2a6]">&gt;&gt;</a>&nbsp;&nbsp;&nbsp;mcu_dp_enum_update
</UL>
<BR>[Called By]<UL><LI><a href="#[2cc]">&gt;&gt;</a>&nbsp;&nbsp;&nbsp;dp_download_handle
</UL>

<P><STRONG><a name="[2d5]"></a>dp_download_power_go_handle</STRONG> (Thumb, 40 bytes, Stack size 24 bytes, protocol.o(i.dp_download_power_go_handle))
<BR><BR>[Stack]<UL><LI>Max Depth = 80<LI>Call Chain = dp_download_power_go_handle &rArr; mcu_dp_bool_update &rArr; wifi_uart_write_frame &rArr; wifi_uart_write_data &rArr; uart_transmit_output
</UL>
<BR>[Calls]<UL><LI><a href="#[2da]">&gt;&gt;</a>&nbsp;&nbsp;&nbsp;mcu_get_dp_download_bool
<LI><a href="#[2bc]">&gt;&gt;</a>&nbsp;&nbsp;&nbsp;mcu_dp_bool_update
</UL>
<BR>[Called By]<UL><LI><a href="#[2cc]">&gt;&gt;</a>&nbsp;&nbsp;&nbsp;dp_download_handle
</UL>

<P><STRONG><a name="[2d2]"></a>dp_download_power_handle</STRONG> (Thumb, 40 bytes, Stack size 24 bytes, protocol.o(i.dp_download_power_handle))
<BR><BR>[Stack]<UL><LI>Max Depth = 80<LI>Call Chain = dp_download_power_handle &rArr; mcu_dp_bool_update &rArr; wifi_uart_write_frame &rArr; wifi_uart_write_data &rArr; uart_transmit_output
</UL>
<BR>[Calls]<UL><LI><a href="#[2da]">&gt;&gt;</a>&nbsp;&nbsp;&nbsp;mcu_get_dp_download_bool
<LI><a href="#[2bc]">&gt;&gt;</a>&nbsp;&nbsp;&nbsp;mcu_dp_bool_update
</UL>
<BR>[Called By]<UL><LI><a href="#[2cc]">&gt;&gt;</a>&nbsp;&nbsp;&nbsp;dp_download_handle
</UL>

<P><STRONG><a name="[2d9]"></a>dp_download_roll_brush_handle</STRONG> (Thumb, 62 bytes, Stack size 24 bytes, protocol.o(i.dp_download_roll_brush_handle))
<BR><BR>[Stack]<UL><LI>Max Depth = 80<LI>Call Chain = dp_download_roll_brush_handle &rArr; mcu_dp_enum_update &rArr; wifi_uart_write_frame &rArr; wifi_uart_write_data &rArr; uart_transmit_output
</UL>
<BR>[Calls]<UL><LI><a href="#[2ce]">&gt;&gt;</a>&nbsp;&nbsp;&nbsp;mcu_get_dp_download_enum
<LI><a href="#[2a6]">&gt;&gt;</a>&nbsp;&nbsp;&nbsp;mcu_dp_enum_update
</UL>
<BR>[Called By]<UL><LI><a href="#[2cc]">&gt;&gt;</a>&nbsp;&nbsp;&nbsp;dp_download_handle
</UL>

<P><STRONG><a name="[2d4]"></a>dp_download_suck_handle</STRONG> (Thumb, 86 bytes, Stack size 24 bytes, protocol.o(i.dp_download_suck_handle))
<BR><BR>[Stack]<UL><LI>Max Depth = 80<LI>Call Chain = dp_download_suck_handle &rArr; mcu_dp_enum_update &rArr; wifi_uart_write_frame &rArr; wifi_uart_write_data &rArr; uart_transmit_output
</UL>
<BR>[Calls]<UL><LI><a href="#[2db]">&gt;&gt;</a>&nbsp;&nbsp;&nbsp;Set_VacMode
<LI><a href="#[2ce]">&gt;&gt;</a>&nbsp;&nbsp;&nbsp;mcu_get_dp_download_enum
<LI><a href="#[2a6]">&gt;&gt;</a>&nbsp;&nbsp;&nbsp;mcu_dp_enum_update
</UL>
<BR>[Called By]<UL><LI><a href="#[2cc]">&gt;&gt;</a>&nbsp;&nbsp;&nbsp;dp_download_handle
</UL>

<P><STRONG><a name="[2d6]"></a>dp_download_volume_handle</STRONG> (Thumb, 40 bytes, Stack size 24 bytes, protocol.o(i.dp_download_volume_handle))
<BR><BR>[Stack]<UL><LI>Max Depth = 80<LI>Call Chain = dp_download_volume_handle &rArr; mcu_dp_value_update &rArr; wifi_uart_write_frame &rArr; wifi_uart_write_data &rArr; uart_transmit_output
</UL>
<BR>[Calls]<UL><LI><a href="#[2dc]">&gt;&gt;</a>&nbsp;&nbsp;&nbsp;mcu_get_dp_download_value
<LI><a href="#[2a5]">&gt;&gt;</a>&nbsp;&nbsp;&nbsp;mcu_dp_value_update
</UL>
<BR>[Called By]<UL><LI><a href="#[2cc]">&gt;&gt;</a>&nbsp;&nbsp;&nbsp;dp_download_handle
</UL>

<P><STRONG><a name="[2c5]"></a>data_point_handle</STRONG> (Thumb, 70 bytes, Stack size 32 bytes, system.o(i.data_point_handle))
<BR><BR>[Stack]<UL><LI>Max Depth = 136<LI>Call Chain = data_point_handle &rArr; dp_download_handle &rArr; dp_download_volume_handle &rArr; mcu_dp_value_update &rArr; wifi_uart_write_frame &rArr; wifi_uart_write_data &rArr; uart_transmit_output
</UL>
<BR>[Calls]<UL><LI><a href="#[2cb]">&gt;&gt;</a>&nbsp;&nbsp;&nbsp;get_dowmload_dpid_index
<LI><a href="#[2cc]">&gt;&gt;</a>&nbsp;&nbsp;&nbsp;dp_download_handle
</UL>
<BR>[Called By]<UL><LI><a href="#[2c0]">&gt;&gt;</a>&nbsp;&nbsp;&nbsp;data_handle
</UL>

<P><STRONG><a name="[2cb]"></a>get_dowmload_dpid_index</STRONG> (Thumb, 40 bytes, Stack size 16 bytes, system.o(i.get_dowmload_dpid_index))
<BR><BR>[Stack]<UL><LI>Max Depth = 16<LI>Call Chain = get_dowmload_dpid_index
</UL>
<BR>[Calls]<UL><LI><a href="#[2dd]">&gt;&gt;</a>&nbsp;&nbsp;&nbsp;get_download_cmd_total
</UL>
<BR>[Called By]<UL><LI><a href="#[2c5]">&gt;&gt;</a>&nbsp;&nbsp;&nbsp;data_point_handle
</UL>

<P><STRONG><a name="[2c3]"></a>get_mcu_wifi_mode</STRONG> (Thumb, 14 bytes, Stack size 8 bytes, system.o(i.get_mcu_wifi_mode))
<BR><BR>[Stack]<UL><LI>Max Depth = 48<LI>Call Chain = get_mcu_wifi_mode &rArr; wifi_uart_write_frame &rArr; wifi_uart_write_data &rArr; uart_transmit_output
</UL>
<BR>[Calls]<UL><LI><a href="#[2a8]">&gt;&gt;</a>&nbsp;&nbsp;&nbsp;wifi_uart_write_frame
</UL>
<BR>[Called By]<UL><LI><a href="#[2c0]">&gt;&gt;</a>&nbsp;&nbsp;&nbsp;data_handle
</UL>

<P><STRONG><a name="[2c1]"></a>heat_beat_check</STRONG> (Thumb, 48 bytes, Stack size 8 bytes, system.o(i.heat_beat_check))
<BR><BR>[Stack]<UL><LI>Max Depth = 48<LI>Call Chain = heat_beat_check &rArr; wifi_uart_write_frame &rArr; wifi_uart_write_data &rArr; uart_transmit_output
</UL>
<BR>[Calls]<UL><LI><a href="#[2a8]">&gt;&gt;</a>&nbsp;&nbsp;&nbsp;wifi_uart_write_frame
<LI><a href="#[2aa]">&gt;&gt;</a>&nbsp;&nbsp;&nbsp;set_wifi_uart_byte
</UL>
<BR>[Called By]<UL><LI><a href="#[2c0]">&gt;&gt;</a>&nbsp;&nbsp;&nbsp;data_handle
</UL>

<P><STRONG><a name="[2c2]"></a>product_info_update</STRONG> (Thumb, 154 bytes, Stack size 16 bytes, system.o(i.product_info_update))
<BR><BR>[Stack]<UL><LI>Max Depth = 60<LI>Call Chain = product_info_update &rArr; set_wifi_uart_buffer &rArr; my_memcpy
</UL>
<BR>[Calls]<UL><LI><a href="#[2a8]">&gt;&gt;</a>&nbsp;&nbsp;&nbsp;wifi_uart_write_frame
<LI><a href="#[2e0]">&gt;&gt;</a>&nbsp;&nbsp;&nbsp;set_wifi_uart_buffer
<LI><a href="#[2e9]">&gt;&gt;</a>&nbsp;&nbsp;&nbsp;my_strlen
</UL>
<BR>[Called By]<UL><LI><a href="#[2c0]">&gt;&gt;</a>&nbsp;&nbsp;&nbsp;data_handle
</UL>

<P><STRONG><a name="[316]"></a>wifi_uart_write_data</STRONG> (Thumb, 36 bytes, Stack size 16 bytes, system.o(i.wifi_uart_write_data))
<BR><BR>[Stack]<UL><LI>Max Depth = 24<LI>Call Chain = wifi_uart_write_data &rArr; uart_transmit_output
</UL>
<BR>[Calls]<UL><LI><a href="#[307]">&gt;&gt;</a>&nbsp;&nbsp;&nbsp;uart_transmit_output
</UL>
<BR>[Called By]<UL><LI><a href="#[2a8]">&gt;&gt;</a>&nbsp;&nbsp;&nbsp;wifi_uart_write_frame
</UL>

<P><STRONG><a name="[2e4]"></a>print</STRONG> (Thumb, 368 bytes, Stack size 56 bytes, printf-stdarg.o(i.print))
<BR><BR>[Stack]<UL><LI>Max Depth = 192<LI>Call Chain = print &rArr; printi &rArr; prints &rArr; printchar &rArr; putchar &rArr; fputc
</UL>
<BR>[Calls]<UL><LI><a href="#[2e5]">&gt;&gt;</a>&nbsp;&nbsp;&nbsp;prints
<LI><a href="#[2e6]">&gt;&gt;</a>&nbsp;&nbsp;&nbsp;printi
<LI><a href="#[2e7]">&gt;&gt;</a>&nbsp;&nbsp;&nbsp;printchar
</UL>
<BR>[Called By]<UL><LI><a href="#[6b]">&gt;&gt;</a>&nbsp;&nbsp;&nbsp;usprintf
</UL>

<P><STRONG><a name="[2e7]"></a>printchar</STRONG> (Thumb, 28 bytes, Stack size 16 bytes, printf-stdarg.o(i.printchar))
<BR><BR>[Stack]<UL><LI>Max Depth = 32<LI>Call Chain = printchar &rArr; putchar &rArr; fputc
</UL>
<BR>[Calls]<UL><LI><a href="#[2e8]">&gt;&gt;</a>&nbsp;&nbsp;&nbsp;putchar
</UL>
<BR>[Called By]<UL><LI><a href="#[2e5]">&gt;&gt;</a>&nbsp;&nbsp;&nbsp;prints
<LI><a href="#[2e6]">&gt;&gt;</a>&nbsp;&nbsp;&nbsp;printi
<LI><a href="#[2e4]">&gt;&gt;</a>&nbsp;&nbsp;&nbsp;print
</UL>

<P><STRONG><a name="[2e6]"></a>printi</STRONG> (Thumb, 186 bytes, Stack size 72 bytes, printf-stdarg.o(i.printi))
<BR><BR>[Stack]<UL><LI>Max Depth = 136<LI>Call Chain = printi &rArr; prints &rArr; printchar &rArr; putchar &rArr; fputc
</UL>
<BR>[Calls]<UL><LI><a href="#[2e5]">&gt;&gt;</a>&nbsp;&nbsp;&nbsp;prints
<LI><a href="#[2e7]">&gt;&gt;</a>&nbsp;&nbsp;&nbsp;printchar
</UL>
<BR>[Called By]<UL><LI><a href="#[2e4]">&gt;&gt;</a>&nbsp;&nbsp;&nbsp;print
</UL>

<P><STRONG><a name="[2e5]"></a>prints</STRONG> (Thumb, 128 bytes, Stack size 32 bytes, printf-stdarg.o(i.prints))
<BR><BR>[Stack]<UL><LI>Max Depth = 64<LI>Call Chain = prints &rArr; printchar &rArr; putchar &rArr; fputc
</UL>
<BR>[Calls]<UL><LI><a href="#[2e7]">&gt;&gt;</a>&nbsp;&nbsp;&nbsp;printchar
</UL>
<BR>[Called By]<UL><LI><a href="#[2e6]">&gt;&gt;</a>&nbsp;&nbsp;&nbsp;printi
<LI><a href="#[2e4]">&gt;&gt;</a>&nbsp;&nbsp;&nbsp;print
</UL>

<P><STRONG><a name="[2f6]"></a>prvCopyDataFromQueue</STRONG> (Thumb, 42 bytes, Stack size 16 bytes, queue.o(i.prvCopyDataFromQueue))
<BR><BR>[Stack]<UL><LI>Max Depth = 16<LI>Call Chain = prvCopyDataFromQueue
</UL>
<BR>[Calls]<UL><LI><a href="#[2f7]">&gt;&gt;</a>&nbsp;&nbsp;&nbsp;__aeabi_memcpy
</UL>
<BR>[Called By]<UL><LI><a href="#[152]">&gt;&gt;</a>&nbsp;&nbsp;&nbsp;xQueueGenericReceive
</UL>

<P><STRONG><a name="[2f8]"></a>prvCopyDataToQueue</STRONG> (Thumb, 128 bytes, Stack size 24 bytes, queue.o(i.prvCopyDataToQueue))
<BR><BR>[Stack]<UL><LI>Max Depth = 40<LI>Call Chain = prvCopyDataToQueue &rArr; xTaskPriorityDisinherit
</UL>
<BR>[Calls]<UL><LI><a href="#[2f9]">&gt;&gt;</a>&nbsp;&nbsp;&nbsp;xTaskPriorityDisinherit
<LI><a href="#[2f7]">&gt;&gt;</a>&nbsp;&nbsp;&nbsp;__aeabi_memcpy
</UL>
<BR>[Called By]<UL><LI><a href="#[150]">&gt;&gt;</a>&nbsp;&nbsp;&nbsp;xQueueGenericSend
</UL>

<P><STRONG><a name="[2fe]"></a>prvIsQueueEmpty</STRONG> (Thumb, 26 bytes, Stack size 16 bytes, queue.o(i.prvIsQueueEmpty))
<BR><BR>[Stack]<UL><LI>Max Depth = 16<LI>Call Chain = prvIsQueueEmpty
</UL>
<BR>[Calls]<UL><LI><a href="#[2f4]">&gt;&gt;</a>&nbsp;&nbsp;&nbsp;vPortExitCritical
<LI><a href="#[2f2]">&gt;&gt;</a>&nbsp;&nbsp;&nbsp;vPortEnterCritical
</UL>
<BR>[Called By]<UL><LI><a href="#[152]">&gt;&gt;</a>&nbsp;&nbsp;&nbsp;xQueueGenericReceive
</UL>

<P><STRONG><a name="[2ff]"></a>prvIsQueueFull</STRONG> (Thumb, 30 bytes, Stack size 16 bytes, queue.o(i.prvIsQueueFull))
<BR><BR>[Stack]<UL><LI>Max Depth = 16<LI>Call Chain = prvIsQueueFull
</UL>
<BR>[Calls]<UL><LI><a href="#[2f4]">&gt;&gt;</a>&nbsp;&nbsp;&nbsp;vPortExitCritical
<LI><a href="#[2f2]">&gt;&gt;</a>&nbsp;&nbsp;&nbsp;vPortEnterCritical
</UL>
<BR>[Called By]<UL><LI><a href="#[150]">&gt;&gt;</a>&nbsp;&nbsp;&nbsp;xQueueGenericSend
</UL>

<P><STRONG><a name="[300]"></a>prvUnlockQueue</STRONG> (Thumb, 126 bytes, Stack size 8 bytes, queue.o(i.prvUnlockQueue))
<BR><BR>[Stack]<UL><LI>Max Depth = 24<LI>Call Chain = prvUnlockQueue &rArr; xTaskRemoveFromEventList
</UL>
<BR>[Calls]<UL><LI><a href="#[2f4]">&gt;&gt;</a>&nbsp;&nbsp;&nbsp;vPortExitCritical
<LI><a href="#[2f2]">&gt;&gt;</a>&nbsp;&nbsp;&nbsp;vPortEnterCritical
<LI><a href="#[301]">&gt;&gt;</a>&nbsp;&nbsp;&nbsp;xTaskRemoveFromEventList
<LI><a href="#[302]">&gt;&gt;</a>&nbsp;&nbsp;&nbsp;vTaskMissedYield
</UL>
<BR>[Called By]<UL><LI><a href="#[150]">&gt;&gt;</a>&nbsp;&nbsp;&nbsp;xQueueGenericSend
<LI><a href="#[152]">&gt;&gt;</a>&nbsp;&nbsp;&nbsp;xQueueGenericReceive
</UL>

<P><STRONG><a name="[2ea]"></a>prvAddCurrentTaskToDelayedList</STRONG> (Thumb, 62 bytes, Stack size 8 bytes, tasks.o(i.prvAddCurrentTaskToDelayedList))
<BR><BR>[Stack]<UL><LI>Max Depth = 16<LI>Call Chain = prvAddCurrentTaskToDelayedList &rArr; vListInsert
</UL>
<BR>[Calls]<UL><LI><a href="#[2eb]">&gt;&gt;</a>&nbsp;&nbsp;&nbsp;vListInsert
</UL>
<BR>[Called By]<UL><LI><a href="#[94]">&gt;&gt;</a>&nbsp;&nbsp;&nbsp;vTaskDelay
<LI><a href="#[bb]">&gt;&gt;</a>&nbsp;&nbsp;&nbsp;vTaskDelayUntil
<LI><a href="#[30c]">&gt;&gt;</a>&nbsp;&nbsp;&nbsp;vTaskPlaceOnEventList
</UL>

<P><STRONG><a name="[2ec]"></a>prvAllocateTCBAndStack</STRONG> (Thumb, 66 bytes, Stack size 24 bytes, tasks.o(i.prvAllocateTCBAndStack))
<BR><BR>[Stack]<UL><LI>Max Depth = 88<LI>Call Chain = prvAllocateTCBAndStack &rArr; pvPortMalloc &rArr; xTaskResumeAll &rArr; xTaskIncrementTick
</UL>
<BR>[Calls]<UL><LI><a href="#[2ee]">&gt;&gt;</a>&nbsp;&nbsp;&nbsp;vPortFree
<LI><a href="#[2ed]">&gt;&gt;</a>&nbsp;&nbsp;&nbsp;pvPortMalloc
<LI><a href="#[59]">&gt;&gt;</a>&nbsp;&nbsp;&nbsp;__aeabi_memset
</UL>
<BR>[Called By]<UL><LI><a href="#[243]">&gt;&gt;</a>&nbsp;&nbsp;&nbsp;xTaskGenericCreate
</UL>

<P><STRONG><a name="[2ef]"></a>prvCheckTasksWaitingTermination</STRONG> (Thumb, 86 bytes, Stack size 16 bytes, tasks.o(i.prvCheckTasksWaitingTermination))
<BR><BR>[Stack]<UL><LI>Max Depth = 80<LI>Call Chain = prvCheckTasksWaitingTermination &rArr; prvDeleteTCB &rArr; vPortFree &rArr; xTaskResumeAll &rArr; xTaskIncrementTick
</UL>
<BR>[Calls]<UL><LI><a href="#[2f3]">&gt;&gt;</a>&nbsp;&nbsp;&nbsp;uxListRemove
<LI><a href="#[2f1]">&gt;&gt;</a>&nbsp;&nbsp;&nbsp;xTaskResumeAll
<LI><a href="#[2f0]">&gt;&gt;</a>&nbsp;&nbsp;&nbsp;vTaskSuspendAll
<LI><a href="#[2f4]">&gt;&gt;</a>&nbsp;&nbsp;&nbsp;vPortExitCritical
<LI><a href="#[2f2]">&gt;&gt;</a>&nbsp;&nbsp;&nbsp;vPortEnterCritical
<LI><a href="#[2f5]">&gt;&gt;</a>&nbsp;&nbsp;&nbsp;prvDeleteTCB
</UL>
<BR>[Called By]<UL><LI><a href="#[51]">&gt;&gt;</a>&nbsp;&nbsp;&nbsp;prvIdleTask
</UL>

<P><STRONG><a name="[2f5]"></a>prvDeleteTCB</STRONG> (Thumb, 18 bytes, Stack size 8 bytes, tasks.o(i.prvDeleteTCB))
<BR><BR>[Stack]<UL><LI>Max Depth = 64<LI>Call Chain = prvDeleteTCB &rArr; vPortFree &rArr; xTaskResumeAll &rArr; xTaskIncrementTick
</UL>
<BR>[Calls]<UL><LI><a href="#[2ee]">&gt;&gt;</a>&nbsp;&nbsp;&nbsp;vPortFree
</UL>
<BR>[Called By]<UL><LI><a href="#[2ef]">&gt;&gt;</a>&nbsp;&nbsp;&nbsp;prvCheckTasksWaitingTermination
</UL>

<P><STRONG><a name="[51]"></a>prvIdleTask</STRONG> (Thumb, 32 bytes, Stack size 0 bytes, tasks.o(i.prvIdleTask))
<BR><BR>[Stack]<UL><LI>Max Depth = 80<LI>Call Chain = prvIdleTask &rArr; prvCheckTasksWaitingTermination &rArr; prvDeleteTCB &rArr; vPortFree &rArr; xTaskResumeAll &rArr; xTaskIncrementTick
</UL>
<BR>[Calls]<UL><LI><a href="#[2ef]">&gt;&gt;</a>&nbsp;&nbsp;&nbsp;prvCheckTasksWaitingTermination
</UL>
<BR>[Address Reference Count : 1]<UL><LI> tasks.o(i.vTaskStartScheduler)
</UL>
<P><STRONG><a name="[2fa]"></a>prvInitialiseTCBVariables</STRONG> (Thumb, 100 bytes, Stack size 32 bytes, tasks.o(i.prvInitialiseTCBVariables))
<BR><BR>[Stack]<UL><LI>Max Depth = 32<LI>Call Chain = prvInitialiseTCBVariables
</UL>
<BR>[Calls]<UL><LI><a href="#[2fb]">&gt;&gt;</a>&nbsp;&nbsp;&nbsp;vListInitialiseItem
</UL>
<BR>[Called By]<UL><LI><a href="#[243]">&gt;&gt;</a>&nbsp;&nbsp;&nbsp;xTaskGenericCreate
</UL>

<P><STRONG><a name="[2fc]"></a>prvInitialiseTaskLists</STRONG> (Thumb, 70 bytes, Stack size 8 bytes, tasks.o(i.prvInitialiseTaskLists))
<BR><BR>[Stack]<UL><LI>Max Depth = 8<LI>Call Chain = prvInitialiseTaskLists
</UL>
<BR>[Calls]<UL><LI><a href="#[2fd]">&gt;&gt;</a>&nbsp;&nbsp;&nbsp;vListInitialise
</UL>
<BR>[Called By]<UL><LI><a href="#[243]">&gt;&gt;</a>&nbsp;&nbsp;&nbsp;xTaskGenericCreate
</UL>

<P><STRONG><a name="[320]"></a>prvResetNextTaskUnblockTime</STRONG> (Thumb, 42 bytes, Stack size 0 bytes, tasks.o(i.prvResetNextTaskUnblockTime))
<BR><BR>[Called By]<UL><LI><a href="#[31a]">&gt;&gt;</a>&nbsp;&nbsp;&nbsp;xTaskIncrementTick
</UL>

<P><STRONG><a name="[304]"></a>prvHeapInit</STRONG> (Thumb, 42 bytes, Stack size 0 bytes, heap_2.o(i.prvHeapInit))
<BR><BR>[Called By]<UL><LI><a href="#[2ed]">&gt;&gt;</a>&nbsp;&nbsp;&nbsp;pvPortMalloc
</UL>

<P><STRONG><a name="[50]"></a>prvTaskExitError</STRONG> (Thumb, 58 bytes, Stack size 0 bytes, port.o(i.prvTaskExitError))
<BR>[Address Reference Count : 1]<UL><LI> port.o(i.pxPortInitialiseStack)
</UL>
<P><STRONG><a name="[306]"></a>system_clock_120m_hxtal</STRONG> (Thumb, 266 bytes, Stack size 0 bytes, system_gd32f30x.o(i.system_clock_120m_hxtal))
<BR><BR>[Called By]<UL><LI><a href="#[21f]">&gt;&gt;</a>&nbsp;&nbsp;&nbsp;system_clock_config
</UL>

<P><STRONG><a name="[21f]"></a>system_clock_config</STRONG> (Thumb, 8 bytes, Stack size 8 bytes, system_gd32f30x.o(i.system_clock_config))
<BR><BR>[Stack]<UL><LI>Max Depth = 8<LI>Call Chain = system_clock_config
</UL>
<BR>[Calls]<UL><LI><a href="#[306]">&gt;&gt;</a>&nbsp;&nbsp;&nbsp;system_clock_120m_hxtal
</UL>
<BR>[Called By]<UL><LI><a href="#[48]">&gt;&gt;</a>&nbsp;&nbsp;&nbsp;SystemInit
</UL>
<P>
<H3>
Undefined Global Symbols
</H3><HR></body></html>
